
*** Running vivado
    with args -log section2_2.vdi -applog -m64 -product Vivado -messageDb vivado.pb -mode batch -source section2_2.tcl -notrace



****** Vivado v2022.1 (64-bit)
  **** SW Build 3526262 on Mon Apr 18 15:48:16 MDT 2022
  **** IP Build 3524634 on Mon Apr 18 20:55:01 MDT 2022
    ** Copyright 1986-2022 Xilinx, Inc. All Rights Reserved.

source section2_2.tcl -notrace
create_project: Time (s): cpu = 00:00:24 ; elapsed = 00:00:24 . Memory (MB): peak = 1294.418 ; gain = 7.953
Command: link_design -top section2_2 -part xc7a35tcpg236-1
Design is defaulting to srcset: sources_1
Design is defaulting to constrset: constrs_1
INFO: [Device 21-403] Loading part xc7a35tcpg236-1
Netlist sorting complete. Time (s): cpu = 00:00:00 ; elapsed = 00:00:00 . Memory (MB): peak = 1294.418 ; gain = 0.000
INFO: [Project 1-479] Netlist was created with Vivado 2022.1
INFO: [Project 1-570] Preparing netlist for logic optimization
Parsing XDC File [D:/workspace/LAB/section2.2/Basys-3-Master.xdc]
Finished Parsing XDC File [D:/workspace/LAB/section2.2/Basys-3-Master.xdc]
INFO: [Opt 31-138] Pushed 0 inverter(s) to 0 load pin(s).
Netlist sorting complete. Time (s): cpu = 00:00:00 ; elapsed = 00:00:00 . Memory (MB): peak = 1294.418 ; gain = 0.000
INFO: [Project 1-111] Unisim Transformation Summary:
No Unisim elements were transformed.

5 Infos, 0 Warnings, 0 Critical Warnings and 0 Errors encountered.
link_design completed successfully
link_design: Time (s): cpu = 00:00:04 ; elapsed = 00:00:05 . Memory (MB): peak = 1294.418 ; gain = 0.000
Command: opt_design
Attempting to get a license for feature 'Implementation' and/or device 'xc7a35t'
INFO: [Common 17-349] Got license for feature 'Implementation' and/or device 'xc7a35t'
Running DRC as a precondition to command opt_design

Starting DRC Task
INFO: [DRC 23-27] Running DRC with 2 threads
INFO: [Project 1-461] DRC finished with 0 Errors
INFO: [Project 1-462] Please refer to the DRC report (report_drc) for more information.

Time (s): cpu = 00:00:01 ; elapsed = 00:00:00.450 . Memory (MB): peak = 1294.418 ; gain = 0.000

Starting Cache Timing Information Task
INFO: [Timing 38-35] Done setting XDC timing constraints.
Ending Cache Timing Information Task | Checksum: 229cbdd50

Time (s): cpu = 00:00:06 ; elapsed = 00:00:07 . Memory (MB): peak = 1700.750 ; gain = 406.332

Starting Logic Optimization Task

Phase 1 Retarget
INFO: [Opt 31-138] Pushed 0 inverter(s) to 0 load pin(s).
In IDDR TRANSFORM
INFO: [Opt 31-49] Retargeted 0 cell(s).
Phase 1 Retarget | Checksum: 229cbdd50

Time (s): cpu = 00:00:00 ; elapsed = 00:00:00.011 . Memory (MB): peak = 2008.879 ; gain = 0.000
INFO: [Opt 31-389] Phase Retarget created 0 cells and removed 0 cells

Phase 2 Constant propagation
INFO: [Opt 31-138] Pushed 0 inverter(s) to 0 load pin(s).
Phase 2 Constant propagation | Checksum: 229cbdd50

Time (s): cpu = 00:00:00 ; elapsed = 00:00:00.012 . Memory (MB): peak = 2008.879 ; gain = 0.000
INFO: [Opt 31-389] Phase Constant propagation created 0 cells and removed 0 cells

Phase 3 Sweep
Phase 3 Sweep | Checksum: 229cbdd50

Time (s): cpu = 00:00:00 ; elapsed = 00:00:00.013 . Memory (MB): peak = 2008.879 ; gain = 0.000
INFO: [Opt 31-389] Phase Sweep created 0 cells and removed 0 cells

Phase 4 BUFG optimization
Phase 4 BUFG optimization | Checksum: 229cbdd50

Time (s): cpu = 00:00:00 ; elapsed = 00:00:00.043 . Memory (MB): peak = 2008.879 ; gain = 0.000
INFO: [Opt 31-662] Phase BUFG optimization created 0 cells of which 0 are BUFGs and removed 0 cells.

Phase 5 Shift Register Optimization
INFO: [Opt 31-1064] SRL Remap converted 0 SRLs to 0 registers and converted 0 registers of register chains to 0 SRLs
Phase 5 Shift Register Optimization | Checksum: 229cbdd50

Time (s): cpu = 00:00:00 ; elapsed = 00:00:00.043 . Memory (MB): peak = 2008.879 ; gain = 0.000
INFO: [Opt 31-389] Phase Shift Register Optimization created 0 cells and removed 0 cells

Phase 6 Post Processing Netlist
Phase 6 Post Processing Netlist | Checksum: 229cbdd50

Time (s): cpu = 00:00:00 ; elapsed = 00:00:00.044 . Memory (MB): peak = 2008.879 ; gain = 0.000
INFO: [Opt 31-389] Phase Post Processing Netlist created 0 cells and removed 0 cells
Opt_design Change Summary
=========================


-------------------------------------------------------------------------------------------------------------------------
|  Phase                        |  #Cells created  |  #Cells Removed  |  #Constrained objects preventing optimizations  |
-------------------------------------------------------------------------------------------------------------------------
|  Retarget                     |               0  |               0  |                                              0  |
|  Constant propagation         |               0  |               0  |                                              0  |
|  Sweep                        |               0  |               0  |                                              0  |
|  BUFG optimization            |               0  |               0  |                                              0  |
|  Shift Register Optimization  |               0  |               0  |                                              0  |
|  Post Processing Netlist      |               0  |               0  |                                              0  |
-------------------------------------------------------------------------------------------------------------------------



Starting Connectivity Check Task

Time (s): cpu = 00:00:00 ; elapsed = 00:00:00.001 . Memory (MB): peak = 2008.879 ; gain = 0.000
Ending Logic Optimization Task | Checksum: 229cbdd50

Time (s): cpu = 00:00:00 ; elapsed = 00:00:00.046 . Memory (MB): peak = 2008.879 ; gain = 0.000

Starting Power Optimization Task
INFO: [Pwropt 34-132] Skipping clock gating for clocks with a period < 2.00 ns.
Ending Power Optimization Task | Checksum: 229cbdd50

Time (s): cpu = 00:00:00 ; elapsed = 00:00:00.011 . Memory (MB): peak = 2008.879 ; gain = 0.000

Starting Final Cleanup Task
Ending Final Cleanup Task | Checksum: 229cbdd50

Time (s): cpu = 00:00:00 ; elapsed = 00:00:00 . Memory (MB): peak = 2008.879 ; gain = 0.000

Starting Netlist Obfuscation Task
Netlist sorting complete. Time (s): cpu = 00:00:00 ; elapsed = 00:00:00 . Memory (MB): peak = 2008.879 ; gain = 0.000
Ending Netlist Obfuscation Task | Checksum: 229cbdd50

Time (s): cpu = 00:00:00 ; elapsed = 00:00:00 . Memory (MB): peak = 2008.879 ; gain = 0.000
INFO: [Common 17-83] Releasing license: Implementation
22 Infos, 0 Warnings, 0 Critical Warnings and 0 Errors encountered.
opt_design completed successfully
opt_design: Time (s): cpu = 00:00:09 ; elapsed = 00:00:10 . Memory (MB): peak = 2008.879 ; gain = 714.461
INFO: [Timing 38-480] Writing timing data to binary archive.
Writing XDEF routing.
Writing XDEF routing logical nets.
Writing XDEF routing special nets.
Write XDEF Complete: Time (s): cpu = 00:00:01 ; elapsed = 00:00:00.050 . Memory (MB): peak = 2008.879 ; gain = 0.000
INFO: [Common 17-1381] The checkpoint 'D:/workspace/LAB/section2.2/project_2.runs/impl_1/section2_2_opt.dcp' has been generated.
INFO: [runtcl-4] Executing : report_drc -file section2_2_drc_opted.rpt -pb section2_2_drc_opted.pb -rpx section2_2_drc_opted.rpx
Command: report_drc -file section2_2_drc_opted.rpt -pb section2_2_drc_opted.pb -rpx section2_2_drc_opted.rpx
INFO: [IP_Flow 19-234] Refreshing IP repositories
INFO: [IP_Flow 19-1704] No user IP repositories specified
INFO: [IP_Flow 19-2313] Loaded Vivado IP repository 'C:/Xilinx/Vivado/2022.1/data/ip'.
INFO: [Timing 38-35] Done setting XDC timing constraints.
INFO: [DRC 23-27] Running DRC with 2 threads
INFO: [Vivado_Tcl 2-168] The results of DRC are in file D:/workspace/LAB/section2.2/project_2.runs/impl_1/section2_2_drc_opted.rpt.
report_drc completed successfully
Command: place_design
Attempting to get a license for feature 'Implementation' and/or device 'xc7a35t'
INFO: [Common 17-349] Got license for feature 'Implementation' and/or device 'xc7a35t'
INFO: [DRC 23-27] Running DRC with 2 threads
INFO: [Vivado_Tcl 4-198] DRC finished with 0 Errors
INFO: [Vivado_Tcl 4-199] Please refer to the DRC report (report_drc) for more information.
Running DRC as a precondition to command place_design
INFO: [DRC 23-27] Running DRC with 2 threads
INFO: [Vivado_Tcl 4-198] DRC finished with 0 Errors
INFO: [Vivado_Tcl 4-199] Please refer to the DRC report (report_drc) for more information.

Starting Placer Task
INFO: [Place 30-611] Multithreading enabled for place_design using a maximum of 2 CPUs

Phase 1 Placer Initialization

Phase 1.1 Placer Initialization Netlist Sorting
Netlist sorting complete. Time (s): cpu = 00:00:00 ; elapsed = 00:00:00 . Memory (MB): peak = 2048.043 ; gain = 0.000
Phase 1.1 Placer Initialization Netlist Sorting | Checksum: 154b71a2d

Time (s): cpu = 00:00:00 ; elapsed = 00:00:00.004 . Memory (MB): peak = 2048.043 ; gain = 0.000
Netlist sorting complete. Time (s): cpu = 00:00:00 ; elapsed = 00:00:00 . Memory (MB): peak = 2048.043 ; gain = 0.000

Phase 1.2 IO Placement/ Clock Placement/ Build Placer Device
Phase 1.2 IO Placement/ Clock Placement/ Build Placer Device | Checksum: 154b71a2d

Time (s): cpu = 00:00:00 ; elapsed = 00:00:00.064 . Memory (MB): peak = 2048.043 ; gain = 0.000

Phase 1.3 Build Placer Netlist Model
Phase 1.3 Build Placer Netlist Model | Checksum: 1cc5e4368

Time (s): cpu = 00:00:00 ; elapsed = 00:00:00.113 . Memory (MB): peak = 2048.043 ; gain = 0.000

Phase 1.4 Constrain Clocks/Macros
Phase 1.4 Constrain Clocks/Macros | Checksum: 1cc5e4368

Time (s): cpu = 00:00:00 ; elapsed = 00:00:00.115 . Memory (MB): peak = 2048.043 ; gain = 0.000
Phase 1 Placer Initialization | Checksum: 1cc5e4368

Time (s): cpu = 00:00:00 ; elapsed = 00:00:00.116 . Memory (MB): peak = 2048.043 ; gain = 0.000

Phase 2 Global Placement

Phase 2.1 Floorplanning
Phase 2.1 Floorplanning | Checksum: 1cc5e4368

Time (s): cpu = 00:00:00 ; elapsed = 00:00:00.117 . Memory (MB): peak = 2048.043 ; gain = 0.000

Phase 2.2 Update Timing before SLR Path Opt
Phase 2.2 Update Timing before SLR Path Opt | Checksum: 1cc5e4368

Time (s): cpu = 00:00:00 ; elapsed = 00:00:00.117 . Memory (MB): peak = 2048.043 ; gain = 0.000

Phase 2.3 Post-Processing in Floorplanning
Phase 2.3 Post-Processing in Floorplanning | Checksum: 1cc5e4368

Time (s): cpu = 00:00:00 ; elapsed = 00:00:00.117 . Memory (MB): peak = 2048.043 ; gain = 0.000

Phase 2.4 Global Placement Core
WARNING: [Place 46-29] place_design is not in timing mode. Skip physical synthesis in placer
Phase 2.4 Global Placement Core | Checksum: 16a7b4009

Time (s): cpu = 00:00:00 ; elapsed = 00:00:00.351 . Memory (MB): peak = 2048.043 ; gain = 0.000
Phase 2 Global Placement | Checksum: 16a7b4009

Time (s): cpu = 00:00:00 ; elapsed = 00:00:00.353 . Memory (MB): peak = 2048.043 ; gain = 0.000

Phase 3 Detail Placement

Phase 3.1 Commit Multi Column Macros
Phase 3.1 Commit Multi Column Macros | Checksum: 16a7b4009

Time (s): cpu = 00:00:00 ; elapsed = 00:00:00.354 . Memory (MB): peak = 2048.043 ; gain = 0.000

Phase 3.2 Commit Most Macros & LUTRAMs
Phase 3.2 Commit Most Macros & LUTRAMs | Checksum: 1e4f112fa

Time (s): cpu = 00:00:00 ; elapsed = 00:00:00.356 . Memory (MB): peak = 2048.043 ; gain = 0.000

Phase 3.3 Area Swap Optimization
Phase 3.3 Area Swap Optimization | Checksum: 212c16ae0

Time (s): cpu = 00:00:00 ; elapsed = 00:00:00.360 . Memory (MB): peak = 2048.043 ; gain = 0.000

Phase 3.4 Pipeline Register Optimization
Phase 3.4 Pipeline Register Optimization | Checksum: 212c16ae0

Time (s): cpu = 00:00:00 ; elapsed = 00:00:00.361 . Memory (MB): peak = 2048.043 ; gain = 0.000

Phase 3.5 Small Shape Detail Placement
Phase 3.5 Small Shape Detail Placement | Checksum: eaef2357

Time (s): cpu = 00:00:01 ; elapsed = 00:00:00.622 . Memory (MB): peak = 2048.043 ; gain = 0.000

Phase 3.6 Re-assign LUT pins
Phase 3.6 Re-assign LUT pins | Checksum: eaef2357

Time (s): cpu = 00:00:01 ; elapsed = 00:00:00.623 . Memory (MB): peak = 2048.043 ; gain = 0.000

Phase 3.7 Pipeline Register Optimization
Phase 3.7 Pipeline Register Optimization | Checksum: eaef2357

Time (s): cpu = 00:00:01 ; elapsed = 00:00:00.624 . Memory (MB): peak = 2048.043 ; gain = 0.000
Phase 3 Detail Placement | Checksum: eaef2357

Time (s): cpu = 00:00:01 ; elapsed = 00:00:00.624 . Memory (MB): peak = 2048.043 ; gain = 0.000

Phase 4 Post Placement Optimization and Clean-Up

Phase 4.1 Post Commit Optimization
Phase 4.1 Post Commit Optimization | Checksum: eaef2357

Time (s): cpu = 00:00:01 ; elapsed = 00:00:00.646 . Memory (MB): peak = 2048.043 ; gain = 0.000

Phase 4.2 Post Placement Cleanup
Phase 4.2 Post Placement Cleanup | Checksum: eaef2357

Time (s): cpu = 00:00:01 ; elapsed = 00:00:00.647 . Memory (MB): peak = 2048.043 ; gain = 0.000

Phase 4.3 Placer Reporting

Phase 4.3.1 Print Estimated Congestion
INFO: [Place 30-612] Post-Placement Estimated Congestion 
 ____________________________________________________
|           | Global Congestion | Short Congestion  |
| Direction | Region Size       | Region Size       |
|___________|___________________|___________________|
|      North|                1x1|                1x1|
|___________|___________________|___________________|
|      South|                1x1|                1x1|
|___________|___________________|___________________|
|       East|                1x1|                1x1|
|___________|___________________|___________________|
|       West|                1x1|                1x1|
|___________|___________________|___________________|

Phase 4.3.1 Print Estimated Congestion | Checksum: eaef2357

Time (s): cpu = 00:00:01 ; elapsed = 00:00:00.648 . Memory (MB): peak = 2048.043 ; gain = 0.000
Phase 4.3 Placer Reporting | Checksum: eaef2357

Time (s): cpu = 00:00:01 ; elapsed = 00:00:00.648 . Memory (MB): peak = 2048.043 ; gain = 0.000

Phase 4.4 Final Placement Cleanup
Netlist sorting complete. Time (s): cpu = 00:00:00 ; elapsed = 00:00:00 . Memory (MB): peak = 2048.043 ; gain = 0.000

Time (s): cpu = 00:00:01 ; elapsed = 00:00:00.648 . Memory (MB): peak = 2048.043 ; gain = 0.000
Phase 4 Post Placement Optimization and Clean-Up | Checksum: eaef2357

Time (s): cpu = 00:00:01 ; elapsed = 00:00:00.649 . Memory (MB): peak = 2048.043 ; gain = 0.000
Ending Placer Task | Checksum: d5d1f4ea

Time (s): cpu = 00:00:01 ; elapsed = 00:00:00.649 . Memory (MB): peak = 2048.043 ; gain = 0.000
INFO: [Common 17-83] Releasing license: Implementation
41 Infos, 1 Warnings, 0 Critical Warnings and 0 Errors encountered.
place_design completed successfully
INFO: [Timing 38-480] Writing timing data to binary archive.
Writing XDEF routing.
Writing XDEF routing logical nets.
Writing XDEF routing special nets.
Write XDEF Complete: Time (s): cpu = 00:00:00 ; elapsed = 00:00:00.024 . Memory (MB): peak = 2048.043 ; gain = 0.000
INFO: [Common 17-1381] The checkpoint 'D:/workspace/LAB/section2.2/project_2.runs/impl_1/section2_2_placed.dcp' has been generated.
INFO: [runtcl-4] Executing : report_io -file section2_2_io_placed.rpt
report_io: Time (s): cpu = 00:00:00 ; elapsed = 00:00:00.039 . Memory (MB): peak = 2048.043 ; gain = 0.000
INFO: [runtcl-4] Executing : report_utilization -file section2_2_utilization_placed.rpt -pb section2_2_utilization_placed.pb
INFO: [runtcl-4] Executing : report_control_sets -verbose -file section2_2_control_sets_placed.rpt
report_control_sets: Time (s): cpu = 00:00:00 ; elapsed = 00:00:00.001 . Memory (MB): peak = 2048.043 ; gain = 0.000
Command: phys_opt_design
Attempting to get a license for feature 'Implementation' and/or device 'xc7a35t'
INFO: [Common 17-349] Got license for feature 'Implementation' and/or device 'xc7a35t'
INFO: [Timing 38-35] Done setting XDC timing constraints.
INFO: [Vivado_Tcl 4-383] Design worst setup slack (WNS) is greater than or equal to 0.000 ns. Skipping all physical synthesis optimizations.
INFO: [Vivado_Tcl 4-232] No setup violation found. The netlist was not modified.
INFO: [Common 17-83] Releasing license: Implementation
51 Infos, 1 Warnings, 0 Critical Warnings and 0 Errors encountered.
phys_opt_design completed successfully
INFO: [Timing 38-480] Writing timing data to binary archive.
Writing XDEF routing.
Writing XDEF routing logical nets.
Writing XDEF routing special nets.
Write XDEF Complete: Time (s): cpu = 00:00:00 ; elapsed = 00:00:00.029 . Memory (MB): peak = 2048.043 ; gain = 0.000
INFO: [Common 17-1381] The checkpoint 'D:/workspace/LAB/section2.2/project_2.runs/impl_1/section2_2_physopt.dcp' has been generated.
Command: route_design
Attempting to get a license for feature 'Implementation' and/or device 'xc7a35t'
INFO: [Common 17-349] Got license for feature 'Implementation' and/or device 'xc7a35t'
Running DRC as a precondition to command route_design
INFO: [DRC 23-27] Running DRC with 2 threads
INFO: [Vivado_Tcl 4-198] DRC finished with 0 Errors
INFO: [Vivado_Tcl 4-199] Please refer to the DRC report (report_drc) for more information.


Starting Routing Task
INFO: [Route 35-254] Multithreading enabled for route_design using a maximum of 2 CPUs

Phase 1 Build RT Design
Checksum: PlaceDB: 7196f106 ConstDB: 0 ShapeSum: 643b03e4 RouteDB: 0
Post Restoration Checksum: NetGraph: 7b37186d NumContArr: c04ec02e Constraints: 0 Timing: 0
Phase 1 Build RT Design | Checksum: 13b85d89b

Time (s): cpu = 00:00:16 ; elapsed = 00:00:15 . Memory (MB): peak = 2124.691 ; gain = 69.289

Phase 2 Router Initialization

Phase 2.1 Fix Topology Constraints
Phase 2.1 Fix Topology Constraints | Checksum: 13b85d89b

Time (s): cpu = 00:00:16 ; elapsed = 00:00:15 . Memory (MB): peak = 2130.715 ; gain = 75.312

Phase 2.2 Pre Route Cleanup
Phase 2.2 Pre Route Cleanup | Checksum: 13b85d89b

Time (s): cpu = 00:00:16 ; elapsed = 00:00:15 . Memory (MB): peak = 2130.715 ; gain = 75.312
 Number of Nodes with overlaps = 0

Phase 2.3 Update Timing
Phase 2.3 Update Timing | Checksum: 47e53ba5

Time (s): cpu = 00:00:16 ; elapsed = 00:00:15 . Memory (MB): peak = 2134.508 ; gain = 79.105

Router Utilization Summary
  Global Vertical Routing Utilization    = 0 %
  Global Horizontal Routing Utilization  = 0 %
  Routable Net Status*
  *Does not include unroutable nets such as driverless and loadless.
  Run report_route_status for detailed report.
  Number of Failed Nets               = 6
    (Failed Nets is the sum of unrouted and partially routed nets)
  Number of Unrouted Nets             = 6
  Number of Partially Routed Nets     = 0
  Number of Node Overlaps             = 0

Phase 2 Router Initialization | Checksum: 47e53ba5

Time (s): cpu = 00:00:16 ; elapsed = 00:00:15 . Memory (MB): peak = 2135.070 ; gain = 79.668

Phase 3 Initial Routing

Phase 3.1 Global Routing
Phase 3.1 Global Routing | Checksum: 47e53ba5

Time (s): cpu = 00:00:16 ; elapsed = 00:00:15 . Memory (MB): peak = 2135.070 ; gain = 79.668
Phase 3 Initial Routing | Checksum: 6d57cabb

Time (s): cpu = 00:00:16 ; elapsed = 00:00:15 . Memory (MB): peak = 2135.070 ; gain = 79.668

Phase 4 Rip-up And Reroute

Phase 4.1 Global Iteration 0
 Number of Nodes with overlaps = 0
Phase 4.1 Global Iteration 0 | Checksum: 1247e9f12

Time (s): cpu = 00:00:16 ; elapsed = 00:00:15 . Memory (MB): peak = 2135.070 ; gain = 79.668
Phase 4 Rip-up And Reroute | Checksum: 1247e9f12

Time (s): cpu = 00:00:16 ; elapsed = 00:00:15 . Memory (MB): peak = 2135.070 ; gain = 79.668

Phase 5 Delay and Skew Optimization

Phase 5.1 Delay CleanUp
Phase 5.1 Delay CleanUp | Checksum: 1247e9f12

Time (s): cpu = 00:00:16 ; elapsed = 00:00:15 . Memory (MB): peak = 2135.070 ; gain = 79.668

Phase 5.2 Clock Skew Optimization
Phase 5.2 Clock Skew Optimization | Checksum: 1247e9f12

Time (s): cpu = 00:00:16 ; elapsed = 00:00:15 . Memory (MB): peak = 2135.070 ; gain = 79.668
Phase 5 Delay and Skew Optimization | Checksum: 1247e9f12

Time (s): cpu = 00:00:16 ; elapsed = 00:00:15 . Memory (MB): peak = 2135.070 ; gain = 79.668

Phase 6 Post Hold Fix

Phase 6.1 Hold Fix Iter

Phase 6.1.1 Update Timing
Phase 6.1.1 Update Timing | Checksum: 1247e9f12

Time (s): cpu = 00:00:16 ; elapsed = 00:00:15 . Memory (MB): peak = 2135.070 ; gain = 79.668
Phase 6.1 Hold Fix Iter | Checksum: 1247e9f12

Time (s): cpu = 00:00:16 ; elapsed = 00:00:15 . Memory (MB): peak = 2135.070 ; gain = 79.668
Phase 6 Post Hold Fix | Checksum: 1247e9f12

Time (s): cpu = 00:00:16 ; elapsed = 00:00:15 . Memory (MB): peak = 2135.070 ; gain = 79.668

Phase 7 Route finalize

Router Utilization Summary
  Global Vertical Routing Utilization    = 0.004943 %
  Global Horizontal Routing Utilization  = 0.00208225 %
  Routable Net Status*
  *Does not include unroutable nets such as driverless and loadless.
  Run report_route_status for detailed report.
  Number of Failed Nets               = 0
    (Failed Nets is the sum of unrouted and partially routed nets)
  Number of Unrouted Nets             = 0
  Number of Partially Routed Nets     = 0
  Number of Node Overlaps             = 0

Phase 7 Route finalize | Checksum: 1247e9f12

Time (s): cpu = 00:00:16 ; elapsed = 00:00:15 . Memory (MB): peak = 2135.070 ; gain = 79.668

Phase 8 Verifying routed nets

 Verification completed successfully
Phase 8 Verifying routed nets | Checksum: 1247e9f12

Time (s): cpu = 00:00:16 ; elapsed = 00:00:15 . Memory (MB): peak = 2135.738 ; gain = 80.336

Phase 9 Depositing Routes
Phase 9 Depositing Routes | Checksum: 1247e9f12

Time (s): cpu = 00:00:16 ; elapsed = 00:00:15 . Memory (MB): peak = 2135.738 ; gain = 80.336

Phase 10 Post Router Timing
Phase 10 Post Router Timing | Checksum: 1247e9f12

Time (s): cpu = 00:00:16 ; elapsed = 00:00:15 . Memory (MB): peak = 2135.738 ; gain = 80.336
INFO: [Route 35-16] Router Completed Successfully

Time (s): cpu = 00:00:16 ; elapsed = 00:00:15 . Memory (MB): peak = 2135.738 ; gain = 80.336

Routing Is Done.
INFO: [Common 17-83] Releasing license: Implementation
60 Infos, 1 Warnings, 0 Critical Warnings and 0 Errors encountered.
route_design completed successfully
route_design: Time (s): cpu = 00:00:16 ; elapsed = 00:00:15 . Memory (MB): peak = 2135.738 ; gain = 87.695
INFO: [Timing 38-480] Writing timing data to binary archive.
Writing XDEF routing.
Writing XDEF routing logical nets.
Writing XDEF routing special nets.
Write XDEF Complete: Time (s): cpu = 00:00:00 ; elapsed = 00:00:00.021 . Memory (MB): peak = 2146.559 ; gain = 10.820
INFO: [Common 17-1381] The checkpoint 'D:/workspace/LAB/section2.2/project_2.runs/impl_1/section2_2_routed.dcp' has been generated.
INFO: [runtcl-4] Executing : report_drc -file section2_2_drc_routed.rpt -pb section2_2_drc_routed.pb -rpx section2_2_drc_routed.rpx
Command: report_drc -file section2_2_drc_routed.rpt -pb section2_2_drc_routed.pb -rpx section2_2_drc_routed.rpx
INFO: [IP_Flow 19-1839] IP Catalog is up to date.
INFO: [DRC 23-27] Running DRC with 2 threads
INFO: [Vivado_Tcl 2-168] The results of DRC are in file D:/workspace/LAB/section2.2/project_2.runs/impl_1/section2_2_drc_routed.rpt.
report_drc completed successfully
INFO: [runtcl-4] Executing : report_methodology -file section2_2_methodology_drc_routed.rpt -pb section2_2_methodology_drc_routed.pb -rpx section2_2_methodology_drc_routed.rpx
Command: report_methodology -file section2_2_methodology_drc_routed.rpt -pb section2_2_methodology_drc_routed.pb -rpx section2_2_methodology_drc_routed.rpx
INFO: [Timing 38-35] Done setting XDC timing constraints.
INFO: [DRC 23-133] Running Methodology with 2 threads
INFO: [Vivado_Tcl 2-1520] The results of Report Methodology are in file D:/workspace/LAB/section2.2/project_2.runs/impl_1/section2_2_methodology_drc_routed.rpt.
report_methodology completed successfully
INFO: [runtcl-4] Executing : report_power -file section2_2_power_routed.rpt -pb section2_2_power_summary_routed.pb -rpx section2_2_power_routed.rpx
Command: report_power -file section2_2_power_routed.rpt -pb section2_2_power_summary_routed.pb -rpx section2_2_power_routed.rpx
INFO: [Timing 38-35] Done setting XDC timing constraints.
Running Vector-less Activity Propagation...

Finished Running Vector-less Activity Propagation
72 Infos, 1 Warnings, 0 Critical Warnings and 0 Errors encountered.
report_power completed successfully
INFO: [runtcl-4] Executing : report_route_status -file section2_2_route_status.rpt -pb section2_2_route_status.pb
INFO: [runtcl-4] Executing : report_timing_summary -max_paths 10 -report_unconstrained -file section2_2_timing_summary_routed.rpt -pb section2_2_timing_summary_routed.pb -rpx section2_2_timing_summary_routed.rpx -warn_on_violation 
INFO: [Timing 38-91] UpdateTimingParams: Speed grade: -1, Delay Type: min_max.
INFO: [Timing 38-191] Multithreading enabled for timing update using a maximum of 2 CPUs
INFO: [runtcl-4] Executing : report_incremental_reuse -file section2_2_incremental_reuse_routed.rpt
INFO: [Vivado_Tcl 4-1062] Incremental flow is disabled. No incremental reuse Info to report.
INFO: [runtcl-4] Executing : report_clock_utilization -file section2_2_clock_utilization_routed.rpt
INFO: [runtcl-4] Executing : report_bus_skew -warn_on_violation -file section2_2_bus_skew_routed.rpt -pb section2_2_bus_skew_routed.pb -rpx section2_2_bus_skew_routed.rpx
INFO: [Timing 38-91] UpdateTimingParams: Speed grade: -1, Delay Type: min_max.
INFO: [Timing 38-191] Multithreading enabled for timing update using a maximum of 2 CPUs
Command: write_bitstream -force section2_2.bit
Attempting to get a license for feature 'Implementation' and/or device 'xc7a35t'
INFO: [Common 17-349] Got license for feature 'Implementation' and/or device 'xc7a35t'
Running DRC as a precondition to command write_bitstream
INFO: [IP_Flow 19-1839] IP Catalog is up to date.
INFO: [DRC 23-27] Running DRC with 2 threads
INFO: [Vivado 12-3199] DRC finished with 0 Errors
INFO: [Vivado 12-3200] Please refer to the DRC report (report_drc) for more information.
INFO: [Designutils 20-2272] Running write_bitstream with 2 threads.
Loading data files...
Loading site data...
Loading route data...
Processing options...
Creating bitmap...
Creating bitstream...
Bitstream compression saved 16003104 bits.
Writing bitstream ./section2_2.bit...
INFO: [Vivado 12-1842] Bitgen Completed Successfully.
INFO: [Project 1-1876] WebTalk data collection is mandatory when using a ULT device. To see the specific WebTalk data collected for your design, open the usage_statistics_webtalk.html or usage_statistics_webtalk.xml file in the implementation directory.
INFO: [Common 17-83] Releasing license: Implementation
12 Infos, 0 Warnings, 0 Critical Warnings and 0 Errors encountered.
write_bitstream completed successfully
write_bitstream: Time (s): cpu = 00:00:07 ; elapsed = 00:00:06 . Memory (MB): peak = 2602.801 ; gain = 437.176
INFO: [Common 17-206] Exiting Vivado at Tue Mar 10 01:46:53 2026...

*** Running vivado
    with args -log section2_2.vdi -applog -m64 -product Vivado -messageDb vivado.pb -mode batch -source section2_2.tcl -notrace



****** Vivado v2022.1 (64-bit)
  **** SW Build 3526262 on Mon Apr 18 15:48:16 MDT 2022
  **** IP Build 3524634 on Mon Apr 18 20:55:01 MDT 2022
    ** Copyright 1986-2022 Xilinx, Inc. All Rights Reserved.

source section2_2.tcl -notrace
Command: open_checkpoint section2_2_routed.dcp
INFO: [Device 21-403] Loading part xc7a35tcpg236-1
Netlist sorting complete. Time (s): cpu = 00:00:00 ; elapsed = 00:00:00 . Memory (MB): peak = 1299.301 ; gain = 0.000
INFO: [Project 1-479] Netlist was created with Vivado 2022.1
INFO: [Project 1-570] Preparing netlist for logic optimization
INFO: [Timing 38-478] Restoring timing data from binary archive.
INFO: [Timing 38-479] Binary timing data restore complete.
INFO: [Project 1-856] Restoring constraints from binary archive.
INFO: [Project 1-853] Binary constraint restore complete.
Reading XDEF placement.
Reading placer database...
Reading XDEF routing.
Read XDEF Files: Time (s): cpu = 00:00:01 ; elapsed = 00:00:00.164 . Memory (MB): peak = 1700.059 ; gain = 7.715
Restored from archive | CPU: 1.000000 secs | Memory: 0.000000 MB |
Finished XDEF File Restore: Time (s): cpu = 00:00:01 ; elapsed = 00:00:00.165 . Memory (MB): peak = 1700.059 ; gain = 7.715
Netlist sorting complete. Time (s): cpu = 00:00:00 ; elapsed = 00:00:00 . Memory (MB): peak = 1700.059 ; gain = 0.000
INFO: [Project 1-111] Unisim Transformation Summary:
No Unisim elements were transformed.

INFO: [Project 1-604] Checkpoint was created with Vivado v2022.1 (64-bit) build 3526262
open_checkpoint: Time (s): cpu = 00:00:47 ; elapsed = 00:00:48 . Memory (MB): peak = 1700.059 ; gain = 415.527
Command: write_bitstream -force section2_2.bit
Attempting to get a license for feature 'Implementation' and/or device 'xc7a35t'
INFO: [Common 17-349] Got license for feature 'Implementation' and/or device 'xc7a35t'
Running DRC as a precondition to command write_bitstream
INFO: [IP_Flow 19-234] Refreshing IP repositories
INFO: [IP_Flow 19-1704] No user IP repositories specified
INFO: [IP_Flow 19-2313] Loaded Vivado IP repository 'C:/Xilinx/Vivado/2022.1/data/ip'.
INFO: [DRC 23-27] Running DRC with 2 threads
INFO: [Vivado 12-3199] DRC finished with 0 Errors
INFO: [Vivado 12-3200] Please refer to the DRC report (report_drc) for more information.
INFO: [Designutils 20-2272] Running write_bitstream with 2 threads.
Loading data files...
Loading site data...
Loading route data...
Processing options...
Creating bitmap...
Creating bitstream...
Bitstream compression saved 16003104 bits.
Writing bitstream ./section2_2.bit...
INFO: [Vivado 12-1842] Bitgen Completed Successfully.
INFO: [Project 1-1876] WebTalk data collection is mandatory when using a ULT device. To see the specific WebTalk data collected for your design, open the usage_statistics_webtalk.html or usage_statistics_webtalk.xml file in the implementation directory.
INFO: [Common 17-83] Releasing license: Implementation
20 Infos, 0 Warnings, 0 Critical Warnings and 0 Errors encountered.
write_bitstream completed successfully
write_bitstream: Time (s): cpu = 00:00:14 ; elapsed = 00:00:15 . Memory (MB): peak = 2160.914 ; gain = 460.855
INFO: [Common 17-206] Exiting Vivado at Tue Mar 10 09:55:00 2026...
