Copyright 1986-2022 Xilinx, Inc. All Rights Reserved.
------------------------------------------------------------------------------------
| Tool Version : Vivado v.2022.1 (win64) Build 3526262 Mon Apr 18 15:48:16 MDT 2022
| Date         : Fri May 15 14:10:01 2026
| Host         : DESKTOP-TM7VUND running 64-bit major release  (build 9200)
| Command      : report_control_sets -verbose -file top_control_sets_placed.rpt
| Design       : top
| Device       : xc7a35t
------------------------------------------------------------------------------------

Control Set Information

Table of Contents
-----------------
1. Summary
2. Histogram
3. Flip-Flop Distribution
4. Detailed Control Set Information

1. Summary
----------

+----------------------------------------------------------+-------+
|                          Status                          | Count |
+----------------------------------------------------------+-------+
| Total control sets                                       |    20 |
|    Minimum number of control sets                        |    20 |
|    Addition due to synthesis replication                 |     0 |
|    Addition due to physical synthesis replication        |     0 |
| Unused register locations in slices containing registers |    25 |
+----------------------------------------------------------+-------+
* Control sets can be merged at opt_design using control_set_merge or merge_equivalent_drivers
** Run report_qor_suggestions for automated merging and remapping suggestions


2. Histogram
------------

+--------------------+-------+
|       Fanout       | Count |
+--------------------+-------+
| Total control sets |    20 |
| >= 0 to < 4        |     2 |
| >= 4 to < 6        |     1 |
| >= 6 to < 8        |     0 |
| >= 8 to < 10       |    10 |
| >= 10 to < 12      |     0 |
| >= 12 to < 14      |     0 |
| >= 14 to < 16      |     5 |
| >= 16              |     2 |
+--------------------+-------+
* Control sets can be remapped at either synth_design or opt_design


3. Flip-Flop Distribution
-------------------------

+--------------+-----------------------+------------------------+-----------------+--------------+
| Clock Enable | Synchronous Set/Reset | Asynchronous Set/Reset | Total Registers | Total Slices |
+--------------+-----------------------+------------------------+-----------------+--------------+
| No           | No                    | No                     |              23 |            7 |
| No           | No                    | Yes                    |               0 |            0 |
| No           | Yes                   | No                     |              57 |           19 |
| Yes          | No                    | No                     |               0 |            0 |
| Yes          | No                    | Yes                    |               0 |            0 |
| Yes          | Yes                   | No                     |             159 |           43 |
+--------------+-----------------------+------------------------+-----------------+--------------+


4. Detailed Control Set Information
-----------------------------------

+----------------+----------------------------------+----------------------------------+------------------+----------------+--------------+
|  Clock Signal  |           Enable Signal          |         Set/Reset Signal         | Slice Load Count | Bel Load Count | Bels / Slice |
+----------------+----------------------------------+----------------------------------+------------------+----------------+--------------+
|  clk_IBUF_BUFG |                                  | p3/SR[0]                         |                1 |              1 |         1.00 |
|  clk_IBUF_BUFG | avg_unit/avg_done_led_i_1_n_0    | p3/SR[0]                         |                1 |              1 |         1.00 |
|  clk_IBUF_BUFG | rtm/E[0]                         | p3/SR[0]                         |                1 |              4 |         4.00 |
|  clk_IBUF_BUFG | avg_unit/regs[4][7]_i_1_n_0      | p3/SR[0]                         |                1 |              8 |         8.00 |
|  clk_IBUF_BUFG | avg_unit/regs[3][7]_i_1_n_0      | p3/SR[0]                         |                2 |              8 |         4.00 |
|  clk_IBUF_BUFG | avg_unit/regs                    | p3/SR[0]                         |                2 |              8 |         4.00 |
|  clk_IBUF_BUFG | avg_unit/regs[5][7]_i_1_n_0      | p3/SR[0]                         |                2 |              8 |         4.00 |
|  clk_IBUF_BUFG | avg_unit/regs[2][7]_i_1_n_0      | p3/SR[0]                         |                3 |              8 |         2.67 |
|  clk_IBUF_BUFG | avg_unit/regs[1][7]_i_1_n_0      | p3/SR[0]                         |                4 |              8 |         2.00 |
|  clk_IBUF_BUFG | avg_unit/regs[7][7]_i_1_n_0      | p3/SR[0]                         |                1 |              8 |         8.00 |
|  clk_IBUF_BUFG | avg_unit/regs[6][7]_i_1_n_0      | p3/SR[0]                         |                1 |              8 |         8.00 |
|  clk_IBUF_BUFG | rtm/timer_0                      | p3/SR[0]                         |                2 |              8 |         4.00 |
|  clk_IBUF_BUFG | rtm/reaction_time[7]_i_1_n_0     | p3/SR[0]                         |                2 |              8 |         4.00 |
|  clk_IBUF_BUFG | rtm/wait_count_1                 | p3/SR[0]                         |                5 |             14 |         2.80 |
|  clk_IBUF_BUFG | db_avg/count[0]_i_2__2_n_0       | db_avg/count[0]_i_1__2_n_0       |                4 |             15 |         3.75 |
|  clk_IBUF_BUFG | db_react/count[0]_i_2__0_n_0     | db_react/count[0]_i_1__0_n_0     |                4 |             15 |         3.75 |
|  clk_IBUF_BUFG | db_start/count[0]_i_2_n_0        | db_start/count[0]_i_1_n_0        |                4 |             15 |         3.75 |
|  clk_IBUF_BUFG | db_start_avg/count[0]_i_2__1_n_0 | db_start_avg/count[0]_i_1__1_n_0 |                4 |             15 |         3.75 |
|  clk_IBUF_BUFG |                                  |                                  |                7 |             23 |         3.29 |
|  clk_IBUF_BUFG |                                  | btnD_IBUF                        |               18 |             56 |         3.11 |
+----------------+----------------------------------+----------------------------------+------------------+----------------+--------------+


