Copyright 1986-2022 Xilinx, Inc. All Rights Reserved.
---------------------------------------------------------------------------------------------------------------------------------------------------------------------------------------------------------------------------------------------
| Tool Version : Vivado v.2022.1 (win64) Build 3526262 Mon Apr 18 15:48:16 MDT 2022
| Date         : Wed Mar 11 04:02:49 2026
| Host         : DESKTOP-TM7VUND running 64-bit major release  (build 9200)
| Command      : report_timing_summary -max_paths 10 -report_unconstrained -file section4_shifter_timing_summary_routed.rpt -pb section4_shifter_timing_summary_routed.pb -rpx section4_shifter_timing_summary_routed.rpx -warn_on_violation
| Design       : section4_shifter
| Device       : 7a35t-cpg236
| Speed File   : -1  PRODUCTION 1.23 2018-06-13
---------------------------------------------------------------------------------------------------------------------------------------------------------------------------------------------------------------------------------------------

Timing Summary Report

------------------------------------------------------------------------------------------------
| Timer Settings
| --------------
------------------------------------------------------------------------------------------------

  Enable Multi Corner Analysis               :  Yes
  Enable Pessimism Removal                   :  Yes
  Pessimism Removal Resolution               :  Nearest Common Node
  Enable Input Delay Default Clock           :  No
  Enable Preset / Clear Arcs                 :  No
  Disable Flight Delays                      :  No
  Ignore I/O Paths                           :  No
  Timing Early Launch at Borrowing Latches   :  No
  Borrow Time for Max Delay Exceptions       :  Yes
  Merge Timing Exceptions                    :  Yes

  Corner  Analyze    Analyze    
  Name    Max Paths  Min Paths  
  ------  ---------  ---------  
  Slow    Yes        Yes        
  Fast    Yes        Yes        


------------------------------------------------------------------------------------------------
| Report Methodology
| ------------------
------------------------------------------------------------------------------------------------

Rule  Severity  Description  Violations  
----  --------  -----------  ----------  

Note: This report is based on the most recent report_methodology run and may not be up-to-date. Run report_methodology on the current design for the latest report.



check_timing report

Table of Contents
-----------------
1. checking no_clock (0)
2. checking constant_clock (0)
3. checking pulse_width_clock (0)
4. checking unconstrained_internal_endpoints (0)
5. checking no_input_delay (0)
6. checking no_output_delay (0)
7. checking multiple_clock (0)
8. checking generated_clocks (0)
9. checking loops (0)
10. checking partial_input_delay (0)
11. checking partial_output_delay (0)
12. checking latch_loops (0)

1. checking no_clock (0)
------------------------
 There are 0 register/latch pins with no clock.


2. checking constant_clock (0)
------------------------------
 There are 0 register/latch pins with constant_clock.


3. checking pulse_width_clock (0)
---------------------------------
 There are 0 register/latch pins which need pulse_width check


4. checking unconstrained_internal_endpoints (0)
------------------------------------------------
 There are 0 pins that are not constrained for maximum delay.

 There are 0 pins that are not constrained for maximum delay due to constant clock.


5. checking no_input_delay (0)
------------------------------
 There are 0 input ports with no input delay specified.

 There are 0 input ports with no input delay but user has a false path constraint.


6. checking no_output_delay (0)
-------------------------------
 There are 0 ports with no output delay specified.

 There are 0 ports with no output delay but user has a false path constraint

 There are 0 ports with no output delay but with a timing clock defined on it or propagating through it


7. checking multiple_clock (0)
------------------------------
 There are 0 register/latch pins with multiple clocks.


8. checking generated_clocks (0)
--------------------------------
 There are 0 generated clocks that are not connected to a clock source.


9. checking loops (0)
---------------------
 There are 0 combinational loops in the design.


10. checking partial_input_delay (0)
------------------------------------
 There are 0 input ports with partial input delay specified.


11. checking partial_output_delay (0)
-------------------------------------
 There are 0 ports with partial output delay specified.


12. checking latch_loops (0)
----------------------------
 There are 0 combinational latch loops in the design through latch input



------------------------------------------------------------------------------------------------
| Design Timing Summary
| ---------------------
------------------------------------------------------------------------------------------------

    WNS(ns)      TNS(ns)  TNS Failing Endpoints  TNS Total Endpoints      WHS(ns)      THS(ns)  THS Failing Endpoints  THS Total Endpoints     WPWS(ns)     TPWS(ns)  TPWS Failing Endpoints  TPWS Total Endpoints  
    -------      -------  ---------------------  -------------------      -------      -------  ---------------------  -------------------     --------     --------  ----------------------  --------------------  
        inf        0.000                      0                    4          inf        0.000                      0                    4           NA           NA                      NA                    NA  


There are no user specified timing constraints.


------------------------------------------------------------------------------------------------
| Clock Summary
| -------------
------------------------------------------------------------------------------------------------


------------------------------------------------------------------------------------------------
| Intra Clock Table
| -----------------
------------------------------------------------------------------------------------------------

Clock             WNS(ns)      TNS(ns)  TNS Failing Endpoints  TNS Total Endpoints      WHS(ns)      THS(ns)  THS Failing Endpoints  THS Total Endpoints     WPWS(ns)     TPWS(ns)  TPWS Failing Endpoints  TPWS Total Endpoints  
-----             -------      -------  ---------------------  -------------------      -------      -------  ---------------------  -------------------     --------     --------  ----------------------  --------------------  


------------------------------------------------------------------------------------------------
| Inter Clock Table
| -----------------
------------------------------------------------------------------------------------------------

From Clock    To Clock          WNS(ns)      TNS(ns)  TNS Failing Endpoints  TNS Total Endpoints      WHS(ns)      THS(ns)  THS Failing Endpoints  THS Total Endpoints  
----------    --------          -------      -------  ---------------------  -------------------      -------      -------  ---------------------  -------------------  


------------------------------------------------------------------------------------------------
| Other Path Groups Table
| -----------------------
------------------------------------------------------------------------------------------------

Path Group    From Clock    To Clock          WNS(ns)      TNS(ns)  TNS Failing Endpoints  TNS Total Endpoints      WHS(ns)      THS(ns)  THS Failing Endpoints  THS Total Endpoints  
----------    ----------    --------          -------      -------  ---------------------  -------------------      -------      -------  ---------------------  -------------------  


------------------------------------------------------------------------------------------------
| User Ignored Path Table
| -----------------------
------------------------------------------------------------------------------------------------

Path Group    From Clock    To Clock    
----------    ----------    --------    


------------------------------------------------------------------------------------------------
| Unconstrained Path Table
| ------------------------
------------------------------------------------------------------------------------------------

Path Group    From Clock    To Clock    
----------    ----------    --------    
(none)                                    


------------------------------------------------------------------------------------------------
| Timing Details
| --------------
------------------------------------------------------------------------------------------------


--------------------------------------------------------------------------------------
Path Group:  (none)
From Clock:  
  To Clock:  

Max Delay             4 Endpoints
Min Delay             4 Endpoints
--------------------------------------------------------------------------------------


Max Delay Paths
--------------------------------------------------------------------------------------
Slack:                    inf
  Source:                 I[1]
                            (input port)
  Destination:            Y[0]
                            (output port)
  Path Group:             (none)
  Path Type:              Max at Slow Process Corner
  Data Path Delay:        9.298ns  (logic 5.442ns (58.530%)  route 3.856ns (41.470%))
  Logic Levels:           4  (IBUF=1 LUT3=1 LUT5=1 OBUF=1)

    Location             Delay type                Incr(ns)  Path(ns)    Netlist Resource(s)
  -------------------------------------------------------------------    -------------------
    V16                                               0.000     0.000 r  I[1] (IN)
                         net (fo=0)                   0.000     0.000    I[1]
    V16                  IBUF (Prop_ibuf_I_O)         1.461     1.461 r  I_IBUF[1]_inst/O
                         net (fo=3, routed)           1.536     2.997    I_IBUF[1]
    SLICE_X0Y9           LUT5 (Prop_lut5_I2_O)        0.124     3.121 r  Y_OBUF[0]_inst_i_2/O
                         net (fo=1, routed)           0.444     3.565    Y_OBUF[0]_inst_i_2_n_0
    SLICE_X0Y9           LUT3 (Prop_lut3_I0_O)        0.150     3.715 r  Y_OBUF[0]_inst_i_1/O
                         net (fo=1, routed)           1.876     5.591    Y_OBUF[0]
    U16                  OBUF (Prop_obuf_I_O)         3.707     9.298 r  Y_OBUF[0]_inst/O
                         net (fo=0)                   0.000     9.298    Y[0]
    U16                                                               r  Y[0] (OUT)
  -------------------------------------------------------------------    -------------------

Slack:                    inf
  Source:                 F
                            (input port)
  Destination:            Y[3]
                            (output port)
  Path Group:             (none)
  Path Type:              Max at Slow Process Corner
  Data Path Delay:        9.204ns  (logic 5.207ns (56.572%)  route 3.997ns (43.428%))
  Logic Levels:           4  (IBUF=1 LUT3=1 LUT5=1 OBUF=1)

    Location             Delay type                Incr(ns)  Path(ns)    Netlist Resource(s)
  -------------------------------------------------------------------    -------------------
    W14                                               0.000     0.000 r  F (IN)
                         net (fo=0)                   0.000     0.000    F
    W14                  IBUF (Prop_ibuf_I_O)         1.450     1.450 r  F_IBUF_inst/O
                         net (fo=2, routed)           1.418     2.868    F_IBUF
    SLICE_X0Y9           LUT5 (Prop_lut5_I2_O)        0.124     2.992 r  Y_OBUF[3]_inst_i_2/O
                         net (fo=1, routed)           0.674     3.666    Y_OBUF[3]_inst_i_2_n_0
    SLICE_X0Y9           LUT3 (Prop_lut3_I0_O)        0.124     3.790 r  Y_OBUF[3]_inst_i_1/O
                         net (fo=1, routed)           1.905     5.695    Y_OBUF[3]
    V19                  OBUF (Prop_obuf_I_O)         3.509     9.204 r  Y_OBUF[3]_inst/O
                         net (fo=0)                   0.000     9.204    Y[3]
    V19                                                               r  Y[3] (OUT)
  -------------------------------------------------------------------    -------------------

Slack:                    inf
  Source:                 En
                            (input port)
  Destination:            Y[1]
                            (output port)
  Path Group:             (none)
  Path Type:              Max at Slow Process Corner
  Data Path Delay:        9.148ns  (logic 5.113ns (55.887%)  route 4.036ns (44.113%))
  Logic Levels:           3  (IBUF=1 LUT5=1 OBUF=1)

    Location             Delay type                Incr(ns)  Path(ns)    Netlist Resource(s)
  -------------------------------------------------------------------    -------------------
    W13                                               0.000     0.000 r  En (IN)
                         net (fo=0)                   0.000     0.000    En
    W13                  IBUF (Prop_ibuf_I_O)         1.459     1.459 r  En_IBUF_inst/O
                         net (fo=4, routed)           1.402     2.860    En_IBUF
    SLICE_X0Y10          LUT5 (Prop_lut5_I3_O)        0.124     2.984 r  Y_OBUF[1]_inst_i_1/O
                         net (fo=1, routed)           2.634     5.618    Y_OBUF[1]
    E19                  OBUF (Prop_obuf_I_O)         3.530     9.148 r  Y_OBUF[1]_inst/O
                         net (fo=0)                   0.000     9.148    Y[1]
    E19                                                               r  Y[1] (OUT)
  -------------------------------------------------------------------    -------------------

Slack:                    inf
  Source:                 En
                            (input port)
  Destination:            Y[2]
                            (output port)
  Path Group:             (none)
  Path Type:              Max at Slow Process Corner
  Data Path Delay:        8.629ns  (logic 5.084ns (58.919%)  route 3.545ns (41.081%))
  Logic Levels:           3  (IBUF=1 LUT5=1 OBUF=1)

    Location             Delay type                Incr(ns)  Path(ns)    Netlist Resource(s)
  -------------------------------------------------------------------    -------------------
    W13                                               0.000     0.000 r  En (IN)
                         net (fo=0)                   0.000     0.000    En
    W13                  IBUF (Prop_ibuf_I_O)         1.459     1.459 r  En_IBUF_inst/O
                         net (fo=4, routed)           1.630     3.089    En_IBUF
    SLICE_X0Y9           LUT5 (Prop_lut5_I3_O)        0.124     3.213 r  Y_OBUF[2]_inst_i_1/O
                         net (fo=1, routed)           1.915     5.128    Y_OBUF[2]
    U19                  OBUF (Prop_obuf_I_O)         3.501     8.629 r  Y_OBUF[2]_inst/O
                         net (fo=0)                   0.000     8.629    Y[2]
    U19                                                               r  Y[2] (OUT)
  -------------------------------------------------------------------    -------------------





Min Delay Paths
--------------------------------------------------------------------------------------
Slack:                    inf
  Source:                 I[3]
                            (input port)
  Destination:            Y[3]
                            (output port)
  Path Group:             (none)
  Path Type:              Min at Fast Process Corner
  Data Path Delay:        2.266ns  (logic 1.472ns (64.952%)  route 0.794ns (35.048%))
  Logic Levels:           3  (IBUF=1 LUT3=1 OBUF=1)

    Location             Delay type                Incr(ns)  Path(ns)    Netlist Resource(s)
  -------------------------------------------------------------------    -------------------
    W17                                               0.000     0.000 r  I[3] (IN)
                         net (fo=0)                   0.000     0.000    I[3]
    W17                  IBUF (Prop_ibuf_I_O)         0.217     0.217 r  I_IBUF[3]_inst/O
                         net (fo=3, routed)           0.360     0.577    I_IBUF[3]
    SLICE_X0Y9           LUT3 (Prop_lut3_I2_O)        0.045     0.622 r  Y_OBUF[3]_inst_i_1/O
                         net (fo=1, routed)           0.434     1.056    Y_OBUF[3]
    V19                  OBUF (Prop_obuf_I_O)         1.210     2.266 r  Y_OBUF[3]_inst/O
                         net (fo=0)                   0.000     2.266    Y[3]
    V19                                                               r  Y[3] (OUT)
  -------------------------------------------------------------------    -------------------

Slack:                    inf
  Source:                 I[2]
                            (input port)
  Destination:            Y[2]
                            (output port)
  Path Group:             (none)
  Path Type:              Min at Fast Process Corner
  Data Path Delay:        2.286ns  (logic 1.479ns (64.703%)  route 0.807ns (35.297%))
  Logic Levels:           3  (IBUF=1 LUT5=1 OBUF=1)

    Location             Delay type                Incr(ns)  Path(ns)    Netlist Resource(s)
  -------------------------------------------------------------------    -------------------
    W16                                               0.000     0.000 r  I[2] (IN)
                         net (fo=0)                   0.000     0.000    I[2]
    W16                  IBUF (Prop_ibuf_I_O)         0.232     0.232 r  I_IBUF[2]_inst/O
                         net (fo=3, routed)           0.364     0.596    I_IBUF[2]
    SLICE_X0Y9           LUT5 (Prop_lut5_I4_O)        0.045     0.641 r  Y_OBUF[2]_inst_i_1/O
                         net (fo=1, routed)           0.443     1.084    Y_OBUF[2]
    U19                  OBUF (Prop_obuf_I_O)         1.202     2.286 r  Y_OBUF[2]_inst/O
                         net (fo=0)                   0.000     2.286    Y[2]
    U19                                                               r  Y[2] (OUT)
  -------------------------------------------------------------------    -------------------

Slack:                    inf
  Source:                 En
                            (input port)
  Destination:            Y[0]
                            (output port)
  Path Group:             (none)
  Path Type:              Min at Fast Process Corner
  Data Path Delay:        2.468ns  (logic 1.537ns (62.268%)  route 0.931ns (37.732%))
  Logic Levels:           3  (IBUF=1 LUT3=1 OBUF=1)

    Location             Delay type                Incr(ns)  Path(ns)    Netlist Resource(s)
  -------------------------------------------------------------------    -------------------
    W13                                               0.000     0.000 r  En (IN)
                         net (fo=0)                   0.000     0.000    En
    W13                  IBUF (Prop_ibuf_I_O)         0.227     0.227 r  En_IBUF_inst/O
                         net (fo=4, routed)           0.508     0.735    En_IBUF
    SLICE_X0Y9           LUT3 (Prop_lut3_I1_O)        0.042     0.777 r  Y_OBUF[0]_inst_i_1/O
                         net (fo=1, routed)           0.423     1.200    Y_OBUF[0]
    U16                  OBUF (Prop_obuf_I_O)         1.268     2.468 r  Y_OBUF[0]_inst/O
                         net (fo=0)                   0.000     2.468    Y[0]
    U16                                                               r  Y[0] (OUT)
  -------------------------------------------------------------------    -------------------

Slack:                    inf
  Source:                 I[0]
                            (input port)
  Destination:            Y[1]
                            (output port)
  Path Group:             (none)
  Path Type:              Min at Fast Process Corner
  Data Path Delay:        2.574ns  (logic 1.497ns (58.143%)  route 1.077ns (41.857%))
  Logic Levels:           3  (IBUF=1 LUT5=1 OBUF=1)

    Location             Delay type                Incr(ns)  Path(ns)    Netlist Resource(s)
  -------------------------------------------------------------------    -------------------
    V17                                               0.000     0.000 r  I[0] (IN)
                         net (fo=0)                   0.000     0.000    I[0]
    V17                  IBUF (Prop_ibuf_I_O)         0.221     0.221 r  I_IBUF[0]_inst/O
                         net (fo=3, routed)           0.355     0.576    I_IBUF[0]
    SLICE_X0Y10          LUT5 (Prop_lut5_I2_O)        0.045     0.621 r  Y_OBUF[1]_inst_i_1/O
                         net (fo=1, routed)           0.722     1.343    Y_OBUF[1]
    E19                  OBUF (Prop_obuf_I_O)         1.231     2.574 r  Y_OBUF[1]_inst/O
                         net (fo=0)                   0.000     2.574    Y[1]
    E19                                                               r  Y[1] (OUT)
  -------------------------------------------------------------------    -------------------





