Copyright 1986-2022 Xilinx, Inc. All Rights Reserved.
---------------------------------------------------------------------------------------------------------------------------------------------------------------------------------------------------------------------
| Tool Version : Vivado v.2022.1 (win64) Build 3526262 Mon Apr 18 15:48:16 MDT 2022
| Date         : Sat Mar 14 14:18:38 2026
| Host         : DESKTOP-TM7VUND running 64-bit major release  (build 9200)
| Command      : report_timing_summary -max_paths 10 -report_unconstrained -file deneme_2_timing_summary_routed.rpt -pb deneme_2_timing_summary_routed.pb -rpx deneme_2_timing_summary_routed.rpx -warn_on_violation
| Design       : deneme_2
| Device       : 7z020-clg484
| Speed File   : -1  PRODUCTION 1.12 2019-11-22
---------------------------------------------------------------------------------------------------------------------------------------------------------------------------------------------------------------------

Timing Summary Report

------------------------------------------------------------------------------------------------
| Timer Settings
| --------------
------------------------------------------------------------------------------------------------

  Enable Multi Corner Analysis               :  Yes
  Enable Pessimism Removal                   :  Yes
  Pessimism Removal Resolution               :  Nearest Common Node
  Enable Input Delay Default Clock           :  No
  Enable Preset / Clear Arcs                 :  No
  Disable Flight Delays                      :  No
  Ignore I/O Paths                           :  No
  Timing Early Launch at Borrowing Latches   :  No
  Borrow Time for Max Delay Exceptions       :  Yes
  Merge Timing Exceptions                    :  Yes

  Corner  Analyze    Analyze    
  Name    Max Paths  Min Paths  
  ------  ---------  ---------  
  Slow    Yes        Yes        
  Fast    Yes        Yes        


------------------------------------------------------------------------------------------------
| Report Methodology
| ------------------
------------------------------------------------------------------------------------------------

Rule  Severity  Description  Violations  
----  --------  -----------  ----------  

Note: This report is based on the most recent report_methodology run and may not be up-to-date. Run report_methodology on the current design for the latest report.



check_timing report

Table of Contents
-----------------
1. checking no_clock (0)
2. checking constant_clock (0)
3. checking pulse_width_clock (0)
4. checking unconstrained_internal_endpoints (0)
5. checking no_input_delay (0)
6. checking no_output_delay (0)
7. checking multiple_clock (0)
8. checking generated_clocks (0)
9. checking loops (0)
10. checking partial_input_delay (0)
11. checking partial_output_delay (0)
12. checking latch_loops (0)

1. checking no_clock (0)
------------------------
 There are 0 register/latch pins with no clock.


2. checking constant_clock (0)
------------------------------
 There are 0 register/latch pins with constant_clock.


3. checking pulse_width_clock (0)
---------------------------------
 There are 0 register/latch pins which need pulse_width check


4. checking unconstrained_internal_endpoints (0)
------------------------------------------------
 There are 0 pins that are not constrained for maximum delay.

 There are 0 pins that are not constrained for maximum delay due to constant clock.


5. checking no_input_delay (0)
------------------------------
 There are 0 input ports with no input delay specified.

 There are 0 input ports with no input delay but user has a false path constraint.


6. checking no_output_delay (0)
-------------------------------
 There are 0 ports with no output delay specified.

 There are 0 ports with no output delay but user has a false path constraint

 There are 0 ports with no output delay but with a timing clock defined on it or propagating through it


7. checking multiple_clock (0)
------------------------------
 There are 0 register/latch pins with multiple clocks.


8. checking generated_clocks (0)
--------------------------------
 There are 0 generated clocks that are not connected to a clock source.


9. checking loops (0)
---------------------
 There are 0 combinational loops in the design.


10. checking partial_input_delay (0)
------------------------------------
 There are 0 input ports with partial input delay specified.


11. checking partial_output_delay (0)
-------------------------------------
 There are 0 ports with partial output delay specified.


12. checking latch_loops (0)
----------------------------
 There are 0 combinational latch loops in the design through latch input



------------------------------------------------------------------------------------------------
| Design Timing Summary
| ---------------------
------------------------------------------------------------------------------------------------

    WNS(ns)      TNS(ns)  TNS Failing Endpoints  TNS Total Endpoints      WHS(ns)      THS(ns)  THS Failing Endpoints  THS Total Endpoints     WPWS(ns)     TPWS(ns)  TPWS Failing Endpoints  TPWS Total Endpoints  
    -------      -------  ---------------------  -------------------      -------      -------  ---------------------  -------------------     --------     --------  ----------------------  --------------------  
        inf        0.000                      0                    8          inf        0.000                      0                    8           NA           NA                      NA                    NA  


There are no user specified timing constraints.


------------------------------------------------------------------------------------------------
| Clock Summary
| -------------
------------------------------------------------------------------------------------------------


------------------------------------------------------------------------------------------------
| Intra Clock Table
| -----------------
------------------------------------------------------------------------------------------------

Clock             WNS(ns)      TNS(ns)  TNS Failing Endpoints  TNS Total Endpoints      WHS(ns)      THS(ns)  THS Failing Endpoints  THS Total Endpoints     WPWS(ns)     TPWS(ns)  TPWS Failing Endpoints  TPWS Total Endpoints  
-----             -------      -------  ---------------------  -------------------      -------      -------  ---------------------  -------------------     --------     --------  ----------------------  --------------------  


------------------------------------------------------------------------------------------------
| Inter Clock Table
| -----------------
------------------------------------------------------------------------------------------------

From Clock    To Clock          WNS(ns)      TNS(ns)  TNS Failing Endpoints  TNS Total Endpoints      WHS(ns)      THS(ns)  THS Failing Endpoints  THS Total Endpoints  
----------    --------          -------      -------  ---------------------  -------------------      -------      -------  ---------------------  -------------------  


------------------------------------------------------------------------------------------------
| Other Path Groups Table
| -----------------------
------------------------------------------------------------------------------------------------

Path Group    From Clock    To Clock          WNS(ns)      TNS(ns)  TNS Failing Endpoints  TNS Total Endpoints      WHS(ns)      THS(ns)  THS Failing Endpoints  THS Total Endpoints  
----------    ----------    --------          -------      -------  ---------------------  -------------------      -------      -------  ---------------------  -------------------  


------------------------------------------------------------------------------------------------
| User Ignored Path Table
| -----------------------
------------------------------------------------------------------------------------------------

Path Group    From Clock    To Clock    
----------    ----------    --------    


------------------------------------------------------------------------------------------------
| Unconstrained Path Table
| ------------------------
------------------------------------------------------------------------------------------------

Path Group    From Clock    To Clock    
----------    ----------    --------    
(none)                                    


------------------------------------------------------------------------------------------------
| Timing Details
| --------------
------------------------------------------------------------------------------------------------


--------------------------------------------------------------------------------------
Path Group:  (none)
From Clock:  
  To Clock:  

Max Delay             8 Endpoints
Min Delay             8 Endpoints
--------------------------------------------------------------------------------------


Max Delay Paths
--------------------------------------------------------------------------------------
Slack:                    inf
  Source:                 sw_i[3]
                            (input port)
  Destination:            led_o[3]
                            (output port)
  Path Group:             (none)
  Path Type:              Max at Slow Process Corner
  Data Path Delay:        8.469ns  (logic 4.519ns (53.357%)  route 3.950ns (46.643%))
  Logic Levels:           2  (IBUF=1 OBUF=1)

    Location             Delay type                Incr(ns)  Path(ns)    Netlist Resource(s)
  -------------------------------------------------------------------    -------------------
    F21                                               0.000     0.000 r  sw_i[3] (IN)
                         net (fo=0)                   0.000     0.000    sw_i[3]
    F21                  IBUF (Prop_ibuf_I_O)         0.989     0.989 r  sw_i_IBUF[3]_inst/O
                         net (fo=1, routed)           3.950     4.940    led_o_OBUF[3]
    U21                  OBUF (Prop_obuf_I_O)         3.530     8.469 r  led_o_OBUF[3]_inst/O
                         net (fo=0)                   0.000     8.469    led_o[3]
    U21                                                               r  led_o[3] (OUT)
  -------------------------------------------------------------------    -------------------

Slack:                    inf
  Source:                 sw_i[6]
                            (input port)
  Destination:            led_o[6]
                            (output port)
  Path Group:             (none)
  Path Type:              Max at Slow Process Corner
  Data Path Delay:        8.437ns  (logic 4.452ns (52.761%)  route 3.986ns (47.239%))
  Logic Levels:           2  (IBUF=1 OBUF=1)

    Location             Delay type                Incr(ns)  Path(ns)    Netlist Resource(s)
  -------------------------------------------------------------------    -------------------
    H17                                               0.000     0.000 r  sw_i[6] (IN)
                         net (fo=0)                   0.000     0.000    sw_i[6]
    H17                  IBUF (Prop_ibuf_I_O)         0.939     0.939 r  sw_i_IBUF[6]_inst/O
                         net (fo=1, routed)           3.986     4.925    led_o_OBUF[6]
    U19                  OBUF (Prop_obuf_I_O)         3.512     8.437 r  led_o_OBUF[6]_inst/O
                         net (fo=0)                   0.000     8.437    led_o[6]
    U19                                                               r  led_o[6] (OUT)
  -------------------------------------------------------------------    -------------------

Slack:                    inf
  Source:                 sw_i[2]
                            (input port)
  Destination:            led_o[2]
                            (output port)
  Path Group:             (none)
  Path Type:              Max at Slow Process Corner
  Data Path Delay:        8.422ns  (logic 4.472ns (53.097%)  route 3.950ns (46.903%))
  Logic Levels:           2  (IBUF=1 OBUF=1)

    Location             Delay type                Incr(ns)  Path(ns)    Netlist Resource(s)
  -------------------------------------------------------------------    -------------------
    H22                                               0.000     0.000 r  sw_i[2] (IN)
                         net (fo=0)                   0.000     0.000    sw_i[2]
    H22                  IBUF (Prop_ibuf_I_O)         0.941     0.941 r  sw_i_IBUF[2]_inst/O
                         net (fo=1, routed)           3.950     4.891    led_o_OBUF[2]
    U22                  OBUF (Prop_obuf_I_O)         3.531     8.422 r  led_o_OBUF[2]_inst/O
                         net (fo=0)                   0.000     8.422    led_o[2]
    U22                                                               r  led_o[2] (OUT)
  -------------------------------------------------------------------    -------------------

Slack:                    inf
  Source:                 sw_i[5]
                            (input port)
  Destination:            led_o[5]
                            (output port)
  Path Group:             (none)
  Path Type:              Max at Slow Process Corner
  Data Path Delay:        8.417ns  (logic 4.465ns (53.052%)  route 3.952ns (46.948%))
  Logic Levels:           2  (IBUF=1 OBUF=1)

    Location             Delay type                Incr(ns)  Path(ns)    Netlist Resource(s)
  -------------------------------------------------------------------    -------------------
    H18                                               0.000     0.000 r  sw_i[5] (IN)
                         net (fo=0)                   0.000     0.000    sw_i[5]
    H18                  IBUF (Prop_ibuf_I_O)         0.934     0.934 r  sw_i_IBUF[5]_inst/O
                         net (fo=1, routed)           3.952     4.886    led_o_OBUF[5]
    W22                  OBUF (Prop_obuf_I_O)         3.531     8.417 r  led_o_OBUF[5]_inst/O
                         net (fo=0)                   0.000     8.417    led_o[5]
    W22                                                               r  led_o[5] (OUT)
  -------------------------------------------------------------------    -------------------

Slack:                    inf
  Source:                 sw_i[0]
                            (input port)
  Destination:            led_o[0]
                            (output port)
  Path Group:             (none)
  Path Type:              Max at Slow Process Corner
  Data Path Delay:        8.307ns  (logic 4.494ns (54.103%)  route 3.813ns (45.897%))
  Logic Levels:           2  (IBUF=1 OBUF=1)

    Location             Delay type                Incr(ns)  Path(ns)    Netlist Resource(s)
  -------------------------------------------------------------------    -------------------
    F22                                               0.000     0.000 r  sw_i[0] (IN)
                         net (fo=0)                   0.000     0.000    sw_i[0]
    F22                  IBUF (Prop_ibuf_I_O)         0.972     0.972 r  sw_i_IBUF[0]_inst/O
                         net (fo=1, routed)           3.813     4.784    led_o_OBUF[0]
    T22                  OBUF (Prop_obuf_I_O)         3.522     8.307 r  led_o_OBUF[0]_inst/O
                         net (fo=0)                   0.000     8.307    led_o[0]
    T22                                                               r  led_o[0] (OUT)
  -------------------------------------------------------------------    -------------------

Slack:                    inf
  Source:                 sw_i[7]
                            (input port)
  Destination:            led_o[7]
                            (output port)
  Path Group:             (none)
  Path Type:              Max at Slow Process Corner
  Data Path Delay:        8.303ns  (logic 4.458ns (53.691%)  route 3.845ns (46.309%))
  Logic Levels:           2  (IBUF=1 OBUF=1)

    Location             Delay type                Incr(ns)  Path(ns)    Netlist Resource(s)
  -------------------------------------------------------------------    -------------------
    M15                                               0.000     0.000 r  sw_i[7] (IN)
                         net (fo=0)                   0.000     0.000    sw_i[7]
    M15                  IBUF (Prop_ibuf_I_O)         0.956     0.956 r  sw_i_IBUF[7]_inst/O
                         net (fo=1, routed)           3.845     4.801    led_o_OBUF[7]
    U14                  OBUF (Prop_obuf_I_O)         3.502     8.303 r  led_o_OBUF[7]_inst/O
                         net (fo=0)                   0.000     8.303    led_o[7]
    U14                                                               r  led_o[7] (OUT)
  -------------------------------------------------------------------    -------------------

Slack:                    inf
  Source:                 sw_i[1]
                            (input port)
  Destination:            led_o[1]
                            (output port)
  Path Group:             (none)
  Path Type:              Max at Slow Process Corner
  Data Path Delay:        8.278ns  (logic 4.468ns (53.978%)  route 3.810ns (46.022%))
  Logic Levels:           2  (IBUF=1 OBUF=1)

    Location             Delay type                Incr(ns)  Path(ns)    Netlist Resource(s)
  -------------------------------------------------------------------    -------------------
    G22                                               0.000     0.000 r  sw_i[1] (IN)
                         net (fo=0)                   0.000     0.000    sw_i[1]
    G22                  IBUF (Prop_ibuf_I_O)         0.954     0.954 r  sw_i_IBUF[1]_inst/O
                         net (fo=1, routed)           3.810     4.764    led_o_OBUF[1]
    T21                  OBUF (Prop_obuf_I_O)         3.514     8.278 r  led_o_OBUF[1]_inst/O
                         net (fo=0)                   0.000     8.278    led_o[1]
    T21                                                               r  led_o[1] (OUT)
  -------------------------------------------------------------------    -------------------

Slack:                    inf
  Source:                 sw_i[4]
                            (input port)
  Destination:            led_o[4]
                            (output port)
  Path Group:             (none)
  Path Type:              Max at Slow Process Corner
  Data Path Delay:        8.186ns  (logic 4.456ns (54.432%)  route 3.730ns (45.568%))
  Logic Levels:           2  (IBUF=1 OBUF=1)

    Location             Delay type                Incr(ns)  Path(ns)    Netlist Resource(s)
  -------------------------------------------------------------------    -------------------
    H19                                               0.000     0.000 r  sw_i[4] (IN)
                         net (fo=0)                   0.000     0.000    sw_i[4]
    H19                  IBUF (Prop_ibuf_I_O)         0.919     0.919 r  sw_i_IBUF[4]_inst/O
                         net (fo=1, routed)           3.730     4.649    led_o_OBUF[4]
    V22                  OBUF (Prop_obuf_I_O)         3.537     8.186 r  led_o_OBUF[4]_inst/O
                         net (fo=0)                   0.000     8.186    led_o[4]
    V22                                                               r  led_o[4] (OUT)
  -------------------------------------------------------------------    -------------------





Min Delay Paths
--------------------------------------------------------------------------------------
Slack:                    inf
  Source:                 sw_i[4]
                            (input port)
  Destination:            led_o[4]
                            (output port)
  Path Group:             (none)
  Path Type:              Min at Fast Process Corner
  Data Path Delay:        2.478ns  (logic 1.386ns (55.926%)  route 1.092ns (44.074%))
  Logic Levels:           2  (IBUF=1 OBUF=1)

    Location             Delay type                Incr(ns)  Path(ns)    Netlist Resource(s)
  -------------------------------------------------------------------    -------------------
    H19                                               0.000     0.000 r  sw_i[4] (IN)
                         net (fo=0)                   0.000     0.000    sw_i[4]
    H19                  IBUF (Prop_ibuf_I_O)         0.148     0.148 r  sw_i_IBUF[4]_inst/O
                         net (fo=1, routed)           1.092     1.240    led_o_OBUF[4]
    V22                  OBUF (Prop_obuf_I_O)         1.238     2.478 r  led_o_OBUF[4]_inst/O
                         net (fo=0)                   0.000     2.478    led_o[4]
    V22                                                               r  led_o[4] (OUT)
  -------------------------------------------------------------------    -------------------

Slack:                    inf
  Source:                 sw_i[7]
                            (input port)
  Destination:            led_o[7]
                            (output port)
  Path Group:             (none)
  Path Type:              Min at Fast Process Corner
  Data Path Delay:        2.479ns  (logic 1.388ns (55.990%)  route 1.091ns (44.010%))
  Logic Levels:           2  (IBUF=1 OBUF=1)

    Location             Delay type                Incr(ns)  Path(ns)    Netlist Resource(s)
  -------------------------------------------------------------------    -------------------
    M15                                               0.000     0.000 r  sw_i[7] (IN)
                         net (fo=0)                   0.000     0.000    sw_i[7]
    M15                  IBUF (Prop_ibuf_I_O)         0.185     0.185 r  sw_i_IBUF[7]_inst/O
                         net (fo=1, routed)           1.091     1.276    led_o_OBUF[7]
    U14                  OBUF (Prop_obuf_I_O)         1.203     2.479 r  led_o_OBUF[7]_inst/O
                         net (fo=0)                   0.000     2.479    led_o[7]
    U14                                                               r  led_o[7] (OUT)
  -------------------------------------------------------------------    -------------------

Slack:                    inf
  Source:                 sw_i[6]
                            (input port)
  Destination:            led_o[6]
                            (output port)
  Path Group:             (none)
  Path Type:              Min at Fast Process Corner
  Data Path Delay:        2.513ns  (logic 1.382ns (54.973%)  route 1.132ns (45.027%))
  Logic Levels:           2  (IBUF=1 OBUF=1)

    Location             Delay type                Incr(ns)  Path(ns)    Netlist Resource(s)
  -------------------------------------------------------------------    -------------------
    H17                                               0.000     0.000 r  sw_i[6] (IN)
                         net (fo=0)                   0.000     0.000    sw_i[6]
    H17                  IBUF (Prop_ibuf_I_O)         0.168     0.168 r  sw_i_IBUF[6]_inst/O
                         net (fo=1, routed)           1.132     1.300    led_o_OBUF[6]
    U19                  OBUF (Prop_obuf_I_O)         1.213     2.513 r  led_o_OBUF[6]_inst/O
                         net (fo=0)                   0.000     2.513    led_o[6]
    U19                                                               r  led_o[6] (OUT)
  -------------------------------------------------------------------    -------------------

Slack:                    inf
  Source:                 sw_i[1]
                            (input port)
  Destination:            led_o[1]
                            (output port)
  Path Group:             (none)
  Path Type:              Min at Fast Process Corner
  Data Path Delay:        2.556ns  (logic 1.398ns (54.706%)  route 1.158ns (45.294%))
  Logic Levels:           2  (IBUF=1 OBUF=1)

    Location             Delay type                Incr(ns)  Path(ns)    Netlist Resource(s)
  -------------------------------------------------------------------    -------------------
    G22                                               0.000     0.000 r  sw_i[1] (IN)
                         net (fo=0)                   0.000     0.000    sw_i[1]
    G22                  IBUF (Prop_ibuf_I_O)         0.183     0.183 r  sw_i_IBUF[1]_inst/O
                         net (fo=1, routed)           1.158     1.341    led_o_OBUF[1]
    T21                  OBUF (Prop_obuf_I_O)         1.215     2.556 r  led_o_OBUF[1]_inst/O
                         net (fo=0)                   0.000     2.556    led_o[1]
    T21                                                               r  led_o[1] (OUT)
  -------------------------------------------------------------------    -------------------

Slack:                    inf
  Source:                 sw_i[0]
                            (input port)
  Destination:            led_o[0]
                            (output port)
  Path Group:             (none)
  Path Type:              Min at Fast Process Corner
  Data Path Delay:        2.602ns  (logic 1.424ns (54.714%)  route 1.179ns (45.286%))
  Logic Levels:           2  (IBUF=1 OBUF=1)

    Location             Delay type                Incr(ns)  Path(ns)    Netlist Resource(s)
  -------------------------------------------------------------------    -------------------
    F22                                               0.000     0.000 r  sw_i[0] (IN)
                         net (fo=0)                   0.000     0.000    sw_i[0]
    F22                  IBUF (Prop_ibuf_I_O)         0.201     0.201 r  sw_i_IBUF[0]_inst/O
                         net (fo=1, routed)           1.179     1.379    led_o_OBUF[0]
    T22                  OBUF (Prop_obuf_I_O)         1.223     2.602 r  led_o_OBUF[0]_inst/O
                         net (fo=0)                   0.000     2.602    led_o[0]
    T22                                                               r  led_o[0] (OUT)
  -------------------------------------------------------------------    -------------------

Slack:                    inf
  Source:                 sw_i[5]
                            (input port)
  Destination:            led_o[5]
                            (output port)
  Path Group:             (none)
  Path Type:              Min at Fast Process Corner
  Data Path Delay:        2.624ns  (logic 1.395ns (53.180%)  route 1.229ns (46.820%))
  Logic Levels:           2  (IBUF=1 OBUF=1)

    Location             Delay type                Incr(ns)  Path(ns)    Netlist Resource(s)
  -------------------------------------------------------------------    -------------------
    H18                                               0.000     0.000 r  sw_i[5] (IN)
                         net (fo=0)                   0.000     0.000    sw_i[5]
    H18                  IBUF (Prop_ibuf_I_O)         0.163     0.163 r  sw_i_IBUF[5]_inst/O
                         net (fo=1, routed)           1.229     1.392    led_o_OBUF[5]
    W22                  OBUF (Prop_obuf_I_O)         1.232     2.624 r  led_o_OBUF[5]_inst/O
                         net (fo=0)                   0.000     2.624    led_o[5]
    W22                                                               r  led_o[5] (OUT)
  -------------------------------------------------------------------    -------------------

Slack:                    inf
  Source:                 sw_i[2]
                            (input port)
  Destination:            led_o[2]
                            (output port)
  Path Group:             (none)
  Path Type:              Min at Fast Process Corner
  Data Path Delay:        2.629ns  (logic 1.402ns (53.322%)  route 1.227ns (46.678%))
  Logic Levels:           2  (IBUF=1 OBUF=1)

    Location             Delay type                Incr(ns)  Path(ns)    Netlist Resource(s)
  -------------------------------------------------------------------    -------------------
    H22                                               0.000     0.000 r  sw_i[2] (IN)
                         net (fo=0)                   0.000     0.000    sw_i[2]
    H22                  IBUF (Prop_ibuf_I_O)         0.170     0.170 r  sw_i_IBUF[2]_inst/O
                         net (fo=1, routed)           1.227     1.397    led_o_OBUF[2]
    U22                  OBUF (Prop_obuf_I_O)         1.232     2.629 r  led_o_OBUF[2]_inst/O
                         net (fo=0)                   0.000     2.629    led_o[2]
    U22                                                               r  led_o[2] (OUT)
  -------------------------------------------------------------------    -------------------

Slack:                    inf
  Source:                 sw_i[3]
                            (input port)
  Destination:            led_o[3]
                            (output port)
  Path Group:             (none)
  Path Type:              Min at Fast Process Corner
  Data Path Delay:        2.676ns  (logic 1.449ns (54.132%)  route 1.227ns (45.868%))
  Logic Levels:           2  (IBUF=1 OBUF=1)

    Location             Delay type                Incr(ns)  Path(ns)    Netlist Resource(s)
  -------------------------------------------------------------------    -------------------
    F21                                               0.000     0.000 r  sw_i[3] (IN)
                         net (fo=0)                   0.000     0.000    sw_i[3]
    F21                  IBUF (Prop_ibuf_I_O)         0.218     0.218 r  sw_i_IBUF[3]_inst/O
                         net (fo=1, routed)           1.227     1.445    led_o_OBUF[3]
    U21                  OBUF (Prop_obuf_I_O)         1.231     2.676 r  led_o_OBUF[3]_inst/O
                         net (fo=0)                   0.000     2.676    led_o[3]
    U21                                                               r  led_o[3] (OUT)
  -------------------------------------------------------------------    -------------------





