20:49:21 DEBUG : Logs will be stored at 'D:/workspace/fbga_project/projem/IDE.log'.
20:49:23 INFO  : Launching XSCT server: xsct.bat -n  -interactive D:\workspace\fbga_project\projem\temp_xsdb_launch_script.tcl
20:49:23 INFO  : Registering command handlers for Vitis TCF services
20:49:24 INFO  : Platform repository initialization has completed.
20:49:25 INFO  : XSCT server has started successfully.
20:49:25 INFO  : plnx-install-location is set to ''
20:49:25 INFO  : Successfully done setting XSCT server connection channel  
20:49:25 INFO  : Successfully done setting workspace for the tool. 
20:49:25 INFO  : Successfully done query RDI_DATADIR 
20:49:55 INFO  : Platform 'system_wrapper' is added to custom repositories.
20:50:30 INFO  : No changes in MSS file content so sources will not be generated.
20:50:51 INFO  : Result from executing command 'getProjects': system_wrapper
20:50:51 INFO  : Result from executing command 'getPlatforms': system_wrapper|D:/workspace/fbga_project/projem/system_wrapper/export/system_wrapper/system_wrapper.xpfm;xilinx_vck190_base_202210_1|C:/Xilinx/Vitis/2022.1/base_platforms/xilinx_vck190_base_202210_1/xilinx_vck190_base_202210_1.xpfm;xilinx_vck190_base_dfx_202210_1|C:/Xilinx/Vitis/2022.1/base_platforms/xilinx_vck190_base_dfx_202210_1/xilinx_vck190_base_dfx_202210_1.xpfm;xilinx_vmk180_base_202210_1|C:/Xilinx/Vitis/2022.1/base_platforms/xilinx_vmk180_base_202210_1/xilinx_vmk180_base_202210_1.xpfm;xilinx_zcu102_base_202210_1|C:/Xilinx/Vitis/2022.1/base_platforms/xilinx_zcu102_base_202210_1/xilinx_zcu102_base_202210_1.xpfm;xilinx_zcu102_base_dfx_202210_1|C:/Xilinx/Vitis/2022.1/base_platforms/xilinx_zcu102_base_dfx_202210_1/xilinx_zcu102_base_dfx_202210_1.xpfm;xilinx_zcu104_base_202210_1|C:/Xilinx/Vitis/2022.1/base_platforms/xilinx_zcu104_base_202210_1/xilinx_zcu104_base_202210_1.xpfm
20:50:51 INFO  : Checking for BSP changes to sync application flags for project 'FMC_Pcam_Adapter_demo'...
20:50:55 INFO  : Updating application flags with new BSP settings...
20:50:55 INFO  : Successfully updated application flags for project FMC_Pcam_Adapter_demo.
20:51:00 INFO  : The hardware specification used by project 'FMC_Pcam_Adapter_demo' is out of sync with the platform. Resource files extracted from the hardware specification will be updated.
20:51:00 INFO  : The file 'D:\workspace\fbga_project\projem\FMC_Pcam_Adapter_demo\_ide\bitstream\system_wrapper.bit' stored in project is removed.
20:51:00 INFO  : The updated bitstream files are copied from platform to folder 'D:\workspace\fbga_project\projem\FMC_Pcam_Adapter_demo\_ide\bitstream' in project 'FMC_Pcam_Adapter_demo'.
20:51:00 INFO  : The file 'D:\workspace\fbga_project\projem\FMC_Pcam_Adapter_demo\_ide\psinit\ps7_init.tcl' stored in project is removed.
20:51:13 INFO  : The updated ps init files are copied from platform to folder 'D:\workspace\fbga_project\projem\FMC_Pcam_Adapter_demo\_ide\psinit' in project 'FMC_Pcam_Adapter_demo'.
20:51:51 INFO  : Checking for BSP changes to sync application flags for project 'FMC_Pcam_Adapter_demo'...
20:59:53 DEBUG : Logs will be stored at 'D:/workspace/fbga_project/projem/IDE.log'.
20:59:54 INFO  : Launching XSCT server: xsct.bat -n  -interactive D:\workspace\fbga_project\projem\temp_xsdb_launch_script.tcl
20:59:56 INFO  : XSCT server has started successfully.
20:59:56 INFO  : Successfully done setting XSCT server connection channel  
20:59:56 INFO  : plnx-install-location is set to ''
20:59:56 INFO  : Successfully done setting workspace for the tool. 
20:59:57 INFO  : Successfully done query RDI_DATADIR 
20:59:57 INFO  : Registering command handlers for Vitis TCF services
20:59:57 INFO  : Platform repository initialization has completed.
21:00:14 INFO  : Hardware specification for platform project 'system_wrapper' is updated.
21:00:49 INFO  : Result from executing command 'getProjects': system_wrapper
21:00:49 INFO  : Result from executing command 'getPlatforms': system_wrapper|D:/workspace/fbga_project/projem/system_wrapper/export/system_wrapper/system_wrapper.xpfm;xilinx_vck190_base_202210_1|C:/Xilinx/Vitis/2022.1/base_platforms/xilinx_vck190_base_202210_1/xilinx_vck190_base_202210_1.xpfm;xilinx_vck190_base_dfx_202210_1|C:/Xilinx/Vitis/2022.1/base_platforms/xilinx_vck190_base_dfx_202210_1/xilinx_vck190_base_dfx_202210_1.xpfm;xilinx_vmk180_base_202210_1|C:/Xilinx/Vitis/2022.1/base_platforms/xilinx_vmk180_base_202210_1/xilinx_vmk180_base_202210_1.xpfm;xilinx_zcu102_base_202210_1|C:/Xilinx/Vitis/2022.1/base_platforms/xilinx_zcu102_base_202210_1/xilinx_zcu102_base_202210_1.xpfm;xilinx_zcu102_base_dfx_202210_1|C:/Xilinx/Vitis/2022.1/base_platforms/xilinx_zcu102_base_dfx_202210_1/xilinx_zcu102_base_dfx_202210_1.xpfm;xilinx_zcu104_base_202210_1|C:/Xilinx/Vitis/2022.1/base_platforms/xilinx_zcu104_base_202210_1/xilinx_zcu104_base_202210_1.xpfm
21:00:51 INFO  : Checking for BSP changes to sync application flags for project 'FMC_Pcam_Adapter_demo'...
21:06:03 INFO  : Result from executing command 'getProjects': system_wrapper
21:06:03 INFO  : Result from executing command 'getPlatforms': system_wrapper|D:/workspace/fbga_project/projem/system_wrapper/export/system_wrapper/system_wrapper.xpfm;xilinx_vck190_base_202210_1|C:/Xilinx/Vitis/2022.1/base_platforms/xilinx_vck190_base_202210_1/xilinx_vck190_base_202210_1.xpfm;xilinx_vck190_base_dfx_202210_1|C:/Xilinx/Vitis/2022.1/base_platforms/xilinx_vck190_base_dfx_202210_1/xilinx_vck190_base_dfx_202210_1.xpfm;xilinx_vmk180_base_202210_1|C:/Xilinx/Vitis/2022.1/base_platforms/xilinx_vmk180_base_202210_1/xilinx_vmk180_base_202210_1.xpfm;xilinx_zcu102_base_202210_1|C:/Xilinx/Vitis/2022.1/base_platforms/xilinx_zcu102_base_202210_1/xilinx_zcu102_base_202210_1.xpfm;xilinx_zcu102_base_dfx_202210_1|C:/Xilinx/Vitis/2022.1/base_platforms/xilinx_zcu102_base_dfx_202210_1/xilinx_zcu102_base_dfx_202210_1.xpfm;xilinx_zcu104_base_202210_1|C:/Xilinx/Vitis/2022.1/base_platforms/xilinx_zcu104_base_202210_1/xilinx_zcu104_base_202210_1.xpfm
21:06:03 INFO  : Checking for BSP changes to sync application flags for project 'FMC_Pcam_Adapter_demo'...
21:07:26 INFO  : Checking for BSP changes to sync application flags for project 'FMC_Pcam_Adapter_demo'...
21:08:20 INFO  : Checking for BSP changes to sync application flags for project 'FMC_Pcam_Adapter_demo'...
21:09:27 INFO  : Checking for BSP changes to sync application flags for project 'FMC_Pcam_Adapter_demo'...
21:10:32 INFO  : Hardware specification for platform project 'system_wrapper' is updated.
21:10:43 INFO  : No changes in MSS file content so sources will not be generated.
21:12:05 INFO  : Result from executing command 'getProjects': system_wrapper
21:12:05 INFO  : Result from executing command 'getPlatforms': system_wrapper|D:/workspace/fbga_project/projem/system_wrapper/export/system_wrapper/system_wrapper.xpfm;xilinx_vck190_base_202210_1|C:/Xilinx/Vitis/2022.1/base_platforms/xilinx_vck190_base_202210_1/xilinx_vck190_base_202210_1.xpfm;xilinx_vck190_base_dfx_202210_1|C:/Xilinx/Vitis/2022.1/base_platforms/xilinx_vck190_base_dfx_202210_1/xilinx_vck190_base_dfx_202210_1.xpfm;xilinx_vmk180_base_202210_1|C:/Xilinx/Vitis/2022.1/base_platforms/xilinx_vmk180_base_202210_1/xilinx_vmk180_base_202210_1.xpfm;xilinx_zcu102_base_202210_1|C:/Xilinx/Vitis/2022.1/base_platforms/xilinx_zcu102_base_202210_1/xilinx_zcu102_base_202210_1.xpfm;xilinx_zcu102_base_dfx_202210_1|C:/Xilinx/Vitis/2022.1/base_platforms/xilinx_zcu102_base_dfx_202210_1/xilinx_zcu102_base_dfx_202210_1.xpfm;xilinx_zcu104_base_202210_1|C:/Xilinx/Vitis/2022.1/base_platforms/xilinx_zcu104_base_202210_1/xilinx_zcu104_base_202210_1.xpfm
21:12:19 INFO  : Checking for BSP changes to sync application flags for project 'FMC_Pcam_Adapter_demo'...
21:14:44 INFO  : Checking for BSP changes to sync application flags for project 'FMC_Pcam_Adapter_demo'...
21:15:15 INFO  : Checking for BSP changes to sync application flags for project 'FMC_Pcam_Adapter_demo'...
21:16:55 INFO  : Checking for BSP changes to sync application flags for project 'FMC_Pcam_Adapter_demo'...
21:17:36 INFO  : Checking for BSP changes to sync application flags for project 'FMC_Pcam_Adapter_demo'...
21:23:22 INFO  : Checking for BSP changes to sync application flags for project 'FMC_Pcam_Adapter_demo'...
21:23:43 INFO  : Checking for BSP changes to sync application flags for project 'FMC_Pcam_Adapter_demo'...
21:24:14 INFO  : Checking for BSP changes to sync application flags for project 'FMC_Pcam_Adapter_demo'...
21:24:26 INFO  : Connected to target on host '127.0.0.1' and port '3121'.
21:24:26 INFO  : Jtag cable 'Digilent Zed 210248BEB531' is selected.
21:24:26 INFO  : 'jtag frequency' command is executed.
21:24:26 INFO  : Context for 'APU' is selected.
21:24:27 INFO  : System reset is completed.
21:24:30 INFO  : 'after 3000' command is executed.
21:24:30 INFO  : 'targets -set -filter {jtag_cable_name =~ "Digilent Zed 210248BEB531" && level==0 && jtag_device_ctx=="jsn-Zed-210248BEB531-23727093-0"}' command is executed.
21:24:32 INFO  : Device configured successfully with "D:/workspace/fbga_project/projem/FMC_Pcam_Adapter_demo/_ide/bitstream/system_wrapper.bit"
21:24:32 INFO  : Context for 'APU' is selected.
21:24:32 INFO  : Hardware design and registers information is loaded from 'D:/workspace/fbga_project/projem/system_wrapper/export/system_wrapper/hw/system_wrapper.xsa'.
21:24:32 INFO  : 'configparams force-mem-access 1' command is executed.
21:24:32 INFO  : Context for 'APU' is selected.
21:24:32 INFO  : Sourcing of 'D:/workspace/fbga_project/projem/FMC_Pcam_Adapter_demo/_ide/psinit/ps7_init.tcl' is done.
21:24:33 INFO  : 'ps7_init' command is executed.
21:24:33 INFO  : 'ps7_post_config' command is executed.
21:24:33 INFO  : Context for processor 'ps7_cortexa9_0' is selected.
21:24:35 INFO  : The application 'D:/workspace/fbga_project/projem/FMC_Pcam_Adapter_demo/Debug/FMC_Pcam_Adapter_demo.elf' is downloaded to processor 'ps7_cortexa9_0'.
21:24:35 INFO  : 'configparams force-mem-access 0' command is executed.
21:24:35 INFO  : ----------------XSDB Script----------------
connect -url tcp:127.0.0.1:3121
targets -set -nocase -filter {name =~"APU*"}
rst -system
after 3000
targets -set -filter {jtag_cable_name =~ "Digilent Zed 210248BEB531" && level==0 && jtag_device_ctx=="jsn-Zed-210248BEB531-23727093-0"}
fpga -file D:/workspace/fbga_project/projem/FMC_Pcam_Adapter_demo/_ide/bitstream/system_wrapper.bit
targets -set -nocase -filter {name =~"APU*"}
loadhw -hw D:/workspace/fbga_project/projem/system_wrapper/export/system_wrapper/hw/system_wrapper.xsa -mem-ranges [list {0x40000000 0xbfffffff}] -regs
configparams force-mem-access 1
targets -set -nocase -filter {name =~"APU*"}
source D:/workspace/fbga_project/projem/FMC_Pcam_Adapter_demo/_ide/psinit/ps7_init.tcl
ps7_init
ps7_post_config
targets -set -nocase -filter {name =~ "*A9*#0"}
dow D:/workspace/fbga_project/projem/FMC_Pcam_Adapter_demo/Debug/FMC_Pcam_Adapter_demo.elf
configparams force-mem-access 0
----------------End of Script----------------

21:24:35 INFO  : Context for processor 'ps7_cortexa9_0' is selected.
21:24:35 INFO  : 'con' command is executed.
21:24:35 INFO  : ----------------XSDB Script (After Launch)----------------
targets -set -nocase -filter {name =~ "*A9*#0"}
con
----------------End of Script----------------

21:24:35 INFO  : Launch script is exported to file 'D:\workspace\fbga_project\projem\FMC_Pcam_Adapter_demo_system\_ide\scripts\systemdebugger_fmc_pcam_adapter_demo_system_standalone.tcl'
21:26:14 INFO  : Checking for BSP changes to sync application flags for project 'FMC_Pcam_Adapter_demo'...
21:26:21 INFO  : Disconnected from the channel tcfchan#5.
21:26:21 INFO  : Connected to target on host '127.0.0.1' and port '3121'.
21:26:21 INFO  : Jtag cable 'Digilent Zed 210248BEB531' is selected.
21:26:21 INFO  : 'jtag frequency' command is executed.
21:26:21 INFO  : Context for 'APU' is selected.
21:26:21 INFO  : System reset is completed.
21:26:24 INFO  : 'after 3000' command is executed.
21:26:24 INFO  : 'targets -set -filter {jtag_cable_name =~ "Digilent Zed 210248BEB531" && level==0 && jtag_device_ctx=="jsn-Zed-210248BEB531-23727093-0"}' command is executed.
21:26:27 INFO  : Device configured successfully with "D:/workspace/fbga_project/projem/FMC_Pcam_Adapter_demo/_ide/bitstream/system_wrapper.bit"
21:26:27 INFO  : Context for 'APU' is selected.
21:26:27 INFO  : Hardware design and registers information is loaded from 'D:/workspace/fbga_project/projem/system_wrapper/export/system_wrapper/hw/system_wrapper.xsa'.
21:26:27 INFO  : 'configparams force-mem-access 1' command is executed.
21:26:27 INFO  : Context for 'APU' is selected.
21:26:27 INFO  : Sourcing of 'D:/workspace/fbga_project/projem/FMC_Pcam_Adapter_demo/_ide/psinit/ps7_init.tcl' is done.
21:26:27 INFO  : 'ps7_init' command is executed.
21:26:27 INFO  : 'ps7_post_config' command is executed.
21:26:27 INFO  : Context for processor 'ps7_cortexa9_0' is selected.
21:26:29 INFO  : The application 'D:/workspace/fbga_project/projem/FMC_Pcam_Adapter_demo/Debug/FMC_Pcam_Adapter_demo.elf' is downloaded to processor 'ps7_cortexa9_0'.
21:26:29 INFO  : 'configparams force-mem-access 0' command is executed.
21:26:29 INFO  : ----------------XSDB Script----------------
connect -url tcp:127.0.0.1:3121
targets -set -nocase -filter {name =~"APU*"}
rst -system
after 3000
targets -set -filter {jtag_cable_name =~ "Digilent Zed 210248BEB531" && level==0 && jtag_device_ctx=="jsn-Zed-210248BEB531-23727093-0"}
fpga -file D:/workspace/fbga_project/projem/FMC_Pcam_Adapter_demo/_ide/bitstream/system_wrapper.bit
targets -set -nocase -filter {name =~"APU*"}
loadhw -hw D:/workspace/fbga_project/projem/system_wrapper/export/system_wrapper/hw/system_wrapper.xsa -mem-ranges [list {0x40000000 0xbfffffff}] -regs
configparams force-mem-access 1
targets -set -nocase -filter {name =~"APU*"}
source D:/workspace/fbga_project/projem/FMC_Pcam_Adapter_demo/_ide/psinit/ps7_init.tcl
ps7_init
ps7_post_config
targets -set -nocase -filter {name =~ "*A9*#0"}
dow D:/workspace/fbga_project/projem/FMC_Pcam_Adapter_demo/Debug/FMC_Pcam_Adapter_demo.elf
configparams force-mem-access 0
----------------End of Script----------------

21:26:29 INFO  : Context for processor 'ps7_cortexa9_0' is selected.
21:26:29 INFO  : 'con' command is executed.
21:26:29 INFO  : ----------------XSDB Script (After Launch)----------------
targets -set -nocase -filter {name =~ "*A9*#0"}
con
----------------End of Script----------------

21:26:29 INFO  : Launch script is exported to file 'D:\workspace\fbga_project\projem\FMC_Pcam_Adapter_demo_system\_ide\scripts\systemdebugger_fmc_pcam_adapter_demo_system_standalone.tcl'
21:41:54 INFO  : Checking for BSP changes to sync application flags for project 'FMC_Pcam_Adapter_demo'...
21:42:44 INFO  : Disconnected from the channel tcfchan#6.
21:42:44 INFO  : Connected to target on host '127.0.0.1' and port '3121'.
21:42:44 INFO  : Jtag cable 'Digilent Zed 210248BEB531' is selected.
21:42:44 INFO  : 'jtag frequency' command is executed.
21:42:44 INFO  : Context for 'APU' is selected.
21:42:44 INFO  : System reset is completed.
21:42:47 INFO  : 'after 3000' command is executed.
21:42:47 INFO  : 'targets -set -filter {jtag_cable_name =~ "Digilent Zed 210248BEB531" && level==0 && jtag_device_ctx=="jsn-Zed-210248BEB531-23727093-0"}' command is executed.
21:42:50 INFO  : Device configured successfully with "D:/workspace/fbga_project/projem/FMC_Pcam_Adapter_demo/_ide/bitstream/system_wrapper.bit"
21:42:50 INFO  : Context for 'APU' is selected.
21:42:50 INFO  : Hardware design and registers information is loaded from 'D:/workspace/fbga_project/projem/system_wrapper/export/system_wrapper/hw/system_wrapper.xsa'.
21:42:50 INFO  : 'configparams force-mem-access 1' command is executed.
21:42:50 INFO  : Context for 'APU' is selected.
21:42:50 INFO  : Sourcing of 'D:/workspace/fbga_project/projem/FMC_Pcam_Adapter_demo/_ide/psinit/ps7_init.tcl' is done.
21:42:50 INFO  : 'ps7_init' command is executed.
21:42:50 INFO  : 'ps7_post_config' command is executed.
21:42:50 INFO  : Context for processor 'ps7_cortexa9_0' is selected.
21:42:53 INFO  : The application 'D:/workspace/fbga_project/projem/FMC_Pcam_Adapter_demo/Debug/FMC_Pcam_Adapter_demo.elf' is downloaded to processor 'ps7_cortexa9_0'.
21:42:53 INFO  : 'configparams force-mem-access 0' command is executed.
21:42:53 INFO  : ----------------XSDB Script----------------
connect -url tcp:127.0.0.1:3121
targets -set -nocase -filter {name =~"APU*"}
rst -system
after 3000
targets -set -filter {jtag_cable_name =~ "Digilent Zed 210248BEB531" && level==0 && jtag_device_ctx=="jsn-Zed-210248BEB531-23727093-0"}
fpga -file D:/workspace/fbga_project/projem/FMC_Pcam_Adapter_demo/_ide/bitstream/system_wrapper.bit
targets -set -nocase -filter {name =~"APU*"}
loadhw -hw D:/workspace/fbga_project/projem/system_wrapper/export/system_wrapper/hw/system_wrapper.xsa -mem-ranges [list {0x40000000 0xbfffffff}] -regs
configparams force-mem-access 1
targets -set -nocase -filter {name =~"APU*"}
source D:/workspace/fbga_project/projem/FMC_Pcam_Adapter_demo/_ide/psinit/ps7_init.tcl
ps7_init
ps7_post_config
targets -set -nocase -filter {name =~ "*A9*#0"}
dow D:/workspace/fbga_project/projem/FMC_Pcam_Adapter_demo/Debug/FMC_Pcam_Adapter_demo.elf
configparams force-mem-access 0
----------------End of Script----------------

21:42:53 INFO  : Context for processor 'ps7_cortexa9_0' is selected.
21:42:53 INFO  : 'con' command is executed.
21:42:53 INFO  : ----------------XSDB Script (After Launch)----------------
targets -set -nocase -filter {name =~ "*A9*#0"}
con
----------------End of Script----------------

21:42:53 INFO  : Launch script is exported to file 'D:\workspace\fbga_project\projem\FMC_Pcam_Adapter_demo_system\_ide\scripts\systemdebugger_fmc_pcam_adapter_demo_system_standalone.tcl'
21:59:23 INFO  : Checking for BSP changes to sync application flags for project 'FMC_Pcam_Adapter_demo'...
23:04:09 INFO  : Checking for BSP changes to sync application flags for project 'FMC_Pcam_Adapter_demo'...
23:04:53 INFO  : Disconnected from the channel tcfchan#8.
23:04:53 INFO  : Connected to target on host '127.0.0.1' and port '3121'.
23:04:54 INFO  : Jtag cable 'Digilent Zed 210248BEB531' is selected.
23:04:54 INFO  : 'jtag frequency' command is executed.
23:04:54 INFO  : Context for 'APU' is selected.
23:04:54 INFO  : System reset is completed.
23:04:57 INFO  : 'after 3000' command is executed.
23:04:57 INFO  : 'targets -set -filter {jtag_cable_name =~ "Digilent Zed 210248BEB531" && level==0 && jtag_device_ctx=="jsn-Zed-210248BEB531-23727093-0"}' command is executed.
23:04:59 INFO  : Device configured successfully with "D:/workspace/fbga_project/projem/FMC_Pcam_Adapter_demo/_ide/bitstream/system_wrapper.bit"
23:05:00 INFO  : Context for 'APU' is selected.
23:05:00 INFO  : Hardware design and registers information is loaded from 'D:/workspace/fbga_project/projem/system_wrapper/export/system_wrapper/hw/system_wrapper.xsa'.
23:05:00 INFO  : 'configparams force-mem-access 1' command is executed.
23:05:00 INFO  : Context for 'APU' is selected.
23:05:00 INFO  : Sourcing of 'D:/workspace/fbga_project/projem/FMC_Pcam_Adapter_demo/_ide/psinit/ps7_init.tcl' is done.
23:05:00 INFO  : 'ps7_init' command is executed.
23:05:00 INFO  : 'ps7_post_config' command is executed.
23:05:00 INFO  : Context for processor 'ps7_cortexa9_0' is selected.
23:05:03 INFO  : The application 'D:/workspace/fbga_project/projem/FMC_Pcam_Adapter_demo/Debug/FMC_Pcam_Adapter_demo.elf' is downloaded to processor 'ps7_cortexa9_0'.
23:05:03 INFO  : 'configparams force-mem-access 0' command is executed.
23:05:03 INFO  : ----------------XSDB Script----------------
connect -url tcp:127.0.0.1:3121
targets -set -nocase -filter {name =~"APU*"}
rst -system
after 3000
targets -set -filter {jtag_cable_name =~ "Digilent Zed 210248BEB531" && level==0 && jtag_device_ctx=="jsn-Zed-210248BEB531-23727093-0"}
fpga -file D:/workspace/fbga_project/projem/FMC_Pcam_Adapter_demo/_ide/bitstream/system_wrapper.bit
targets -set -nocase -filter {name =~"APU*"}
loadhw -hw D:/workspace/fbga_project/projem/system_wrapper/export/system_wrapper/hw/system_wrapper.xsa -mem-ranges [list {0x40000000 0xbfffffff}] -regs
configparams force-mem-access 1
targets -set -nocase -filter {name =~"APU*"}
source D:/workspace/fbga_project/projem/FMC_Pcam_Adapter_demo/_ide/psinit/ps7_init.tcl
ps7_init
ps7_post_config
targets -set -nocase -filter {name =~ "*A9*#0"}
dow D:/workspace/fbga_project/projem/FMC_Pcam_Adapter_demo/Debug/FMC_Pcam_Adapter_demo.elf
configparams force-mem-access 0
----------------End of Script----------------

23:05:03 INFO  : Context for processor 'ps7_cortexa9_0' is selected.
23:05:03 INFO  : 'con' command is executed.
23:05:03 INFO  : ----------------XSDB Script (After Launch)----------------
targets -set -nocase -filter {name =~ "*A9*#0"}
con
----------------End of Script----------------

23:05:03 INFO  : Launch script is exported to file 'D:\workspace\fbga_project\projem\FMC_Pcam_Adapter_demo_system\_ide\scripts\systemdebugger_fmc_pcam_adapter_demo_system_standalone.tcl'
23:05:38 INFO  : Checking for BSP changes to sync application flags for project 'FMC_Pcam_Adapter_demo'...
23:05:52 INFO  : Connected to target on host '127.0.0.1' and port '3121'.
23:05:52 INFO  : Jtag cable 'Digilent Zed 210248BEB531' is selected.
23:05:52 INFO  : 'jtag frequency' command is executed.
23:05:52 INFO  : Context for 'APU' is selected.
23:05:52 INFO  : System reset is completed.
23:05:55 INFO  : 'after 3000' command is executed.
23:05:55 INFO  : 'targets -set -filter {jtag_cable_name =~ "Digilent Zed 210248BEB531" && level==0 && jtag_device_ctx=="jsn-Zed-210248BEB531-23727093-0"}' command is executed.
23:05:58 INFO  : Device configured successfully with "D:/workspace/fbga_project/projem/FMC_Pcam_Adapter_demo/_ide/bitstream/system_wrapper.bit"
23:05:58 INFO  : Context for 'APU' is selected.
23:05:58 INFO  : Hardware design and registers information is loaded from 'D:/workspace/fbga_project/projem/system_wrapper/export/system_wrapper/hw/system_wrapper.xsa'.
23:05:58 INFO  : 'configparams force-mem-access 1' command is executed.
23:05:58 INFO  : Context for 'APU' is selected.
23:05:58 INFO  : Sourcing of 'D:/workspace/fbga_project/projem/FMC_Pcam_Adapter_demo/_ide/psinit/ps7_init.tcl' is done.
23:05:58 INFO  : 'ps7_init' command is executed.
23:05:58 INFO  : 'ps7_post_config' command is executed.
23:05:58 INFO  : Context for processor 'ps7_cortexa9_0' is selected.
23:06:01 INFO  : The application 'D:/workspace/fbga_project/projem/FMC_Pcam_Adapter_demo/Debug/FMC_Pcam_Adapter_demo.elf' is downloaded to processor 'ps7_cortexa9_0'.
23:06:01 INFO  : 'configparams force-mem-access 0' command is executed.
23:06:01 INFO  : ----------------XSDB Script----------------
connect -url tcp:127.0.0.1:3121
targets -set -nocase -filter {name =~"APU*"}
rst -system
after 3000
targets -set -filter {jtag_cable_name =~ "Digilent Zed 210248BEB531" && level==0 && jtag_device_ctx=="jsn-Zed-210248BEB531-23727093-0"}
fpga -file D:/workspace/fbga_project/projem/FMC_Pcam_Adapter_demo/_ide/bitstream/system_wrapper.bit
targets -set -nocase -filter {name =~"APU*"}
loadhw -hw D:/workspace/fbga_project/projem/system_wrapper/export/system_wrapper/hw/system_wrapper.xsa -mem-ranges [list {0x40000000 0xbfffffff}] -regs
configparams force-mem-access 1
targets -set -nocase -filter {name =~"APU*"}
source D:/workspace/fbga_project/projem/FMC_Pcam_Adapter_demo/_ide/psinit/ps7_init.tcl
ps7_init
ps7_post_config
targets -set -nocase -filter {name =~ "*A9*#0"}
dow D:/workspace/fbga_project/projem/FMC_Pcam_Adapter_demo/Debug/FMC_Pcam_Adapter_demo.elf
configparams force-mem-access 0
----------------End of Script----------------

23:06:01 INFO  : Context for processor 'ps7_cortexa9_0' is selected.
23:06:01 INFO  : 'con' command is executed.
23:06:01 INFO  : ----------------XSDB Script (After Launch)----------------
targets -set -nocase -filter {name =~ "*A9*#0"}
con
----------------End of Script----------------

23:06:01 INFO  : Launch script is exported to file 'D:\workspace\fbga_project\projem\FMC_Pcam_Adapter_demo_system\_ide\scripts\debugger_fmc_pcam_adapter_demo-default.tcl'
23:06:43 INFO  : Disconnected from the channel tcfchan#10.
23:06:44 INFO  : Connected to target on host '127.0.0.1' and port '3121'.
23:06:44 INFO  : Jtag cable 'Digilent Zed 210248BEB531' is selected.
23:06:44 INFO  : 'jtag frequency' command is executed.
23:06:44 INFO  : Context for 'APU' is selected.
23:06:44 INFO  : System reset is completed.
23:06:47 INFO  : 'after 3000' command is executed.
23:06:47 INFO  : 'targets -set -filter {jtag_cable_name =~ "Digilent Zed 210248BEB531" && level==0 && jtag_device_ctx=="jsn-Zed-210248BEB531-23727093-0"}' command is executed.
23:06:50 INFO  : Device configured successfully with "D:/workspace/fbga_project/projem/FMC_Pcam_Adapter_demo/_ide/bitstream/system_wrapper.bit"
23:06:50 INFO  : Context for 'APU' is selected.
23:06:50 INFO  : Hardware design and registers information is loaded from 'D:/workspace/fbga_project/projem/system_wrapper/export/system_wrapper/hw/system_wrapper.xsa'.
23:06:50 INFO  : 'configparams force-mem-access 1' command is executed.
23:06:50 INFO  : Context for 'APU' is selected.
23:06:50 INFO  : Sourcing of 'D:/workspace/fbga_project/projem/FMC_Pcam_Adapter_demo/_ide/psinit/ps7_init.tcl' is done.
23:06:50 INFO  : 'ps7_init' command is executed.
23:06:50 INFO  : 'ps7_post_config' command is executed.
23:06:50 INFO  : Context for processor 'ps7_cortexa9_0' is selected.
23:06:52 INFO  : The application 'D:/workspace/fbga_project/projem/FMC_Pcam_Adapter_demo/Debug/FMC_Pcam_Adapter_demo.elf' is downloaded to processor 'ps7_cortexa9_0'.
23:06:53 INFO  : 'configparams force-mem-access 0' command is executed.
23:06:53 INFO  : ----------------XSDB Script----------------
connect -url tcp:127.0.0.1:3121
targets -set -nocase -filter {name =~"APU*"}
rst -system
after 3000
targets -set -filter {jtag_cable_name =~ "Digilent Zed 210248BEB531" && level==0 && jtag_device_ctx=="jsn-Zed-210248BEB531-23727093-0"}
fpga -file D:/workspace/fbga_project/projem/FMC_Pcam_Adapter_demo/_ide/bitstream/system_wrapper.bit
targets -set -nocase -filter {name =~"APU*"}
loadhw -hw D:/workspace/fbga_project/projem/system_wrapper/export/system_wrapper/hw/system_wrapper.xsa -mem-ranges [list {0x40000000 0xbfffffff}] -regs
configparams force-mem-access 1
targets -set -nocase -filter {name =~"APU*"}
source D:/workspace/fbga_project/projem/FMC_Pcam_Adapter_demo/_ide/psinit/ps7_init.tcl
ps7_init
ps7_post_config
targets -set -nocase -filter {name =~ "*A9*#0"}
dow D:/workspace/fbga_project/projem/FMC_Pcam_Adapter_demo/Debug/FMC_Pcam_Adapter_demo.elf
configparams force-mem-access 0
----------------End of Script----------------

23:06:53 INFO  : Context for processor 'ps7_cortexa9_0' is selected.
23:06:53 INFO  : 'con' command is executed.
23:06:53 INFO  : ----------------XSDB Script (After Launch)----------------
targets -set -nocase -filter {name =~ "*A9*#0"}
con
----------------End of Script----------------

23:06:53 INFO  : Launch script is exported to file 'D:\workspace\fbga_project\projem\FMC_Pcam_Adapter_demo_system\_ide\scripts\debugger_fmc_pcam_adapter_demo-default.tcl'
23:07:15 INFO  : Disconnected from the channel tcfchan#11.
23:07:16 INFO  : Connected to target on host '127.0.0.1' and port '3121'.
23:07:16 INFO  : Jtag cable 'Digilent Zed 210248BEB531' is selected.
23:07:16 INFO  : 'jtag frequency' command is executed.
23:07:16 INFO  : Context for 'APU' is selected.
23:07:16 INFO  : System reset is completed.
23:07:19 INFO  : 'after 3000' command is executed.
23:07:19 INFO  : 'targets -set -filter {jtag_cable_name =~ "Digilent Zed 210248BEB531" && level==0 && jtag_device_ctx=="jsn-Zed-210248BEB531-23727093-0"}' command is executed.
23:07:21 INFO  : Device configured successfully with "D:/workspace/fbga_project/projem/FMC_Pcam_Adapter_demo/_ide/bitstream/system_wrapper.bit"
23:07:21 INFO  : Context for 'APU' is selected.
23:07:22 INFO  : Hardware design and registers information is loaded from 'D:/workspace/fbga_project/projem/system_wrapper/export/system_wrapper/hw/system_wrapper.xsa'.
23:07:22 INFO  : 'configparams force-mem-access 1' command is executed.
23:07:22 INFO  : Context for 'APU' is selected.
23:07:22 INFO  : Sourcing of 'D:/workspace/fbga_project/projem/FMC_Pcam_Adapter_demo/_ide/psinit/ps7_init.tcl' is done.
23:07:22 INFO  : 'ps7_init' command is executed.
23:07:22 INFO  : 'ps7_post_config' command is executed.
23:07:22 INFO  : Context for processor 'ps7_cortexa9_0' is selected.
23:07:24 INFO  : The application 'D:/workspace/fbga_project/projem/FMC_Pcam_Adapter_demo/Debug/FMC_Pcam_Adapter_demo.elf' is downloaded to processor 'ps7_cortexa9_0'.
23:07:24 INFO  : 'configparams force-mem-access 0' command is executed.
23:07:24 INFO  : ----------------XSDB Script----------------
connect -url tcp:127.0.0.1:3121
targets -set -nocase -filter {name =~"APU*"}
rst -system
after 3000
targets -set -filter {jtag_cable_name =~ "Digilent Zed 210248BEB531" && level==0 && jtag_device_ctx=="jsn-Zed-210248BEB531-23727093-0"}
fpga -file D:/workspace/fbga_project/projem/FMC_Pcam_Adapter_demo/_ide/bitstream/system_wrapper.bit
targets -set -nocase -filter {name =~"APU*"}
loadhw -hw D:/workspace/fbga_project/projem/system_wrapper/export/system_wrapper/hw/system_wrapper.xsa -mem-ranges [list {0x40000000 0xbfffffff}] -regs
configparams force-mem-access 1
targets -set -nocase -filter {name =~"APU*"}
source D:/workspace/fbga_project/projem/FMC_Pcam_Adapter_demo/_ide/psinit/ps7_init.tcl
ps7_init
ps7_post_config
targets -set -nocase -filter {name =~ "*A9*#0"}
dow D:/workspace/fbga_project/projem/FMC_Pcam_Adapter_demo/Debug/FMC_Pcam_Adapter_demo.elf
configparams force-mem-access 0
----------------End of Script----------------

23:07:24 INFO  : Context for processor 'ps7_cortexa9_0' is selected.
23:07:25 INFO  : 'con' command is executed.
23:07:25 INFO  : ----------------XSDB Script (After Launch)----------------
targets -set -nocase -filter {name =~ "*A9*#0"}
con
----------------End of Script----------------

23:07:25 INFO  : Launch script is exported to file 'D:\workspace\fbga_project\projem\FMC_Pcam_Adapter_demo_system\_ide\scripts\debugger_fmc_pcam_adapter_demo-default.tcl'
23:07:57 INFO  : Disconnected from the channel tcfchan#12.
23:07:59 INFO  : Connected to target on host '127.0.0.1' and port '3121'.
23:07:59 INFO  : Jtag cable 'Digilent Zed 210248BEB531' is selected.
23:07:59 INFO  : 'jtag frequency' command is executed.
23:07:59 INFO  : Context for 'APU' is selected.
23:07:59 INFO  : System reset is completed.
23:08:02 INFO  : 'after 3000' command is executed.
23:08:02 INFO  : 'targets -set -filter {jtag_cable_name =~ "Digilent Zed 210248BEB531" && level==0 && jtag_device_ctx=="jsn-Zed-210248BEB531-23727093-0"}' command is executed.
23:08:04 INFO  : Device configured successfully with "D:/workspace/fbga_project/projem/FMC_Pcam_Adapter_demo/_ide/bitstream/system_wrapper.bit"
23:08:04 INFO  : Context for 'APU' is selected.
23:08:05 INFO  : Hardware design and registers information is loaded from 'D:/workspace/fbga_project/projem/system_wrapper/export/system_wrapper/hw/system_wrapper.xsa'.
23:08:05 INFO  : 'configparams force-mem-access 1' command is executed.
23:08:05 INFO  : Context for 'APU' is selected.
23:08:05 INFO  : Sourcing of 'D:/workspace/fbga_project/projem/FMC_Pcam_Adapter_demo/_ide/psinit/ps7_init.tcl' is done.
23:08:05 INFO  : 'ps7_init' command is executed.
23:08:05 INFO  : 'ps7_post_config' command is executed.
23:08:05 INFO  : Context for processor 'ps7_cortexa9_0' is selected.
23:08:07 INFO  : The application 'D:/workspace/fbga_project/projem/FMC_Pcam_Adapter_demo/Debug/FMC_Pcam_Adapter_demo.elf' is downloaded to processor 'ps7_cortexa9_0'.
23:08:07 INFO  : 'configparams force-mem-access 0' command is executed.
23:08:07 INFO  : ----------------XSDB Script----------------
connect -url tcp:127.0.0.1:3121
targets -set -nocase -filter {name =~"APU*"}
rst -system
after 3000
targets -set -filter {jtag_cable_name =~ "Digilent Zed 210248BEB531" && level==0 && jtag_device_ctx=="jsn-Zed-210248BEB531-23727093-0"}
fpga -file D:/workspace/fbga_project/projem/FMC_Pcam_Adapter_demo/_ide/bitstream/system_wrapper.bit
targets -set -nocase -filter {name =~"APU*"}
loadhw -hw D:/workspace/fbga_project/projem/system_wrapper/export/system_wrapper/hw/system_wrapper.xsa -mem-ranges [list {0x40000000 0xbfffffff}] -regs
configparams force-mem-access 1
targets -set -nocase -filter {name =~"APU*"}
source D:/workspace/fbga_project/projem/FMC_Pcam_Adapter_demo/_ide/psinit/ps7_init.tcl
ps7_init
ps7_post_config
targets -set -nocase -filter {name =~ "*A9*#0"}
dow D:/workspace/fbga_project/projem/FMC_Pcam_Adapter_demo/Debug/FMC_Pcam_Adapter_demo.elf
configparams force-mem-access 0
----------------End of Script----------------

23:08:07 INFO  : Context for processor 'ps7_cortexa9_0' is selected.
23:08:07 INFO  : 'con' command is executed.
23:08:07 INFO  : ----------------XSDB Script (After Launch)----------------
targets -set -nocase -filter {name =~ "*A9*#0"}
con
----------------End of Script----------------

23:08:07 INFO  : Launch script is exported to file 'D:\workspace\fbga_project\projem\FMC_Pcam_Adapter_demo_system\_ide\scripts\debugger_fmc_pcam_adapter_demo-default.tcl'
23:12:00 WARN  : channel "tcfchan#10" closed
23:12:01 INFO  : Disconnected from the channel tcfchan#13.
23:12:02 INFO  : Connected to target on host '127.0.0.1' and port '3121'.
23:12:02 INFO  : Jtag cable 'Digilent Zed 210248BEB531' is selected.
23:12:02 INFO  : 'jtag frequency' command is executed.
23:12:02 INFO  : Context for 'APU' is selected.
23:12:02 INFO  : System reset is completed.
23:12:05 INFO  : 'after 3000' command is executed.
23:12:05 INFO  : 'targets -set -filter {jtag_cable_name =~ "Digilent Zed 210248BEB531" && level==0 && jtag_device_ctx=="jsn-Zed-210248BEB531-23727093-0"}' command is executed.
23:12:08 INFO  : Device configured successfully with "D:/workspace/fbga_project/projem/FMC_Pcam_Adapter_demo/_ide/bitstream/system_wrapper.bit"
23:12:08 INFO  : Context for 'APU' is selected.
23:12:08 INFO  : Hardware design and registers information is loaded from 'D:/workspace/fbga_project/projem/system_wrapper/export/system_wrapper/hw/system_wrapper.xsa'.
23:12:08 INFO  : 'configparams force-mem-access 1' command is executed.
23:12:08 INFO  : Context for 'APU' is selected.
23:12:08 INFO  : Sourcing of 'D:/workspace/fbga_project/projem/FMC_Pcam_Adapter_demo/_ide/psinit/ps7_init.tcl' is done.
23:12:09 INFO  : 'ps7_init' command is executed.
23:12:09 INFO  : 'ps7_post_config' command is executed.
23:12:09 INFO  : Context for processor 'ps7_cortexa9_0' is selected.
23:12:13 INFO  : The application 'D:/workspace/fbga_project/projem/FMC_Pcam_Adapter_demo/Debug/FMC_Pcam_Adapter_demo.elf' is downloaded to processor 'ps7_cortexa9_0'.
23:12:13 INFO  : 'configparams force-mem-access 0' command is executed.
23:12:13 INFO  : ----------------XSDB Script----------------
connect -url tcp:127.0.0.1:3121
targets -set -nocase -filter {name =~"APU*"}
rst -system
after 3000
targets -set -filter {jtag_cable_name =~ "Digilent Zed 210248BEB531" && level==0 && jtag_device_ctx=="jsn-Zed-210248BEB531-23727093-0"}
fpga -file D:/workspace/fbga_project/projem/FMC_Pcam_Adapter_demo/_ide/bitstream/system_wrapper.bit
targets -set -nocase -filter {name =~"APU*"}
loadhw -hw D:/workspace/fbga_project/projem/system_wrapper/export/system_wrapper/hw/system_wrapper.xsa -mem-ranges [list {0x40000000 0xbfffffff}] -regs
configparams force-mem-access 1
targets -set -nocase -filter {name =~"APU*"}
source D:/workspace/fbga_project/projem/FMC_Pcam_Adapter_demo/_ide/psinit/ps7_init.tcl
ps7_init
ps7_post_config
targets -set -nocase -filter {name =~ "*A9*#0"}
dow D:/workspace/fbga_project/projem/FMC_Pcam_Adapter_demo/Debug/FMC_Pcam_Adapter_demo.elf
configparams force-mem-access 0
----------------End of Script----------------

23:12:14 INFO  : Context for processor 'ps7_cortexa9_0' is selected.
23:12:14 INFO  : 'con' command is executed.
23:12:14 INFO  : ----------------XSDB Script (After Launch)----------------
targets -set -nocase -filter {name =~ "*A9*#0"}
con
----------------End of Script----------------

23:12:14 INFO  : Launch script is exported to file 'D:\workspace\fbga_project\projem\FMC_Pcam_Adapter_demo_system\_ide\scripts\systemdebugger_fmc_pcam_adapter_demo_system_standalone.tcl'
23:31:08 INFO  : Checking for BSP changes to sync application flags for project 'FMC_Pcam_Adapter_demo'...
23:31:20 INFO  : Disconnected from the channel tcfchan#14.
23:31:20 INFO  : Connected to target on host '127.0.0.1' and port '3121'.
23:31:20 INFO  : Jtag cable 'Digilent Zed 210248BEB531' is selected.
23:31:20 INFO  : 'jtag frequency' command is executed.
23:31:20 INFO  : Context for 'APU' is selected.
23:31:20 INFO  : System reset is completed.
23:31:23 INFO  : 'after 3000' command is executed.
23:31:24 INFO  : 'targets -set -filter {jtag_cable_name =~ "Digilent Zed 210248BEB531" && level==0 && jtag_device_ctx=="jsn-Zed-210248BEB531-23727093-0"}' command is executed.
23:31:26 INFO  : Device configured successfully with "D:/workspace/fbga_project/projem/FMC_Pcam_Adapter_demo/_ide/bitstream/system_wrapper.bit"
23:31:26 INFO  : Context for 'APU' is selected.
23:31:26 INFO  : Hardware design and registers information is loaded from 'D:/workspace/fbga_project/projem/system_wrapper/export/system_wrapper/hw/system_wrapper.xsa'.
23:31:26 INFO  : 'configparams force-mem-access 1' command is executed.
23:31:26 INFO  : Context for 'APU' is selected.
23:31:26 INFO  : Sourcing of 'D:/workspace/fbga_project/projem/FMC_Pcam_Adapter_demo/_ide/psinit/ps7_init.tcl' is done.
23:31:26 INFO  : 'ps7_init' command is executed.
23:31:26 INFO  : 'ps7_post_config' command is executed.
23:31:26 INFO  : Context for processor 'ps7_cortexa9_0' is selected.
23:31:29 INFO  : The application 'D:/workspace/fbga_project/projem/FMC_Pcam_Adapter_demo/Debug/FMC_Pcam_Adapter_demo.elf' is downloaded to processor 'ps7_cortexa9_0'.
23:31:29 INFO  : 'configparams force-mem-access 0' command is executed.
23:31:29 INFO  : ----------------XSDB Script----------------
connect -url tcp:127.0.0.1:3121
targets -set -nocase -filter {name =~"APU*"}
rst -system
after 3000
targets -set -filter {jtag_cable_name =~ "Digilent Zed 210248BEB531" && level==0 && jtag_device_ctx=="jsn-Zed-210248BEB531-23727093-0"}
fpga -file D:/workspace/fbga_project/projem/FMC_Pcam_Adapter_demo/_ide/bitstream/system_wrapper.bit
targets -set -nocase -filter {name =~"APU*"}
loadhw -hw D:/workspace/fbga_project/projem/system_wrapper/export/system_wrapper/hw/system_wrapper.xsa -mem-ranges [list {0x40000000 0xbfffffff}] -regs
configparams force-mem-access 1
targets -set -nocase -filter {name =~"APU*"}
source D:/workspace/fbga_project/projem/FMC_Pcam_Adapter_demo/_ide/psinit/ps7_init.tcl
ps7_init
ps7_post_config
targets -set -nocase -filter {name =~ "*A9*#0"}
dow D:/workspace/fbga_project/projem/FMC_Pcam_Adapter_demo/Debug/FMC_Pcam_Adapter_demo.elf
configparams force-mem-access 0
----------------End of Script----------------

23:31:29 INFO  : Context for processor 'ps7_cortexa9_0' is selected.
23:31:29 INFO  : 'con' command is executed.
23:31:29 INFO  : ----------------XSDB Script (After Launch)----------------
targets -set -nocase -filter {name =~ "*A9*#0"}
con
----------------End of Script----------------

23:31:29 INFO  : Launch script is exported to file 'D:\workspace\fbga_project\projem\FMC_Pcam_Adapter_demo_system\_ide\scripts\systemdebugger_fmc_pcam_adapter_demo_system_standalone.tcl'
23:37:52 INFO  : Checking for BSP changes to sync application flags for project 'FMC_Pcam_Adapter_demo'...
23:38:07 INFO  : Disconnected from the channel tcfchan#16.
23:38:08 INFO  : Connected to target on host '127.0.0.1' and port '3121'.
23:38:08 INFO  : Jtag cable 'Digilent Zed 210248BEB531' is selected.
23:38:08 INFO  : 'jtag frequency' command is executed.
23:38:10 INFO  : Context for 'APU' is selected.
23:38:10 INFO  : System reset is completed.
23:38:13 INFO  : 'after 3000' command is executed.
23:38:13 INFO  : 'targets -set -filter {jtag_cable_name =~ "Digilent Zed 210248BEB531" && level==0 && jtag_device_ctx=="jsn-Zed-210248BEB531-23727093-0"}' command is executed.
23:38:16 INFO  : Device configured successfully with "D:/workspace/fbga_project/projem/FMC_Pcam_Adapter_demo/_ide/bitstream/system_wrapper.bit"
23:38:16 INFO  : Context for 'APU' is selected.
23:38:16 INFO  : Hardware design and registers information is loaded from 'D:/workspace/fbga_project/projem/system_wrapper/export/system_wrapper/hw/system_wrapper.xsa'.
23:38:16 INFO  : 'configparams force-mem-access 1' command is executed.
23:38:16 INFO  : Context for 'APU' is selected.
23:38:16 INFO  : Sourcing of 'D:/workspace/fbga_project/projem/FMC_Pcam_Adapter_demo/_ide/psinit/ps7_init.tcl' is done.
23:38:17 INFO  : 'ps7_init' command is executed.
23:38:17 INFO  : 'ps7_post_config' command is executed.
23:38:17 INFO  : Context for processor 'ps7_cortexa9_0' is selected.
23:38:19 INFO  : The application 'D:/workspace/fbga_project/projem/FMC_Pcam_Adapter_demo/Debug/FMC_Pcam_Adapter_demo.elf' is downloaded to processor 'ps7_cortexa9_0'.
23:38:19 INFO  : 'configparams force-mem-access 0' command is executed.
23:38:19 INFO  : ----------------XSDB Script----------------
connect -url tcp:127.0.0.1:3121
targets -set -nocase -filter {name =~"APU*"}
rst -system
after 3000
targets -set -filter {jtag_cable_name =~ "Digilent Zed 210248BEB531" && level==0 && jtag_device_ctx=="jsn-Zed-210248BEB531-23727093-0"}
fpga -file D:/workspace/fbga_project/projem/FMC_Pcam_Adapter_demo/_ide/bitstream/system_wrapper.bit
targets -set -nocase -filter {name =~"APU*"}
loadhw -hw D:/workspace/fbga_project/projem/system_wrapper/export/system_wrapper/hw/system_wrapper.xsa -mem-ranges [list {0x40000000 0xbfffffff}] -regs
configparams force-mem-access 1
targets -set -nocase -filter {name =~"APU*"}
source D:/workspace/fbga_project/projem/FMC_Pcam_Adapter_demo/_ide/psinit/ps7_init.tcl
ps7_init
ps7_post_config
targets -set -nocase -filter {name =~ "*A9*#0"}
dow D:/workspace/fbga_project/projem/FMC_Pcam_Adapter_demo/Debug/FMC_Pcam_Adapter_demo.elf
configparams force-mem-access 0
----------------End of Script----------------

23:38:20 INFO  : Context for processor 'ps7_cortexa9_0' is selected.
23:38:20 INFO  : 'con' command is executed.
23:38:20 INFO  : ----------------XSDB Script (After Launch)----------------
targets -set -nocase -filter {name =~ "*A9*#0"}
con
----------------End of Script----------------

23:38:20 INFO  : Launch script is exported to file 'D:\workspace\fbga_project\projem\FMC_Pcam_Adapter_demo_system\_ide\scripts\debugger_fmc_pcam_adapter_demo-default.tcl'
23:38:52 INFO  : Disconnected from the channel tcfchan#17.
23:38:53 INFO  : Connected to target on host '127.0.0.1' and port '3121'.
23:38:53 INFO  : Jtag cable 'Digilent Zed 210248BEB531' is selected.
23:38:53 INFO  : 'jtag frequency' command is executed.
23:38:53 INFO  : Context for 'APU' is selected.
23:38:53 INFO  : System reset is completed.
23:38:56 INFO  : 'after 3000' command is executed.
23:38:56 INFO  : 'targets -set -filter {jtag_cable_name =~ "Digilent Zed 210248BEB531" && level==0 && jtag_device_ctx=="jsn-Zed-210248BEB531-23727093-0"}' command is executed.
23:38:58 INFO  : Device configured successfully with "D:/workspace/fbga_project/projem/FMC_Pcam_Adapter_demo/_ide/bitstream/system_wrapper.bit"
23:38:59 INFO  : Context for 'APU' is selected.
23:38:59 INFO  : Hardware design and registers information is loaded from 'D:/workspace/fbga_project/projem/system_wrapper/export/system_wrapper/hw/system_wrapper.xsa'.
23:38:59 INFO  : 'configparams force-mem-access 1' command is executed.
23:38:59 INFO  : Context for 'APU' is selected.
23:38:59 INFO  : Sourcing of 'D:/workspace/fbga_project/projem/FMC_Pcam_Adapter_demo/_ide/psinit/ps7_init.tcl' is done.
23:38:59 INFO  : 'ps7_init' command is executed.
23:38:59 INFO  : 'ps7_post_config' command is executed.
23:38:59 INFO  : Context for processor 'ps7_cortexa9_0' is selected.
23:39:01 INFO  : The application 'D:/workspace/fbga_project/projem/FMC_Pcam_Adapter_demo/Debug/FMC_Pcam_Adapter_demo.elf' is downloaded to processor 'ps7_cortexa9_0'.
23:39:01 INFO  : 'configparams force-mem-access 0' command is executed.
23:39:01 INFO  : ----------------XSDB Script----------------
connect -url tcp:127.0.0.1:3121
targets -set -nocase -filter {name =~"APU*"}
rst -system
after 3000
targets -set -filter {jtag_cable_name =~ "Digilent Zed 210248BEB531" && level==0 && jtag_device_ctx=="jsn-Zed-210248BEB531-23727093-0"}
fpga -file D:/workspace/fbga_project/projem/FMC_Pcam_Adapter_demo/_ide/bitstream/system_wrapper.bit
targets -set -nocase -filter {name =~"APU*"}
loadhw -hw D:/workspace/fbga_project/projem/system_wrapper/export/system_wrapper/hw/system_wrapper.xsa -mem-ranges [list {0x40000000 0xbfffffff}] -regs
configparams force-mem-access 1
targets -set -nocase -filter {name =~"APU*"}
source D:/workspace/fbga_project/projem/FMC_Pcam_Adapter_demo/_ide/psinit/ps7_init.tcl
ps7_init
ps7_post_config
targets -set -nocase -filter {name =~ "*A9*#0"}
dow D:/workspace/fbga_project/projem/FMC_Pcam_Adapter_demo/Debug/FMC_Pcam_Adapter_demo.elf
configparams force-mem-access 0
----------------End of Script----------------

23:39:01 INFO  : Context for processor 'ps7_cortexa9_0' is selected.
23:39:01 INFO  : 'con' command is executed.
23:39:01 INFO  : ----------------XSDB Script (After Launch)----------------
targets -set -nocase -filter {name =~ "*A9*#0"}
con
----------------End of Script----------------

23:39:01 INFO  : Launch script is exported to file 'D:\workspace\fbga_project\projem\FMC_Pcam_Adapter_demo_system\_ide\scripts\debugger_fmc_pcam_adapter_demo-default.tcl'
23:41:57 INFO  : Checking for BSP changes to sync application flags for project 'FMC_Pcam_Adapter_demo'...
23:42:52 INFO  : Disconnected from the channel tcfchan#18.
23:42:53 INFO  : Connected to target on host '127.0.0.1' and port '3121'.
23:42:53 INFO  : Jtag cable 'Digilent Zed 210248BEB531' is selected.
23:42:53 INFO  : 'jtag frequency' command is executed.
23:42:53 INFO  : Context for 'APU' is selected.
23:42:53 INFO  : System reset is completed.
23:42:56 INFO  : 'after 3000' command is executed.
23:42:57 INFO  : 'targets -set -filter {jtag_cable_name =~ "Digilent Zed 210248BEB531" && level==0 && jtag_device_ctx=="jsn-Zed-210248BEB531-23727093-0"}' command is executed.
23:42:59 INFO  : Device configured successfully with "D:/workspace/fbga_project/projem/FMC_Pcam_Adapter_demo/_ide/bitstream/system_wrapper.bit"
23:42:59 INFO  : Context for 'APU' is selected.
23:42:59 INFO  : Hardware design and registers information is loaded from 'D:/workspace/fbga_project/projem/system_wrapper/export/system_wrapper/hw/system_wrapper.xsa'.
23:42:59 INFO  : 'configparams force-mem-access 1' command is executed.
23:42:59 INFO  : Context for 'APU' is selected.
23:42:59 INFO  : Sourcing of 'D:/workspace/fbga_project/projem/FMC_Pcam_Adapter_demo/_ide/psinit/ps7_init.tcl' is done.
23:42:59 INFO  : 'ps7_init' command is executed.
23:42:59 INFO  : 'ps7_post_config' command is executed.
23:42:59 INFO  : Context for processor 'ps7_cortexa9_0' is selected.
23:43:02 INFO  : The application 'D:/workspace/fbga_project/projem/FMC_Pcam_Adapter_demo/Debug/FMC_Pcam_Adapter_demo.elf' is downloaded to processor 'ps7_cortexa9_0'.
23:43:02 INFO  : 'configparams force-mem-access 0' command is executed.
23:43:02 INFO  : ----------------XSDB Script----------------
connect -url tcp:127.0.0.1:3121
targets -set -nocase -filter {name =~"APU*"}
rst -system
after 3000
targets -set -filter {jtag_cable_name =~ "Digilent Zed 210248BEB531" && level==0 && jtag_device_ctx=="jsn-Zed-210248BEB531-23727093-0"}
fpga -file D:/workspace/fbga_project/projem/FMC_Pcam_Adapter_demo/_ide/bitstream/system_wrapper.bit
targets -set -nocase -filter {name =~"APU*"}
loadhw -hw D:/workspace/fbga_project/projem/system_wrapper/export/system_wrapper/hw/system_wrapper.xsa -mem-ranges [list {0x40000000 0xbfffffff}] -regs
configparams force-mem-access 1
targets -set -nocase -filter {name =~"APU*"}
source D:/workspace/fbga_project/projem/FMC_Pcam_Adapter_demo/_ide/psinit/ps7_init.tcl
ps7_init
ps7_post_config
targets -set -nocase -filter {name =~ "*A9*#0"}
dow D:/workspace/fbga_project/projem/FMC_Pcam_Adapter_demo/Debug/FMC_Pcam_Adapter_demo.elf
configparams force-mem-access 0
----------------End of Script----------------

23:43:02 INFO  : Context for processor 'ps7_cortexa9_0' is selected.
23:43:02 INFO  : 'con' command is executed.
23:43:02 INFO  : ----------------XSDB Script (After Launch)----------------
targets -set -nocase -filter {name =~ "*A9*#0"}
con
----------------End of Script----------------

23:43:02 INFO  : Launch script is exported to file 'D:\workspace\fbga_project\projem\FMC_Pcam_Adapter_demo_system\_ide\scripts\debugger_fmc_pcam_adapter_demo-default.tcl'
23:45:45 INFO  : Checking for BSP changes to sync application flags for project 'FMC_Pcam_Adapter_demo'...
00:02:22 INFO  : Disconnected from the channel tcfchan#19.
00:02:23 INFO  : Connected to target on host '127.0.0.1' and port '3121'.
00:02:23 INFO  : Jtag cable 'Digilent Zed 210248BEB531' is selected.
00:02:23 INFO  : 'jtag frequency' command is executed.
00:02:23 INFO  : Context for 'APU' is selected.
00:02:23 INFO  : System reset is completed.
00:02:26 INFO  : 'after 3000' command is executed.
00:02:26 INFO  : 'targets -set -filter {jtag_cable_name =~ "Digilent Zed 210248BEB531" && level==0 && jtag_device_ctx=="jsn-Zed-210248BEB531-23727093-0"}' command is executed.
00:02:29 INFO  : Device configured successfully with "D:/workspace/fbga_project/projem/FMC_Pcam_Adapter_demo/_ide/bitstream/system_wrapper.bit"
00:02:29 INFO  : Context for 'APU' is selected.
00:02:29 INFO  : Hardware design and registers information is loaded from 'D:/workspace/fbga_project/projem/system_wrapper/export/system_wrapper/hw/system_wrapper.xsa'.
00:02:29 INFO  : 'configparams force-mem-access 1' command is executed.
00:02:29 INFO  : Context for 'APU' is selected.
00:02:29 INFO  : Sourcing of 'D:/workspace/fbga_project/projem/FMC_Pcam_Adapter_demo/_ide/psinit/ps7_init.tcl' is done.
00:02:29 INFO  : 'ps7_init' command is executed.
00:02:30 INFO  : 'ps7_post_config' command is executed.
00:02:30 INFO  : Context for processor 'ps7_cortexa9_0' is selected.
00:02:32 INFO  : The application 'D:/workspace/fbga_project/projem/FMC_Pcam_Adapter_demo/Debug/FMC_Pcam_Adapter_demo.elf' is downloaded to processor 'ps7_cortexa9_0'.
00:02:32 INFO  : 'configparams force-mem-access 0' command is executed.
00:02:32 INFO  : ----------------XSDB Script----------------
connect -url tcp:127.0.0.1:3121
targets -set -nocase -filter {name =~"APU*"}
rst -system
after 3000
targets -set -filter {jtag_cable_name =~ "Digilent Zed 210248BEB531" && level==0 && jtag_device_ctx=="jsn-Zed-210248BEB531-23727093-0"}
fpga -file D:/workspace/fbga_project/projem/FMC_Pcam_Adapter_demo/_ide/bitstream/system_wrapper.bit
targets -set -nocase -filter {name =~"APU*"}
loadhw -hw D:/workspace/fbga_project/projem/system_wrapper/export/system_wrapper/hw/system_wrapper.xsa -mem-ranges [list {0x40000000 0xbfffffff}] -regs
configparams force-mem-access 1
targets -set -nocase -filter {name =~"APU*"}
source D:/workspace/fbga_project/projem/FMC_Pcam_Adapter_demo/_ide/psinit/ps7_init.tcl
ps7_init
ps7_post_config
targets -set -nocase -filter {name =~ "*A9*#0"}
dow D:/workspace/fbga_project/projem/FMC_Pcam_Adapter_demo/Debug/FMC_Pcam_Adapter_demo.elf
configparams force-mem-access 0
----------------End of Script----------------

00:02:32 INFO  : Context for processor 'ps7_cortexa9_0' is selected.
00:02:32 INFO  : 'con' command is executed.
00:02:32 INFO  : ----------------XSDB Script (After Launch)----------------
targets -set -nocase -filter {name =~ "*A9*#0"}
con
----------------End of Script----------------

00:02:32 INFO  : Launch script is exported to file 'D:\workspace\fbga_project\projem\FMC_Pcam_Adapter_demo_system\_ide\scripts\debugger_fmc_pcam_adapter_demo-default.tcl'
00:03:55 INFO  : Disconnected from the channel tcfchan#20.
00:03:56 INFO  : Connected to target on host '127.0.0.1' and port '3121'.
00:03:56 INFO  : Jtag cable 'Digilent Zed 210248BEB531' is selected.
00:03:56 INFO  : 'jtag frequency' command is executed.
00:03:58 INFO  : Context for 'APU' is selected.
00:03:58 INFO  : System reset is completed.
00:04:01 INFO  : 'after 3000' command is executed.
00:04:01 INFO  : 'targets -set -filter {jtag_cable_name =~ "Digilent Zed 210248BEB531" && level==0 && jtag_device_ctx=="jsn-Zed-210248BEB531-23727093-0"}' command is executed.
00:04:03 INFO  : Device configured successfully with "D:/workspace/fbga_project/projem/FMC_Pcam_Adapter_demo/_ide/bitstream/system_wrapper.bit"
00:04:03 INFO  : Context for 'APU' is selected.
00:04:03 INFO  : Hardware design and registers information is loaded from 'D:/workspace/fbga_project/projem/system_wrapper/export/system_wrapper/hw/system_wrapper.xsa'.
00:04:03 INFO  : 'configparams force-mem-access 1' command is executed.
00:04:03 INFO  : Context for 'APU' is selected.
00:04:03 INFO  : Sourcing of 'D:/workspace/fbga_project/projem/FMC_Pcam_Adapter_demo/_ide/psinit/ps7_init.tcl' is done.
00:04:04 INFO  : 'ps7_init' command is executed.
00:04:04 INFO  : 'ps7_post_config' command is executed.
00:04:04 INFO  : Context for processor 'ps7_cortexa9_0' is selected.
00:04:06 INFO  : The application 'D:/workspace/fbga_project/projem/FMC_Pcam_Adapter_demo/Debug/FMC_Pcam_Adapter_demo.elf' is downloaded to processor 'ps7_cortexa9_0'.
00:04:06 INFO  : 'configparams force-mem-access 0' command is executed.
00:04:06 INFO  : ----------------XSDB Script----------------
connect -url tcp:127.0.0.1:3121
targets -set -nocase -filter {name =~"APU*"}
rst -system
after 3000
targets -set -filter {jtag_cable_name =~ "Digilent Zed 210248BEB531" && level==0 && jtag_device_ctx=="jsn-Zed-210248BEB531-23727093-0"}
fpga -file D:/workspace/fbga_project/projem/FMC_Pcam_Adapter_demo/_ide/bitstream/system_wrapper.bit
targets -set -nocase -filter {name =~"APU*"}
loadhw -hw D:/workspace/fbga_project/projem/system_wrapper/export/system_wrapper/hw/system_wrapper.xsa -mem-ranges [list {0x40000000 0xbfffffff}] -regs
configparams force-mem-access 1
targets -set -nocase -filter {name =~"APU*"}
source D:/workspace/fbga_project/projem/FMC_Pcam_Adapter_demo/_ide/psinit/ps7_init.tcl
ps7_init
ps7_post_config
targets -set -nocase -filter {name =~ "*A9*#0"}
dow D:/workspace/fbga_project/projem/FMC_Pcam_Adapter_demo/Debug/FMC_Pcam_Adapter_demo.elf
configparams force-mem-access 0
----------------End of Script----------------

00:04:06 INFO  : Context for processor 'ps7_cortexa9_0' is selected.
00:04:06 INFO  : 'con' command is executed.
00:04:06 INFO  : ----------------XSDB Script (After Launch)----------------
targets -set -nocase -filter {name =~ "*A9*#0"}
con
----------------End of Script----------------

00:04:06 INFO  : Launch script is exported to file 'D:\workspace\fbga_project\projem\FMC_Pcam_Adapter_demo_system\_ide\scripts\debugger_fmc_pcam_adapter_demo-default.tcl'
00:30:58 INFO  : Checking for BSP changes to sync application flags for project 'FMC_Pcam_Adapter_demo'...
00:31:17 INFO  : Disconnected from the channel tcfchan#21.
00:31:18 INFO  : Connected to target on host '127.0.0.1' and port '3121'.
00:31:18 INFO  : Jtag cable 'Digilent Zed 210248BEB531' is selected.
00:31:18 INFO  : 'jtag frequency' command is executed.
00:31:18 INFO  : Context for 'APU' is selected.
00:31:18 INFO  : System reset is completed.
00:31:21 INFO  : 'after 3000' command is executed.
00:31:21 INFO  : 'targets -set -filter {jtag_cable_name =~ "Digilent Zed 210248BEB531" && level==0 && jtag_device_ctx=="jsn-Zed-210248BEB531-23727093-0"}' command is executed.
00:31:23 INFO  : Device configured successfully with "D:/workspace/fbga_project/projem/FMC_Pcam_Adapter_demo/_ide/bitstream/system_wrapper.bit"
00:31:24 INFO  : Context for 'APU' is selected.
00:31:24 INFO  : Hardware design and registers information is loaded from 'D:/workspace/fbga_project/projem/system_wrapper/export/system_wrapper/hw/system_wrapper.xsa'.
00:31:24 INFO  : 'configparams force-mem-access 1' command is executed.
00:31:24 INFO  : Context for 'APU' is selected.
00:31:24 INFO  : Sourcing of 'D:/workspace/fbga_project/projem/FMC_Pcam_Adapter_demo/_ide/psinit/ps7_init.tcl' is done.
00:31:24 INFO  : 'ps7_init' command is executed.
00:31:24 INFO  : 'ps7_post_config' command is executed.
00:31:24 INFO  : Context for processor 'ps7_cortexa9_0' is selected.
00:31:26 INFO  : The application 'D:/workspace/fbga_project/projem/FMC_Pcam_Adapter_demo/Debug/FMC_Pcam_Adapter_demo.elf' is downloaded to processor 'ps7_cortexa9_0'.
00:31:26 INFO  : 'configparams force-mem-access 0' command is executed.
00:31:26 INFO  : ----------------XSDB Script----------------
connect -url tcp:127.0.0.1:3121
targets -set -nocase -filter {name =~"APU*"}
rst -system
after 3000
targets -set -filter {jtag_cable_name =~ "Digilent Zed 210248BEB531" && level==0 && jtag_device_ctx=="jsn-Zed-210248BEB531-23727093-0"}
fpga -file D:/workspace/fbga_project/projem/FMC_Pcam_Adapter_demo/_ide/bitstream/system_wrapper.bit
targets -set -nocase -filter {name =~"APU*"}
loadhw -hw D:/workspace/fbga_project/projem/system_wrapper/export/system_wrapper/hw/system_wrapper.xsa -mem-ranges [list {0x40000000 0xbfffffff}] -regs
configparams force-mem-access 1
targets -set -nocase -filter {name =~"APU*"}
source D:/workspace/fbga_project/projem/FMC_Pcam_Adapter_demo/_ide/psinit/ps7_init.tcl
ps7_init
ps7_post_config
targets -set -nocase -filter {name =~ "*A9*#0"}
dow D:/workspace/fbga_project/projem/FMC_Pcam_Adapter_demo/Debug/FMC_Pcam_Adapter_demo.elf
configparams force-mem-access 0
----------------End of Script----------------

00:31:26 INFO  : Context for processor 'ps7_cortexa9_0' is selected.
00:31:26 INFO  : 'con' command is executed.
00:31:26 INFO  : ----------------XSDB Script (After Launch)----------------
targets -set -nocase -filter {name =~ "*A9*#0"}
con
----------------End of Script----------------

00:31:26 INFO  : Launch script is exported to file 'D:\workspace\fbga_project\projem\FMC_Pcam_Adapter_demo_system\_ide\scripts\debugger_fmc_pcam_adapter_demo-default.tcl'
00:38:46 INFO  : Disconnected from the channel tcfchan#22.
00:38:47 INFO  : Connected to target on host '127.0.0.1' and port '3121'.
00:38:47 INFO  : Jtag cable 'Digilent Zed 210248BEB531' is selected.
00:38:47 ERROR : port closed
00:38:47 INFO  : ----------------XSDB Script----------------
connect -url tcp:127.0.0.1:3121
----------------End of Script----------------

00:38:47 ERROR : port closed
00:39:03 INFO  : Connected to target on host '127.0.0.1' and port '3121'.
00:39:03 INFO  : Jtag cable 'Digilent Zed 210248BEB531' is selected.
00:39:03 INFO  : 'jtag frequency' command is executed.
00:39:03 INFO  : Context for 'APU' is selected.
00:39:03 INFO  : System reset is completed.
00:39:06 INFO  : 'after 3000' command is executed.
00:39:06 INFO  : 'targets -set -filter {jtag_cable_name =~ "Digilent Zed 210248BEB531" && level==0 && jtag_device_ctx=="jsn-Zed-210248BEB531-23727093-0"}' command is executed.
00:39:08 INFO  : Device configured successfully with "D:/workspace/fbga_project/projem/FMC_Pcam_Adapter_demo/_ide/bitstream/system_wrapper.bit"
00:39:08 INFO  : Context for 'APU' is selected.
00:39:08 INFO  : Hardware design and registers information is loaded from 'D:/workspace/fbga_project/projem/system_wrapper/export/system_wrapper/hw/system_wrapper.xsa'.
00:39:08 INFO  : 'configparams force-mem-access 1' command is executed.
00:39:08 INFO  : Context for 'APU' is selected.
00:39:08 INFO  : Sourcing of 'D:/workspace/fbga_project/projem/FMC_Pcam_Adapter_demo/_ide/psinit/ps7_init.tcl' is done.
00:39:09 INFO  : 'ps7_init' command is executed.
00:39:09 INFO  : 'ps7_post_config' command is executed.
00:39:09 INFO  : Context for processor 'ps7_cortexa9_0' is selected.
00:39:11 INFO  : The application 'D:/workspace/fbga_project/projem/FMC_Pcam_Adapter_demo/Debug/FMC_Pcam_Adapter_demo.elf' is downloaded to processor 'ps7_cortexa9_0'.
00:39:11 INFO  : 'configparams force-mem-access 0' command is executed.
00:39:11 INFO  : ----------------XSDB Script----------------
connect -url tcp:127.0.0.1:3121
targets -set -nocase -filter {name =~"APU*"}
rst -system
after 3000
targets -set -filter {jtag_cable_name =~ "Digilent Zed 210248BEB531" && level==0 && jtag_device_ctx=="jsn-Zed-210248BEB531-23727093-0"}
fpga -file D:/workspace/fbga_project/projem/FMC_Pcam_Adapter_demo/_ide/bitstream/system_wrapper.bit
targets -set -nocase -filter {name =~"APU*"}
loadhw -hw D:/workspace/fbga_project/projem/system_wrapper/export/system_wrapper/hw/system_wrapper.xsa -mem-ranges [list {0x40000000 0xbfffffff}] -regs
configparams force-mem-access 1
targets -set -nocase -filter {name =~"APU*"}
source D:/workspace/fbga_project/projem/FMC_Pcam_Adapter_demo/_ide/psinit/ps7_init.tcl
ps7_init
ps7_post_config
targets -set -nocase -filter {name =~ "*A9*#0"}
dow D:/workspace/fbga_project/projem/FMC_Pcam_Adapter_demo/Debug/FMC_Pcam_Adapter_demo.elf
configparams force-mem-access 0
----------------End of Script----------------

00:39:11 INFO  : Context for processor 'ps7_cortexa9_0' is selected.
00:39:11 INFO  : 'con' command is executed.
00:39:11 INFO  : ----------------XSDB Script (After Launch)----------------
targets -set -nocase -filter {name =~ "*A9*#0"}
con
----------------End of Script----------------

00:39:11 INFO  : Launch script is exported to file 'D:\workspace\fbga_project\projem\FMC_Pcam_Adapter_demo_system\_ide\scripts\debugger_fmc_pcam_adapter_demo-default.tcl'
00:45:41 INFO  : Disconnected from the channel tcfchan#23.
00:45:42 INFO  : Connected to target on host '127.0.0.1' and port '3121'.
00:45:42 INFO  : Jtag cable 'Digilent Zed 210248BEB531' is selected.
00:45:42 INFO  : 'jtag frequency' command is executed.
00:45:42 INFO  : Context for 'APU' is selected.
00:45:42 INFO  : System reset is completed.
00:45:45 INFO  : 'after 3000' command is executed.
00:45:45 INFO  : 'targets -set -filter {jtag_cable_name =~ "Digilent Zed 210248BEB531" && level==0 && jtag_device_ctx=="jsn-Zed-210248BEB531-23727093-0"}' command is executed.
00:45:48 INFO  : Device configured successfully with "D:/workspace/fbga_project/projem/FMC_Pcam_Adapter_demo/_ide/bitstream/system_wrapper.bit"
00:45:48 INFO  : Context for 'APU' is selected.
00:45:48 INFO  : Hardware design and registers information is loaded from 'D:/workspace/fbga_project/projem/system_wrapper/export/system_wrapper/hw/system_wrapper.xsa'.
00:45:48 INFO  : 'configparams force-mem-access 1' command is executed.
00:45:48 INFO  : Context for 'APU' is selected.
00:45:48 INFO  : Sourcing of 'D:/workspace/fbga_project/projem/FMC_Pcam_Adapter_demo/_ide/psinit/ps7_init.tcl' is done.
00:45:49 INFO  : 'ps7_init' command is executed.
00:45:49 INFO  : 'ps7_post_config' command is executed.
00:45:49 INFO  : Context for processor 'ps7_cortexa9_0' is selected.
00:45:51 INFO  : The application 'D:/workspace/fbga_project/projem/FMC_Pcam_Adapter_demo/Debug/FMC_Pcam_Adapter_demo.elf' is downloaded to processor 'ps7_cortexa9_0'.
00:45:51 INFO  : 'configparams force-mem-access 0' command is executed.
00:45:51 INFO  : ----------------XSDB Script----------------
connect -url tcp:127.0.0.1:3121
targets -set -nocase -filter {name =~"APU*"}
rst -system
after 3000
targets -set -filter {jtag_cable_name =~ "Digilent Zed 210248BEB531" && level==0 && jtag_device_ctx=="jsn-Zed-210248BEB531-23727093-0"}
fpga -file D:/workspace/fbga_project/projem/FMC_Pcam_Adapter_demo/_ide/bitstream/system_wrapper.bit
targets -set -nocase -filter {name =~"APU*"}
loadhw -hw D:/workspace/fbga_project/projem/system_wrapper/export/system_wrapper/hw/system_wrapper.xsa -mem-ranges [list {0x40000000 0xbfffffff}] -regs
configparams force-mem-access 1
targets -set -nocase -filter {name =~"APU*"}
source D:/workspace/fbga_project/projem/FMC_Pcam_Adapter_demo/_ide/psinit/ps7_init.tcl
ps7_init
ps7_post_config
targets -set -nocase -filter {name =~ "*A9*#0"}
dow D:/workspace/fbga_project/projem/FMC_Pcam_Adapter_demo/Debug/FMC_Pcam_Adapter_demo.elf
configparams force-mem-access 0
----------------End of Script----------------

00:45:51 INFO  : Context for processor 'ps7_cortexa9_0' is selected.
00:45:52 INFO  : 'con' command is executed.
00:45:52 INFO  : ----------------XSDB Script (After Launch)----------------
targets -set -nocase -filter {name =~ "*A9*#0"}
con
----------------End of Script----------------

00:45:52 INFO  : Launch script is exported to file 'D:\workspace\fbga_project\projem\FMC_Pcam_Adapter_demo_system\_ide\scripts\debugger_fmc_pcam_adapter_demo-default.tcl'
01:01:53 INFO  : Disconnected from the channel tcfchan#24.
