Copyright 1986-2022 Xilinx, Inc. All Rights Reserved.
------------------------------------------------------------------------------------------------------------------------------------------------------------------------------------------------------------------------------------------------------
| Tool Version : Vivado v.2022.1 (win64) Build 3526262 Mon Apr 18 15:48:16 MDT 2022
| Date         : Thu May 14 13:51:37 2026
| Host         : DESKTOP-TM7VUND running 64-bit major release  (build 9200)
| Command      : report_timing_summary -max_paths 10 -report_unconstrained -file async_clock_divider_timing_summary_routed.rpt -pb async_clock_divider_timing_summary_routed.pb -rpx async_clock_divider_timing_summary_routed.rpx -warn_on_violation
| Design       : async_clock_divider
| Device       : 7a35t-cpg236
| Speed File   : -1  PRODUCTION 1.23 2018-06-13
------------------------------------------------------------------------------------------------------------------------------------------------------------------------------------------------------------------------------------------------------

Timing Summary Report

------------------------------------------------------------------------------------------------
| Timer Settings
| --------------
------------------------------------------------------------------------------------------------

  Enable Multi Corner Analysis               :  Yes
  Enable Pessimism Removal                   :  Yes
  Pessimism Removal Resolution               :  Nearest Common Node
  Enable Input Delay Default Clock           :  No
  Enable Preset / Clear Arcs                 :  No
  Disable Flight Delays                      :  No
  Ignore I/O Paths                           :  No
  Timing Early Launch at Borrowing Latches   :  No
  Borrow Time for Max Delay Exceptions       :  Yes
  Merge Timing Exceptions                    :  Yes

  Corner  Analyze    Analyze    
  Name    Max Paths  Min Paths  
  ------  ---------  ---------  
  Slow    Yes        Yes        
  Fast    Yes        Yes        


------------------------------------------------------------------------------------------------
| Report Methodology
| ------------------
------------------------------------------------------------------------------------------------

Rule       Severity          Description                  Violations  
---------  ----------------  ---------------------------  ----------  
TIMING-17  Critical Warning  Non-clocked sequential cell  26          

Note: This report is based on the most recent report_methodology run and may not be up-to-date. Run report_methodology on the current design for the latest report.



check_timing report

Table of Contents
-----------------
1. checking no_clock (26)
2. checking constant_clock (0)
3. checking pulse_width_clock (0)
4. checking unconstrained_internal_endpoints (26)
5. checking no_input_delay (0)
6. checking no_output_delay (1)
7. checking multiple_clock (0)
8. checking generated_clocks (0)
9. checking loops (0)
10. checking partial_input_delay (0)
11. checking partial_output_delay (0)
12. checking latch_loops (0)

1. checking no_clock (26)
-------------------------
 There is 1 register/latch pin with no clock driven by root clock pin: ff0/Q (HIGH)

 There is 1 register/latch pin with no clock driven by root clock pin: ff_chain[10].ff/Q (HIGH)

 There is 1 register/latch pin with no clock driven by root clock pin: ff_chain[11].ff/Q (HIGH)

 There is 1 register/latch pin with no clock driven by root clock pin: ff_chain[12].ff/Q (HIGH)

 There is 1 register/latch pin with no clock driven by root clock pin: ff_chain[13].ff/Q (HIGH)

 There is 1 register/latch pin with no clock driven by root clock pin: ff_chain[14].ff/Q (HIGH)

 There is 1 register/latch pin with no clock driven by root clock pin: ff_chain[15].ff/Q (HIGH)

 There is 1 register/latch pin with no clock driven by root clock pin: ff_chain[16].ff/Q (HIGH)

 There is 1 register/latch pin with no clock driven by root clock pin: ff_chain[17].ff/Q (HIGH)

 There is 1 register/latch pin with no clock driven by root clock pin: ff_chain[18].ff/Q (HIGH)

 There is 1 register/latch pin with no clock driven by root clock pin: ff_chain[19].ff/Q (HIGH)

 There is 1 register/latch pin with no clock driven by root clock pin: ff_chain[1].ff/Q (HIGH)

 There is 1 register/latch pin with no clock driven by root clock pin: ff_chain[20].ff/Q (HIGH)

 There is 1 register/latch pin with no clock driven by root clock pin: ff_chain[21].ff/Q (HIGH)

 There is 1 register/latch pin with no clock driven by root clock pin: ff_chain[22].ff/Q (HIGH)

 There is 1 register/latch pin with no clock driven by root clock pin: ff_chain[23].ff/Q (HIGH)

 There is 1 register/latch pin with no clock driven by root clock pin: ff_chain[24].ff/Q (HIGH)

 There is 1 register/latch pin with no clock driven by root clock pin: ff_chain[25].ff/Q (HIGH)

 There is 1 register/latch pin with no clock driven by root clock pin: ff_chain[2].ff/Q (HIGH)

 There is 1 register/latch pin with no clock driven by root clock pin: ff_chain[3].ff/Q (HIGH)

 There is 1 register/latch pin with no clock driven by root clock pin: ff_chain[4].ff/Q (HIGH)

 There is 1 register/latch pin with no clock driven by root clock pin: ff_chain[5].ff/Q (HIGH)

 There is 1 register/latch pin with no clock driven by root clock pin: ff_chain[6].ff/Q (HIGH)

 There is 1 register/latch pin with no clock driven by root clock pin: ff_chain[7].ff/Q (HIGH)

 There is 1 register/latch pin with no clock driven by root clock pin: ff_chain[8].ff/Q (HIGH)

 There is 1 register/latch pin with no clock driven by root clock pin: ff_chain[9].ff/Q (HIGH)


2. checking constant_clock (0)
------------------------------
 There are 0 register/latch pins with constant_clock.


3. checking pulse_width_clock (0)
---------------------------------
 There are 0 register/latch pins which need pulse_width check


4. checking unconstrained_internal_endpoints (26)
-------------------------------------------------
 There are 26 pins that are not constrained for maximum delay. (HIGH)

 There are 0 pins that are not constrained for maximum delay due to constant clock.


5. checking no_input_delay (0)
------------------------------
 There are 0 input ports with no input delay specified.

 There are 0 input ports with no input delay but user has a false path constraint.


6. checking no_output_delay (1)
-------------------------------
 There is 1 port with no output delay specified. (HIGH)

 There are 0 ports with no output delay but user has a false path constraint

 There are 0 ports with no output delay but with a timing clock defined on it or propagating through it


7. checking multiple_clock (0)
------------------------------
 There are 0 register/latch pins with multiple clocks.


8. checking generated_clocks (0)
--------------------------------
 There are 0 generated clocks that are not connected to a clock source.


9. checking loops (0)
---------------------
 There are 0 combinational loops in the design.


10. checking partial_input_delay (0)
------------------------------------
 There are 0 input ports with partial input delay specified.


11. checking partial_output_delay (0)
-------------------------------------
 There are 0 ports with partial output delay specified.


12. checking latch_loops (0)
----------------------------
 There are 0 combinational latch loops in the design through latch input



------------------------------------------------------------------------------------------------
| Design Timing Summary
| ---------------------
------------------------------------------------------------------------------------------------

    WNS(ns)      TNS(ns)  TNS Failing Endpoints  TNS Total Endpoints      WHS(ns)      THS(ns)  THS Failing Endpoints  THS Total Endpoints     WPWS(ns)     TPWS(ns)  TPWS Failing Endpoints  TPWS Total Endpoints  
    -------      -------  ---------------------  -------------------      -------      -------  ---------------------  -------------------     --------     --------  ----------------------  --------------------  
      8.405        0.000                      0                    1        0.451        0.000                      0                    1        4.500        0.000                       0                     2  


All user specified timing constraints are met.


------------------------------------------------------------------------------------------------
| Clock Summary
| -------------
------------------------------------------------------------------------------------------------

Clock        Waveform(ns)       Period(ns)      Frequency(MHz)
-----        ------------       ----------      --------------
sys_clk_pin  {0.000 5.000}      10.000          100.000         


------------------------------------------------------------------------------------------------
| Intra Clock Table
| -----------------
------------------------------------------------------------------------------------------------

Clock             WNS(ns)      TNS(ns)  TNS Failing Endpoints  TNS Total Endpoints      WHS(ns)      THS(ns)  THS Failing Endpoints  THS Total Endpoints     WPWS(ns)     TPWS(ns)  TPWS Failing Endpoints  TPWS Total Endpoints  
-----             -------      -------  ---------------------  -------------------      -------      -------  ---------------------  -------------------     --------     --------  ----------------------  --------------------  
sys_clk_pin         8.405        0.000                      0                    1        0.451        0.000                      0                    1        4.500        0.000                       0                     2  


------------------------------------------------------------------------------------------------
| Inter Clock Table
| -----------------
------------------------------------------------------------------------------------------------

From Clock    To Clock          WNS(ns)      TNS(ns)  TNS Failing Endpoints  TNS Total Endpoints      WHS(ns)      THS(ns)  THS Failing Endpoints  THS Total Endpoints  
----------    --------          -------      -------  ---------------------  -------------------      -------      -------  ---------------------  -------------------  


------------------------------------------------------------------------------------------------
| Other Path Groups Table
| -----------------------
------------------------------------------------------------------------------------------------

Path Group    From Clock    To Clock          WNS(ns)      TNS(ns)  TNS Failing Endpoints  TNS Total Endpoints      WHS(ns)      THS(ns)  THS Failing Endpoints  THS Total Endpoints  
----------    ----------    --------          -------      -------  ---------------------  -------------------      -------      -------  ---------------------  -------------------  


------------------------------------------------------------------------------------------------
| User Ignored Path Table
| -----------------------
------------------------------------------------------------------------------------------------

Path Group    From Clock    To Clock    
----------    ----------    --------    


------------------------------------------------------------------------------------------------
| Unconstrained Path Table
| ------------------------
------------------------------------------------------------------------------------------------

Path Group    From Clock    To Clock    
----------    ----------    --------    
(none)                                    


------------------------------------------------------------------------------------------------
| Timing Details
| --------------
------------------------------------------------------------------------------------------------


---------------------------------------------------------------------------------------------------
From Clock:  sys_clk_pin
  To Clock:  sys_clk_pin

Setup :            0  Failing Endpoints,  Worst Slack        8.405ns,  Total Violation        0.000ns
Hold  :            0  Failing Endpoints,  Worst Slack        0.451ns,  Total Violation        0.000ns
PW    :            0  Failing Endpoints,  Worst Slack        4.500ns,  Total Violation        0.000ns
---------------------------------------------------------------------------------------------------


Max Delay Paths
--------------------------------------------------------------------------------------
Slack (MET) :             8.405ns  (required time - arrival time)
  Source:                 ff0/C
                            (rising edge-triggered cell FDCE clocked by sys_clk_pin  {rise@0.000ns fall@5.000ns period=10.000ns})
  Destination:            ff0/D
                            (rising edge-triggered cell FDCE clocked by sys_clk_pin  {rise@0.000ns fall@5.000ns period=10.000ns})
  Path Group:             sys_clk_pin
  Path Type:              Setup (Max at Slow Process Corner)
  Requirement:            10.000ns  (sys_clk_pin rise@10.000ns - sys_clk_pin rise@0.000ns)
  Data Path Delay:        1.589ns  (logic 0.580ns (36.502%)  route 1.009ns (63.498%))
  Logic Levels:           1  (LUT1=1)
  Clock Path Skew:        0.000ns (DCD - SCD + CPR)
    Destination Clock Delay (DCD):    4.858ns = ( 14.858 - 10.000 ) 
    Source Clock Delay      (SCD):    5.156ns
    Clock Pessimism Removal (CPR):    0.298ns
  Clock Uncertainty:      0.035ns  ((TSJ^2 + TIJ^2)^1/2 + DJ) / 2 + PE
    Total System Jitter     (TSJ):    0.071ns
    Total Input Jitter      (TIJ):    0.000ns
    Discrete Jitter          (DJ):    0.000ns
    Phase Error              (PE):    0.000ns

    Location             Delay type                Incr(ns)  Path(ns)    Netlist Resource(s)
  -------------------------------------------------------------------    -------------------
                         (clock sys_clk_pin rise edge)
                                                      0.000     0.000 r  
    W5                                                0.000     0.000 r  clk (IN)
                         net (fo=0)                   0.000     0.000    clk
    W5                   IBUF (Prop_ibuf_I_O)         1.458     1.458 r  clk_IBUF_inst/O
                         net (fo=1, routed)           1.967     3.425    clk_IBUF
    BUFGCTRL_X0Y0        BUFG (Prop_bufg_I_O)         0.096     3.521 r  clk_IBUF_BUFG_inst/O
                         net (fo=1, routed)           1.635     5.156    clk_IBUF_BUFG
    SLICE_X7Y3           FDCE                                         r  ff0/C
  -------------------------------------------------------------------    -------------------
    SLICE_X7Y3           FDCE (Prop_fdce_C_Q)         0.456     5.612 f  ff0/Q
                         net (fo=2, routed)           1.009     6.621    q_0
    SLICE_X7Y3           LUT1 (Prop_lut1_I0_O)        0.124     6.745 r  ff0_i_1/O
                         net (fo=1, routed)           0.000     6.745    D0
    SLICE_X7Y3           FDCE                                         r  ff0/D
  -------------------------------------------------------------------    -------------------

                         (clock sys_clk_pin rise edge)
                                                     10.000    10.000 r  
    W5                                                0.000    10.000 r  clk (IN)
                         net (fo=0)                   0.000    10.000    clk
    W5                   IBUF (Prop_ibuf_I_O)         1.388    11.388 r  clk_IBUF_inst/O
                         net (fo=1, routed)           1.862    13.250    clk_IBUF
    BUFGCTRL_X0Y0        BUFG (Prop_bufg_I_O)         0.091    13.341 r  clk_IBUF_BUFG_inst/O
                         net (fo=1, routed)           1.517    14.858    clk_IBUF_BUFG
    SLICE_X7Y3           FDCE                                         r  ff0/C
                         clock pessimism              0.298    15.156    
                         clock uncertainty           -0.035    15.121    
    SLICE_X7Y3           FDCE (Setup_fdce_C_D)        0.029    15.150    ff0
  -------------------------------------------------------------------
                         required time                         15.150    
                         arrival time                          -6.745    
  -------------------------------------------------------------------
                         slack                                  8.405    





Min Delay Paths
--------------------------------------------------------------------------------------
Slack (MET) :             0.451ns  (arrival time - required time)
  Source:                 ff0/C
                            (rising edge-triggered cell FDCE clocked by sys_clk_pin  {rise@0.000ns fall@5.000ns period=10.000ns})
  Destination:            ff0/D
                            (rising edge-triggered cell FDCE clocked by sys_clk_pin  {rise@0.000ns fall@5.000ns period=10.000ns})
  Path Group:             sys_clk_pin
  Path Type:              Hold (Min at Fast Process Corner)
  Requirement:            0.000ns  (sys_clk_pin rise@0.000ns - sys_clk_pin rise@0.000ns)
  Data Path Delay:        0.542ns  (logic 0.186ns (34.320%)  route 0.356ns (65.680%))
  Logic Levels:           1  (LUT1=1)
  Clock Path Skew:        0.000ns (DCD - SCD - CPR)
    Destination Clock Delay (DCD):    1.991ns
    Source Clock Delay      (SCD):    1.476ns
    Clock Pessimism Removal (CPR):    0.515ns

    Location             Delay type                Incr(ns)  Path(ns)    Netlist Resource(s)
  -------------------------------------------------------------------    -------------------
                         (clock sys_clk_pin rise edge)
                                                      0.000     0.000 r  
    W5                                                0.000     0.000 r  clk (IN)
                         net (fo=0)                   0.000     0.000    clk
    W5                   IBUF (Prop_ibuf_I_O)         0.226     0.226 r  clk_IBUF_inst/O
                         net (fo=1, routed)           0.631     0.858    clk_IBUF
    BUFGCTRL_X0Y0        BUFG (Prop_bufg_I_O)         0.026     0.884 r  clk_IBUF_BUFG_inst/O
                         net (fo=1, routed)           0.593     1.476    clk_IBUF_BUFG
    SLICE_X7Y3           FDCE                                         r  ff0/C
  -------------------------------------------------------------------    -------------------
    SLICE_X7Y3           FDCE (Prop_fdce_C_Q)         0.141     1.617 f  ff0/Q
                         net (fo=2, routed)           0.356     1.973    q_0
    SLICE_X7Y3           LUT1 (Prop_lut1_I0_O)        0.045     2.018 r  ff0_i_1/O
                         net (fo=1, routed)           0.000     2.018    D0
    SLICE_X7Y3           FDCE                                         r  ff0/D
  -------------------------------------------------------------------    -------------------

                         (clock sys_clk_pin rise edge)
                                                      0.000     0.000 r  
    W5                                                0.000     0.000 r  clk (IN)
                         net (fo=0)                   0.000     0.000    clk
    W5                   IBUF (Prop_ibuf_I_O)         0.414     0.414 r  clk_IBUF_inst/O
                         net (fo=1, routed)           0.685     1.099    clk_IBUF
    BUFGCTRL_X0Y0        BUFG (Prop_bufg_I_O)         0.029     1.128 r  clk_IBUF_BUFG_inst/O
                         net (fo=1, routed)           0.864     1.991    clk_IBUF_BUFG
    SLICE_X7Y3           FDCE                                         r  ff0/C
                         clock pessimism             -0.515     1.476    
    SLICE_X7Y3           FDCE (Hold_fdce_C_D)         0.091     1.567    ff0
  -------------------------------------------------------------------
                         required time                         -1.567    
                         arrival time                           2.018    
  -------------------------------------------------------------------
                         slack                                  0.451    





Pulse Width Checks
--------------------------------------------------------------------------------------
Clock Name:         sys_clk_pin
Waveform(ns):       { 0.000 5.000 }
Period(ns):         10.000
Sources:            { clk }

Check Type        Corner  Lib Pin  Reference Pin  Required(ns)  Actual(ns)  Slack(ns)  Location       Pin
Min Period        n/a     BUFG/I   n/a            2.155         10.000      7.845      BUFGCTRL_X0Y0  clk_IBUF_BUFG_inst/I
Min Period        n/a     FDCE/C   n/a            1.000         10.000      9.000      SLICE_X7Y3     ff0/C
Low Pulse Width   Slow    FDCE/C   n/a            0.500         5.000       4.500      SLICE_X7Y3     ff0/C
Low Pulse Width   Fast    FDCE/C   n/a            0.500         5.000       4.500      SLICE_X7Y3     ff0/C
High Pulse Width  Slow    FDCE/C   n/a            0.500         5.000       4.500      SLICE_X7Y3     ff0/C
High Pulse Width  Fast    FDCE/C   n/a            0.500         5.000       4.500      SLICE_X7Y3     ff0/C



--------------------------------------------------------------------------------------
Path Group:  (none)
From Clock:  
  To Clock:  

Max Delay            27 Endpoints
Min Delay            27 Endpoints
--------------------------------------------------------------------------------------


Max Delay Paths
--------------------------------------------------------------------------------------
Slack:                    inf
  Source:                 ff_chain[26].ff/C
                            (rising edge-triggered cell FDCE)
  Destination:            led
                            (output port)
  Path Group:             (none)
  Path Type:              Max at Slow Process Corner
  Data Path Delay:        5.649ns  (logic 3.961ns (70.113%)  route 1.688ns (29.887%))
  Logic Levels:           2  (FDCE=1 OBUF=1)

    Location             Delay type                Incr(ns)  Path(ns)    Netlist Resource(s)
  -------------------------------------------------------------------    -------------------
    SLICE_X0Y5           FDCE                         0.000     0.000 r  ff_chain[26].ff/C
    SLICE_X0Y5           FDCE (Prop_fdce_C_Q)         0.456     0.456 r  ff_chain[26].ff/Q
                         net (fo=2, routed)           1.688     2.144    led_OBUF
    U16                  OBUF (Prop_obuf_I_O)         3.505     5.649 r  led_OBUF_inst/O
                         net (fo=0)                   0.000     5.649    led
    U16                                                               r  led (OUT)
  -------------------------------------------------------------------    -------------------

Slack:                    inf
  Source:                 ff_chain[13].ff/C
                            (rising edge-triggered cell FDCE)
  Destination:            ff_chain[13].ff/D
  Path Group:             (none)
  Path Type:              Max at Slow Process Corner
  Data Path Delay:        1.589ns  (logic 0.580ns (36.502%)  route 1.009ns (63.498%))
  Logic Levels:           2  (FDCE=1 LUT1=1)

    Location             Delay type                Incr(ns)  Path(ns)    Netlist Resource(s)
  -------------------------------------------------------------------    -------------------
    SLICE_X1Y2           FDCE                         0.000     0.000 r  ff_chain[13].ff/C
    SLICE_X1Y2           FDCE (Prop_fdce_C_Q)         0.456     0.456 f  ff_chain[13].ff/Q
                         net (fo=2, routed)           1.009     1.465    q_13
    SLICE_X1Y2           LUT1 (Prop_lut1_I0_O)        0.124     1.589 r  ff_chain[13].ff_i_1/O
                         net (fo=1, routed)           0.000     1.589    ff_chain[13].ff_i_1_n_0
    SLICE_X1Y2           FDCE                                         r  ff_chain[13].ff/D
  -------------------------------------------------------------------    -------------------

Slack:                    inf
  Source:                 ff_chain[17].ff/C
                            (rising edge-triggered cell FDCE)
  Destination:            ff_chain[17].ff/D
  Path Group:             (none)
  Path Type:              Max at Slow Process Corner
  Data Path Delay:        1.589ns  (logic 0.580ns (36.502%)  route 1.009ns (63.498%))
  Logic Levels:           2  (FDCE=1 LUT1=1)

    Location             Delay type                Incr(ns)  Path(ns)    Netlist Resource(s)
  -------------------------------------------------------------------    -------------------
    SLICE_X3Y1           FDCE                         0.000     0.000 r  ff_chain[17].ff/C
    SLICE_X3Y1           FDCE (Prop_fdce_C_Q)         0.456     0.456 f  ff_chain[17].ff/Q
                         net (fo=2, routed)           1.009     1.465    q_17
    SLICE_X3Y1           LUT1 (Prop_lut1_I0_O)        0.124     1.589 r  ff_chain[17].ff_i_1/O
                         net (fo=1, routed)           0.000     1.589    ff_chain[17].ff_i_1_n_0
    SLICE_X3Y1           FDCE                                         r  ff_chain[17].ff/D
  -------------------------------------------------------------------    -------------------

Slack:                    inf
  Source:                 ff_chain[2].ff/C
                            (rising edge-triggered cell FDCE)
  Destination:            ff_chain[2].ff/D
  Path Group:             (none)
  Path Type:              Max at Slow Process Corner
  Data Path Delay:        1.589ns  (logic 0.580ns (36.502%)  route 1.009ns (63.498%))
  Logic Levels:           2  (FDCE=1 LUT1=1)

    Location             Delay type                Incr(ns)  Path(ns)    Netlist Resource(s)
  -------------------------------------------------------------------    -------------------
    SLICE_X5Y3           FDCE                         0.000     0.000 r  ff_chain[2].ff/C
    SLICE_X5Y3           FDCE (Prop_fdce_C_Q)         0.456     0.456 f  ff_chain[2].ff/Q
                         net (fo=2, routed)           1.009     1.465    q_2
    SLICE_X5Y3           LUT1 (Prop_lut1_I0_O)        0.124     1.589 r  ff_chain[2].ff_i_1/O
                         net (fo=1, routed)           0.000     1.589    ff_chain[2].ff_i_1_n_0
    SLICE_X5Y3           FDCE                                         r  ff_chain[2].ff/D
  -------------------------------------------------------------------    -------------------

Slack:                    inf
  Source:                 ff_chain[8].ff/C
                            (rising edge-triggered cell FDCE)
  Destination:            ff_chain[8].ff/D
  Path Group:             (none)
  Path Type:              Max at Slow Process Corner
  Data Path Delay:        1.589ns  (logic 0.580ns (36.502%)  route 1.009ns (63.498%))
  Logic Levels:           2  (FDCE=1 LUT1=1)

    Location             Delay type                Incr(ns)  Path(ns)    Netlist Resource(s)
  -------------------------------------------------------------------    -------------------
    SLICE_X5Y4           FDCE                         0.000     0.000 r  ff_chain[8].ff/C
    SLICE_X5Y4           FDCE (Prop_fdce_C_Q)         0.456     0.456 f  ff_chain[8].ff/Q
                         net (fo=2, routed)           1.009     1.465    q_8
    SLICE_X5Y4           LUT1 (Prop_lut1_I0_O)        0.124     1.589 r  ff_chain[8].ff_i_1/O
                         net (fo=1, routed)           0.000     1.589    ff_chain[8].ff_i_1_n_0
    SLICE_X5Y4           FDCE                                         r  ff_chain[8].ff/D
  -------------------------------------------------------------------    -------------------

Slack:                    inf
  Source:                 ff_chain[11].ff/C
                            (rising edge-triggered cell FDCE)
  Destination:            ff_chain[11].ff/D
  Path Group:             (none)
  Path Type:              Max at Slow Process Corner
  Data Path Delay:        1.381ns  (logic 0.580ns (42.010%)  route 0.801ns (57.990%))
  Logic Levels:           2  (FDCE=1 LUT1=1)

    Location             Delay type                Incr(ns)  Path(ns)    Netlist Resource(s)
  -------------------------------------------------------------------    -------------------
    SLICE_X0Y3           FDCE                         0.000     0.000 r  ff_chain[11].ff/C
    SLICE_X0Y3           FDCE (Prop_fdce_C_Q)         0.456     0.456 f  ff_chain[11].ff/Q
                         net (fo=2, routed)           0.801     1.257    q_11
    SLICE_X0Y3           LUT1 (Prop_lut1_I0_O)        0.124     1.381 r  ff_chain[11].ff_i_1/O
                         net (fo=1, routed)           0.000     1.381    ff_chain[11].ff_i_1_n_0
    SLICE_X0Y3           FDCE                                         r  ff_chain[11].ff/D
  -------------------------------------------------------------------    -------------------

Slack:                    inf
  Source:                 ff_chain[15].ff/C
                            (rising edge-triggered cell FDCE)
  Destination:            ff_chain[15].ff/D
  Path Group:             (none)
  Path Type:              Max at Slow Process Corner
  Data Path Delay:        1.381ns  (logic 0.580ns (42.010%)  route 0.801ns (57.990%))
  Logic Levels:           2  (FDCE=1 LUT1=1)

    Location             Delay type                Incr(ns)  Path(ns)    Netlist Resource(s)
  -------------------------------------------------------------------    -------------------
    SLICE_X0Y1           FDCE                         0.000     0.000 r  ff_chain[15].ff/C
    SLICE_X0Y1           FDCE (Prop_fdce_C_Q)         0.456     0.456 f  ff_chain[15].ff/Q
                         net (fo=2, routed)           0.801     1.257    q_15
    SLICE_X0Y1           LUT1 (Prop_lut1_I0_O)        0.124     1.381 r  ff_chain[15].ff_i_1/O
                         net (fo=1, routed)           0.000     1.381    ff_chain[15].ff_i_1_n_0
    SLICE_X0Y1           FDCE                                         r  ff_chain[15].ff/D
  -------------------------------------------------------------------    -------------------

Slack:                    inf
  Source:                 ff_chain[21].ff/C
                            (rising edge-triggered cell FDCE)
  Destination:            ff_chain[21].ff/D
  Path Group:             (none)
  Path Type:              Max at Slow Process Corner
  Data Path Delay:        1.381ns  (logic 0.580ns (42.010%)  route 0.801ns (57.990%))
  Logic Levels:           2  (FDCE=1 LUT1=1)

    Location             Delay type                Incr(ns)  Path(ns)    Netlist Resource(s)
  -------------------------------------------------------------------    -------------------
    SLICE_X0Y4           FDCE                         0.000     0.000 r  ff_chain[21].ff/C
    SLICE_X0Y4           FDCE (Prop_fdce_C_Q)         0.456     0.456 f  ff_chain[21].ff/Q
                         net (fo=2, routed)           0.801     1.257    q_21
    SLICE_X0Y4           LUT1 (Prop_lut1_I0_O)        0.124     1.381 r  ff_chain[21].ff_i_1/O
                         net (fo=1, routed)           0.000     1.381    ff_chain[21].ff_i_1_n_0
    SLICE_X0Y4           FDCE                                         r  ff_chain[21].ff/D
  -------------------------------------------------------------------    -------------------

Slack:                    inf
  Source:                 ff_chain[6].ff/C
                            (rising edge-triggered cell FDCE)
  Destination:            ff_chain[6].ff/D
  Path Group:             (none)
  Path Type:              Max at Slow Process Corner
  Data Path Delay:        1.381ns  (logic 0.580ns (42.010%)  route 0.801ns (57.990%))
  Logic Levels:           2  (FDCE=1 LUT1=1)

    Location             Delay type                Incr(ns)  Path(ns)    Netlist Resource(s)
  -------------------------------------------------------------------    -------------------
    SLICE_X4Y2           FDCE                         0.000     0.000 r  ff_chain[6].ff/C
    SLICE_X4Y2           FDCE (Prop_fdce_C_Q)         0.456     0.456 f  ff_chain[6].ff/Q
                         net (fo=2, routed)           0.801     1.257    q_6
    SLICE_X4Y2           LUT1 (Prop_lut1_I0_O)        0.124     1.381 r  ff_chain[6].ff_i_1/O
                         net (fo=1, routed)           0.000     1.381    ff_chain[6].ff_i_1_n_0
    SLICE_X4Y2           FDCE                                         r  ff_chain[6].ff/D
  -------------------------------------------------------------------    -------------------

Slack:                    inf
  Source:                 ff_chain[18].ff/C
                            (rising edge-triggered cell FDCE)
  Destination:            ff_chain[18].ff/D
  Path Group:             (none)
  Path Type:              Max at Slow Process Corner
  Data Path Delay:        1.175ns  (logic 0.642ns (54.624%)  route 0.533ns (45.376%))
  Logic Levels:           2  (FDCE=1 LUT1=1)

    Location             Delay type                Incr(ns)  Path(ns)    Netlist Resource(s)
  -------------------------------------------------------------------    -------------------
    SLICE_X2Y1           FDCE                         0.000     0.000 r  ff_chain[18].ff/C
    SLICE_X2Y1           FDCE (Prop_fdce_C_Q)         0.518     0.518 f  ff_chain[18].ff/Q
                         net (fo=2, routed)           0.533     1.051    q_18
    SLICE_X2Y1           LUT1 (Prop_lut1_I0_O)        0.124     1.175 r  ff_chain[18].ff_i_1/O
                         net (fo=1, routed)           0.000     1.175    ff_chain[18].ff_i_1_n_0
    SLICE_X2Y1           FDCE                                         r  ff_chain[18].ff/D
  -------------------------------------------------------------------    -------------------





Min Delay Paths
--------------------------------------------------------------------------------------
Slack:                    inf
  Source:                 ff_chain[12].ff/C
                            (rising edge-triggered cell FDCE)
  Destination:            ff_chain[12].ff/D
  Path Group:             (none)
  Path Type:              Min at Fast Process Corner
  Data Path Delay:        0.354ns  (logic 0.186ns (52.507%)  route 0.168ns (47.493%))
  Logic Levels:           2  (FDCE=1 LUT1=1)

    Location             Delay type                Incr(ns)  Path(ns)    Netlist Resource(s)
  -------------------------------------------------------------------    -------------------
    SLICE_X1Y3           FDCE                         0.000     0.000 r  ff_chain[12].ff/C
    SLICE_X1Y3           FDCE (Prop_fdce_C_Q)         0.141     0.141 f  ff_chain[12].ff/Q
                         net (fo=2, routed)           0.168     0.309    q_12
    SLICE_X1Y3           LUT1 (Prop_lut1_I0_O)        0.045     0.354 r  ff_chain[12].ff_i_1/O
                         net (fo=1, routed)           0.000     0.354    ff_chain[12].ff_i_1_n_0
    SLICE_X1Y3           FDCE                                         r  ff_chain[12].ff/D
  -------------------------------------------------------------------    -------------------

Slack:                    inf
  Source:                 ff_chain[16].ff/C
                            (rising edge-triggered cell FDCE)
  Destination:            ff_chain[16].ff/D
  Path Group:             (none)
  Path Type:              Min at Fast Process Corner
  Data Path Delay:        0.354ns  (logic 0.186ns (52.507%)  route 0.168ns (47.493%))
  Logic Levels:           2  (FDCE=1 LUT1=1)

    Location             Delay type                Incr(ns)  Path(ns)    Netlist Resource(s)
  -------------------------------------------------------------------    -------------------
    SLICE_X1Y1           FDCE                         0.000     0.000 r  ff_chain[16].ff/C
    SLICE_X1Y1           FDCE (Prop_fdce_C_Q)         0.141     0.141 f  ff_chain[16].ff/Q
                         net (fo=2, routed)           0.168     0.309    q_16
    SLICE_X1Y1           LUT1 (Prop_lut1_I0_O)        0.045     0.354 r  ff_chain[16].ff_i_1/O
                         net (fo=1, routed)           0.000     0.354    ff_chain[16].ff_i_1_n_0
    SLICE_X1Y1           FDCE                                         r  ff_chain[16].ff/D
  -------------------------------------------------------------------    -------------------

Slack:                    inf
  Source:                 ff_chain[25].ff/C
                            (rising edge-triggered cell FDCE)
  Destination:            ff_chain[25].ff/D
  Path Group:             (none)
  Path Type:              Min at Fast Process Corner
  Data Path Delay:        0.354ns  (logic 0.186ns (52.507%)  route 0.168ns (47.493%))
  Logic Levels:           2  (FDCE=1 LUT1=1)

    Location             Delay type                Incr(ns)  Path(ns)    Netlist Resource(s)
  -------------------------------------------------------------------    -------------------
    SLICE_X1Y6           FDCE                         0.000     0.000 r  ff_chain[25].ff/C
    SLICE_X1Y6           FDCE (Prop_fdce_C_Q)         0.141     0.141 f  ff_chain[25].ff/Q
                         net (fo=2, routed)           0.168     0.309    q_25
    SLICE_X1Y6           LUT1 (Prop_lut1_I0_O)        0.045     0.354 r  ff_chain[25].ff_i_1/O
                         net (fo=1, routed)           0.000     0.354    ff_chain[25].ff_i_1_n_0
    SLICE_X1Y6           FDCE                                         r  ff_chain[25].ff/D
  -------------------------------------------------------------------    -------------------

Slack:                    inf
  Source:                 ff_chain[4].ff/C
                            (rising edge-triggered cell FDCE)
  Destination:            ff_chain[4].ff/D
  Path Group:             (none)
  Path Type:              Min at Fast Process Corner
  Data Path Delay:        0.354ns  (logic 0.186ns (52.507%)  route 0.168ns (47.493%))
  Logic Levels:           2  (FDCE=1 LUT1=1)

    Location             Delay type                Incr(ns)  Path(ns)    Netlist Resource(s)
  -------------------------------------------------------------------    -------------------
    SLICE_X3Y3           FDCE                         0.000     0.000 r  ff_chain[4].ff/C
    SLICE_X3Y3           FDCE (Prop_fdce_C_Q)         0.141     0.141 f  ff_chain[4].ff/Q
                         net (fo=2, routed)           0.168     0.309    q_4
    SLICE_X3Y3           LUT1 (Prop_lut1_I0_O)        0.045     0.354 r  ff_chain[4].ff_i_1/O
                         net (fo=1, routed)           0.000     0.354    ff_chain[4].ff_i_1_n_0
    SLICE_X3Y3           FDCE                                         r  ff_chain[4].ff/D
  -------------------------------------------------------------------    -------------------

Slack:                    inf
  Source:                 ff_chain[5].ff/C
                            (rising edge-triggered cell FDCE)
  Destination:            ff_chain[5].ff/D
  Path Group:             (none)
  Path Type:              Min at Fast Process Corner
  Data Path Delay:        0.354ns  (logic 0.186ns (52.507%)  route 0.168ns (47.493%))
  Logic Levels:           2  (FDCE=1 LUT1=1)

    Location             Delay type                Incr(ns)  Path(ns)    Netlist Resource(s)
  -------------------------------------------------------------------    -------------------
    SLICE_X3Y2           FDCE                         0.000     0.000 r  ff_chain[5].ff/C
    SLICE_X3Y2           FDCE (Prop_fdce_C_Q)         0.141     0.141 f  ff_chain[5].ff/Q
                         net (fo=2, routed)           0.168     0.309    q_5
    SLICE_X3Y2           LUT1 (Prop_lut1_I0_O)        0.045     0.354 r  ff_chain[5].ff_i_1/O
                         net (fo=1, routed)           0.000     0.354    ff_chain[5].ff_i_1_n_0
    SLICE_X3Y2           FDCE                                         r  ff_chain[5].ff/D
  -------------------------------------------------------------------    -------------------

Slack:                    inf
  Source:                 ff_chain[22].ff/C
                            (rising edge-triggered cell FDCE)
  Destination:            ff_chain[22].ff/D
  Path Group:             (none)
  Path Type:              Min at Fast Process Corner
  Data Path Delay:        0.354ns  (logic 0.186ns (52.498%)  route 0.168ns (47.502%))
  Logic Levels:           2  (FDCE=1 LUT1=1)

    Location             Delay type                Incr(ns)  Path(ns)    Netlist Resource(s)
  -------------------------------------------------------------------    -------------------
    SLICE_X1Y4           FDCE                         0.000     0.000 r  ff_chain[22].ff/C
    SLICE_X1Y4           FDCE (Prop_fdce_C_Q)         0.141     0.141 f  ff_chain[22].ff/Q
                         net (fo=2, routed)           0.168     0.309    q_22
    SLICE_X1Y4           LUT1 (Prop_lut1_I0_O)        0.045     0.354 r  ff_chain[22].ff_i_1/O
                         net (fo=1, routed)           0.000     0.354    ff_chain[22].ff_i_1_n_0
    SLICE_X1Y4           FDCE                                         r  ff_chain[22].ff/D
  -------------------------------------------------------------------    -------------------

Slack:                    inf
  Source:                 ff_chain[24].ff/C
                            (rising edge-triggered cell FDCE)
  Destination:            ff_chain[24].ff/D
  Path Group:             (none)
  Path Type:              Min at Fast Process Corner
  Data Path Delay:        0.354ns  (logic 0.186ns (52.498%)  route 0.168ns (47.502%))
  Logic Levels:           2  (FDCE=1 LUT1=1)

    Location             Delay type                Incr(ns)  Path(ns)    Netlist Resource(s)
  -------------------------------------------------------------------    -------------------
    SLICE_X1Y5           FDCE                         0.000     0.000 r  ff_chain[24].ff/C
    SLICE_X1Y5           FDCE (Prop_fdce_C_Q)         0.141     0.141 f  ff_chain[24].ff/Q
                         net (fo=2, routed)           0.168     0.309    q_24
    SLICE_X1Y5           LUT1 (Prop_lut1_I0_O)        0.045     0.354 r  ff_chain[24].ff_i_1/O
                         net (fo=1, routed)           0.000     0.354    ff_chain[24].ff_i_1_n_0
    SLICE_X1Y5           FDCE                                         r  ff_chain[24].ff/D
  -------------------------------------------------------------------    -------------------

Slack:                    inf
  Source:                 ff_chain[7].ff/C
                            (rising edge-triggered cell FDCE)
  Destination:            ff_chain[7].ff/D
  Path Group:             (none)
  Path Type:              Min at Fast Process Corner
  Data Path Delay:        0.354ns  (logic 0.186ns (52.498%)  route 0.168ns (47.502%))
  Logic Levels:           2  (FDCE=1 LUT1=1)

    Location             Delay type                Incr(ns)  Path(ns)    Netlist Resource(s)
  -------------------------------------------------------------------    -------------------
    SLICE_X5Y2           FDCE                         0.000     0.000 r  ff_chain[7].ff/C
    SLICE_X5Y2           FDCE (Prop_fdce_C_Q)         0.141     0.141 f  ff_chain[7].ff/Q
                         net (fo=2, routed)           0.168     0.309    q_7
    SLICE_X5Y2           LUT1 (Prop_lut1_I0_O)        0.045     0.354 r  ff_chain[7].ff_i_1/O
                         net (fo=1, routed)           0.000     0.354    ff_chain[7].ff_i_1_n_0
    SLICE_X5Y2           FDCE                                         r  ff_chain[7].ff/D
  -------------------------------------------------------------------    -------------------

Slack:                    inf
  Source:                 ff_chain[14].ff/C
                            (rising edge-triggered cell FDCE)
  Destination:            ff_chain[14].ff/D
  Path Group:             (none)
  Path Type:              Min at Fast Process Corner
  Data Path Delay:        0.371ns  (logic 0.186ns (50.171%)  route 0.185ns (49.829%))
  Logic Levels:           2  (FDCE=1 LUT1=1)

    Location             Delay type                Incr(ns)  Path(ns)    Netlist Resource(s)
  -------------------------------------------------------------------    -------------------
    SLICE_X0Y2           FDCE                         0.000     0.000 r  ff_chain[14].ff/C
    SLICE_X0Y2           FDCE (Prop_fdce_C_Q)         0.141     0.141 f  ff_chain[14].ff/Q
                         net (fo=2, routed)           0.185     0.326    q_14
    SLICE_X0Y2           LUT1 (Prop_lut1_I0_O)        0.045     0.371 r  ff_chain[14].ff_i_1/O
                         net (fo=1, routed)           0.000     0.371    ff_chain[14].ff_i_1_n_0
    SLICE_X0Y2           FDCE                                         r  ff_chain[14].ff/D
  -------------------------------------------------------------------    -------------------

Slack:                    inf
  Source:                 ff_chain[3].ff/C
                            (rising edge-triggered cell FDCE)
  Destination:            ff_chain[3].ff/D
  Path Group:             (none)
  Path Type:              Min at Fast Process Corner
  Data Path Delay:        0.371ns  (logic 0.186ns (50.171%)  route 0.185ns (49.829%))
  Logic Levels:           2  (FDCE=1 LUT1=1)

    Location             Delay type                Incr(ns)  Path(ns)    Netlist Resource(s)
  -------------------------------------------------------------------    -------------------
    SLICE_X4Y3           FDCE                         0.000     0.000 r  ff_chain[3].ff/C
    SLICE_X4Y3           FDCE (Prop_fdce_C_Q)         0.141     0.141 f  ff_chain[3].ff/Q
                         net (fo=2, routed)           0.185     0.326    q_3
    SLICE_X4Y3           LUT1 (Prop_lut1_I0_O)        0.045     0.371 r  ff_chain[3].ff_i_1/O
                         net (fo=1, routed)           0.000     0.371    ff_chain[3].ff_i_1_n_0
    SLICE_X4Y3           FDCE                                         r  ff_chain[3].ff/D
  -------------------------------------------------------------------    -------------------





