Copyright 1986-2022 Xilinx, Inc. All Rights Reserved.
-------------------------------------------------------------------------------------------------
| Tool Version : Vivado v.2022.1 (win64) Build 3526262 Mon Apr 18 15:48:16 MDT 2022
| Date         : Thu May 14 13:51:37 2026
| Host         : DESKTOP-TM7VUND running 64-bit major release  (build 9200)
| Command      : report_clock_utilization -file async_clock_divider_clock_utilization_routed.rpt
| Design       : async_clock_divider
| Device       : 7a35t-cpg236
| Speed File   : -1  PRODUCTION 1.23 2018-06-13
| Design State : Routed
-------------------------------------------------------------------------------------------------

Clock Utilization Report

Table of Contents
-----------------
1. Clock Primitive Utilization
2. Global Clock Resources
3. Global Clock Source Details
4. Local Clock Details
5. Clock Regions: Key Resource Utilization
6. Clock Regions : Global Clock Summary
7. Device Cell Placement Summary for Global Clock g0
8. Clock Region Cell Placement per Global Clock: Region X0Y0

1. Clock Primitive Utilization
------------------------------

+----------+------+-----------+-----+--------------+--------+
| Type     | Used | Available | LOC | Clock Region | Pblock |
+----------+------+-----------+-----+--------------+--------+
| BUFGCTRL |    1 |        32 |   0 |            0 |      0 |
| BUFH     |    0 |        72 |   0 |            0 |      0 |
| BUFIO    |    0 |        20 |   0 |            0 |      0 |
| BUFMR    |    0 |        10 |   0 |            0 |      0 |
| BUFR     |    0 |        20 |   0 |            0 |      0 |
| MMCM     |    0 |         5 |   0 |            0 |      0 |
| PLL      |    0 |         5 |   0 |            0 |      0 |
+----------+------+-----------+-----+--------------+--------+


2. Global Clock Resources
-------------------------

+-----------+-----------+-----------------+------------+---------------+--------------+-------------------+-------------+-----------------+--------------+-------------+----------------------+---------------+
| Global Id | Source Id | Driver Type/Pin | Constraint | Site          | Clock Region | Load Clock Region | Clock Loads | Non-Clock Loads | Clock Period | Clock       | Driver Pin           | Net           |
+-----------+-----------+-----------------+------------+---------------+--------------+-------------------+-------------+-----------------+--------------+-------------+----------------------+---------------+
| g0        | src0      | BUFG/O          | None       | BUFGCTRL_X0Y0 | n/a          |                 1 |           1 |               0 |       10.000 | sys_clk_pin | clk_IBUF_BUFG_inst/O | clk_IBUF_BUFG |
+-----------+-----------+-----------------+------------+---------------+--------------+-------------------+-------------+-----------------+--------------+-------------+----------------------+---------------+
* Clock Loads column represents the clock pin loads (pin count). Internal cell leaf pins are not counted
** Non-Clock Loads column represents the non-clock pin loads (pin count)


3. Global Clock Source Details
------------------------------

+-----------+-----------+-----------------+------------+-----------+--------------+-------------+-----------------+---------------------+--------------+-----------------+----------+
| Source Id | Global Id | Driver Type/Pin | Constraint | Site      | Clock Region | Clock Loads | Non-Clock Loads | Source Clock Period | Source Clock | Driver Pin      | Net      |
+-----------+-----------+-----------------+------------+-----------+--------------+-------------+-----------------+---------------------+--------------+-----------------+----------+
| src0      | g0        | IBUF/O          | IOB_X1Y26  | IOB_X1Y26 | X1Y0         |           1 |               0 |              10.000 | sys_clk_pin  | clk_IBUF_inst/O | clk_IBUF |
+-----------+-----------+-----------------+------------+-----------+--------------+-------------+-----------------+---------------------+--------------+-----------------+----------+
* Clock Loads column represents the clock pin loads (pin count). Internal cell leaf pins are not counted
** Non-Clock Loads column represents the non-clock pin loads (pin count)


4. Local Clock Details
----------------------

+----------+-----------------+------------+----------------+--------------+-------------+-----------------+--------------+-------+-------------------+------+
| Local Id | Driver Type/Pin | Constraint | Site/BEL       | Clock Region | Clock Loads | Non-Clock Loads | Clock Period | Clock | Driver Pin        | Net  |
+----------+-----------------+------------+----------------+--------------+-------------+-----------------+--------------+-------+-------------------+------||
| 0        | FDCE/Q          | None       | SLICE_X7Y3/AFF | X0Y0         |           1 |               1 |              |       | ff0/Q             | q_0  - Static -
| 1        | FDCE/Q          | None       | SLICE_X6Y3/AFF | X0Y0         |           1 |               1 |              |       | ff_chain[1].ff/Q  | q_1  - Static -
| 2        | FDCE/Q          | None       | SLICE_X2Y3/AFF | X0Y0         |           1 |               1 |              |       | ff_chain[10].ff/Q | q_10 - Static -
| 3        | FDCE/Q          | None       | SLICE_X0Y3/AFF | X0Y0         |           1 |               1 |              |       | ff_chain[11].ff/Q | q_11 - Static -
| 4        | FDCE/Q          | None       | SLICE_X1Y3/AFF | X0Y0         |           1 |               1 |              |       | ff_chain[12].ff/Q | q_12 - Static -
| 5        | FDCE/Q          | None       | SLICE_X1Y2/AFF | X0Y0         |           1 |               1 |              |       | ff_chain[13].ff/Q | q_13 - Static -
| 6        | FDCE/Q          | None       | SLICE_X0Y2/AFF | X0Y0         |           1 |               1 |              |       | ff_chain[14].ff/Q | q_14 - Static -
| 7        | FDCE/Q          | None       | SLICE_X0Y1/AFF | X0Y0         |           1 |               1 |              |       | ff_chain[15].ff/Q | q_15 - Static -
| 8        | FDCE/Q          | None       | SLICE_X1Y1/AFF | X0Y0         |           1 |               1 |              |       | ff_chain[16].ff/Q | q_16 - Static -
| 9        | FDCE/Q          | None       | SLICE_X3Y1/AFF | X0Y0         |           1 |               1 |              |       | ff_chain[17].ff/Q | q_17 - Static -
| 10       | FDCE/Q          | None       | SLICE_X2Y1/AFF | X0Y0         |           1 |               1 |              |       | ff_chain[18].ff/Q | q_18 - Static -
| 11       | FDCE/Q          | None       | SLICE_X2Y2/AFF | X0Y0         |           1 |               1 |              |       | ff_chain[19].ff/Q | q_19 - Static -
| 12       | FDCE/Q          | None       | SLICE_X5Y3/AFF | X0Y0         |           1 |               1 |              |       | ff_chain[2].ff/Q  | q_2  - Static -
| 13       | FDCE/Q          | None       | SLICE_X2Y4/AFF | X0Y0         |           1 |               1 |              |       | ff_chain[20].ff/Q | q_20 - Static -
| 14       | FDCE/Q          | None       | SLICE_X0Y4/AFF | X0Y0         |           1 |               1 |              |       | ff_chain[21].ff/Q | q_21 - Static -
| 15       | FDCE/Q          | None       | SLICE_X1Y4/AFF | X0Y0         |           1 |               1 |              |       | ff_chain[22].ff/Q | q_22 - Static -
| 16       | FDCE/Q          | None       | SLICE_X2Y5/AFF | X0Y0         |           1 |               1 |              |       | ff_chain[23].ff/Q | q_23 - Static -
| 17       | FDCE/Q          | None       | SLICE_X1Y5/AFF | X0Y0         |           1 |               1 |              |       | ff_chain[24].ff/Q | q_24 - Static -
| 18       | FDCE/Q          | None       | SLICE_X1Y6/AFF | X0Y0         |           1 |               1 |              |       | ff_chain[25].ff/Q | q_25 - Static -
| 19       | FDCE/Q          | None       | SLICE_X4Y3/AFF | X0Y0         |           1 |               1 |              |       | ff_chain[3].ff/Q  | q_3  - Static -
| 20       | FDCE/Q          | None       | SLICE_X3Y3/AFF | X0Y0         |           1 |               1 |              |       | ff_chain[4].ff/Q  | q_4  - Static -
| 21       | FDCE/Q          | None       | SLICE_X3Y2/AFF | X0Y0         |           1 |               1 |              |       | ff_chain[5].ff/Q  | q_5  - Static -
| 22       | FDCE/Q          | None       | SLICE_X4Y2/AFF | X0Y0         |           1 |               1 |              |       | ff_chain[6].ff/Q  | q_6  - Static -
| 23       | FDCE/Q          | None       | SLICE_X5Y2/AFF | X0Y0         |           1 |               1 |              |       | ff_chain[7].ff/Q  | q_7  - Static -
| 24       | FDCE/Q          | None       | SLICE_X5Y4/AFF | X0Y0         |           1 |               1 |              |       | ff_chain[8].ff/Q  | q_8  - Static -
| 25       | FDCE/Q          | None       | SLICE_X4Y4/AFF | X0Y0         |           1 |               1 |              |       | ff_chain[9].ff/Q  | q_9  - Static -
+----------+-----------------+------------+----------------+--------------+-------------+-----------------+--------------+-------+-------------------+------||
* Local Clocks in this context represents only clocks driven by non-global buffers
** Clock Loads column represents the clock pin loads (pin count). Internal cell leaf pins are not counted
*** Non-Clock Loads column represents the non-clock pin loads (pin count)


5. Clock Regions: Key Resource Utilization
------------------------------------------

+-------------------+--------------+--------------+--------------+--------------+--------------+--------------+--------------+--------------+--------------+--------------+--------------+--------------+--------------+--------------+--------------+
|                   | Global Clock |     BUFRs    |    BUFMRs    |    BUFIOs    |     MMCM     |      PLL     |      GT      |      PCI     |    ILOGIC    |    OLOGIC    |      FF      |     LUTM     |    RAMB18    |    RAMB36    |    DSP48E2   |
+-------------------+------+-------+------+-------+------+-------+------+-------+------+-------+------+-------+------+-------+------+-------+------+-------+------+-------+------+-------+------+-------+------+-------+------+-------+------+-------+
| Clock Region Name | Used | Avail | Used | Avail | Used | Avail | Used | Avail | Used | Avail | Used | Avail | Used | Avail | Used | Avail | Used | Avail | Used | Avail | Used | Avail | Used | Avail | Used | Avail | Used | Avail | Used | Avail |
+-------------------+------+-------+------+-------+------+-------+------+-------+------+-------+------+-------+------+-------+------+-------+------+-------+------+-------+------+-------+------+-------+------+-------+------+-------+------+-------+
| X0Y0              |    1 |    12 |    0 |     4 |    0 |     2 |    0 |     4 |    0 |     1 |    0 |     1 |    0 |     0 |    0 |     0 |    0 |    50 |    0 |    50 |   27 |  1200 |   12 |   400 |    0 |    20 |    0 |    10 |    0 |    20 |
| X1Y0              |    0 |    12 |    0 |     4 |    0 |     2 |    0 |     4 |    0 |     1 |    0 |     1 |    0 |     0 |    0 |     0 |    0 |    50 |    0 |    50 |    0 |  1500 |    0 |   450 |    0 |    40 |    0 |    20 |    0 |    20 |
| X0Y1              |    0 |    12 |    0 |     4 |    0 |     2 |    0 |     4 |    0 |     1 |    0 |     1 |    0 |     0 |    0 |     0 |    0 |    50 |    0 |    50 |    0 |  1200 |    0 |   400 |    0 |    20 |    0 |    10 |    0 |    20 |
| X1Y1              |    0 |    12 |    0 |     4 |    0 |     2 |    0 |     4 |    0 |     1 |    0 |     1 |    0 |     0 |    0 |     0 |    0 |    50 |    0 |    50 |    0 |  1500 |    0 |   450 |    0 |    40 |    0 |    20 |    0 |    20 |
| X0Y2              |    0 |    12 |    0 |     4 |    0 |     2 |    0 |     4 |    0 |     1 |    0 |     1 |    0 |     0 |    0 |     0 |    0 |    50 |    0 |    50 |    0 |  1800 |    0 |   400 |    0 |    20 |    0 |    10 |    0 |    20 |
| X1Y2              |    0 |    12 |    0 |     0 |    0 |     0 |    0 |     0 |    0 |     0 |    0 |     0 |    0 |     4 |    0 |     1 |    0 |     0 |    0 |     0 |    0 |   950 |    0 |   300 |    0 |    10 |    0 |     5 |    0 |    20 |
+-------------------+------+-------+------+-------+------+-------+------+-------+------+-------+------+-------+------+-------+------+-------+------+-------+------+-------+------+-------+------+-------+------+-------+------+-------+------+-------+
* Global Clock column represents track count; while other columns represents cell counts


6. Clock Regions : Global Clock Summary
---------------------------------------

All Modules
+----+----+----+
|    | X0 | X1 |
+----+----+----+
| Y2 |  0 |  0 |
| Y1 |  0 |  0 |
| Y0 |  1 |  0 |
+----+----+----+


7. Device Cell Placement Summary for Global Clock g0
----------------------------------------------------

+-----------+-----------------+-------------------+-------------+-------------+---------------+-------------+----------+----------------+----------+---------------+
| Global Id | Driver Type/Pin | Driver Region (D) | Clock       | Period (ns) | Waveform (ns) | Slice Loads | IO Loads | Clocking Loads | GT Loads | Net           |
+-----------+-----------------+-------------------+-------------+-------------+---------------+-------------+----------+----------------+----------+---------------+
| g0        | BUFG/O          | n/a               | sys_clk_pin |      10.000 | {0.000 5.000} |           1 |        0 |              0 |        0 | clk_IBUF_BUFG |
+-----------+-----------------+-------------------+-------------+-------------+---------------+-------------+----------+----------------+----------+---------------+
* Slice Loads column represents load cell count of all cell types other than IO, GT and clock resources
** IO Loads column represents load cell count of IO types
*** Clocking Loads column represents load cell count that are clock resources (global clock buffer, MMCM, PLL, etc)
**** GT Loads column represents load cell count of GT types


+----+----+----+-----------------------+
|    | X0 | X1 | HORIZONTAL PROG DELAY |
+----+----+----+-----------------------+
| Y2 |  0 |  0 |                     - |
| Y1 |  0 |  0 |                     - |
| Y0 |  1 |  0 |                     0 |
+----+----+----+-----------------------+


8. Clock Region Cell Placement per Global Clock: Region X0Y0
------------------------------------------------------------

+-----------+-------+-----------------+------------+-------------+-----------------+----+-------------+------+-----+----+------+-----+---------+---------------+
| Global Id | Track | Driver Type/Pin | Constraint | Clock Loads | Non-Clock Loads | FF | Memory LUTs | RAMB | DSP | GT | MMCM | PLL | Hard IP | Net           |
+-----------+-------+-----------------+------------+-------------+-----------------+----+-------------+------+-----+----+------+-----+---------+---------------+
| g0        | n/a   | BUFG/O          | None       |           1 |               0 |  1 |           0 |    0 |   0 |  0 |    0 |   0 |       0 | clk_IBUF_BUFG |
+-----------+-------+-----------------+------------+-------------+-----------------+----+-------------+------+-----+----+------+-----+---------+---------------+
* Clock Loads column represents the clock pin loads (pin count). Internal cell leaf pins are not counted
** Non-Clock Loads column represents the non-clock pin loads (pin count)
*** Columns FF, LUTRAM, RAMB through 'Hard IP' represents load cell counts



# Location of BUFG Primitives 
set_property LOC BUFGCTRL_X0Y0 [get_cells clk_IBUF_BUFG_inst]

# Location of IO Primitives which is load of clock spine

# Location of clock ports
set_property LOC IOB_X1Y26 [get_ports clk]

# Clock net "clk_IBUF_BUFG" driven by instance "clk_IBUF_BUFG_inst" located at site "BUFGCTRL_X0Y0"
#startgroup
create_pblock {CLKAG_clk_IBUF_BUFG}
add_cells_to_pblock [get_pblocks  {CLKAG_clk_IBUF_BUFG}] [get_cells -filter { PRIMITIVE_GROUP != I/O && IS_PRIMITIVE==1 && PRIMITIVE_LEVEL !=INTERNAL } -of_object [get_pins -filter {DIRECTION==IN} -of_objects [get_nets -hierarchical -filter {PARENT=="clk_IBUF_BUFG"}]]]
resize_pblock [get_pblocks {CLKAG_clk_IBUF_BUFG}] -add {CLOCKREGION_X0Y0:CLOCKREGION_X0Y0}
#endgroup
