
*** Running vivado
    with args -log async_clock_divider.vdi -applog -m64 -product Vivado -messageDb vivado.pb -mode batch -source async_clock_divider.tcl -notrace



****** Vivado v2022.1 (64-bit)
  **** SW Build 3526262 on Mon Apr 18 15:48:16 MDT 2022
  **** IP Build 3524634 on Mon Apr 18 20:55:01 MDT 2022
    ** Copyright 1986-2022 Xilinx, Inc. All Rights Reserved.

source async_clock_divider.tcl -notrace
create_project: Time (s): cpu = 00:00:31 ; elapsed = 00:00:34 . Memory (MB): peak = 1667.414 ; gain = 0.000
Command: link_design -top async_clock_divider -part xc7a35tcpg236-1
Design is defaulting to srcset: sources_1
Design is defaulting to constrset: constrs_1
INFO: [Device 21-403] Loading part xc7a35tcpg236-1
Netlist sorting complete. Time (s): cpu = 00:00:00 ; elapsed = 00:00:00 . Memory (MB): peak = 1667.414 ; gain = 0.000
INFO: [Project 1-479] Netlist was created with Vivado 2022.1
INFO: [Project 1-570] Preparing netlist for logic optimization
Parsing XDC File [D:/workspace/LAB/section8_1/Basys-3-Master.xdc]
WARNING: [Vivado 12-584] No ports matched 'sw[0]'. [D:/workspace/LAB/section8_1/Basys-3-Master.xdc:12]
CRITICAL WARNING: [Common 17-55] 'set_property' expects at least one object. [D:/workspace/LAB/section8_1/Basys-3-Master.xdc:12]
Resolution: If [get_<value>] was used to populate the object, check to make sure this command returns at least one valid object.
WARNING: [Vivado 12-584] No ports matched 'sw[1]'. [D:/workspace/LAB/section8_1/Basys-3-Master.xdc:13]
CRITICAL WARNING: [Common 17-55] 'set_property' expects at least one object. [D:/workspace/LAB/section8_1/Basys-3-Master.xdc:13]
Resolution: If [get_<value>] was used to populate the object, check to make sure this command returns at least one valid object.
WARNING: [Vivado 12-584] No ports matched 'sw[2]'. [D:/workspace/LAB/section8_1/Basys-3-Master.xdc:14]
CRITICAL WARNING: [Common 17-55] 'set_property' expects at least one object. [D:/workspace/LAB/section8_1/Basys-3-Master.xdc:14]
Resolution: If [get_<value>] was used to populate the object, check to make sure this command returns at least one valid object.
WARNING: [Vivado 12-584] No ports matched 'sw[3]'. [D:/workspace/LAB/section8_1/Basys-3-Master.xdc:15]
CRITICAL WARNING: [Common 17-55] 'set_property' expects at least one object. [D:/workspace/LAB/section8_1/Basys-3-Master.xdc:15]
Resolution: If [get_<value>] was used to populate the object, check to make sure this command returns at least one valid object.
WARNING: [Vivado 12-584] No ports matched 'sw[4]'. [D:/workspace/LAB/section8_1/Basys-3-Master.xdc:16]
CRITICAL WARNING: [Common 17-55] 'set_property' expects at least one object. [D:/workspace/LAB/section8_1/Basys-3-Master.xdc:16]
Resolution: If [get_<value>] was used to populate the object, check to make sure this command returns at least one valid object.
WARNING: [Vivado 12-584] No ports matched 'sw[5]'. [D:/workspace/LAB/section8_1/Basys-3-Master.xdc:17]
CRITICAL WARNING: [Common 17-55] 'set_property' expects at least one object. [D:/workspace/LAB/section8_1/Basys-3-Master.xdc:17]
Resolution: If [get_<value>] was used to populate the object, check to make sure this command returns at least one valid object.
WARNING: [Vivado 12-584] No ports matched 'sw[6]'. [D:/workspace/LAB/section8_1/Basys-3-Master.xdc:18]
CRITICAL WARNING: [Common 17-55] 'set_property' expects at least one object. [D:/workspace/LAB/section8_1/Basys-3-Master.xdc:18]
Resolution: If [get_<value>] was used to populate the object, check to make sure this command returns at least one valid object.
WARNING: [Vivado 12-584] No ports matched 'sw[7]'. [D:/workspace/LAB/section8_1/Basys-3-Master.xdc:19]
CRITICAL WARNING: [Common 17-55] 'set_property' expects at least one object. [D:/workspace/LAB/section8_1/Basys-3-Master.xdc:19]
Resolution: If [get_<value>] was used to populate the object, check to make sure this command returns at least one valid object.
WARNING: [Vivado 12-584] No ports matched 'sw[8]'. [D:/workspace/LAB/section8_1/Basys-3-Master.xdc:20]
CRITICAL WARNING: [Common 17-55] 'set_property' expects at least one object. [D:/workspace/LAB/section8_1/Basys-3-Master.xdc:20]
Resolution: If [get_<value>] was used to populate the object, check to make sure this command returns at least one valid object.
WARNING: [Vivado 12-584] No ports matched 'led[1]'. [D:/workspace/LAB/section8_1/Basys-3-Master.xdc:32]
CRITICAL WARNING: [Common 17-55] 'set_property' expects at least one object. [D:/workspace/LAB/section8_1/Basys-3-Master.xdc:32]
Resolution: If [get_<value>] was used to populate the object, check to make sure this command returns at least one valid object.
WARNING: [Vivado 12-584] No ports matched 'led[2]'. [D:/workspace/LAB/section8_1/Basys-3-Master.xdc:33]
CRITICAL WARNING: [Common 17-55] 'set_property' expects at least one object. [D:/workspace/LAB/section8_1/Basys-3-Master.xdc:33]
Resolution: If [get_<value>] was used to populate the object, check to make sure this command returns at least one valid object.
WARNING: [Vivado 12-584] No ports matched 'led[3]'. [D:/workspace/LAB/section8_1/Basys-3-Master.xdc:34]
CRITICAL WARNING: [Common 17-55] 'set_property' expects at least one object. [D:/workspace/LAB/section8_1/Basys-3-Master.xdc:34]
Resolution: If [get_<value>] was used to populate the object, check to make sure this command returns at least one valid object.
WARNING: [Vivado 12-584] No ports matched 'led[4]'. [D:/workspace/LAB/section8_1/Basys-3-Master.xdc:35]
CRITICAL WARNING: [Common 17-55] 'set_property' expects at least one object. [D:/workspace/LAB/section8_1/Basys-3-Master.xdc:35]
Resolution: If [get_<value>] was used to populate the object, check to make sure this command returns at least one valid object.
WARNING: [Vivado 12-584] No ports matched 'led[5]'. [D:/workspace/LAB/section8_1/Basys-3-Master.xdc:36]
CRITICAL WARNING: [Common 17-55] 'set_property' expects at least one object. [D:/workspace/LAB/section8_1/Basys-3-Master.xdc:36]
Resolution: If [get_<value>] was used to populate the object, check to make sure this command returns at least one valid object.
WARNING: [Vivado 12-584] No ports matched 'led[6]'. [D:/workspace/LAB/section8_1/Basys-3-Master.xdc:37]
CRITICAL WARNING: [Common 17-55] 'set_property' expects at least one object. [D:/workspace/LAB/section8_1/Basys-3-Master.xdc:37]
Resolution: If [get_<value>] was used to populate the object, check to make sure this command returns at least one valid object.
WARNING: [Vivado 12-584] No ports matched 'led[7]'. [D:/workspace/LAB/section8_1/Basys-3-Master.xdc:38]
CRITICAL WARNING: [Common 17-55] 'set_property' expects at least one object. [D:/workspace/LAB/section8_1/Basys-3-Master.xdc:38]
Resolution: If [get_<value>] was used to populate the object, check to make sure this command returns at least one valid object.
WARNING: [Vivado 12-584] No ports matched 'led[8]'. [D:/workspace/LAB/section8_1/Basys-3-Master.xdc:39]
CRITICAL WARNING: [Common 17-55] 'set_property' expects at least one object. [D:/workspace/LAB/section8_1/Basys-3-Master.xdc:39]
Resolution: If [get_<value>] was used to populate the object, check to make sure this command returns at least one valid object.
WARNING: [Vivado 12-584] No ports matched 'led[9]'. [D:/workspace/LAB/section8_1/Basys-3-Master.xdc:40]
CRITICAL WARNING: [Common 17-55] 'set_property' expects at least one object. [D:/workspace/LAB/section8_1/Basys-3-Master.xdc:40]
Resolution: If [get_<value>] was used to populate the object, check to make sure this command returns at least one valid object.
WARNING: [Vivado 12-584] No ports matched 'led[10]'. [D:/workspace/LAB/section8_1/Basys-3-Master.xdc:41]
CRITICAL WARNING: [Common 17-55] 'set_property' expects at least one object. [D:/workspace/LAB/section8_1/Basys-3-Master.xdc:41]
Resolution: If [get_<value>] was used to populate the object, check to make sure this command returns at least one valid object.
WARNING: [Vivado 12-584] No ports matched 'led[11]'. [D:/workspace/LAB/section8_1/Basys-3-Master.xdc:42]
CRITICAL WARNING: [Common 17-55] 'set_property' expects at least one object. [D:/workspace/LAB/section8_1/Basys-3-Master.xdc:42]
Resolution: If [get_<value>] was used to populate the object, check to make sure this command returns at least one valid object.
WARNING: [Vivado 12-584] No ports matched 'led[12]'. [D:/workspace/LAB/section8_1/Basys-3-Master.xdc:43]
CRITICAL WARNING: [Common 17-55] 'set_property' expects at least one object. [D:/workspace/LAB/section8_1/Basys-3-Master.xdc:43]
Resolution: If [get_<value>] was used to populate the object, check to make sure this command returns at least one valid object.
WARNING: [Vivado 12-584] No ports matched 'led[13]'. [D:/workspace/LAB/section8_1/Basys-3-Master.xdc:44]
CRITICAL WARNING: [Common 17-55] 'set_property' expects at least one object. [D:/workspace/LAB/section8_1/Basys-3-Master.xdc:44]
Resolution: If [get_<value>] was used to populate the object, check to make sure this command returns at least one valid object.
WARNING: [Vivado 12-584] No ports matched 'led[14]'. [D:/workspace/LAB/section8_1/Basys-3-Master.xdc:45]
CRITICAL WARNING: [Common 17-55] 'set_property' expects at least one object. [D:/workspace/LAB/section8_1/Basys-3-Master.xdc:45]
Resolution: If [get_<value>] was used to populate the object, check to make sure this command returns at least one valid object.
WARNING: [Vivado 12-584] No ports matched 'led[15]'. [D:/workspace/LAB/section8_1/Basys-3-Master.xdc:46]
CRITICAL WARNING: [Common 17-55] 'set_property' expects at least one object. [D:/workspace/LAB/section8_1/Basys-3-Master.xdc:46]
Resolution: If [get_<value>] was used to populate the object, check to make sure this command returns at least one valid object.
WARNING: [Vivado 12-584] No ports matched 'seg[0]'. [D:/workspace/LAB/section8_1/Basys-3-Master.xdc:50]
CRITICAL WARNING: [Common 17-55] 'set_property' expects at least one object. [D:/workspace/LAB/section8_1/Basys-3-Master.xdc:50]
Resolution: If [get_<value>] was used to populate the object, check to make sure this command returns at least one valid object.
WARNING: [Vivado 12-584] No ports matched 'seg[1]'. [D:/workspace/LAB/section8_1/Basys-3-Master.xdc:51]
CRITICAL WARNING: [Common 17-55] 'set_property' expects at least one object. [D:/workspace/LAB/section8_1/Basys-3-Master.xdc:51]
Resolution: If [get_<value>] was used to populate the object, check to make sure this command returns at least one valid object.
WARNING: [Vivado 12-584] No ports matched 'seg[2]'. [D:/workspace/LAB/section8_1/Basys-3-Master.xdc:52]
CRITICAL WARNING: [Common 17-55] 'set_property' expects at least one object. [D:/workspace/LAB/section8_1/Basys-3-Master.xdc:52]
Resolution: If [get_<value>] was used to populate the object, check to make sure this command returns at least one valid object.
WARNING: [Vivado 12-584] No ports matched 'seg[3]'. [D:/workspace/LAB/section8_1/Basys-3-Master.xdc:53]
CRITICAL WARNING: [Common 17-55] 'set_property' expects at least one object. [D:/workspace/LAB/section8_1/Basys-3-Master.xdc:53]
Resolution: If [get_<value>] was used to populate the object, check to make sure this command returns at least one valid object.
WARNING: [Vivado 12-584] No ports matched 'seg[4]'. [D:/workspace/LAB/section8_1/Basys-3-Master.xdc:54]
CRITICAL WARNING: [Common 17-55] 'set_property' expects at least one object. [D:/workspace/LAB/section8_1/Basys-3-Master.xdc:54]
Resolution: If [get_<value>] was used to populate the object, check to make sure this command returns at least one valid object.
WARNING: [Vivado 12-584] No ports matched 'seg[5]'. [D:/workspace/LAB/section8_1/Basys-3-Master.xdc:55]
CRITICAL WARNING: [Common 17-55] 'set_property' expects at least one object. [D:/workspace/LAB/section8_1/Basys-3-Master.xdc:55]
Resolution: If [get_<value>] was used to populate the object, check to make sure this command returns at least one valid object.
WARNING: [Vivado 12-584] No ports matched 'seg[6]'. [D:/workspace/LAB/section8_1/Basys-3-Master.xdc:56]
CRITICAL WARNING: [Common 17-55] 'set_property' expects at least one object. [D:/workspace/LAB/section8_1/Basys-3-Master.xdc:56]
Resolution: If [get_<value>] was used to populate the object, check to make sure this command returns at least one valid object.
WARNING: [Vivado 12-584] No ports matched 'an[0]'. [D:/workspace/LAB/section8_1/Basys-3-Master.xdc:60]
CRITICAL WARNING: [Common 17-55] 'set_property' expects at least one object. [D:/workspace/LAB/section8_1/Basys-3-Master.xdc:60]
Resolution: If [get_<value>] was used to populate the object, check to make sure this command returns at least one valid object.
WARNING: [Vivado 12-584] No ports matched 'an[1]'. [D:/workspace/LAB/section8_1/Basys-3-Master.xdc:61]
CRITICAL WARNING: [Common 17-55] 'set_property' expects at least one object. [D:/workspace/LAB/section8_1/Basys-3-Master.xdc:61]
Resolution: If [get_<value>] was used to populate the object, check to make sure this command returns at least one valid object.
WARNING: [Vivado 12-584] No ports matched 'an[2]'. [D:/workspace/LAB/section8_1/Basys-3-Master.xdc:62]
CRITICAL WARNING: [Common 17-55] 'set_property' expects at least one object. [D:/workspace/LAB/section8_1/Basys-3-Master.xdc:62]
Resolution: If [get_<value>] was used to populate the object, check to make sure this command returns at least one valid object.
WARNING: [Vivado 12-584] No ports matched 'an[3]'. [D:/workspace/LAB/section8_1/Basys-3-Master.xdc:63]
CRITICAL WARNING: [Common 17-55] 'set_property' expects at least one object. [D:/workspace/LAB/section8_1/Basys-3-Master.xdc:63]
Resolution: If [get_<value>] was used to populate the object, check to make sure this command returns at least one valid object.
WARNING: [Vivado 12-584] No ports matched 'btn[0]'. [D:/workspace/LAB/section8_1/Basys-3-Master.xdc:68]
CRITICAL WARNING: [Common 17-55] 'set_property' expects at least one object. [D:/workspace/LAB/section8_1/Basys-3-Master.xdc:68]
Resolution: If [get_<value>] was used to populate the object, check to make sure this command returns at least one valid object.
WARNING: [Vivado 12-584] No ports matched 'btn[1]'. [D:/workspace/LAB/section8_1/Basys-3-Master.xdc:70]
CRITICAL WARNING: [Common 17-55] 'set_property' expects at least one object. [D:/workspace/LAB/section8_1/Basys-3-Master.xdc:70]
Resolution: If [get_<value>] was used to populate the object, check to make sure this command returns at least one valid object.
Finished Parsing XDC File [D:/workspace/LAB/section8_1/Basys-3-Master.xdc]
INFO: [Opt 31-138] Pushed 0 inverter(s) to 0 load pin(s).
Netlist sorting complete. Time (s): cpu = 00:00:00 ; elapsed = 00:00:00.001 . Memory (MB): peak = 1667.414 ; gain = 0.000
INFO: [Project 1-111] Unisim Transformation Summary:
No Unisim elements were transformed.

5 Infos, 37 Warnings, 37 Critical Warnings and 0 Errors encountered.
link_design completed successfully
link_design: Time (s): cpu = 00:00:09 ; elapsed = 00:00:11 . Memory (MB): peak = 1667.414 ; gain = 0.000
Command: opt_design
Attempting to get a license for feature 'Implementation' and/or device 'xc7a35t'
INFO: [Common 17-349] Got license for feature 'Implementation' and/or device 'xc7a35t'
Running DRC as a precondition to command opt_design

Starting DRC Task
INFO: [DRC 23-27] Running DRC with 2 threads
INFO: [Project 1-461] DRC finished with 0 Errors
INFO: [Project 1-462] Please refer to the DRC report (report_drc) for more information.

Time (s): cpu = 00:00:03 ; elapsed = 00:00:02 . Memory (MB): peak = 1667.414 ; gain = 0.000

Starting Cache Timing Information Task
INFO: [Timing 38-35] Done setting XDC timing constraints.
Ending Cache Timing Information Task | Checksum: c05d8828

Time (s): cpu = 00:00:13 ; elapsed = 00:00:14 . Memory (MB): peak = 2120.863 ; gain = 453.449

Starting Logic Optimization Task

Phase 1 Retarget
INFO: [Opt 31-138] Pushed 0 inverter(s) to 0 load pin(s).
In IDDR TRANSFORM
INFO: [Opt 31-49] Retargeted 0 cell(s).
Phase 1 Retarget | Checksum: c05d8828

Time (s): cpu = 00:00:00 ; elapsed = 00:00:00.026 . Memory (MB): peak = 2434.562 ; gain = 0.000
INFO: [Opt 31-389] Phase Retarget created 0 cells and removed 0 cells

Phase 2 Constant propagation
INFO: [Opt 31-138] Pushed 0 inverter(s) to 0 load pin(s).
Phase 2 Constant propagation | Checksum: c05d8828

Time (s): cpu = 00:00:00 ; elapsed = 00:00:00.029 . Memory (MB): peak = 2434.562 ; gain = 0.000
INFO: [Opt 31-389] Phase Constant propagation created 0 cells and removed 0 cells

Phase 3 Sweep
Phase 3 Sweep | Checksum: c05d8828

Time (s): cpu = 00:00:00 ; elapsed = 00:00:00.032 . Memory (MB): peak = 2434.562 ; gain = 0.000
INFO: [Opt 31-389] Phase Sweep created 0 cells and removed 0 cells

Phase 4 BUFG optimization
Phase 4 BUFG optimization | Checksum: c05d8828

Time (s): cpu = 00:00:00 ; elapsed = 00:00:00.077 . Memory (MB): peak = 2434.562 ; gain = 0.000
INFO: [Opt 31-662] Phase BUFG optimization created 0 cells of which 0 are BUFGs and removed 0 cells.

Phase 5 Shift Register Optimization
INFO: [Opt 31-1064] SRL Remap converted 0 SRLs to 0 registers and converted 0 registers of register chains to 0 SRLs
Phase 5 Shift Register Optimization | Checksum: c05d8828

Time (s): cpu = 00:00:00 ; elapsed = 00:00:00.079 . Memory (MB): peak = 2434.562 ; gain = 0.000
INFO: [Opt 31-389] Phase Shift Register Optimization created 0 cells and removed 0 cells

Phase 6 Post Processing Netlist
Phase 6 Post Processing Netlist | Checksum: c05d8828

Time (s): cpu = 00:00:00 ; elapsed = 00:00:00.082 . Memory (MB): peak = 2434.562 ; gain = 0.000
INFO: [Opt 31-389] Phase Post Processing Netlist created 0 cells and removed 0 cells
Opt_design Change Summary
=========================


-------------------------------------------------------------------------------------------------------------------------
|  Phase                        |  #Cells created  |  #Cells Removed  |  #Constrained objects preventing optimizations  |
-------------------------------------------------------------------------------------------------------------------------
|  Retarget                     |               0  |               0  |                                              0  |
|  Constant propagation         |               0  |               0  |                                              0  |
|  Sweep                        |               0  |               0  |                                              0  |
|  BUFG optimization            |               0  |               0  |                                              0  |
|  Shift Register Optimization  |               0  |               0  |                                              0  |
|  Post Processing Netlist      |               0  |               0  |                                              0  |
-------------------------------------------------------------------------------------------------------------------------



Starting Connectivity Check Task

Time (s): cpu = 00:00:00 ; elapsed = 00:00:00 . Memory (MB): peak = 2434.562 ; gain = 0.000
Ending Logic Optimization Task | Checksum: c05d8828

Time (s): cpu = 00:00:00 ; elapsed = 00:00:00.087 . Memory (MB): peak = 2434.562 ; gain = 0.000

Starting Power Optimization Task
INFO: [Pwropt 34-132] Skipping clock gating for clocks with a period < 2.00 ns.
Ending Power Optimization Task | Checksum: c05d8828

Time (s): cpu = 00:00:00 ; elapsed = 00:00:00.012 . Memory (MB): peak = 2434.562 ; gain = 0.000

Starting Final Cleanup Task
Ending Final Cleanup Task | Checksum: c05d8828

Time (s): cpu = 00:00:00 ; elapsed = 00:00:00 . Memory (MB): peak = 2434.562 ; gain = 0.000

Starting Netlist Obfuscation Task
Netlist sorting complete. Time (s): cpu = 00:00:00 ; elapsed = 00:00:00 . Memory (MB): peak = 2434.562 ; gain = 0.000
Ending Netlist Obfuscation Task | Checksum: c05d8828

Time (s): cpu = 00:00:00 ; elapsed = 00:00:00.001 . Memory (MB): peak = 2434.562 ; gain = 0.000
INFO: [Common 17-83] Releasing license: Implementation
22 Infos, 37 Warnings, 37 Critical Warnings and 0 Errors encountered.
opt_design completed successfully
opt_design: Time (s): cpu = 00:00:21 ; elapsed = 00:00:21 . Memory (MB): peak = 2434.562 ; gain = 767.148
INFO: [Timing 38-480] Writing timing data to binary archive.
Writing XDEF routing.
Writing XDEF routing logical nets.
Writing XDEF routing special nets.
Write XDEF Complete: Time (s): cpu = 00:00:00 ; elapsed = 00:00:00.064 . Memory (MB): peak = 2434.562 ; gain = 0.000
INFO: [Common 17-1381] The checkpoint 'D:/workspace/LAB/section8_1/project_1.runs/impl_1/async_clock_divider_opt.dcp' has been generated.
INFO: [runtcl-4] Executing : report_drc -file async_clock_divider_drc_opted.rpt -pb async_clock_divider_drc_opted.pb -rpx async_clock_divider_drc_opted.rpx
Command: report_drc -file async_clock_divider_drc_opted.rpt -pb async_clock_divider_drc_opted.pb -rpx async_clock_divider_drc_opted.rpx
INFO: [IP_Flow 19-234] Refreshing IP repositories
INFO: [IP_Flow 19-1704] No user IP repositories specified
INFO: [IP_Flow 19-2313] Loaded Vivado IP repository 'C:/Xilinx/Vivado/2022.1/data/ip'.
INFO: [Timing 38-35] Done setting XDC timing constraints.
INFO: [DRC 23-27] Running DRC with 2 threads
INFO: [Vivado_Tcl 2-168] The results of DRC are in file D:/workspace/LAB/section8_1/project_1.runs/impl_1/async_clock_divider_drc_opted.rpt.
report_drc completed successfully
Command: place_design
Attempting to get a license for feature 'Implementation' and/or device 'xc7a35t'
INFO: [Common 17-349] Got license for feature 'Implementation' and/or device 'xc7a35t'
INFO: [DRC 23-27] Running DRC with 2 threads
INFO: [Vivado_Tcl 4-198] DRC finished with 0 Errors
INFO: [Vivado_Tcl 4-199] Please refer to the DRC report (report_drc) for more information.
Running DRC as a precondition to command place_design
INFO: [DRC 23-27] Running DRC with 2 threads
INFO: [Vivado_Tcl 4-198] DRC finished with 0 Errors
INFO: [Vivado_Tcl 4-199] Please refer to the DRC report (report_drc) for more information.

Starting Placer Task
INFO: [Place 30-611] Multithreading enabled for place_design using a maximum of 2 CPUs

Phase 1 Placer Initialization

Phase 1.1 Placer Initialization Netlist Sorting
Netlist sorting complete. Time (s): cpu = 00:00:00 ; elapsed = 00:00:00 . Memory (MB): peak = 2477.754 ; gain = 0.000
Phase 1.1 Placer Initialization Netlist Sorting | Checksum: a9921b8f

Time (s): cpu = 00:00:00 ; elapsed = 00:00:00.010 . Memory (MB): peak = 2477.754 ; gain = 0.000
Netlist sorting complete. Time (s): cpu = 00:00:00 ; elapsed = 00:00:00 . Memory (MB): peak = 2477.754 ; gain = 0.000

Phase 1.2 IO Placement/ Clock Placement/ Build Placer Device
Phase 1.2 IO Placement/ Clock Placement/ Build Placer Device | Checksum: 13df8c7c1

Time (s): cpu = 00:00:00 ; elapsed = 00:00:00.493 . Memory (MB): peak = 2477.754 ; gain = 0.000

Phase 1.3 Build Placer Netlist Model
Phase 1.3 Build Placer Netlist Model | Checksum: 21e9206c6

Time (s): cpu = 00:00:00 ; elapsed = 00:00:00.602 . Memory (MB): peak = 2477.754 ; gain = 0.000

Phase 1.4 Constrain Clocks/Macros
Phase 1.4 Constrain Clocks/Macros | Checksum: 21e9206c6

Time (s): cpu = 00:00:00 ; elapsed = 00:00:00.606 . Memory (MB): peak = 2477.754 ; gain = 0.000
Phase 1 Placer Initialization | Checksum: 21e9206c6

Time (s): cpu = 00:00:00 ; elapsed = 00:00:00.609 . Memory (MB): peak = 2477.754 ; gain = 0.000

Phase 2 Global Placement

Phase 2.1 Floorplanning
Phase 2.1 Floorplanning | Checksum: 2132d68f7

Time (s): cpu = 00:00:01 ; elapsed = 00:00:00.723 . Memory (MB): peak = 2477.754 ; gain = 0.000

Phase 2.2 Update Timing before SLR Path Opt
Phase 2.2 Update Timing before SLR Path Opt | Checksum: 1e3812085

Time (s): cpu = 00:00:01 ; elapsed = 00:00:00.781 . Memory (MB): peak = 2477.754 ; gain = 0.000

Phase 2.3 Post-Processing in Floorplanning
Phase 2.3 Post-Processing in Floorplanning | Checksum: 1e3812085

Time (s): cpu = 00:00:01 ; elapsed = 00:00:00.782 . Memory (MB): peak = 2477.754 ; gain = 0.000

Phase 2.4 Global Placement Core

Phase 2.4.1 Physical Synthesis In Placer
INFO: [Physopt 32-1044] Break lutnm for timing: one critical 0, two critical 0, total 0, new lutff created 0
INFO: [Physopt 32-1138] End 1 Pass. Optimized 0 net or LUT. Breaked 0 LUT, combined 0 existing LUT and moved 0 existing LUT
INFO: [Physopt 32-65] No nets found for high-fanout optimization.
INFO: [Physopt 32-232] Optimized 0 net. Created 0 new instance.
INFO: [Physopt 32-775] End 1 Pass. Optimized 0 net or cell. Created 0 new cell, deleted 0 existing cell and moved 0 existing cell
INFO: [Physopt 32-670] No setup violation found.  DSP Register Optimization was not performed.
INFO: [Physopt 32-670] No setup violation found.  Shift Register to Pipeline Optimization was not performed.
INFO: [Physopt 32-670] No setup violation found.  Shift Register Optimization was not performed.
INFO: [Physopt 32-670] No setup violation found.  BRAM Register Optimization was not performed.
INFO: [Physopt 32-670] No setup violation found.  URAM Register Optimization was not performed.
INFO: [Physopt 32-949] No candidate nets found for dynamic/static region interface net replication
INFO: [Physopt 32-775] End 1 Pass. Optimized 0 net or cell. Created 0 new cell, deleted 0 existing cell and moved 0 existing cell
Netlist sorting complete. Time (s): cpu = 00:00:00 ; elapsed = 00:00:00.001 . Memory (MB): peak = 2477.754 ; gain = 0.000

Summary of Physical Synthesis Optimizations
============================================


-----------------------------------------------------------------------------------------------------------------------------------------------------------
|  Optimization                                     |  Added Cells  |  Removed Cells  |  Optimized Cells/Nets  |  Dont Touch  |  Iterations  |  Elapsed   |
-----------------------------------------------------------------------------------------------------------------------------------------------------------
|  LUT Combining                                    |            0  |              0  |                     0  |           0  |           1  |  00:00:00  |
|  Retime                                           |            0  |              0  |                     0  |           0  |           1  |  00:00:00  |
|  Very High Fanout                                 |            0  |              0  |                     0  |           0  |           1  |  00:00:00  |
|  DSP Register                                     |            0  |              0  |                     0  |           0  |           0  |  00:00:00  |
|  Shift Register to Pipeline                       |            0  |              0  |                     0  |           0  |           0  |  00:00:00  |
|  Shift Register                                   |            0  |              0  |                     0  |           0  |           0  |  00:00:00  |
|  BRAM Register                                    |            0  |              0  |                     0  |           0  |           0  |  00:00:00  |
|  URAM Register                                    |            0  |              0  |                     0  |           0  |           0  |  00:00:00  |
|  Dynamic/Static Region Interface Net Replication  |            0  |              0  |                     0  |           0  |           1  |  00:00:00  |
|  Total                                            |            0  |              0  |                     0  |           0  |           4  |  00:00:00  |
-----------------------------------------------------------------------------------------------------------------------------------------------------------


Phase 2.4.1 Physical Synthesis In Placer | Checksum: 1f60653ee

Time (s): cpu = 00:00:01 ; elapsed = 00:00:02 . Memory (MB): peak = 2477.754 ; gain = 0.000
Phase 2.4 Global Placement Core | Checksum: 229a69adc

Time (s): cpu = 00:00:01 ; elapsed = 00:00:02 . Memory (MB): peak = 2477.754 ; gain = 0.000
Phase 2 Global Placement | Checksum: 229a69adc

Time (s): cpu = 00:00:01 ; elapsed = 00:00:02 . Memory (MB): peak = 2477.754 ; gain = 0.000

Phase 3 Detail Placement

Phase 3.1 Commit Multi Column Macros
Phase 3.1 Commit Multi Column Macros | Checksum: 172eb49db

Time (s): cpu = 00:00:02 ; elapsed = 00:00:02 . Memory (MB): peak = 2477.754 ; gain = 0.000

Phase 3.2 Commit Most Macros & LUTRAMs
Phase 3.2 Commit Most Macros & LUTRAMs | Checksum: 1e321afc1

Time (s): cpu = 00:00:02 ; elapsed = 00:00:02 . Memory (MB): peak = 2477.754 ; gain = 0.000

Phase 3.3 Area Swap Optimization
Phase 3.3 Area Swap Optimization | Checksum: 1993fab4d

Time (s): cpu = 00:00:02 ; elapsed = 00:00:02 . Memory (MB): peak = 2477.754 ; gain = 0.000

Phase 3.4 Pipeline Register Optimization
Phase 3.4 Pipeline Register Optimization | Checksum: 1993fab4d

Time (s): cpu = 00:00:02 ; elapsed = 00:00:02 . Memory (MB): peak = 2477.754 ; gain = 0.000

Phase 3.5 Small Shape Detail Placement
Phase 3.5 Small Shape Detail Placement | Checksum: 1f4030df9

Time (s): cpu = 00:00:02 ; elapsed = 00:00:02 . Memory (MB): peak = 2477.754 ; gain = 0.000

Phase 3.6 Re-assign LUT pins
Phase 3.6 Re-assign LUT pins | Checksum: 1f4030df9

Time (s): cpu = 00:00:02 ; elapsed = 00:00:02 . Memory (MB): peak = 2477.754 ; gain = 0.000

Phase 3.7 Pipeline Register Optimization
Phase 3.7 Pipeline Register Optimization | Checksum: 1f4030df9

Time (s): cpu = 00:00:02 ; elapsed = 00:00:02 . Memory (MB): peak = 2477.754 ; gain = 0.000
Phase 3 Detail Placement | Checksum: 1f4030df9

Time (s): cpu = 00:00:02 ; elapsed = 00:00:02 . Memory (MB): peak = 2477.754 ; gain = 0.000

Phase 4 Post Placement Optimization and Clean-Up

Phase 4.1 Post Commit Optimization
INFO: [Timing 38-35] Done setting XDC timing constraints.

Phase 4.1.1 Post Placement Optimization
Post Placement Optimization Initialization | Checksum: 1561d64d9

Phase 4.1.1.1 BUFG Insertion

Starting Physical Synthesis Task

Phase 1 Physical Synthesis Initialization
INFO: [Physopt 32-721] Multithreading enabled for phys_opt_design using a maximum of 2 CPUs
INFO: [Physopt 32-619] Estimated Timing Summary | WNS=9.081 | TNS=0.000 |
Phase 1 Physical Synthesis Initialization | Checksum: bcf10c14

Time (s): cpu = 00:00:00 ; elapsed = 00:00:00.014 . Memory (MB): peak = 2477.754 ; gain = 0.000
INFO: [Place 46-56] BUFG insertion identified 0 candidate nets. Inserted BUFG: 0, Replicated BUFG Driver: 0, Skipped due to Placement/Routing Conflicts: 0, Skipped due to Timing Degradation: 0, Skipped due to Illegal Netlist: 0.
Ending Physical Synthesis Task | Checksum: 11fab375d

Time (s): cpu = 00:00:00 ; elapsed = 00:00:00.016 . Memory (MB): peak = 2477.754 ; gain = 0.000
Phase 4.1.1.1 BUFG Insertion | Checksum: 1561d64d9

Time (s): cpu = 00:00:03 ; elapsed = 00:00:02 . Memory (MB): peak = 2477.754 ; gain = 0.000

Phase 4.1.1.2 Post Placement Timing Optimization
INFO: [Place 30-746] Post Placement Timing Summary WNS=9.081. For the most accurate timing information please run report_timing.
Phase 4.1.1.2 Post Placement Timing Optimization | Checksum: 1a3286c55

Time (s): cpu = 00:00:03 ; elapsed = 00:00:02 . Memory (MB): peak = 2477.754 ; gain = 0.000

Time (s): cpu = 00:00:03 ; elapsed = 00:00:02 . Memory (MB): peak = 2477.754 ; gain = 0.000
Phase 4.1 Post Commit Optimization | Checksum: 1a3286c55

Time (s): cpu = 00:00:03 ; elapsed = 00:00:02 . Memory (MB): peak = 2477.754 ; gain = 0.000

Phase 4.2 Post Placement Cleanup
Phase 4.2 Post Placement Cleanup | Checksum: 1a3286c55

Time (s): cpu = 00:00:03 ; elapsed = 00:00:02 . Memory (MB): peak = 2477.754 ; gain = 0.000

Phase 4.3 Placer Reporting

Phase 4.3.1 Print Estimated Congestion
INFO: [Place 30-612] Post-Placement Estimated Congestion 
 ____________________________________________________
|           | Global Congestion | Short Congestion  |
| Direction | Region Size       | Region Size       |
|___________|___________________|___________________|
|      North|                1x1|                1x1|
|___________|___________________|___________________|
|      South|                1x1|                1x1|
|___________|___________________|___________________|
|       East|                1x1|                1x1|
|___________|___________________|___________________|
|       West|                1x1|                1x1|
|___________|___________________|___________________|

Phase 4.3.1 Print Estimated Congestion | Checksum: 1a3286c55

Time (s): cpu = 00:00:03 ; elapsed = 00:00:02 . Memory (MB): peak = 2477.754 ; gain = 0.000
Phase 4.3 Placer Reporting | Checksum: 1a3286c55

Time (s): cpu = 00:00:03 ; elapsed = 00:00:02 . Memory (MB): peak = 2477.754 ; gain = 0.000

Phase 4.4 Final Placement Cleanup
Netlist sorting complete. Time (s): cpu = 00:00:00 ; elapsed = 00:00:00 . Memory (MB): peak = 2477.754 ; gain = 0.000

Time (s): cpu = 00:00:03 ; elapsed = 00:00:02 . Memory (MB): peak = 2477.754 ; gain = 0.000
Phase 4 Post Placement Optimization and Clean-Up | Checksum: 18f5362c8

Time (s): cpu = 00:00:03 ; elapsed = 00:00:02 . Memory (MB): peak = 2477.754 ; gain = 0.000
Ending Placer Task | Checksum: f50ac137

Time (s): cpu = 00:00:03 ; elapsed = 00:00:02 . Memory (MB): peak = 2477.754 ; gain = 0.000
INFO: [Common 17-83] Releasing license: Implementation
58 Infos, 37 Warnings, 37 Critical Warnings and 0 Errors encountered.
place_design completed successfully
INFO: [Timing 38-480] Writing timing data to binary archive.
Writing XDEF routing.
Writing XDEF routing logical nets.
Writing XDEF routing special nets.
Write XDEF Complete: Time (s): cpu = 00:00:00 ; elapsed = 00:00:00.074 . Memory (MB): peak = 2477.754 ; gain = 0.000
INFO: [Common 17-1381] The checkpoint 'D:/workspace/LAB/section8_1/project_1.runs/impl_1/async_clock_divider_placed.dcp' has been generated.
INFO: [runtcl-4] Executing : report_io -file async_clock_divider_io_placed.rpt
report_io: Time (s): cpu = 00:00:00 ; elapsed = 00:00:00.078 . Memory (MB): peak = 2477.754 ; gain = 0.000
INFO: [runtcl-4] Executing : report_utilization -file async_clock_divider_utilization_placed.rpt -pb async_clock_divider_utilization_placed.pb
INFO: [runtcl-4] Executing : report_control_sets -verbose -file async_clock_divider_control_sets_placed.rpt
report_control_sets: Time (s): cpu = 00:00:00 ; elapsed = 00:00:00.006 . Memory (MB): peak = 2477.754 ; gain = 0.000
Command: phys_opt_design
Attempting to get a license for feature 'Implementation' and/or device 'xc7a35t'
INFO: [Common 17-349] Got license for feature 'Implementation' and/or device 'xc7a35t'
INFO: [Vivado_Tcl 4-383] Design worst setup slack (WNS) is greater than or equal to 0.000 ns. Skipping all physical synthesis optimizations.
INFO: [Vivado_Tcl 4-232] No setup violation found. The netlist was not modified.
INFO: [Common 17-83] Releasing license: Implementation
67 Infos, 37 Warnings, 37 Critical Warnings and 0 Errors encountered.
phys_opt_design completed successfully
INFO: [Timing 38-480] Writing timing data to binary archive.
Writing XDEF routing.
Writing XDEF routing logical nets.
Writing XDEF routing special nets.
Write XDEF Complete: Time (s): cpu = 00:00:00 ; elapsed = 00:00:00.074 . Memory (MB): peak = 2477.754 ; gain = 0.000
INFO: [Common 17-1381] The checkpoint 'D:/workspace/LAB/section8_1/project_1.runs/impl_1/async_clock_divider_physopt.dcp' has been generated.
Command: route_design
Attempting to get a license for feature 'Implementation' and/or device 'xc7a35t'
INFO: [Common 17-349] Got license for feature 'Implementation' and/or device 'xc7a35t'
Running DRC as a precondition to command route_design
INFO: [DRC 23-27] Running DRC with 2 threads
INFO: [Vivado_Tcl 4-198] DRC finished with 0 Errors
INFO: [Vivado_Tcl 4-199] Please refer to the DRC report (report_drc) for more information.


Starting Routing Task
INFO: [Route 35-254] Multithreading enabled for route_design using a maximum of 2 CPUs

Phase 1 Build RT Design
Checksum: PlaceDB: aff7c55e ConstDB: 0 ShapeSum: 4512fbd9 RouteDB: 0
Post Restoration Checksum: NetGraph: 85d396d7 NumContArr: d3cdb931 Constraints: 0 Timing: 0
Phase 1 Build RT Design | Checksum: 159a15008

Time (s): cpu = 00:00:37 ; elapsed = 00:00:35 . Memory (MB): peak = 2546.957 ; gain = 64.043

Phase 2 Router Initialization

Phase 2.1 Fix Topology Constraints
Phase 2.1 Fix Topology Constraints | Checksum: 159a15008

Time (s): cpu = 00:00:37 ; elapsed = 00:00:35 . Memory (MB): peak = 2552.988 ; gain = 70.074

Phase 2.2 Pre Route Cleanup
Phase 2.2 Pre Route Cleanup | Checksum: 159a15008

Time (s): cpu = 00:00:37 ; elapsed = 00:00:35 . Memory (MB): peak = 2552.988 ; gain = 70.074
 Number of Nodes with overlaps = 0

Phase 2.3 Update Timing
Phase 2.3 Update Timing | Checksum: 166ab9429

Time (s): cpu = 00:00:37 ; elapsed = 00:00:35 . Memory (MB): peak = 2558.000 ; gain = 75.086
INFO: [Route 35-416] Intermediate Timing Summary | WNS=8.999  | TNS=0.000  | WHS=-0.067 | THS=-0.067 |


Router Utilization Summary
  Global Vertical Routing Utilization    = 0.00103643 %
  Global Horizontal Routing Utilization  = 0.00208225 %
  Routable Net Status*
  *Does not include unroutable nets such as driverless and loadless.
  Run report_route_status for detailed report.
  Number of Failed Nets               = 27
    (Failed Nets is the sum of unrouted and partially routed nets)
  Number of Unrouted Nets             = 1
  Number of Partially Routed Nets     = 26
  Number of Node Overlaps             = 1

Phase 2 Router Initialization | Checksum: 1cc846799

Time (s): cpu = 00:00:37 ; elapsed = 00:00:35 . Memory (MB): peak = 2560.297 ; gain = 77.383

Phase 3 Initial Routing

Phase 3.1 Global Routing
Phase 3.1 Global Routing | Checksum: 1cc846799

Time (s): cpu = 00:00:37 ; elapsed = 00:00:35 . Memory (MB): peak = 2560.297 ; gain = 77.383
Phase 3 Initial Routing | Checksum: 1bc6b2834

Time (s): cpu = 00:00:37 ; elapsed = 00:00:35 . Memory (MB): peak = 2560.297 ; gain = 77.383

Phase 4 Rip-up And Reroute

Phase 4.1 Global Iteration 0
 Number of Nodes with overlaps = 0
INFO: [Route 35-416] Intermediate Timing Summary | WNS=8.287  | TNS=0.000  | WHS=N/A    | THS=N/A    |

Phase 4.1 Global Iteration 0 | Checksum: 2394824fd

Time (s): cpu = 00:00:38 ; elapsed = 00:00:35 . Memory (MB): peak = 2560.297 ; gain = 77.383
Phase 4 Rip-up And Reroute | Checksum: 2394824fd

Time (s): cpu = 00:00:38 ; elapsed = 00:00:35 . Memory (MB): peak = 2560.297 ; gain = 77.383

Phase 5 Delay and Skew Optimization

Phase 5.1 Delay CleanUp
Phase 5.1 Delay CleanUp | Checksum: 2394824fd

Time (s): cpu = 00:00:38 ; elapsed = 00:00:35 . Memory (MB): peak = 2560.297 ; gain = 77.383

Phase 5.2 Clock Skew Optimization
Phase 5.2 Clock Skew Optimization | Checksum: 2394824fd

Time (s): cpu = 00:00:38 ; elapsed = 00:00:35 . Memory (MB): peak = 2560.297 ; gain = 77.383
Phase 5 Delay and Skew Optimization | Checksum: 2394824fd

Time (s): cpu = 00:00:38 ; elapsed = 00:00:35 . Memory (MB): peak = 2560.297 ; gain = 77.383

Phase 6 Post Hold Fix

Phase 6.1 Hold Fix Iter

Phase 6.1.1 Update Timing
Phase 6.1.1 Update Timing | Checksum: 200cd4a29

Time (s): cpu = 00:00:38 ; elapsed = 00:00:35 . Memory (MB): peak = 2560.297 ; gain = 77.383
INFO: [Route 35-416] Intermediate Timing Summary | WNS=8.379  | TNS=0.000  | WHS=0.435  | THS=0.000  |

Phase 6.1 Hold Fix Iter | Checksum: 200cd4a29

Time (s): cpu = 00:00:38 ; elapsed = 00:00:35 . Memory (MB): peak = 2560.297 ; gain = 77.383
Phase 6 Post Hold Fix | Checksum: 200cd4a29

Time (s): cpu = 00:00:38 ; elapsed = 00:00:35 . Memory (MB): peak = 2560.297 ; gain = 77.383

Phase 7 Route finalize

Router Utilization Summary
  Global Vertical Routing Utilization    = 0.00119589 %
  Global Horizontal Routing Utilization  = 0.00221239 %
  Routable Net Status*
  *Does not include unroutable nets such as driverless and loadless.
  Run report_route_status for detailed report.
  Number of Failed Nets               = 0
    (Failed Nets is the sum of unrouted and partially routed nets)
  Number of Unrouted Nets             = 0
  Number of Partially Routed Nets     = 0
  Number of Node Overlaps             = 0

Phase 7 Route finalize | Checksum: 200cd4a29

Time (s): cpu = 00:00:38 ; elapsed = 00:00:36 . Memory (MB): peak = 2560.297 ; gain = 77.383

Phase 8 Verifying routed nets

 Verification completed successfully
Phase 8 Verifying routed nets | Checksum: 200cd4a29

Time (s): cpu = 00:00:38 ; elapsed = 00:00:36 . Memory (MB): peak = 2560.941 ; gain = 78.027

Phase 9 Depositing Routes
Phase 9 Depositing Routes | Checksum: 21678eaba

Time (s): cpu = 00:00:38 ; elapsed = 00:00:36 . Memory (MB): peak = 2560.941 ; gain = 78.027

Phase 10 Post Router Timing
INFO: [Route 35-57] Estimated Timing Summary | WNS=8.379  | TNS=0.000  | WHS=0.435  | THS=0.000  |

INFO: [Route 35-327] The final timing numbers are based on the router estimated timing analysis. For a complete and accurate timing signoff, please run report_timing_summary.
Phase 10 Post Router Timing | Checksum: 21678eaba

Time (s): cpu = 00:00:38 ; elapsed = 00:00:36 . Memory (MB): peak = 2560.941 ; gain = 78.027
INFO: [Route 35-16] Router Completed Successfully

Time (s): cpu = 00:00:38 ; elapsed = 00:00:36 . Memory (MB): peak = 2560.941 ; gain = 78.027

Routing Is Done.
INFO: [Common 17-83] Releasing license: Implementation
81 Infos, 37 Warnings, 37 Critical Warnings and 0 Errors encountered.
route_design completed successfully
route_design: Time (s): cpu = 00:00:40 ; elapsed = 00:00:37 . Memory (MB): peak = 2560.941 ; gain = 83.188
INFO: [Timing 38-480] Writing timing data to binary archive.
Writing XDEF routing.
Writing XDEF routing logical nets.
Writing XDEF routing special nets.
Write XDEF Complete: Time (s): cpu = 00:00:00 ; elapsed = 00:00:00.082 . Memory (MB): peak = 2574.781 ; gain = 13.840
INFO: [Common 17-1381] The checkpoint 'D:/workspace/LAB/section8_1/project_1.runs/impl_1/async_clock_divider_routed.dcp' has been generated.
INFO: [runtcl-4] Executing : report_drc -file async_clock_divider_drc_routed.rpt -pb async_clock_divider_drc_routed.pb -rpx async_clock_divider_drc_routed.rpx
Command: report_drc -file async_clock_divider_drc_routed.rpt -pb async_clock_divider_drc_routed.pb -rpx async_clock_divider_drc_routed.rpx
INFO: [IP_Flow 19-1839] IP Catalog is up to date.
INFO: [DRC 23-27] Running DRC with 2 threads
INFO: [Vivado_Tcl 2-168] The results of DRC are in file D:/workspace/LAB/section8_1/project_1.runs/impl_1/async_clock_divider_drc_routed.rpt.
report_drc completed successfully
INFO: [runtcl-4] Executing : report_methodology -file async_clock_divider_methodology_drc_routed.rpt -pb async_clock_divider_methodology_drc_routed.pb -rpx async_clock_divider_methodology_drc_routed.rpx
Command: report_methodology -file async_clock_divider_methodology_drc_routed.rpt -pb async_clock_divider_methodology_drc_routed.pb -rpx async_clock_divider_methodology_drc_routed.rpx
INFO: [Timing 38-35] Done setting XDC timing constraints.
INFO: [DRC 23-133] Running Methodology with 2 threads
INFO: [Vivado_Tcl 2-1520] The results of Report Methodology are in file D:/workspace/LAB/section8_1/project_1.runs/impl_1/async_clock_divider_methodology_drc_routed.rpt.
report_methodology completed successfully
INFO: [runtcl-4] Executing : report_power -file async_clock_divider_power_routed.rpt -pb async_clock_divider_power_summary_routed.pb -rpx async_clock_divider_power_routed.rpx
Command: report_power -file async_clock_divider_power_routed.rpt -pb async_clock_divider_power_summary_routed.pb -rpx async_clock_divider_power_routed.rpx
INFO: [Timing 38-35] Done setting XDC timing constraints.
Running Vector-less Activity Propagation...

Finished Running Vector-less Activity Propagation
93 Infos, 37 Warnings, 37 Critical Warnings and 0 Errors encountered.
report_power completed successfully
INFO: [runtcl-4] Executing : report_route_status -file async_clock_divider_route_status.rpt -pb async_clock_divider_route_status.pb
INFO: [runtcl-4] Executing : report_timing_summary -max_paths 10 -report_unconstrained -file async_clock_divider_timing_summary_routed.rpt -pb async_clock_divider_timing_summary_routed.pb -rpx async_clock_divider_timing_summary_routed.rpx -warn_on_violation 
INFO: [Timing 38-91] UpdateTimingParams: Speed grade: -1, Delay Type: min_max.
INFO: [Timing 38-191] Multithreading enabled for timing update using a maximum of 2 CPUs
INFO: [runtcl-4] Executing : report_incremental_reuse -file async_clock_divider_incremental_reuse_routed.rpt
INFO: [Vivado_Tcl 4-1062] Incremental flow is disabled. No incremental reuse Info to report.
INFO: [runtcl-4] Executing : report_clock_utilization -file async_clock_divider_clock_utilization_routed.rpt
INFO: [runtcl-4] Executing : report_bus_skew -warn_on_violation -file async_clock_divider_bus_skew_routed.rpt -pb async_clock_divider_bus_skew_routed.pb -rpx async_clock_divider_bus_skew_routed.rpx
INFO: [Timing 38-91] UpdateTimingParams: Speed grade: -1, Delay Type: min_max.
INFO: [Timing 38-191] Multithreading enabled for timing update using a maximum of 2 CPUs
Command: write_bitstream -force async_clock_divider.bit
Attempting to get a license for feature 'Implementation' and/or device 'xc7a35t'
INFO: [Common 17-349] Got license for feature 'Implementation' and/or device 'xc7a35t'
Running DRC as a precondition to command write_bitstream
INFO: [IP_Flow 19-1839] IP Catalog is up to date.
INFO: [DRC 23-27] Running DRC with 2 threads
INFO: [Vivado 12-3199] DRC finished with 0 Errors
INFO: [Vivado 12-3200] Please refer to the DRC report (report_drc) for more information.
INFO: [Designutils 20-2272] Running write_bitstream with 2 threads.
Loading data files...
Loading site data...
Loading route data...
Processing options...
Creating bitmap...
Creating bitstream...
Bitstream compression saved 15839072 bits.
Writing bitstream ./async_clock_divider.bit...
INFO: [Vivado 12-1842] Bitgen Completed Successfully.
INFO: [Project 1-1876] WebTalk data collection is mandatory when using a ULT device. To see the specific WebTalk data collected for your design, open the usage_statistics_webtalk.html or usage_statistics_webtalk.xml file in the implementation directory.
INFO: [Common 17-83] Releasing license: Implementation
12 Infos, 0 Warnings, 0 Critical Warnings and 0 Errors encountered.
write_bitstream completed successfully
write_bitstream: Time (s): cpu = 00:00:18 ; elapsed = 00:00:17 . Memory (MB): peak = 3036.289 ; gain = 435.441
INFO: [Common 17-206] Exiting Vivado at Thu May 14 13:51:54 2026...
