
*** Running vivado
    with args -log challenges3_2.vds -m64 -product Vivado -mode batch -messageDb vivado.pb -notrace -source challenges3_2.tcl



****** Vivado v2022.1 (64-bit)
  **** SW Build 3526262 on Mon Apr 18 15:48:16 MDT 2022
  **** IP Build 3524634 on Mon Apr 18 20:55:01 MDT 2022
    ** Copyright 1986-2022 Xilinx, Inc. All Rights Reserved.

source challenges3_2.tcl -notrace
create_project: Time (s): cpu = 00:00:53 ; elapsed = 00:01:41 . Memory (MB): peak = 1286.367 ; gain = 0.000
Command: read_checkpoint -auto_incremental -incremental D:/workspace/LAB/section3.6/project_1.srcs/utils_1/imports/synth_1/challenges3_2.dcp
INFO: [Vivado 12-5825] Read reference checkpoint from D:/workspace/LAB/section3.6/project_1.srcs/utils_1/imports/synth_1/challenges3_2.dcp for incremental synthesis
INFO: [Vivado 12-7989] Please ensure there are no constraint changes
Command: synth_design -top challenges3_2 -part xc7a35tcpg236-1
Starting synth_design
Attempting to get a license for feature 'Synthesis' and/or device 'xc7a35t'
INFO: [Common 17-349] Got license for feature 'Synthesis' and/or device 'xc7a35t'
INFO: [Device 21-403] Loading part xc7a35tcpg236-1
INFO: [Designutils 20-5440] No compile time benefit to using incremental synthesis; A full resynthesis will be run
INFO: [Designutils 20-4379] Flow is switching to default flow due to incremental criteria not met. If you would like to alter this behaviour and have the flow terminate instead, please set the following parameter config_implementation {autoIncr.Synth.RejectBehavior Terminate}
INFO: [Synth 8-7079] Multithreading enabled for synth_design using a maximum of 2 processes.
INFO: [Synth 8-7078] Launching helper process for spawning children vivado processes
INFO: [Synth 8-7075] Helper process launched with PID 16656
---------------------------------------------------------------------------------
Starting RTL Elaboration : Time (s): cpu = 00:00:11 ; elapsed = 00:00:17 . Memory (MB): peak = 1429.750 ; gain = 143.383
---------------------------------------------------------------------------------
INFO: [Synth 8-6157] synthesizing module 'challenges3_2' [D:/workspace/LAB/section3.6/project_1.srcs/sources_1/new/challenges3_2.v:23]
INFO: [Synth 8-6155] done synthesizing module 'challenges3_2' (0#1) [D:/workspace/LAB/section3.6/project_1.srcs/sources_1/new/challenges3_2.v:23]
---------------------------------------------------------------------------------
Finished RTL Elaboration : Time (s): cpu = 00:00:15 ; elapsed = 00:00:23 . Memory (MB): peak = 1512.352 ; gain = 225.984
---------------------------------------------------------------------------------
---------------------------------------------------------------------------------
Start Handling Custom Attributes
---------------------------------------------------------------------------------
---------------------------------------------------------------------------------
Finished Handling Custom Attributes : Time (s): cpu = 00:00:15 ; elapsed = 00:00:24 . Memory (MB): peak = 1512.352 ; gain = 225.984
---------------------------------------------------------------------------------
---------------------------------------------------------------------------------
Finished RTL Optimization Phase 1 : Time (s): cpu = 00:00:15 ; elapsed = 00:00:24 . Memory (MB): peak = 1512.352 ; gain = 225.984
---------------------------------------------------------------------------------
Netlist sorting complete. Time (s): cpu = 00:00:00 ; elapsed = 00:00:00 . Memory (MB): peak = 1512.352 ; gain = 0.000
INFO: [Project 1-570] Preparing netlist for logic optimization

Processing XDC Constraints
Initializing timing engine
Parsing XDC File [D:/workspace/LAB/section3.6/Basys-3-Master.xdc]
WARNING: [Vivado 12-584] No ports matched 'sw[8]'. [D:/workspace/LAB/section3.6/Basys-3-Master.xdc:20]
CRITICAL WARNING: [Common 17-55] 'set_property' expects at least one object. [D:/workspace/LAB/section3.6/Basys-3-Master.xdc:20]
Resolution: If [get_<value>] was used to populate the object, check to make sure this command returns at least one valid object.
WARNING: [Vivado 12-584] No ports matched 'sw[9]'. [D:/workspace/LAB/section3.6/Basys-3-Master.xdc:21]
CRITICAL WARNING: [Common 17-55] 'set_property' expects at least one object. [D:/workspace/LAB/section3.6/Basys-3-Master.xdc:21]
Resolution: If [get_<value>] was used to populate the object, check to make sure this command returns at least one valid object.
WARNING: [Vivado 12-584] No ports matched 'sw[10]'. [D:/workspace/LAB/section3.6/Basys-3-Master.xdc:22]
CRITICAL WARNING: [Common 17-55] 'set_property' expects at least one object. [D:/workspace/LAB/section3.6/Basys-3-Master.xdc:22]
Resolution: If [get_<value>] was used to populate the object, check to make sure this command returns at least one valid object.
WARNING: [Vivado 12-584] No ports matched 'sw[11]'. [D:/workspace/LAB/section3.6/Basys-3-Master.xdc:23]
CRITICAL WARNING: [Common 17-55] 'set_property' expects at least one object. [D:/workspace/LAB/section3.6/Basys-3-Master.xdc:23]
Resolution: If [get_<value>] was used to populate the object, check to make sure this command returns at least one valid object.
WARNING: [Vivado 12-584] No ports matched 'sw[12]'. [D:/workspace/LAB/section3.6/Basys-3-Master.xdc:24]
CRITICAL WARNING: [Common 17-55] 'set_property' expects at least one object. [D:/workspace/LAB/section3.6/Basys-3-Master.xdc:24]
Resolution: If [get_<value>] was used to populate the object, check to make sure this command returns at least one valid object.
WARNING: [Vivado 12-584] No ports matched 'sw[13]'. [D:/workspace/LAB/section3.6/Basys-3-Master.xdc:25]
CRITICAL WARNING: [Common 17-55] 'set_property' expects at least one object. [D:/workspace/LAB/section3.6/Basys-3-Master.xdc:25]
Resolution: If [get_<value>] was used to populate the object, check to make sure this command returns at least one valid object.
WARNING: [Vivado 12-584] No ports matched 'sw[14]'. [D:/workspace/LAB/section3.6/Basys-3-Master.xdc:26]
CRITICAL WARNING: [Common 17-55] 'set_property' expects at least one object. [D:/workspace/LAB/section3.6/Basys-3-Master.xdc:26]
Resolution: If [get_<value>] was used to populate the object, check to make sure this command returns at least one valid object.
WARNING: [Vivado 12-584] No ports matched 'sw[15]'. [D:/workspace/LAB/section3.6/Basys-3-Master.xdc:27]
CRITICAL WARNING: [Common 17-55] 'set_property' expects at least one object. [D:/workspace/LAB/section3.6/Basys-3-Master.xdc:27]
Resolution: If [get_<value>] was used to populate the object, check to make sure this command returns at least one valid object.
Finished Parsing XDC File [D:/workspace/LAB/section3.6/Basys-3-Master.xdc]
INFO: [Project 1-236] Implementation specific constraints were found while reading constraint file [D:/workspace/LAB/section3.6/Basys-3-Master.xdc]. These constraints will be ignored for synthesis but will be used in implementation. Impacted constraints are listed in the file [.Xil/challenges3_2_propImpl.xdc].
Resolution: To avoid this warning, move constraints listed in [.Xil/challenges3_2_propImpl.xdc] to another XDC file and exclude this new file from synthesis with the used_in_synthesis property (File Properties dialog in GUI) and re-run elaboration/synthesis.
Completed Processing XDC Constraints

Netlist sorting complete. Time (s): cpu = 00:00:00 ; elapsed = 00:00:00 . Memory (MB): peak = 1512.352 ; gain = 0.000
INFO: [Project 1-111] Unisim Transformation Summary:
No Unisim elements were transformed.

Constraint Validation Runtime : Time (s): cpu = 00:00:00 ; elapsed = 00:00:00.006 . Memory (MB): peak = 1512.352 ; gain = 0.000
INFO: [Designutils 20-5440] No compile time benefit to using incremental synthesis; A full resynthesis will be run
INFO: [Designutils 20-4379] Flow is switching to default flow due to incremental criteria not met. If you would like to alter this behaviour and have the flow terminate instead, please set the following parameter config_implementation {autoIncr.Synth.RejectBehavior Terminate}
---------------------------------------------------------------------------------
Finished Constraint Validation : Time (s): cpu = 00:00:33 ; elapsed = 00:00:46 . Memory (MB): peak = 1512.352 ; gain = 225.984
---------------------------------------------------------------------------------
---------------------------------------------------------------------------------
Start Loading Part and Timing Information
---------------------------------------------------------------------------------
Loading part: xc7a35tcpg236-1
---------------------------------------------------------------------------------
Finished Loading Part and Timing Information : Time (s): cpu = 00:00:33 ; elapsed = 00:00:46 . Memory (MB): peak = 1512.352 ; gain = 225.984
---------------------------------------------------------------------------------
---------------------------------------------------------------------------------
Start Applying 'set_property' XDC Constraints
---------------------------------------------------------------------------------
---------------------------------------------------------------------------------
Finished applying 'set_property' XDC Constraints : Time (s): cpu = 00:00:33 ; elapsed = 00:00:46 . Memory (MB): peak = 1512.352 ; gain = 225.984
---------------------------------------------------------------------------------
---------------------------------------------------------------------------------
Finished RTL Optimization Phase 2 : Time (s): cpu = 00:00:33 ; elapsed = 00:00:47 . Memory (MB): peak = 1512.352 ; gain = 225.984
---------------------------------------------------------------------------------
---------------------------------------------------------------------------------
Start RTL Component Statistics 
---------------------------------------------------------------------------------
Detailed RTL Component Info : 
+---XORs : 
	                8 Bit    Wide XORs := 1     
	                4 Bit    Wide XORs := 1     
---------------------------------------------------------------------------------
Finished RTL Component Statistics 
---------------------------------------------------------------------------------
---------------------------------------------------------------------------------
Start Part Resource Summary
---------------------------------------------------------------------------------
Part Resources:
DSPs: 90 (col length:60)
BRAMs: 100 (col length: RAMB18 60 RAMB36 30)
---------------------------------------------------------------------------------
Finished Part Resource Summary
---------------------------------------------------------------------------------
---------------------------------------------------------------------------------
Start Cross Boundary and Area Optimization
---------------------------------------------------------------------------------
WARNING: [Synth 8-7080] Parallel synthesis criteria is not met
---------------------------------------------------------------------------------
Finished Cross Boundary and Area Optimization : Time (s): cpu = 00:00:35 ; elapsed = 00:00:49 . Memory (MB): peak = 1512.352 ; gain = 225.984
---------------------------------------------------------------------------------
---------------------------------------------------------------------------------
Start Applying XDC Timing Constraints
---------------------------------------------------------------------------------
---------------------------------------------------------------------------------
Finished Applying XDC Timing Constraints : Time (s): cpu = 00:00:41 ; elapsed = 00:00:55 . Memory (MB): peak = 1512.871 ; gain = 226.504
---------------------------------------------------------------------------------
---------------------------------------------------------------------------------
Start Timing Optimization
---------------------------------------------------------------------------------
---------------------------------------------------------------------------------
Finished Timing Optimization : Time (s): cpu = 00:00:41 ; elapsed = 00:00:55 . Memory (MB): peak = 1512.871 ; gain = 226.504
---------------------------------------------------------------------------------
---------------------------------------------------------------------------------
Start Technology Mapping
---------------------------------------------------------------------------------
---------------------------------------------------------------------------------
Finished Technology Mapping : Time (s): cpu = 00:00:41 ; elapsed = 00:00:55 . Memory (MB): peak = 1531.949 ; gain = 245.582
---------------------------------------------------------------------------------
---------------------------------------------------------------------------------
Start IO Insertion
---------------------------------------------------------------------------------
---------------------------------------------------------------------------------
Start Flattening Before IO Insertion
---------------------------------------------------------------------------------
---------------------------------------------------------------------------------
Finished Flattening Before IO Insertion
---------------------------------------------------------------------------------
---------------------------------------------------------------------------------
Start Final Netlist Cleanup
---------------------------------------------------------------------------------
---------------------------------------------------------------------------------
Finished Final Netlist Cleanup
---------------------------------------------------------------------------------
---------------------------------------------------------------------------------
Finished IO Insertion : Time (s): cpu = 00:00:44 ; elapsed = 00:00:58 . Memory (MB): peak = 1537.754 ; gain = 251.387
---------------------------------------------------------------------------------
---------------------------------------------------------------------------------
Start Renaming Generated Instances
---------------------------------------------------------------------------------
---------------------------------------------------------------------------------
Finished Renaming Generated Instances : Time (s): cpu = 00:00:44 ; elapsed = 00:00:58 . Memory (MB): peak = 1537.754 ; gain = 251.387
---------------------------------------------------------------------------------
---------------------------------------------------------------------------------
Start Rebuilding User Hierarchy
---------------------------------------------------------------------------------
---------------------------------------------------------------------------------
Finished Rebuilding User Hierarchy : Time (s): cpu = 00:00:44 ; elapsed = 00:00:58 . Memory (MB): peak = 1537.754 ; gain = 251.387
---------------------------------------------------------------------------------
---------------------------------------------------------------------------------
Start Renaming Generated Ports
---------------------------------------------------------------------------------
---------------------------------------------------------------------------------
Finished Renaming Generated Ports : Time (s): cpu = 00:00:44 ; elapsed = 00:00:58 . Memory (MB): peak = 1537.754 ; gain = 251.387
---------------------------------------------------------------------------------
---------------------------------------------------------------------------------
Start Handling Custom Attributes
---------------------------------------------------------------------------------
---------------------------------------------------------------------------------
Finished Handling Custom Attributes : Time (s): cpu = 00:00:44 ; elapsed = 00:00:58 . Memory (MB): peak = 1537.754 ; gain = 251.387
---------------------------------------------------------------------------------
---------------------------------------------------------------------------------
Start Renaming Generated Nets
---------------------------------------------------------------------------------
---------------------------------------------------------------------------------
Finished Renaming Generated Nets : Time (s): cpu = 00:00:44 ; elapsed = 00:00:58 . Memory (MB): peak = 1537.754 ; gain = 251.387
---------------------------------------------------------------------------------
---------------------------------------------------------------------------------
Start Writing Synthesis Report
---------------------------------------------------------------------------------

Report BlackBoxes: 
+-+--------------+----------+
| |BlackBox name |Instances |
+-+--------------+----------+
+-+--------------+----------+

Report Cell Usage: 
+------+-----+------+
|      |Cell |Count |
+------+-----+------+
|1     |LUT4 |     2|
|2     |LUT6 |     1|
|3     |IBUF |    12|
|4     |OBUF |     1|
+------+-----+------+
---------------------------------------------------------------------------------
Finished Writing Synthesis Report : Time (s): cpu = 00:00:44 ; elapsed = 00:00:58 . Memory (MB): peak = 1537.754 ; gain = 251.387
---------------------------------------------------------------------------------
Synthesis finished with 0 errors, 0 critical warnings and 1 warnings.
Synthesis Optimization Runtime : Time (s): cpu = 00:00:25 ; elapsed = 00:00:53 . Memory (MB): peak = 1537.754 ; gain = 251.387
Synthesis Optimization Complete : Time (s): cpu = 00:00:44 ; elapsed = 00:00:58 . Memory (MB): peak = 1537.754 ; gain = 251.387
INFO: [Project 1-571] Translating synthesized netlist
Netlist sorting complete. Time (s): cpu = 00:00:00 ; elapsed = 00:00:00 . Memory (MB): peak = 1549.805 ; gain = 0.000
INFO: [Project 1-570] Preparing netlist for logic optimization
INFO: [Opt 31-138] Pushed 0 inverter(s) to 0 load pin(s).
Netlist sorting complete. Time (s): cpu = 00:00:00 ; elapsed = 00:00:00 . Memory (MB): peak = 1555.445 ; gain = 0.000
INFO: [Project 1-111] Unisim Transformation Summary:
No Unisim elements were transformed.

Synth Design complete, checksum: 74ade4fe
INFO: [Common 17-83] Releasing license: Synthesis
21 Infos, 9 Warnings, 8 Critical Warnings and 0 Errors encountered.
synth_design completed successfully
synth_design: Time (s): cpu = 00:00:53 ; elapsed = 00:01:39 . Memory (MB): peak = 1555.445 ; gain = 269.078
INFO: [runtcl-6] Synthesis results are not added to the cache due to CRITICAL_WARNING
INFO: [Common 17-1381] The checkpoint 'D:/workspace/LAB/section3.6/project_1.runs/synth_1/challenges3_2.dcp' has been generated.
INFO: [runtcl-4] Executing : report_utilization -file challenges3_2_utilization_synth.rpt -pb challenges3_2_utilization_synth.pb
INFO: [Common 17-206] Exiting Vivado at Wed Mar 11 02:48:20 2026...
