
*** Running vivado
    with args -log sync_binary_counter_divider.vds -m64 -product Vivado -mode batch -messageDb vivado.pb -notrace -source sync_binary_counter_divider.tcl



****** Vivado v2022.1 (64-bit)
  **** SW Build 3526262 on Mon Apr 18 15:48:16 MDT 2022
  **** IP Build 3524634 on Mon Apr 18 20:55:01 MDT 2022
    ** Copyright 1986-2022 Xilinx, Inc. All Rights Reserved.

source sync_binary_counter_divider.tcl -notrace
create_project: Time (s): cpu = 00:00:29 ; elapsed = 00:00:31 . Memory (MB): peak = 1637.434 ; gain = 0.000
Command: synth_design -top sync_binary_counter_divider -part xc7a35tcpg236-1
Starting synth_design
Attempting to get a license for feature 'Synthesis' and/or device 'xc7a35t'
INFO: [Common 17-349] Got license for feature 'Synthesis' and/or device 'xc7a35t'
INFO: [Device 21-403] Loading part xc7a35tcpg236-1
INFO: [Synth 8-7079] Multithreading enabled for synth_design using a maximum of 2 processes.
INFO: [Synth 8-7078] Launching helper process for spawning children vivado processes
INFO: [Synth 8-7075] Helper process launched with PID 6508
---------------------------------------------------------------------------------
Starting RTL Elaboration : Time (s): cpu = 00:00:05 ; elapsed = 00:00:05 . Memory (MB): peak = 1814.609 ; gain = 177.176
---------------------------------------------------------------------------------
INFO: [Synth 8-6157] synthesizing module 'sync_binary_counter_divider' [D:/workspace/LAB/section8_2/project_1.srcs/sources_1/new/sync_binary_counter_divider.v:22]
INFO: [Synth 8-6155] done synthesizing module 'sync_binary_counter_divider' (0#1) [D:/workspace/LAB/section8_2/project_1.srcs/sources_1/new/sync_binary_counter_divider.v:22]
---------------------------------------------------------------------------------
Finished RTL Elaboration : Time (s): cpu = 00:00:06 ; elapsed = 00:00:06 . Memory (MB): peak = 1896.602 ; gain = 259.168
---------------------------------------------------------------------------------
---------------------------------------------------------------------------------
Start Handling Custom Attributes
---------------------------------------------------------------------------------
---------------------------------------------------------------------------------
Finished Handling Custom Attributes : Time (s): cpu = 00:00:06 ; elapsed = 00:00:07 . Memory (MB): peak = 1896.602 ; gain = 259.168
---------------------------------------------------------------------------------
---------------------------------------------------------------------------------
Finished RTL Optimization Phase 1 : Time (s): cpu = 00:00:06 ; elapsed = 00:00:07 . Memory (MB): peak = 1896.602 ; gain = 259.168
---------------------------------------------------------------------------------
Netlist sorting complete. Time (s): cpu = 00:00:00 ; elapsed = 00:00:00 . Memory (MB): peak = 1896.602 ; gain = 0.000
INFO: [Project 1-570] Preparing netlist for logic optimization

Processing XDC Constraints
Initializing timing engine
Parsing XDC File [D:/workspace/LAB/section8_2/Basys-3-Master.xdc]
WARNING: [Vivado 12-584] No ports matched 'sw[0]'. [D:/workspace/LAB/section8_2/Basys-3-Master.xdc:12]
CRITICAL WARNING: [Common 17-55] 'set_property' expects at least one object. [D:/workspace/LAB/section8_2/Basys-3-Master.xdc:12]
Resolution: If [get_<value>] was used to populate the object, check to make sure this command returns at least one valid object.
WARNING: [Vivado 12-584] No ports matched 'sw[1]'. [D:/workspace/LAB/section8_2/Basys-3-Master.xdc:13]
CRITICAL WARNING: [Common 17-55] 'set_property' expects at least one object. [D:/workspace/LAB/section8_2/Basys-3-Master.xdc:13]
Resolution: If [get_<value>] was used to populate the object, check to make sure this command returns at least one valid object.
WARNING: [Vivado 12-584] No ports matched 'sw[2]'. [D:/workspace/LAB/section8_2/Basys-3-Master.xdc:14]
CRITICAL WARNING: [Common 17-55] 'set_property' expects at least one object. [D:/workspace/LAB/section8_2/Basys-3-Master.xdc:14]
Resolution: If [get_<value>] was used to populate the object, check to make sure this command returns at least one valid object.
WARNING: [Vivado 12-584] No ports matched 'sw[3]'. [D:/workspace/LAB/section8_2/Basys-3-Master.xdc:15]
CRITICAL WARNING: [Common 17-55] 'set_property' expects at least one object. [D:/workspace/LAB/section8_2/Basys-3-Master.xdc:15]
Resolution: If [get_<value>] was used to populate the object, check to make sure this command returns at least one valid object.
WARNING: [Vivado 12-584] No ports matched 'sw[4]'. [D:/workspace/LAB/section8_2/Basys-3-Master.xdc:16]
CRITICAL WARNING: [Common 17-55] 'set_property' expects at least one object. [D:/workspace/LAB/section8_2/Basys-3-Master.xdc:16]
Resolution: If [get_<value>] was used to populate the object, check to make sure this command returns at least one valid object.
WARNING: [Vivado 12-584] No ports matched 'sw[5]'. [D:/workspace/LAB/section8_2/Basys-3-Master.xdc:17]
CRITICAL WARNING: [Common 17-55] 'set_property' expects at least one object. [D:/workspace/LAB/section8_2/Basys-3-Master.xdc:17]
Resolution: If [get_<value>] was used to populate the object, check to make sure this command returns at least one valid object.
WARNING: [Vivado 12-584] No ports matched 'sw[6]'. [D:/workspace/LAB/section8_2/Basys-3-Master.xdc:18]
CRITICAL WARNING: [Common 17-55] 'set_property' expects at least one object. [D:/workspace/LAB/section8_2/Basys-3-Master.xdc:18]
Resolution: If [get_<value>] was used to populate the object, check to make sure this command returns at least one valid object.
WARNING: [Vivado 12-584] No ports matched 'sw[7]'. [D:/workspace/LAB/section8_2/Basys-3-Master.xdc:19]
CRITICAL WARNING: [Common 17-55] 'set_property' expects at least one object. [D:/workspace/LAB/section8_2/Basys-3-Master.xdc:19]
Resolution: If [get_<value>] was used to populate the object, check to make sure this command returns at least one valid object.
WARNING: [Vivado 12-584] No ports matched 'sw[8]'. [D:/workspace/LAB/section8_2/Basys-3-Master.xdc:20]
CRITICAL WARNING: [Common 17-55] 'set_property' expects at least one object. [D:/workspace/LAB/section8_2/Basys-3-Master.xdc:20]
Resolution: If [get_<value>] was used to populate the object, check to make sure this command returns at least one valid object.
WARNING: [Vivado 12-584] No ports matched 'led[4]'. [D:/workspace/LAB/section8_2/Basys-3-Master.xdc:35]
CRITICAL WARNING: [Common 17-55] 'set_property' expects at least one object. [D:/workspace/LAB/section8_2/Basys-3-Master.xdc:35]
Resolution: If [get_<value>] was used to populate the object, check to make sure this command returns at least one valid object.
WARNING: [Vivado 12-584] No ports matched 'led[5]'. [D:/workspace/LAB/section8_2/Basys-3-Master.xdc:36]
CRITICAL WARNING: [Common 17-55] 'set_property' expects at least one object. [D:/workspace/LAB/section8_2/Basys-3-Master.xdc:36]
Resolution: If [get_<value>] was used to populate the object, check to make sure this command returns at least one valid object.
WARNING: [Vivado 12-584] No ports matched 'led[6]'. [D:/workspace/LAB/section8_2/Basys-3-Master.xdc:37]
CRITICAL WARNING: [Common 17-55] 'set_property' expects at least one object. [D:/workspace/LAB/section8_2/Basys-3-Master.xdc:37]
Resolution: If [get_<value>] was used to populate the object, check to make sure this command returns at least one valid object.
WARNING: [Vivado 12-584] No ports matched 'led[7]'. [D:/workspace/LAB/section8_2/Basys-3-Master.xdc:38]
CRITICAL WARNING: [Common 17-55] 'set_property' expects at least one object. [D:/workspace/LAB/section8_2/Basys-3-Master.xdc:38]
Resolution: If [get_<value>] was used to populate the object, check to make sure this command returns at least one valid object.
WARNING: [Vivado 12-584] No ports matched 'led[8]'. [D:/workspace/LAB/section8_2/Basys-3-Master.xdc:39]
CRITICAL WARNING: [Common 17-55] 'set_property' expects at least one object. [D:/workspace/LAB/section8_2/Basys-3-Master.xdc:39]
Resolution: If [get_<value>] was used to populate the object, check to make sure this command returns at least one valid object.
WARNING: [Vivado 12-584] No ports matched 'led[9]'. [D:/workspace/LAB/section8_2/Basys-3-Master.xdc:40]
CRITICAL WARNING: [Common 17-55] 'set_property' expects at least one object. [D:/workspace/LAB/section8_2/Basys-3-Master.xdc:40]
Resolution: If [get_<value>] was used to populate the object, check to make sure this command returns at least one valid object.
WARNING: [Vivado 12-584] No ports matched 'led[10]'. [D:/workspace/LAB/section8_2/Basys-3-Master.xdc:41]
CRITICAL WARNING: [Common 17-55] 'set_property' expects at least one object. [D:/workspace/LAB/section8_2/Basys-3-Master.xdc:41]
Resolution: If [get_<value>] was used to populate the object, check to make sure this command returns at least one valid object.
WARNING: [Vivado 12-584] No ports matched 'led[11]'. [D:/workspace/LAB/section8_2/Basys-3-Master.xdc:42]
CRITICAL WARNING: [Common 17-55] 'set_property' expects at least one object. [D:/workspace/LAB/section8_2/Basys-3-Master.xdc:42]
Resolution: If [get_<value>] was used to populate the object, check to make sure this command returns at least one valid object.
WARNING: [Vivado 12-584] No ports matched 'led[12]'. [D:/workspace/LAB/section8_2/Basys-3-Master.xdc:43]
CRITICAL WARNING: [Common 17-55] 'set_property' expects at least one object. [D:/workspace/LAB/section8_2/Basys-3-Master.xdc:43]
Resolution: If [get_<value>] was used to populate the object, check to make sure this command returns at least one valid object.
WARNING: [Vivado 12-584] No ports matched 'led[13]'. [D:/workspace/LAB/section8_2/Basys-3-Master.xdc:44]
CRITICAL WARNING: [Common 17-55] 'set_property' expects at least one object. [D:/workspace/LAB/section8_2/Basys-3-Master.xdc:44]
Resolution: If [get_<value>] was used to populate the object, check to make sure this command returns at least one valid object.
WARNING: [Vivado 12-584] No ports matched 'led[14]'. [D:/workspace/LAB/section8_2/Basys-3-Master.xdc:45]
CRITICAL WARNING: [Common 17-55] 'set_property' expects at least one object. [D:/workspace/LAB/section8_2/Basys-3-Master.xdc:45]
Resolution: If [get_<value>] was used to populate the object, check to make sure this command returns at least one valid object.
WARNING: [Vivado 12-584] No ports matched 'led[15]'. [D:/workspace/LAB/section8_2/Basys-3-Master.xdc:46]
CRITICAL WARNING: [Common 17-55] 'set_property' expects at least one object. [D:/workspace/LAB/section8_2/Basys-3-Master.xdc:46]
Resolution: If [get_<value>] was used to populate the object, check to make sure this command returns at least one valid object.
WARNING: [Vivado 12-584] No ports matched 'seg[0]'. [D:/workspace/LAB/section8_2/Basys-3-Master.xdc:50]
CRITICAL WARNING: [Common 17-55] 'set_property' expects at least one object. [D:/workspace/LAB/section8_2/Basys-3-Master.xdc:50]
Resolution: If [get_<value>] was used to populate the object, check to make sure this command returns at least one valid object.
WARNING: [Vivado 12-584] No ports matched 'seg[1]'. [D:/workspace/LAB/section8_2/Basys-3-Master.xdc:51]
CRITICAL WARNING: [Common 17-55] 'set_property' expects at least one object. [D:/workspace/LAB/section8_2/Basys-3-Master.xdc:51]
Resolution: If [get_<value>] was used to populate the object, check to make sure this command returns at least one valid object.
WARNING: [Vivado 12-584] No ports matched 'seg[2]'. [D:/workspace/LAB/section8_2/Basys-3-Master.xdc:52]
CRITICAL WARNING: [Common 17-55] 'set_property' expects at least one object. [D:/workspace/LAB/section8_2/Basys-3-Master.xdc:52]
Resolution: If [get_<value>] was used to populate the object, check to make sure this command returns at least one valid object.
WARNING: [Vivado 12-584] No ports matched 'seg[3]'. [D:/workspace/LAB/section8_2/Basys-3-Master.xdc:53]
CRITICAL WARNING: [Common 17-55] 'set_property' expects at least one object. [D:/workspace/LAB/section8_2/Basys-3-Master.xdc:53]
Resolution: If [get_<value>] was used to populate the object, check to make sure this command returns at least one valid object.
WARNING: [Vivado 12-584] No ports matched 'seg[4]'. [D:/workspace/LAB/section8_2/Basys-3-Master.xdc:54]
CRITICAL WARNING: [Common 17-55] 'set_property' expects at least one object. [D:/workspace/LAB/section8_2/Basys-3-Master.xdc:54]
Resolution: If [get_<value>] was used to populate the object, check to make sure this command returns at least one valid object.
WARNING: [Vivado 12-584] No ports matched 'seg[5]'. [D:/workspace/LAB/section8_2/Basys-3-Master.xdc:55]
CRITICAL WARNING: [Common 17-55] 'set_property' expects at least one object. [D:/workspace/LAB/section8_2/Basys-3-Master.xdc:55]
Resolution: If [get_<value>] was used to populate the object, check to make sure this command returns at least one valid object.
WARNING: [Vivado 12-584] No ports matched 'seg[6]'. [D:/workspace/LAB/section8_2/Basys-3-Master.xdc:56]
CRITICAL WARNING: [Common 17-55] 'set_property' expects at least one object. [D:/workspace/LAB/section8_2/Basys-3-Master.xdc:56]
Resolution: If [get_<value>] was used to populate the object, check to make sure this command returns at least one valid object.
WARNING: [Vivado 12-584] No ports matched 'an[0]'. [D:/workspace/LAB/section8_2/Basys-3-Master.xdc:60]
CRITICAL WARNING: [Common 17-55] 'set_property' expects at least one object. [D:/workspace/LAB/section8_2/Basys-3-Master.xdc:60]
Resolution: If [get_<value>] was used to populate the object, check to make sure this command returns at least one valid object.
WARNING: [Vivado 12-584] No ports matched 'an[1]'. [D:/workspace/LAB/section8_2/Basys-3-Master.xdc:61]
CRITICAL WARNING: [Common 17-55] 'set_property' expects at least one object. [D:/workspace/LAB/section8_2/Basys-3-Master.xdc:61]
Resolution: If [get_<value>] was used to populate the object, check to make sure this command returns at least one valid object.
WARNING: [Vivado 12-584] No ports matched 'an[2]'. [D:/workspace/LAB/section8_2/Basys-3-Master.xdc:62]
CRITICAL WARNING: [Common 17-55] 'set_property' expects at least one object. [D:/workspace/LAB/section8_2/Basys-3-Master.xdc:62]
Resolution: If [get_<value>] was used to populate the object, check to make sure this command returns at least one valid object.
WARNING: [Vivado 12-584] No ports matched 'an[3]'. [D:/workspace/LAB/section8_2/Basys-3-Master.xdc:63]
CRITICAL WARNING: [Common 17-55] 'set_property' expects at least one object. [D:/workspace/LAB/section8_2/Basys-3-Master.xdc:63]
Resolution: If [get_<value>] was used to populate the object, check to make sure this command returns at least one valid object.
WARNING: [Vivado 12-584] No ports matched 'btn[0]'. [D:/workspace/LAB/section8_2/Basys-3-Master.xdc:68]
CRITICAL WARNING: [Common 17-55] 'set_property' expects at least one object. [D:/workspace/LAB/section8_2/Basys-3-Master.xdc:68]
Resolution: If [get_<value>] was used to populate the object, check to make sure this command returns at least one valid object.
WARNING: [Vivado 12-584] No ports matched 'btn[1]'. [D:/workspace/LAB/section8_2/Basys-3-Master.xdc:70]
CRITICAL WARNING: [Common 17-55] 'set_property' expects at least one object. [D:/workspace/LAB/section8_2/Basys-3-Master.xdc:70]
Resolution: If [get_<value>] was used to populate the object, check to make sure this command returns at least one valid object.
Finished Parsing XDC File [D:/workspace/LAB/section8_2/Basys-3-Master.xdc]
INFO: [Project 1-236] Implementation specific constraints were found while reading constraint file [D:/workspace/LAB/section8_2/Basys-3-Master.xdc]. These constraints will be ignored for synthesis but will be used in implementation. Impacted constraints are listed in the file [.Xil/sync_binary_counter_divider_propImpl.xdc].
Resolution: To avoid this warning, move constraints listed in [.Xil/sync_binary_counter_divider_propImpl.xdc] to another XDC file and exclude this new file from synthesis with the used_in_synthesis property (File Properties dialog in GUI) and re-run elaboration/synthesis.
Completed Processing XDC Constraints

Netlist sorting complete. Time (s): cpu = 00:00:00 ; elapsed = 00:00:00 . Memory (MB): peak = 1935.965 ; gain = 0.000
INFO: [Project 1-111] Unisim Transformation Summary:
No Unisim elements were transformed.

Constraint Validation Runtime : Time (s): cpu = 00:00:00 ; elapsed = 00:00:00.001 . Memory (MB): peak = 1935.965 ; gain = 0.000
---------------------------------------------------------------------------------
Finished Constraint Validation : Time (s): cpu = 00:00:12 ; elapsed = 00:00:13 . Memory (MB): peak = 1935.965 ; gain = 298.531
---------------------------------------------------------------------------------
---------------------------------------------------------------------------------
Start Loading Part and Timing Information
---------------------------------------------------------------------------------
Loading part: xc7a35tcpg236-1
---------------------------------------------------------------------------------
Finished Loading Part and Timing Information : Time (s): cpu = 00:00:12 ; elapsed = 00:00:13 . Memory (MB): peak = 1935.965 ; gain = 298.531
---------------------------------------------------------------------------------
---------------------------------------------------------------------------------
Start Applying 'set_property' XDC Constraints
---------------------------------------------------------------------------------
---------------------------------------------------------------------------------
Finished applying 'set_property' XDC Constraints : Time (s): cpu = 00:00:12 ; elapsed = 00:00:13 . Memory (MB): peak = 1935.965 ; gain = 298.531
---------------------------------------------------------------------------------
---------------------------------------------------------------------------------
Finished RTL Optimization Phase 2 : Time (s): cpu = 00:00:12 ; elapsed = 00:00:13 . Memory (MB): peak = 1935.965 ; gain = 298.531
---------------------------------------------------------------------------------
---------------------------------------------------------------------------------
Start RTL Component Statistics 
---------------------------------------------------------------------------------
Detailed RTL Component Info : 
+---Adders : 
	   2 Input    4 Bit       Adders := 1     
+---Registers : 
	                4 Bit    Registers := 1     
---------------------------------------------------------------------------------
Finished RTL Component Statistics 
---------------------------------------------------------------------------------
---------------------------------------------------------------------------------
Start Part Resource Summary
---------------------------------------------------------------------------------
Part Resources:
DSPs: 90 (col length:60)
BRAMs: 100 (col length: RAMB18 60 RAMB36 30)
---------------------------------------------------------------------------------
Finished Part Resource Summary
---------------------------------------------------------------------------------
---------------------------------------------------------------------------------
Start Cross Boundary and Area Optimization
---------------------------------------------------------------------------------
WARNING: [Synth 8-7080] Parallel synthesis criteria is not met
---------------------------------------------------------------------------------
Finished Cross Boundary and Area Optimization : Time (s): cpu = 00:00:13 ; elapsed = 00:00:15 . Memory (MB): peak = 1935.965 ; gain = 298.531
---------------------------------------------------------------------------------
---------------------------------------------------------------------------------
Start Applying XDC Timing Constraints
---------------------------------------------------------------------------------
---------------------------------------------------------------------------------
Finished Applying XDC Timing Constraints : Time (s): cpu = 00:00:18 ; elapsed = 00:00:20 . Memory (MB): peak = 1935.965 ; gain = 298.531
---------------------------------------------------------------------------------
---------------------------------------------------------------------------------
Start Timing Optimization
---------------------------------------------------------------------------------
---------------------------------------------------------------------------------
Finished Timing Optimization : Time (s): cpu = 00:00:18 ; elapsed = 00:00:20 . Memory (MB): peak = 1935.965 ; gain = 298.531
---------------------------------------------------------------------------------
---------------------------------------------------------------------------------
Start Technology Mapping
---------------------------------------------------------------------------------
---------------------------------------------------------------------------------
Finished Technology Mapping : Time (s): cpu = 00:00:18 ; elapsed = 00:00:20 . Memory (MB): peak = 1935.965 ; gain = 298.531
---------------------------------------------------------------------------------
---------------------------------------------------------------------------------
Start IO Insertion
---------------------------------------------------------------------------------
---------------------------------------------------------------------------------
Start Flattening Before IO Insertion
---------------------------------------------------------------------------------
---------------------------------------------------------------------------------
Finished Flattening Before IO Insertion
---------------------------------------------------------------------------------
---------------------------------------------------------------------------------
Start Final Netlist Cleanup
---------------------------------------------------------------------------------
---------------------------------------------------------------------------------
Finished Final Netlist Cleanup
---------------------------------------------------------------------------------
---------------------------------------------------------------------------------
Finished IO Insertion : Time (s): cpu = 00:00:22 ; elapsed = 00:00:24 . Memory (MB): peak = 1935.965 ; gain = 298.531
---------------------------------------------------------------------------------
---------------------------------------------------------------------------------
Start Renaming Generated Instances
---------------------------------------------------------------------------------
---------------------------------------------------------------------------------
Finished Renaming Generated Instances : Time (s): cpu = 00:00:22 ; elapsed = 00:00:24 . Memory (MB): peak = 1935.965 ; gain = 298.531
---------------------------------------------------------------------------------
---------------------------------------------------------------------------------
Start Rebuilding User Hierarchy
---------------------------------------------------------------------------------
---------------------------------------------------------------------------------
Finished Rebuilding User Hierarchy : Time (s): cpu = 00:00:22 ; elapsed = 00:00:24 . Memory (MB): peak = 1935.965 ; gain = 298.531
---------------------------------------------------------------------------------
---------------------------------------------------------------------------------
Start Renaming Generated Ports
---------------------------------------------------------------------------------
---------------------------------------------------------------------------------
Finished Renaming Generated Ports : Time (s): cpu = 00:00:22 ; elapsed = 00:00:24 . Memory (MB): peak = 1935.965 ; gain = 298.531
---------------------------------------------------------------------------------
---------------------------------------------------------------------------------
Start Handling Custom Attributes
---------------------------------------------------------------------------------
---------------------------------------------------------------------------------
Finished Handling Custom Attributes : Time (s): cpu = 00:00:22 ; elapsed = 00:00:24 . Memory (MB): peak = 1935.965 ; gain = 298.531
---------------------------------------------------------------------------------
---------------------------------------------------------------------------------
Start Renaming Generated Nets
---------------------------------------------------------------------------------
---------------------------------------------------------------------------------
Finished Renaming Generated Nets : Time (s): cpu = 00:00:22 ; elapsed = 00:00:24 . Memory (MB): peak = 1935.965 ; gain = 298.531
---------------------------------------------------------------------------------
---------------------------------------------------------------------------------
Start Writing Synthesis Report
---------------------------------------------------------------------------------

Report BlackBoxes: 
+-+--------------+----------+
| |BlackBox name |Instances |
+-+--------------+----------+
+-+--------------+----------+

Report Cell Usage: 
+------+-------+------+
|      |Cell   |Count |
+------+-------+------+
|1     |BUFG   |     1|
|2     |CARRY4 |     7|
|3     |LUT1   |     2|
|4     |LUT2   |     1|
|5     |LUT3   |     1|
|6     |LUT4   |     1|
|7     |FDRE   |    32|
|8     |IBUF   |     1|
|9     |OBUF   |     4|
+------+-------+------+
---------------------------------------------------------------------------------
Finished Writing Synthesis Report : Time (s): cpu = 00:00:22 ; elapsed = 00:00:24 . Memory (MB): peak = 1935.965 ; gain = 298.531
---------------------------------------------------------------------------------
Synthesis finished with 0 errors, 0 critical warnings and 1 warnings.
Synthesis Optimization Runtime : Time (s): cpu = 00:00:14 ; elapsed = 00:00:22 . Memory (MB): peak = 1935.965 ; gain = 259.168
Synthesis Optimization Complete : Time (s): cpu = 00:00:22 ; elapsed = 00:00:24 . Memory (MB): peak = 1935.965 ; gain = 298.531
INFO: [Project 1-571] Translating synthesized netlist
Netlist sorting complete. Time (s): cpu = 00:00:00 ; elapsed = 00:00:00 . Memory (MB): peak = 1938.605 ; gain = 0.000
INFO: [Netlist 29-17] Analyzing 7 Unisim elements for replacement
INFO: [Netlist 29-28] Unisim Transformation completed in 0 CPU seconds
INFO: [Project 1-570] Preparing netlist for logic optimization
INFO: [Opt 31-138] Pushed 0 inverter(s) to 0 load pin(s).
Netlist sorting complete. Time (s): cpu = 00:00:00 ; elapsed = 00:00:00 . Memory (MB): peak = 1944.270 ; gain = 0.000
INFO: [Project 1-111] Unisim Transformation Summary:
No Unisim elements were transformed.

Synth Design complete, checksum: cd0c22f7
INFO: [Common 17-83] Releasing license: Synthesis
17 Infos, 35 Warnings, 34 Critical Warnings and 0 Errors encountered.
synth_design completed successfully
synth_design: Time (s): cpu = 00:00:26 ; elapsed = 00:00:42 . Memory (MB): peak = 1944.270 ; gain = 306.836
INFO: [runtcl-6] Synthesis results are not added to the cache due to CRITICAL_WARNING
INFO: [Common 17-1381] The checkpoint 'D:/workspace/LAB/section8_2/project_1.runs/synth_1/sync_binary_counter_divider.dcp' has been generated.
INFO: [runtcl-4] Executing : report_utilization -file sync_binary_counter_divider_utilization_synth.rpt -pb sync_binary_counter_divider_utilization_synth.pb
INFO: [Common 17-206] Exiting Vivado at Thu May 14 13:38:31 2026...
