2026-04-05T00:30:58.125695900255-00:30:58 **** Incremental Build of configuration Debug for project FMC_Pcam_Adapter_demo ****
000-make all 
000-make --no-print-directory pre-build
000-a9-linaro-pre-build-step
000-' '
000-make --no-print-directory main-build
000-'Building file: ../src/network.c'
000-'Invoking: ARM v7 g++ compiler'
000-arm-none-eabi-g++ -Wall -O0 -g3 -I"D:\workspace\fbga_project\projem\FMC_Pcam_Adapter_demo\src" -c -fmessage-length=0 -MT"src/network.o" -mcpu=cortex-a9 -mfpu=vfpv3 -mfloat-abi=hard -ID:/workspace/fbga_project/projem/system_wrapper/export/system_wrapper/sw/system_wrapper/standalone_ps7_cortexa9_0/bspinclude/include -MMD -MP -MF"src/network.d" -MT"src/network.o" -o "src/network.o" "../src/network.c"
000-'Finished building: ../src/network.c'
000-' '
000-'Building target: FMC_Pcam_Adapter_demo.elf'
000-'Invoking: ARM v7 g++ linker'
000-arm-none-eabi-g++ -mcpu=cortex-a9 -mfpu=vfpv3 -mfloat-abi=hard -Wl,-build-id=none -specs=Xilinx.spec -Wl,-T -Wl,D:/workspace/fbga_project/dual_demo/FMC_Pcam_Adapter_demo/src/lscript.ld -LD:/workspace/fbga_project/projem/system_wrapper/export/system_wrapper/sw/system_wrapper/standalone_ps7_cortexa9_0/bsplib/lib -o "FMC_Pcam_Adapter_demo.elf"  ./src/verbose/verbose.o  ./src/uart/uart_ps.o  ./src/platform/platform.o  ./src/echo.o ./src/i2c_access.o ./src/iic_phyreset.o ./src/main.o ./src/network.o ./src/sfp.o ./src/si5324.o   -Wl,--start-group,-lxil,-lgcc,-lc,-lstdc++,--end-group -Wl,--start-group,-lxil,-llwip4,-lgcc,-lc,--end-group
000-'Finished building target: FMC_Pcam_Adapter_demo.elf'
000-' '
000-'Invoking: ARM v7 Print Size'
000-arm-none-eabi-size FMC_Pcam_Adapter_demo.elf  |tee "FMC_Pcam_Adapter_demo.elf.size"
000-   text	   data	    bss	    dec	    hex	filename
000- 708445	   4412	3330400	4043257	 3db1f9	FMC_Pcam_Adapter_demo.elf
000-'Finished building: FMC_Pcam_Adapter_demo.elf.size'
000-' '
00255-
00:31:00 Build Finished (took 2s.38ms)

