#-----------------------------------------------------------
# Vivado v2022.1.1 (64-bit)
# SW Build 3557992 on Fri Jun  3 09:58:00 MDT 2022
# IP Build 3556342 on Fri Jun  3 19:31:36 MDT 2022
# Start of session at: Wed Sep 14 12:19:10 2022
# Process ID: 21048
# Current directory: C:/Users/idragomi/AppData/Roaming/Xilinx/Vivado
# Command line: vivado.exe -gui_launcher_event rodinguilauncherevent22400
# Log file: C:/Users/idragomi/AppData/Roaming/Xilinx/Vivado/vivado.log
# Journal file: C:/Users/idragomi/AppData/Roaming/Xilinx/Vivado\vivado.jou
# Running On: ROCLUDT-G5O3H19, OS: Windows, CPU Frequency: 3194 MHz, CPU Physical cores: 16, Host memory: 34287 MB
#-----------------------------------------------------------
start_gui
WARNING: [Board 49-26] cannot add Board Part xilinx.com:vpk120_es:part0:1.2 available at C:/Xilinx/Vivado/2022.1/data/xhub/boards/XilinxBoardStore/boards/Xilinx/vpk120/es/1.2/board.xml as part xcvp1202-vsva2785-2mp-e-s-es1 specified in board_part file is either invalid or not available
WARNING: [Board 49-26] cannot add Board Part xilinx.com:vpk120_es_revb:part0:1.0 available at C:/Xilinx/Vivado/2022.1/data/xhub/boards/XilinxBoardStore/boards/Xilinx/vpk120_revb/es/1.0/board.xml as part xcvp1202-vsva2785-2mp-e-s-es1 specified in board_part file is either invalid or not available
WARNING: [Board 49-26] cannot add Board Part xilinx.com:zcu208ld:part0:2.0 available at C:/Xilinx/Vivado/2022.1/data/xhub/boards/XilinxBoardStore/boards/Xilinx/zcu208ld/production/2.0/board.xml as part xczu58dr-fsvg1517-2-i specified in board_part file is either invalid or not available
WARNING: [Board 49-26] cannot add Board Part xilinx.com:zcu216ld:part0:2.0 available at C:/Xilinx/Vivado/2022.1/data/xhub/boards/XilinxBoardStore/boards/Xilinx/zcu216ld/production/2.0/board.xml as part xczu59dr-ffvf1760-2-i specified in board_part file is either invalid or not available
WARNING: [Board 49-26] cannot add Board Part xilinx.com:zcu670:part0:2.0 available at C:/Xilinx/Vivado/2022.1/data/xhub/boards/XilinxBoardStore/boards/Xilinx/zcu670/2.0/board.xml as part xczu67dr-fsve1156-2-i specified in board_part file is either invalid or not available
WARNING: [Board 49-26] cannot add Board Part xilinx.com:zcu670ld:part0:1.0 available at C:/Xilinx/Vivado/2022.1/data/xhub/boards/XilinxBoardStore/boards/Xilinx/zcu670ld/1.0/board.xml as part xczu57dr-fsve1156-2-i specified in board_part file is either invalid or not available
source D:/bau/ZedBoard/hw/digilent-vivado-scripts/checkout.tcl
# set idx [lsearch ${argv} "-r"]
# if {${idx} != -1} {
#     set repo_path [glob -nocomplain [file normalize [lindex ${argv} [expr {${idx}+1}]]]]
# } else {
#     # Default
#     set repo_path [file normalize [file dirname [info script]]/..]
# }
# set idx [lsearch ${argv} "-x"]
# if {${idx} != -1} {
#     set xpr_path [file normalize [lindex ${argv} [expr {${idx}+1}]]]
# } else {
#     # Default
#     set xpr_path [file join ${repo_path} proj [file tail $repo_path]].xpr]
# }
# set idx [lsearch ${argv} "-v"]
# if {${idx} != -1} {
#     set vivado_version [lindex ${argv} [expr {${idx}+1}]]
# } else {
#     # Default
#     set vivado_version [version -short]
# }
# set idx [lsearch ${argv} "-b"]
# if {${idx} != -1} {
#     set build_when_checked_out 1
# } else {
#     # Default
#     set build_when_checked_out 0
# }
# set idx [lsearch ${argv} "-no-block"]
# if {${idx} != -1} {
#     set wait_on_build 0
# } else {
#     # Default
#     set wait_on_build 1
# }
# set vivado_year [lindex [split $vivado_version "."] 0]
# set proj_name [file rootname [file tail $xpr_path]]
# puts "INFO: Creating new project \"$proj_name\" in [file dirname $xpr_path]"
INFO: Creating new project "hw" in D:/bau/ZedBoard/hw/proj
# create_project $proj_name [file dirname $xpr_path]
INFO: [IP_Flow 19-234] Refreshing IP repositories
INFO: [IP_Flow 19-1704] No user IP repositories specified
INFO: [IP_Flow 19-2313] Loaded Vivado IP repository 'C:/Xilinx/Vivado/2022.1/data/ip'.
create_project: Time (s): cpu = 00:00:18 ; elapsed = 00:00:05 . Memory (MB): peak = 1746.828 ; gain = 0.000
# source $repo_path/project_info.tcl
## proc set_project_properties_post_create_project {proj_name} {
##     set project_obj [get_projects $proj_name]
##     set_property "part" "xc7z020clg484-1" $project_obj
##     set_property "board_part" "avnet.com:zedboard:part0:1.4" $project_obj
##     set_property "default_lib" "xil_defaultlib" $project_obj
##     set_property "simulator_language" "Mixed" $project_obj
##     set_property "target_language" "VHDL" $project_obj
## }
## proc set_project_properties_pre_add_repo {proj_name} {
##     set project_obj [get_projects $proj_name]
##     # default nothing
## }
## proc set_project_properties_post_create_runs {proj_name} {
##     set project_obj [get_projects $proj_name]
## 	#Custom directives for synthesis and implementation
## 	set_property STEPS.SYNTH_DESIGN.ARGS.FLATTEN_HIERARCHY none [get_runs synth_1]
## 	set_property STEPS.SYNTH_DESIGN.ARGS.DIRECTIVE RuntimeOptimized [get_runs synth_1]
## 	set_property STEPS.SYNTH_DESIGN.ARGS.FSM_EXTRACTION off [get_runs synth_1]
## 	set_property STEPS.OPT_DESIGN.ARGS.DIRECTIVE RuntimeOptimized [get_runs impl_1]
## 	set_property STEPS.PLACE_DESIGN.ARGS.DIRECTIVE RuntimeOptimized [get_runs impl_1]
## 	set_property STEPS.ROUTE_DESIGN.ARGS.DIRECTIVE RuntimeOptimized [get_runs impl_1]
## 	set_property STEPS.WRITE_BITSTREAM.ARGS.READBACK_FILE 0 [get_runs impl_1]
## 	set_property STEPS.WRITE_BITSTREAM.ARGS.VERBOSE 0 [get_runs impl_1]
## }
# puts "INFO: Capturing board information from $repo_path/project_info.tcl"
INFO: Capturing board information from D:/bau/ZedBoard/hw/project_info.tcl
# set_project_properties_post_create_project $proj_name
# set obj [get_projects $proj_name]
# set part_name [get_property "part" $obj]
# puts "INFO: Configuring project IP handling properties"
INFO: Configuring project IP handling properties
# set_property "corecontainer.enable" "0" $obj
# set_property "ip_cache_permissions" "read write" $obj
# set_property "ip_output_repo" "[file normalize "$repo_path/proj/cache"]" $obj
# if {[string equal [get_filesets -quiet sources_1] ""]} {
#     puts "INFO: Creating sources_1 fileset"
#     create_fileset -srcset sources_1
# }
# if {[string equal [get_filesets -quiet constrs_1] ""]} {
#     puts "INFO: Creating constrs_1 fileset"
#     create_fileset -constrset constrs_1
# }
# puts "INFO: capturing IP-related settings from $repo_path/project_info.tcl"
INFO: capturing IP-related settings from D:/bau/ZedBoard/hw/project_info.tcl
# set_project_properties_pre_add_repo $proj_name
# puts "INFO: Setting IP repository paths"
INFO: Setting IP repository paths
# set obj [get_filesets sources_1]
# set_property "ip_repo_paths" "[file normalize $repo_path/repo]" $obj
# puts "INFO: Refreshing IP repositories"
INFO: Refreshing IP repositories
# update_ip_catalog -rebuild
INFO: [IP_Flow 19-234] Refreshing IP repositories
INFO: [IP_Flow 19-1700] Loaded user IP repository 'd:/bau/ZedBoard/hw/repo'.
# puts "INFO: Adding HDL sources"
INFO: Adding HDL sources
# add_files -quiet -norecurse $repo_path/src/hdl
# puts "INFO: Adding XCI IP sources"
INFO: Adding XCI IP sources
# add_files -quiet [glob -nocomplain $repo_path/src/ip/*/*.xci]
# puts "INFO: Adding constraints"
INFO: Adding constraints
# add_files -quiet -norecurse -fileset constrs_1 $repo_path/src/constraints
# set ipi_tcl_files [glob -nocomplain "$repo_path/src/bd/*.tcl"]
# set ipi_bd_files [glob -nocomplain "$repo_path/src/bd/*/*.bd"]
# if {[llength $ipi_tcl_files] > 1} {
#     # TODO: quit and log the error
#     puts "ERROR: This script cannot handle projects containing more than one block design! More than one tcl script foudn in src/bd"
# } elseif {[llength $ipi_tcl_files] == 1} {
#     # Use TCL script to rebuild block design
#     puts "INFO: Rebuilding block design from script"
#     # Create local source directory for bd
#     if {[file exist "[file rootname $xpr_path].srcs"] == 0} {
#         file mkdir "[file rootname $xpr_path].srcs"
#     }
#     if {[file exist "[file rootname $xpr_path].srcs/sources_1"] == 0} {
#         file mkdir "[file rootname $xpr_path].srcs/sources_1"
#     }
#     if {[file exist "[file rootname $xpr_path].srcs/sources_1/bd"] == 0} {
#         file mkdir "[file rootname $xpr_path].srcs/sources_1/bd"
#     }
#     # Force Non-Remote BD Flow
#     set origin_dir [pwd]
#     cd "[file rootname $xpr_path].srcs/sources_1"
#     set run_remote_bd_flow 0
#     if {[set result [catch { source [lindex $ipi_tcl_files 0] } resulttext]]} {
#         # remember global error state
#         set einfo $::errorInfo
#         set ecode $::errorCode
#         catch {cd $origin_dir}
#         return -code $result -errorcode $ecode -errorinfo $einfo $resulttext
#     }
#     cd $origin_dir
# } elseif {[llength $ipi_bd_files] > 1} {
#     # TODO: quit and log the error
#     puts "ERROR: This script cannot handle projects containing more than one block design! More than one bd file foudn in src/bd"
# } elseif {[llength $ipi_bd_files] == 1} {
#     # Add block design from .bd file and sources
#     puts "INFO: Rebuilding block design from BD fileset"
#     add_files -norecurse -quiet -fileset sources_1 [glob -nocomplain $repo_path/src/bd/*/*.bd]
#     open_bd_design [glob -nocomplain $repo_path/src/bd/*/*.bd]
#     set design_name [get_bd_designs]
#     set file "$repo_path/src/bd/$design_name/$design_name.bd"
#     set file [file normalize $file]
#     set file_obj [get_files -of_objects [get_filesets sources_1] [list "*$file"]]
#     if { ![get_property "is_locked" $file_obj] } {
#         set_property "synth_checkpoint_mode" "Hierarchical" $file_obj
#     }
# }
INFO: Rebuilding block design from script
## _tcl::get_script_folder
## version -short
## get_projects -quiet
## current_bd_design -quiet
## get_bd_cells -quiet
INFO: [BD::TCL 103-2003] Currently there is no design <system> in project, so creating one...
Wrote  : <D:\bau\ZedBoard\hw\proj\hw.srcs\sources_1\bd\system\system.bd> 
create_bd_design: Time (s): cpu = 00:00:11 ; elapsed = 00:00:10 . Memory (MB): peak = 1781.441 ; gain = 34.613
INFO: [BD::TCL 103-2004] Making design <system> as current_bd_design.
INFO: [BD::TCL 103-2005] Currently the variable <design_name> is equal to "system".
INFO: [BD::TCL 103-2011] Checking if the following IPs exist in the project's IP catalog:  
digilentinc.com:user:AXI_BayerToRGB:* digilentinc.com:user:AXI_GammaCorrection:* digilentinc.com:ip:MIPI_CSI_2_RX:* digilentinc.com:ip:MIPI_D_PHY_RX:* xilinx.com:ip:axi_gpio:* xilinx.com:ip:axi_vdma:* xilinx.com:ip:xlconstant:* xilinx.com:ip:clk_wiz:* xilinx.com:ip:xlconcat:* xilinx.com:ip:processing_system7:* digilentinc.com:ip:rgb2vga:* xilinx.com:ip:proc_sys_reset:* xilinx.com:ip:v_axi4s_vid_out:* digilentinc.com:video:video_scaler:* xilinx.com:ip:v_tc:*  .
INFO: [BD::TCL 103-2020] Checking if the following modules exist in the project's sources:  
DVIClocking  .
INFO: [IP_Flow 19-234] Refreshing IP repositories
INFO: [IP_Flow 19-1700] Loaded user IP repository 'd:/bau/ZedBoard/hw/repo'.
WARNING: [PS7-6] The applied preset does not match with zedboard board preset. You may not get expected settings for zedboard board. The ZedBoard preset is designed for ZedBoard board.
INFO: [PS7-6] Configuring Board Preset part0. Please wait ......
INFO: [Ipptcl 7-1463] No Compatible Board Interface found. Board Tab not created in customize GUI
INFO: [Ipptcl 7-1463] No Compatible Board Interface found. Board Tab not created in customize GUI
INFO: [Ipptcl 7-1463] No Compatible Board Interface found. Board Tab not created in customize GUI
WARNING: [BD 41-1306] The connection to interface pin </axi_vdma_a/m_axis_mm2s_tuser> is being overridden by the user with net <axi_vdma_a_m_axis_mm2s_tuser>. This pin will not be connected as a part of interface connection <M_AXIS_MM2S>.
WARNING: [BD 41-1306] The connection to interface pin </v_axi4s_vid_out_0/s_axis_video_tuser> is being overridden by the user with net <axi_vdma_a_m_axis_mm2s_tuser>. This pin will not be connected as a part of interface connection <video_in>.
Slave segment '/processing_system7_0/S_AXI_HP0/HP0_DDR_LOWOCM' is being assigned into address space '/axi_vdma_a/Data_MM2S' at <0x0000_0000 [ 512M ]>.
Slave segment '/processing_system7_0/S_AXI_HP2/HP2_DDR_LOWOCM' is being assigned into address space '/axi_vdma_a/Data_S2MM' at <0x0000_0000 [ 512M ]>.
Slave segment '/processing_system7_0/S_AXI_HP2/HP2_DDR_LOWOCM' is being assigned into address space '/axi_vdma_b/Data_S2MM' at <0x0000_0000 [ 512M ]>.
Slave segment '/processing_system7_0/S_AXI_HP2/HP2_DDR_LOWOCM' is being assigned into address space '/axi_vdma_c/Data_S2MM' at <0x0000_0000 [ 512M ]>.
Slave segment '/processing_system7_0/S_AXI_HP2/HP2_DDR_LOWOCM' is being assigned into address space '/axi_vdma_d/Data_S2MM' at <0x0000_0000 [ 512M ]>.
Slave segment '/AXI_GammaCorrection_A/AXI_Lite_Reg_Intf/Reg' is being assigned into address space '/processing_system7_0/Data' at <0x43CE_0000 [ 64K ]>.
Slave segment '/AXI_GammaCorrection_B/AXI_Lite_Reg_Intf/Reg' is being assigned into address space '/processing_system7_0/Data' at <0x43CF_0000 [ 64K ]>.
Slave segment '/AXI_GammaCorrection_C/AXI_Lite_Reg_Intf/Reg' is being assigned into address space '/processing_system7_0/Data' at <0x43D0_0000 [ 64K ]>.
Slave segment '/AXI_GammaCorrection_D/AXI_Lite_Reg_Intf/Reg' is being assigned into address space '/processing_system7_0/Data' at <0x43D1_0000 [ 64K ]>.
Slave segment '/MIPI_CSI_2_RX_A/S_AXI_LITE/S_AXI_LITE_reg' is being assigned into address space '/processing_system7_0/Data' at <0x43C0_0000 [ 64K ]>.
Slave segment '/MIPI_CSI_2_RX_B/S_AXI_LITE/S_AXI_LITE_reg' is being assigned into address space '/processing_system7_0/Data' at <0x43C1_0000 [ 64K ]>.
Slave segment '/MIPI_CSI_2_RX_C/S_AXI_LITE/S_AXI_LITE_reg' is being assigned into address space '/processing_system7_0/Data' at <0x43C2_0000 [ 64K ]>.
Slave segment '/MIPI_CSI_2_RX_D/S_AXI_LITE/S_AXI_LITE_reg' is being assigned into address space '/processing_system7_0/Data' at <0x43C3_0000 [ 64K ]>.
Slave segment '/MIPI_D_PHY_RX_A/S_AXI_LITE/S_AXI_LITE_reg' is being assigned into address space '/processing_system7_0/Data' at <0x43C4_0000 [ 64K ]>.
Slave segment '/MIPI_D_PHY_RX_B/S_AXI_LITE/S_AXI_LITE_reg' is being assigned into address space '/processing_system7_0/Data' at <0x43C5_0000 [ 64K ]>.
Slave segment '/MIPI_D_PHY_RX_C/S_AXI_LITE/S_AXI_LITE_reg' is being assigned into address space '/processing_system7_0/Data' at <0x43C6_0000 [ 64K ]>.
Slave segment '/MIPI_D_PHY_RX_D/S_AXI_LITE/S_AXI_LITE_reg' is being assigned into address space '/processing_system7_0/Data' at <0x43C7_0000 [ 64K ]>.
Slave segment '/axi_cama_bta/S_AXI/Reg' is being assigned into address space '/processing_system7_0/Data' at <0x4120_0000 [ 64K ]>.
Slave segment '/axi_cama_gpio/S_AXI/Reg' is being assigned into address space '/processing_system7_0/Data' at <0x4121_0000 [ 64K ]>.
Slave segment '/axi_vdma_a/S_AXI_LITE/Reg' is being assigned into address space '/processing_system7_0/Data' at <0x4300_0000 [ 64K ]>.
Slave segment '/axi_vdma_b/S_AXI_LITE/Reg' is being assigned into address space '/processing_system7_0/Data' at <0x4301_0000 [ 64K ]>.
Slave segment '/axi_vdma_c/S_AXI_LITE/Reg' is being assigned into address space '/processing_system7_0/Data' at <0x4302_0000 [ 64K ]>.
Slave segment '/axi_vdma_d/S_AXI_LITE/Reg' is being assigned into address space '/processing_system7_0/Data' at <0x4303_0000 [ 64K ]>.
Slave segment '/video_dynclk/s_axi_lite/Reg' is being assigned into address space '/processing_system7_0/Data' at <0x43C8_0000 [ 64K ]>.
Slave segment '/video_scaler_a/s_axi_ctrl/Reg' is being assigned into address space '/processing_system7_0/Data' at <0x43C9_0000 [ 64K ]>.
Slave segment '/video_scaler_b/s_axi_ctrl/Reg' is being assigned into address space '/processing_system7_0/Data' at <0x43CA_0000 [ 64K ]>.
Slave segment '/video_scaler_c/s_axi_ctrl/Reg' is being assigned into address space '/processing_system7_0/Data' at <0x43CB_0000 [ 64K ]>.
Slave segment '/video_scaler_d/s_axi_ctrl/Reg' is being assigned into address space '/processing_system7_0/Data' at <0x43CC_0000 [ 64K ]>.
Slave segment '/vtg/ctrl/Reg' is being assigned into address space '/processing_system7_0/Data' at <0x43CD_0000 [ 64K ]>.
INFO: [digilentinc.com:ip:MIPI_CSI_2_RX:1.2-17] /MIPI_CSI_2_RX_BVerified that video_aclk frequency can handle RxByteClkHS frequency. AXI-Stream bandwidth 600000000 Pix/s >= PPI bandwidth 134400000.0 Pix/s
INFO: [digilentinc.com:ip:MIPI_CSI_2_RX:1.2-17] /MIPI_CSI_2_RX_AVerified that video_aclk frequency can handle RxByteClkHS frequency. AXI-Stream bandwidth 600000000 Pix/s >= PPI bandwidth 134400000.0 Pix/s
INFO: [digilentinc.com:ip:MIPI_CSI_2_RX:1.2-17] /MIPI_CSI_2_RX_CVerified that video_aclk frequency can handle RxByteClkHS frequency. AXI-Stream bandwidth 600000000 Pix/s >= PPI bandwidth 134400000.0 Pix/s
INFO: [digilentinc.com:ip:MIPI_D_PHY_RX:1.3-17] /MIPI_D_PHY_RX_BFREQ_HZ of 50000000 propagated into CONFIG.C_S_AXI_LITE_FREQ_HZ
INFO: [digilentinc.com:ip:MIPI_D_PHY_RX:1.3-17] /MIPI_D_PHY_RX_BFREQ_HZ of 200000000 propagated into CONFIG.kRefClkFreqHz
INFO: [digilentinc.com:ip:MIPI_D_PHY_RX:1.3-17] /MIPI_D_PHY_RX_BFREQ_HZ of 84000000 propagated onto RxByteClkHS
INFO: [digilentinc.com:ip:MIPI_D_PHY_RX:1.3-17] /MIPI_D_PHY_RX_AFREQ_HZ of 50000000 propagated into CONFIG.C_S_AXI_LITE_FREQ_HZ
INFO: [digilentinc.com:ip:MIPI_D_PHY_RX:1.3-17] /MIPI_D_PHY_RX_AFREQ_HZ of 200000000 propagated into CONFIG.kRefClkFreqHz
INFO: [digilentinc.com:ip:MIPI_D_PHY_RX:1.3-17] /MIPI_D_PHY_RX_AFREQ_HZ of 84000000 propagated onto RxByteClkHS
INFO: [digilentinc.com:ip:MIPI_D_PHY_RX:1.3-17] /MIPI_D_PHY_RX_CFREQ_HZ of 50000000 propagated into CONFIG.C_S_AXI_LITE_FREQ_HZ
INFO: [digilentinc.com:ip:MIPI_D_PHY_RX:1.3-17] /MIPI_D_PHY_RX_CFREQ_HZ of 200000000 propagated into CONFIG.kRefClkFreqHz
INFO: [digilentinc.com:ip:MIPI_D_PHY_RX:1.3-17] /MIPI_D_PHY_RX_CFREQ_HZ of 84000000 propagated onto RxByteClkHS
INFO: [digilentinc.com:ip:MIPI_D_PHY_RX:1.3-17] /MIPI_D_PHY_RX_DFREQ_HZ of 50000000 propagated into CONFIG.C_S_AXI_LITE_FREQ_HZ
INFO: [digilentinc.com:ip:MIPI_D_PHY_RX:1.3-17] /MIPI_D_PHY_RX_DFREQ_HZ of 200000000 propagated into CONFIG.kRefClkFreqHz
INFO: [digilentinc.com:ip:MIPI_D_PHY_RX:1.3-17] /MIPI_D_PHY_RX_DFREQ_HZ of 84000000 propagated onto RxByteClkHS
INFO: [digilentinc.com:ip:MIPI_CSI_2_RX:1.2-17] /MIPI_CSI_2_RX_DVerified that video_aclk frequency can handle RxByteClkHS frequency. AXI-Stream bandwidth 600000000 Pix/s >= PPI bandwidth 134400000.0 Pix/s
INFO: [xilinx.com:ip:clk_wiz:6.0-1] /video_dynclk clk_wiz propagate
INFO: [xilinx.com:ip:clk_wiz:6.0-1] /clk_wiz_0 clk_wiz propagate
WARNING: [BD 41-927] Following properties on pin /AXI_BayerToRGB_A/StreamClk have been updated from connected ip, but BD cell '/AXI_BayerToRGB_A' does not accept parameter changes, so they may not be synchronized with cell properties:
	FREQ_HZ = 150000000 
Please resolve any mismatches by directly setting properties on BD cell </AXI_BayerToRGB_A> to completely resolve these warnings.
WARNING: [BD 41-927] Following properties on pin /AXI_BayerToRGB_B/StreamClk have been updated from connected ip, but BD cell '/AXI_BayerToRGB_B' does not accept parameter changes, so they may not be synchronized with cell properties:
	FREQ_HZ = 150000000 
Please resolve any mismatches by directly setting properties on BD cell </AXI_BayerToRGB_B> to completely resolve these warnings.
WARNING: [BD 41-927] Following properties on pin /AXI_BayerToRGB_C/StreamClk have been updated from connected ip, but BD cell '/AXI_BayerToRGB_C' does not accept parameter changes, so they may not be synchronized with cell properties:
	FREQ_HZ = 150000000 
Please resolve any mismatches by directly setting properties on BD cell </AXI_BayerToRGB_C> to completely resolve these warnings.
WARNING: [BD 41-927] Following properties on pin /AXI_BayerToRGB_D/StreamClk have been updated from connected ip, but BD cell '/AXI_BayerToRGB_D' does not accept parameter changes, so they may not be synchronized with cell properties:
	FREQ_HZ = 150000000 
Please resolve any mismatches by directly setting properties on BD cell </AXI_BayerToRGB_D> to completely resolve these warnings.
WARNING: [BD 41-927] Following properties on pin /AXI_GammaCorrection_A/StreamClk have been updated from connected ip, but BD cell '/AXI_GammaCorrection_A' does not accept parameter changes, so they may not be synchronized with cell properties:
	FREQ_HZ = 150000000 
Please resolve any mismatches by directly setting properties on BD cell </AXI_GammaCorrection_A> to completely resolve these warnings.
WARNING: [BD 41-927] Following properties on pin /AXI_GammaCorrection_A/AxiLiteClk have been updated from connected ip, but BD cell '/AXI_GammaCorrection_A' does not accept parameter changes, so they may not be synchronized with cell properties:
	FREQ_HZ = 50000000 
Please resolve any mismatches by directly setting properties on BD cell </AXI_GammaCorrection_A> to completely resolve these warnings.
WARNING: [BD 41-927] Following properties on pin /AXI_GammaCorrection_B/StreamClk have been updated from connected ip, but BD cell '/AXI_GammaCorrection_B' does not accept parameter changes, so they may not be synchronized with cell properties:
	FREQ_HZ = 150000000 
Please resolve any mismatches by directly setting properties on BD cell </AXI_GammaCorrection_B> to completely resolve these warnings.
WARNING: [BD 41-927] Following properties on pin /AXI_GammaCorrection_B/AxiLiteClk have been updated from connected ip, but BD cell '/AXI_GammaCorrection_B' does not accept parameter changes, so they may not be synchronized with cell properties:
	FREQ_HZ = 50000000 
Please resolve any mismatches by directly setting properties on BD cell </AXI_GammaCorrection_B> to completely resolve these warnings.
WARNING: [BD 41-927] Following properties on pin /AXI_GammaCorrection_C/StreamClk have been updated from connected ip, but BD cell '/AXI_GammaCorrection_C' does not accept parameter changes, so they may not be synchronized with cell properties:
	FREQ_HZ = 150000000 
Please resolve any mismatches by directly setting properties on BD cell </AXI_GammaCorrection_C> to completely resolve these warnings.
WARNING: [BD 41-927] Following properties on pin /AXI_GammaCorrection_C/AxiLiteClk have been updated from connected ip, but BD cell '/AXI_GammaCorrection_C' does not accept parameter changes, so they may not be synchronized with cell properties:
	FREQ_HZ = 50000000 
Please resolve any mismatches by directly setting properties on BD cell </AXI_GammaCorrection_C> to completely resolve these warnings.
WARNING: [BD 41-927] Following properties on pin /AXI_GammaCorrection_D/StreamClk have been updated from connected ip, but BD cell '/AXI_GammaCorrection_D' does not accept parameter changes, so they may not be synchronized with cell properties:
	FREQ_HZ = 150000000 
Please resolve any mismatches by directly setting properties on BD cell </AXI_GammaCorrection_D> to completely resolve these warnings.
WARNING: [BD 41-927] Following properties on pin /AXI_GammaCorrection_D/AxiLiteClk have been updated from connected ip, but BD cell '/AXI_GammaCorrection_D' does not accept parameter changes, so they may not be synchronized with cell properties:
	FREQ_HZ = 50000000 
Please resolve any mismatches by directly setting properties on BD cell </AXI_GammaCorrection_D> to completely resolve these warnings.
WARNING: [BD 41-1271] The connection to the pin: /axi_vdma_a/m_axis_mm2s_tuser has been overridden by the user. This pin will not be connected as a part of the interface connection: axi_vdma_0_M_AXIS_MM2S 
validate_bd_design: Time (s): cpu = 00:00:26 ; elapsed = 00:00:25 . Memory (MB): peak = 2259.496 ; gain = 11.320
Wrote  : <D:\bau\ZedBoard\hw\proj\hw.srcs\sources_1\bd\system\system.bd> 
Wrote  : <D:/bau/ZedBoard/hw/proj/hw.srcs/sources_1/bd/system/ui/bd_c954508f.ui> 
WARNING: [Coretcl 2-176] No IPs found
# foreach ip [get_ips -filter "IS_LOCKED==1"] {
#     upgrade_ip -vlnv [get_property UPGRADE_VERSIONS $ip] $ip
#     export_ip_user_files -of_objects $ip -no_script -sync -force -quiet
# }
# catch {
# 	# catch block prevents projects without a block design from erroring at this step
# 	set bd_name [get_bd_designs -of_objects [get_bd_cells /]]
# 	set bd_file [get_files $bd_name.bd]
# 	set wrapper_file [make_wrapper -files $bd_file -top -force]
# 	import_files -quiet -force -norecurse $wrapper_file
# 
# 	set obj [get_filesets sources_1]
# 	set_property "top" "${bd_name}_wrapper" $obj
# }
INFO: [BD 41-1662] The design 'system.bd' is already validated. Therefore parameter propagation will not be re-run.
WARNING: [BD 41-1271] The connection to the pin: /axi_vdma_a/m_axis_mm2s_tuser has been overridden by the user. This pin will not be connected as a part of the interface connection: axi_vdma_0_M_AXIS_MM2S 
WARNING: [BD 41-2384] Width mismatch when connecting pin: '/axi_mem_intercon_1/m00_couplers/m00_regslice/m_axi_bid'(2) to pin: '/axi_mem_intercon_1/m00_couplers/M_AXI_bid'(6) - Only lower order bits will be connected.
WARNING: [BD 41-2384] Width mismatch when connecting pin: '/axi_mem_intercon_1/m00_couplers/m00_regslice/m_axi_rid'(2) to pin: '/axi_mem_intercon_1/m00_couplers/M_AXI_rid'(6) - Only lower order bits will be connected.
WARNING: [BD 41-2384] Width mismatch when connecting pin: '/processing_system7_0/S_AXI_HP2_WID'(6) to pin: '/axi_mem_intercon_1/M00_AXI_wid'(2) - Only lower order bits will be connected.
WARNING: [BD 41-2384] Width mismatch when connecting pin: '/processing_system7_0/S_AXI_HP2_ARID'(6) to pin: '/axi_mem_intercon_1/M00_AXI_arid'(2) - Only lower order bits will be connected.
WARNING: [BD 41-2384] Width mismatch when connecting pin: '/processing_system7_0/S_AXI_HP2_AWID'(6) to pin: '/axi_mem_intercon_1/M00_AXI_awid'(2) - Only lower order bits will be connected.
VHDL Output written to : D:/bau/ZedBoard/hw/proj/hw.gen/sources_1/bd/system/synth/system.vhd
WARNING: [BD 41-2384] Width mismatch when connecting pin: '/axi_mem_intercon_1/m00_couplers/m00_regslice/m_axi_bid'(2) to pin: '/axi_mem_intercon_1/m00_couplers/M_AXI_bid'(6) - Only lower order bits will be connected.
WARNING: [BD 41-2384] Width mismatch when connecting pin: '/axi_mem_intercon_1/m00_couplers/m00_regslice/m_axi_rid'(2) to pin: '/axi_mem_intercon_1/m00_couplers/M_AXI_rid'(6) - Only lower order bits will be connected.
WARNING: [BD 41-2384] Width mismatch when connecting pin: '/processing_system7_0/S_AXI_HP2_WID'(6) to pin: '/axi_mem_intercon_1/M00_AXI_wid'(2) - Only lower order bits will be connected.
WARNING: [BD 41-2384] Width mismatch when connecting pin: '/processing_system7_0/S_AXI_HP2_ARID'(6) to pin: '/axi_mem_intercon_1/M00_AXI_arid'(2) - Only lower order bits will be connected.
WARNING: [BD 41-2384] Width mismatch when connecting pin: '/processing_system7_0/S_AXI_HP2_AWID'(6) to pin: '/axi_mem_intercon_1/M00_AXI_awid'(2) - Only lower order bits will be connected.
VHDL Output written to : D:/bau/ZedBoard/hw/proj/hw.gen/sources_1/bd/system/sim/system.vhd
VHDL Output written to : D:/bau/ZedBoard/hw/proj/hw.gen/sources_1/bd/system/hdl/system_wrapper.vhd
make_wrapper: Time (s): cpu = 00:00:06 ; elapsed = 00:00:07 . Memory (MB): peak = 2520.691 ; gain = 245.605
# if {[string equal [get_runs -quiet synth_1] ""]} {
#     puts "INFO: Creating synth_1 run"
#     create_run -name synth_1 -part $part_name -flow {Vivado Synthesis $vivado_year} -strategy "Vivado Synthesis Defaults" -constrset constrs_1
# } else {
#     set_property strategy "Vivado Synthesis Defaults" [get_runs synth_1]
#     set_property flow "Vivado Synthesis $vivado_year" [get_runs synth_1]
# }
# puts "INFO: Configuring synth_1 run"
INFO: Configuring synth_1 run
# set obj [get_runs synth_1]
# set_property "part" $part_name $obj
# puts "INFO: Setting current synthesis run"
INFO: Setting current synthesis run
# current_run -synthesis [get_runs synth_1]
# if {[string equal [get_runs -quiet impl_1] ""]} {
#     puts "INFO: Creating impl_1 run"
#     create_run -name impl_1 -part $part_name -flow {Vivado Implementation $vivado_year} -strategy "Vivado Implementation Defaults" -constrset constrs_1 -parent_run synth_1
# } else {
#     set_property strategy "Vivado Implementation Defaults" [get_runs impl_1]
#     set_property flow "Vivado Implementation $vivado_year" [get_runs impl_1]
# }
# puts "INFO: Configuring impl_1 run"
INFO: Configuring impl_1 run
# set obj [get_runs impl_1]
# set_property "part" $part_name $obj
# puts "INFO: Setting current implementation run"
INFO: Setting current implementation run
# current_run -implementation [get_runs impl_1]
# puts "INFO: capturing run settings from $repo_path/project_info.tcl"
INFO: capturing run settings from D:/bau/ZedBoard/hw/project_info.tcl
# set_project_properties_post_create_runs $proj_name
# set post_build_script_path [file join ${repo_path} post_build.tcl]
# set post_build_script [glob -nocomplain ${post_build_script_path}]
# if {${build_when_checked_out}} {
#     launch_runs -to_step write_bitstream impl_1
#     # Wait until the project has been built if -no-block wasn't specified
#     if {${wait_on_build}} {
#         wait_on_run impl_1
#         puts "INFO: Build complete"
# 
#         # If it exists, run the post_build script. This can be used to export 
#         if {${post_build_script} ne ""} {
#             source ${post_build_script}
#         } else {
#             puts "INFO: No post_build script found"
#         }
#     } else {
#         if {${post_build_script} ne ""} {
#             puts "WARNING: Build launched but ${post_build_script} has not been run"
#             puts "         After the bitstream has been generated, run the command 'source ${post_build_script}'"
#         } else {
#             puts "INFO: No post_build script found"
#         }
#     }
# }
# puts "INFO: Project created: [file tail $proj_name]"
INFO: Project created: hw
# puts "INFO: Exiting digilent_vivado_checkout"
INFO: Exiting digilent_vivado_checkout
update_compile_order -fileset sources_1
launch_runs synth_1 -jobs 16
INFO: [BD 41-1662] The design 'system.bd' is already validated. Therefore parameter propagation will not be re-run.
WARNING: [BD 41-1271] The connection to the pin: /axi_vdma_a/m_axis_mm2s_tuser has been overridden by the user. This pin will not be connected as a part of the interface connection: axi_vdma_0_M_AXIS_MM2S 
Wrote  : <D:/bau/ZedBoard/hw/proj/hw.srcs/sources_1/bd/system/ui/bd_c954508f.ui> 
WARNING: [BD 41-2384] Width mismatch when connecting pin: '/axi_mem_intercon_1/m00_couplers/m00_regslice/m_axi_bid'(2) to pin: '/axi_mem_intercon_1/m00_couplers/M_AXI_bid'(6) - Only lower order bits will be connected.
WARNING: [BD 41-2384] Width mismatch when connecting pin: '/axi_mem_intercon_1/m00_couplers/m00_regslice/m_axi_rid'(2) to pin: '/axi_mem_intercon_1/m00_couplers/M_AXI_rid'(6) - Only lower order bits will be connected.
WARNING: [BD 41-2384] Width mismatch when connecting pin: '/processing_system7_0/S_AXI_HP2_WID'(6) to pin: '/axi_mem_intercon_1/M00_AXI_wid'(2) - Only lower order bits will be connected.
WARNING: [BD 41-2384] Width mismatch when connecting pin: '/processing_system7_0/S_AXI_HP2_ARID'(6) to pin: '/axi_mem_intercon_1/M00_AXI_arid'(2) - Only lower order bits will be connected.
WARNING: [BD 41-2384] Width mismatch when connecting pin: '/processing_system7_0/S_AXI_HP2_AWID'(6) to pin: '/axi_mem_intercon_1/M00_AXI_awid'(2) - Only lower order bits will be connected.
VHDL Output written to : D:/bau/ZedBoard/hw/proj/hw.gen/sources_1/bd/system/synth/system.vhd
WARNING: [BD 41-2384] Width mismatch when connecting pin: '/axi_mem_intercon_1/m00_couplers/m00_regslice/m_axi_bid'(2) to pin: '/axi_mem_intercon_1/m00_couplers/M_AXI_bid'(6) - Only lower order bits will be connected.
WARNING: [BD 41-2384] Width mismatch when connecting pin: '/axi_mem_intercon_1/m00_couplers/m00_regslice/m_axi_rid'(2) to pin: '/axi_mem_intercon_1/m00_couplers/M_AXI_rid'(6) - Only lower order bits will be connected.
WARNING: [BD 41-2384] Width mismatch when connecting pin: '/processing_system7_0/S_AXI_HP2_WID'(6) to pin: '/axi_mem_intercon_1/M00_AXI_wid'(2) - Only lower order bits will be connected.
WARNING: [BD 41-2384] Width mismatch when connecting pin: '/processing_system7_0/S_AXI_HP2_ARID'(6) to pin: '/axi_mem_intercon_1/M00_AXI_arid'(2) - Only lower order bits will be connected.
WARNING: [BD 41-2384] Width mismatch when connecting pin: '/processing_system7_0/S_AXI_HP2_AWID'(6) to pin: '/axi_mem_intercon_1/M00_AXI_awid'(2) - Only lower order bits will be connected.
VHDL Output written to : D:/bau/ZedBoard/hw/proj/hw.gen/sources_1/bd/system/sim/system.vhd
VHDL Output written to : D:/bau/ZedBoard/hw/proj/hw.gen/sources_1/bd/system/hdl/system_wrapper.vhd
INFO: [BD 41-1029] Generation completed for the IP Integrator block AXI_BayerToRGB_A .
INFO: [BD 41-1029] Generation completed for the IP Integrator block AXI_BayerToRGB_B .
INFO: [BD 41-1029] Generation completed for the IP Integrator block AXI_BayerToRGB_C .
INFO: [BD 41-1029] Generation completed for the IP Integrator block AXI_BayerToRGB_D .
INFO: [BD 41-1029] Generation completed for the IP Integrator block AXI_GammaCorrection_A .
INFO: [BD 41-1029] Generation completed for the IP Integrator block AXI_GammaCorrection_B .
INFO: [BD 41-1029] Generation completed for the IP Integrator block AXI_GammaCorrection_C .
INFO: [BD 41-1029] Generation completed for the IP Integrator block AXI_GammaCorrection_D .
INFO: [BD 41-1029] Generation completed for the IP Integrator block DVIClocking_0 .
CRITICAL WARNING: [IP_Flow 19-4965] IP cdc_fifo was packaged with board value 'em.avnet.com:zed:part0:1.4'. Current project's board value is 'avnet.com:zedboard:part0:1.4'. Please update the project settings to match the packaged IP.
INFO: [IP_Flow 19-3422] Upgraded cdc_fifo (FIFO Generator 13.2) from revision 4 to revision 7
CRITICAL WARNING: [IP_Flow 19-4965] IP ila_rxclk was packaged with board value 'em.avnet.com:zed:part0:1.4'. Current project's board value is 'avnet.com:zedboard:part0:1.4'. Please update the project settings to match the packaged IP.
INFO: [IP_Flow 19-3422] Upgraded ila_rxclk (ILA (Integrated Logic Analyzer) 6.2) from revision 9 to revision 12
CRITICAL WARNING: [IP_Flow 19-4965] IP ila_rxclk_lane was packaged with board value 'em.avnet.com:zed:part0:1.4'. Current project's board value is 'avnet.com:zedboard:part0:1.4'. Please update the project settings to match the packaged IP.
INFO: [IP_Flow 19-3422] Upgraded ila_rxclk_lane (ILA (Integrated Logic Analyzer) 6.2) from revision 9 to revision 12
CRITICAL WARNING: [IP_Flow 19-4965] IP ila_vidclk was packaged with board value 'em.avnet.com:zed:part0:1.4'. Current project's board value is 'avnet.com:zedboard:part0:1.4'. Please update the project settings to match the packaged IP.
INFO: [IP_Flow 19-3422] Upgraded ila_vidclk (ILA (Integrated Logic Analyzer) 6.2) from revision 9 to revision 12
CRITICAL WARNING: [IP_Flow 19-4965] IP line_buffer was packaged with board value 'em.avnet.com:zed:part0:1.4'. Current project's board value is 'avnet.com:zedboard:part0:1.4'. Please update the project settings to match the packaged IP.
INFO: [IP_Flow 19-3422] Upgraded line_buffer (AXI4-Stream Data FIFO 2.0) from revision 1 to revision 8
INFO: [BD 41-1029] Generation completed for the IP Integrator block MIPI_CSI_2_RX_A .
INFO: [BD 41-1029] Generation completed for the IP Integrator block MIPI_CSI_2_RX_B .
INFO: [BD 41-1029] Generation completed for the IP Integrator block MIPI_CSI_2_RX_C .
INFO: [BD 41-1029] Generation completed for the IP Integrator block MIPI_CSI_2_RX_D .
INFO: [IP_Flow 19-3422] Upgraded ila_sfen_rxclk (ILA (Integrated Logic Analyzer) 6.2) from revision 7 to revision 12
INFO: [IP_Flow 19-3422] Upgraded ila_sfen_refclk (ILA (Integrated Logic Analyzer) 6.2) from revision 7 to revision 12
INFO: [IP_Flow 19-3422] Upgraded ila_scnn_refclk (ILA (Integrated Logic Analyzer) 6.2) from revision 7 to revision 12
INFO: [BD 41-1029] Generation completed for the IP Integrator block MIPI_D_PHY_RX_A .
INFO: [BD 41-1029] Generation completed for the IP Integrator block MIPI_D_PHY_RX_B .
INFO: [BD 41-1029] Generation completed for the IP Integrator block MIPI_D_PHY_RX_C .
INFO: [BD 41-1029] Generation completed for the IP Integrator block MIPI_D_PHY_RX_D .
INFO: [BD 41-1029] Generation completed for the IP Integrator block axi_cama_bta .
INFO: [BD 41-1029] Generation completed for the IP Integrator block axi_cama_gpio .
INFO: [BD 41-1029] Generation completed for the IP Integrator block axi_mem_intercon/s00_couplers/s00_regslice .
WARNING: [IP_Flow 19-4994] Overwriting existing constraint file 'd:/bau/ZedBoard/hw/proj/hw.gen/sources_1/bd/system/ip/system_auto_pc_0/system_auto_pc_0_ooc.xdc'
INFO: [BD 41-1029] Generation completed for the IP Integrator block axi_mem_intercon/s00_couplers/auto_pc .
INFO: [BD 41-1029] Generation completed for the IP Integrator block axi_mem_intercon_1/xbar .
INFO: [BD 41-1029] Generation completed for the IP Integrator block axi_mem_intercon_1/s00_couplers/s00_regslice .
INFO: [BD 41-1029] Generation completed for the IP Integrator block axi_mem_intercon_1/s01_couplers/s01_regslice .
INFO: [BD 41-1029] Generation completed for the IP Integrator block axi_mem_intercon_1/s02_couplers/s02_regslice .
INFO: [BD 41-1029] Generation completed for the IP Integrator block axi_mem_intercon_1/s03_couplers/s03_regslice .
INFO: [BD 41-1029] Generation completed for the IP Integrator block axi_mem_intercon_1/m00_couplers/m00_regslice .
WARNING: [IP_Flow 19-4994] Overwriting existing constraint file 'd:/bau/ZedBoard/hw/proj/hw.gen/sources_1/bd/system/ip/system_auto_pc_1/system_auto_pc_1_ooc.xdc'
INFO: [BD 41-1029] Generation completed for the IP Integrator block axi_mem_intercon_1/m00_couplers/auto_pc .
WARNING: [IP_Flow 19-4994] Overwriting existing constraint file 'd:/bau/ZedBoard/hw/proj/hw.gen/sources_1/bd/system/ip/system_axi_vdma_a_0/system_axi_vdma_a_0_ooc.xdc'
INFO: [BD 41-1029] Generation completed for the IP Integrator block axi_vdma_a .
WARNING: [IP_Flow 19-4994] Overwriting existing constraint file 'd:/bau/ZedBoard/hw/proj/hw.gen/sources_1/bd/system/ip/system_axi_vdma_b_0/system_axi_vdma_b_0_ooc.xdc'
INFO: [BD 41-1029] Generation completed for the IP Integrator block axi_vdma_b .
WARNING: [IP_Flow 19-4994] Overwriting existing constraint file 'd:/bau/ZedBoard/hw/proj/hw.gen/sources_1/bd/system/ip/system_axi_vdma_c_0/system_axi_vdma_c_0_ooc.xdc'
INFO: [BD 41-1029] Generation completed for the IP Integrator block axi_vdma_c .
WARNING: [IP_Flow 19-4994] Overwriting existing constraint file 'd:/bau/ZedBoard/hw/proj/hw.gen/sources_1/bd/system/ip/system_axi_vdma_d_0/system_axi_vdma_d_0_ooc.xdc'
INFO: [BD 41-1029] Generation completed for the IP Integrator block axi_vdma_d .
INFO: [BD 41-1029] Generation completed for the IP Integrator block cama_gpio_dir .
INFO: [BD 41-1029] Generation completed for the IP Integrator block cama_gpio_oen .
INFO: [BD 41-1029] Generation completed for the IP Integrator block clk_wiz_0 .
INFO: [BD 41-1029] Generation completed for the IP Integrator block frame_ptr_concat .
INFO: [BD 41-1029] Generation completed for the IP Integrator block irq_concat .
INFO: [IP_Flow 19-5611] Unable to find an associated reset port for the interface 'M_AXI_GP0'. A default connection has been created.
INFO: [IP_Flow 19-5611] Unable to find an associated reset port for the interface 'S_AXI_HP0'. A default connection has been created.
INFO: [IP_Flow 19-5611] Unable to find an associated reset port for the interface 'S_AXI_HP2'. A default connection has been created.
INFO: [BD 41-1029] Generation completed for the IP Integrator block processing_system7_0 .
INFO: [BD 41-1029] Generation completed for the IP Integrator block ps7_0_axi_periph/xbar .
INFO: [BD 41-1029] Generation completed for the IP Integrator block ps7_0_axi_periph/tier2_xbar_0 .
INFO: [BD 41-1029] Generation completed for the IP Integrator block ps7_0_axi_periph/tier2_xbar_1 .
INFO: [BD 41-1029] Generation completed for the IP Integrator block ps7_0_axi_periph/tier2_xbar_2 .
INFO: [BD 41-1029] Generation completed for the IP Integrator block ps7_0_axi_periph/s00_couplers/s00_regslice .
WARNING: [IP_Flow 19-4994] Overwriting existing constraint file 'd:/bau/ZedBoard/hw/proj/hw.gen/sources_1/bd/system/ip/system_auto_pc_2/system_auto_pc_2_ooc.xdc'
INFO: [BD 41-1029] Generation completed for the IP Integrator block ps7_0_axi_periph/s00_couplers/auto_pc .
WARNING: [IP_Flow 19-4994] Overwriting existing constraint file 'd:/bau/ZedBoard/hw/proj/hw.gen/sources_1/bd/system/ip/system_auto_cc_0/system_auto_cc_0_ooc.xdc'
INFO: [IP_Flow 19-5611] Unable to find an associated reset port for the interface 'S_AXI'. A default connection has been created.
INFO: [IP_Flow 19-5611] Unable to find an associated reset port for the interface 'M_AXI'. A default connection has been created.
INFO: [BD 41-1029] Generation completed for the IP Integrator block ps7_0_axi_periph/m06_couplers/auto_cc .
WARNING: [IP_Flow 19-4994] Overwriting existing constraint file 'd:/bau/ZedBoard/hw/proj/hw.gen/sources_1/bd/system/ip/system_auto_cc_1/system_auto_cc_1_ooc.xdc'
INFO: [IP_Flow 19-5611] Unable to find an associated reset port for the interface 'S_AXI'. A default connection has been created.
INFO: [IP_Flow 19-5611] Unable to find an associated reset port for the interface 'M_AXI'. A default connection has been created.
INFO: [BD 41-1029] Generation completed for the IP Integrator block ps7_0_axi_periph/m16_couplers/auto_cc .
WARNING: [IP_Flow 19-4994] Overwriting existing constraint file 'd:/bau/ZedBoard/hw/proj/hw.gen/sources_1/bd/system/ip/system_auto_cc_2/system_auto_cc_2_ooc.xdc'
INFO: [IP_Flow 19-5611] Unable to find an associated reset port for the interface 'S_AXI'. A default connection has been created.
INFO: [IP_Flow 19-5611] Unable to find an associated reset port for the interface 'M_AXI'. A default connection has been created.
INFO: [BD 41-1029] Generation completed for the IP Integrator block ps7_0_axi_periph/m17_couplers/auto_cc .
WARNING: [IP_Flow 19-4994] Overwriting existing constraint file 'd:/bau/ZedBoard/hw/proj/hw.gen/sources_1/bd/system/ip/system_auto_cc_3/system_auto_cc_3_ooc.xdc'
INFO: [IP_Flow 19-5611] Unable to find an associated reset port for the interface 'S_AXI'. A default connection has been created.
INFO: [IP_Flow 19-5611] Unable to find an associated reset port for the interface 'M_AXI'. A default connection has been created.
INFO: [BD 41-1029] Generation completed for the IP Integrator block ps7_0_axi_periph/m18_couplers/auto_cc .
INFO: [BD 41-1029] Generation completed for the IP Integrator block rgb2vga_0 .
INFO: [BD 41-1029] Generation completed for the IP Integrator block rst_clk_wiz_0_50M .
INFO: [BD 41-1029] Generation completed for the IP Integrator block rst_system_150M .
INFO: [BD 41-1029] Generation completed for the IP Integrator block rst_vid_clk_dyn .
INFO: [BD 41-1029] Generation completed for the IP Integrator block v_axi4s_vid_out_0 .
INFO: [BD 41-1029] Generation completed for the IP Integrator block video_dynclk .
INFO: [BD 41-1029] Generation completed for the IP Integrator block video_scaler_a .
INFO: [BD 41-1029] Generation completed for the IP Integrator block video_scaler_b .
INFO: [BD 41-1029] Generation completed for the IP Integrator block video_scaler_c .
INFO: [BD 41-1029] Generation completed for the IP Integrator block video_scaler_d .
INFO: [BD 41-1029] Generation completed for the IP Integrator block vtg .
Exporting to file D:/bau/ZedBoard/hw/proj/hw.gen/sources_1/bd/system/hw_handoff/system.hwh
Generated Hardware Definition File D:/bau/ZedBoard/hw/proj/hw.gen/sources_1/bd/system/synth/system.hwdef
WARNING: [Vivado 12-7122] Auto Incremental Compile:: No reference checkpoint was found in run synth_1. Auto-incremental flow will not be run, the standard flow will be run instead.
[Wed Sep 14 12:27:02 2022] Launched system_v_axi4s_vid_out_0_0_synth_1, system_video_dynclk_0_synth_1, system_video_scaler_b_0_synth_1, system_video_scaler_c_0_synth_1, system_video_scaler_d_0_synth_1, system_vtg_0_synth_1, system_video_scaler_a_0_synth_1, system_auto_cc_2_synth_1, system_rgb2vga_0_0_synth_1, system_s00_regslice_5_synth_1, system_axi_vdma_b_0_synth_1, system_tier2_xbar_1_0_synth_1, system_axi_vdma_c_0_synth_1, system_auto_cc_1_synth_1, system_rst_clk_wiz_0_50M_0_synth_1, system_m00_regslice_0_synth_1, system_s02_regslice_0_synth_1, system_clk_wiz_0_0_synth_1, system_axi_vdma_d_0_synth_1, system_processing_system7_0_0_synth_1, system_xbar_1_synth_1, system_s03_regslice_0_synth_1, system_tier2_xbar_2_0_synth_1, system_axi_vdma_a_0_synth_1, system_tier2_xbar_0_0_synth_1, system_auto_pc_1_synth_1, system_auto_pc_2_synth_1, system_auto_cc_0_synth_1, system_auto_cc_3_synth_1, system_rst_system_150M_0_synth_1, system_rst_vid_clk_dyn_0_synth_1, system_axi_cama_gpio_0_synth_1, system_MIPI_CSI_2_RX_D_0_synth_1, system_MIPI_D_PHY_RX_C_0_synth_1, system_MIPI_CSI_2_RX_C_0_synth_1, system_MIPI_D_PHY_RX_D_0_synth_1, system_DVIClocking_0_0_synth_1, system_MIPI_D_PHY_RX_B_0_synth_1, system_axi_cama_bta_0_synth_1, system_xbar_0_synth_1, system_auto_pc_0_synth_1, system_s00_regslice_4_synth_1, system_MIPI_D_PHY_RX_A_0_synth_1, system_AXI_GammaCorrection_B_0_synth_1, system_s00_regslice_3_synth_1, system_MIPI_CSI_2_RX_A_0_synth_1, system_AXI_GammaCorrection_C_0_synth_1, system_MIPI_CSI_2_RX_B_0_synth_1, system_s01_regslice_0_synth_1, system_AXI_GammaCorrection_D_0_synth_1, system_AXI_BayerToRGB_D_0_synth_1, system_AXI_GammaCorrection_A_0_synth_1, system_AXI_BayerToRGB_A_0_synth_1, system_AXI_BayerToRGB_B_0_synth_1, system_AXI_BayerToRGB_C_0_synth_1...
Run output will be captured here:
system_v_axi4s_vid_out_0_0_synth_1: D:/bau/ZedBoard/hw/proj/hw.runs/system_v_axi4s_vid_out_0_0_synth_1/runme.log
system_video_dynclk_0_synth_1: D:/bau/ZedBoard/hw/proj/hw.runs/system_video_dynclk_0_synth_1/runme.log
system_video_scaler_b_0_synth_1: D:/bau/ZedBoard/hw/proj/hw.runs/system_video_scaler_b_0_synth_1/runme.log
system_video_scaler_c_0_synth_1: D:/bau/ZedBoard/hw/proj/hw.runs/system_video_scaler_c_0_synth_1/runme.log
system_video_scaler_d_0_synth_1: D:/bau/ZedBoard/hw/proj/hw.runs/system_video_scaler_d_0_synth_1/runme.log
system_vtg_0_synth_1: D:/bau/ZedBoard/hw/proj/hw.runs/system_vtg_0_synth_1/runme.log
system_video_scaler_a_0_synth_1: D:/bau/ZedBoard/hw/proj/hw.runs/system_video_scaler_a_0_synth_1/runme.log
system_auto_cc_2_synth_1: D:/bau/ZedBoard/hw/proj/hw.runs/system_auto_cc_2_synth_1/runme.log
system_rgb2vga_0_0_synth_1: D:/bau/ZedBoard/hw/proj/hw.runs/system_rgb2vga_0_0_synth_1/runme.log
system_s00_regslice_5_synth_1: D:/bau/ZedBoard/hw/proj/hw.runs/system_s00_regslice_5_synth_1/runme.log
system_axi_vdma_b_0_synth_1: D:/bau/ZedBoard/hw/proj/hw.runs/system_axi_vdma_b_0_synth_1/runme.log
system_tier2_xbar_1_0_synth_1: D:/bau/ZedBoard/hw/proj/hw.runs/system_tier2_xbar_1_0_synth_1/runme.log
system_axi_vdma_c_0_synth_1: D:/bau/ZedBoard/hw/proj/hw.runs/system_axi_vdma_c_0_synth_1/runme.log
system_auto_cc_1_synth_1: D:/bau/ZedBoard/hw/proj/hw.runs/system_auto_cc_1_synth_1/runme.log
system_rst_clk_wiz_0_50M_0_synth_1: D:/bau/ZedBoard/hw/proj/hw.runs/system_rst_clk_wiz_0_50M_0_synth_1/runme.log
system_m00_regslice_0_synth_1: D:/bau/ZedBoard/hw/proj/hw.runs/system_m00_regslice_0_synth_1/runme.log
system_s02_regslice_0_synth_1: D:/bau/ZedBoard/hw/proj/hw.runs/system_s02_regslice_0_synth_1/runme.log
system_clk_wiz_0_0_synth_1: D:/bau/ZedBoard/hw/proj/hw.runs/system_clk_wiz_0_0_synth_1/runme.log
system_axi_vdma_d_0_synth_1: D:/bau/ZedBoard/hw/proj/hw.runs/system_axi_vdma_d_0_synth_1/runme.log
system_processing_system7_0_0_synth_1: D:/bau/ZedBoard/hw/proj/hw.runs/system_processing_system7_0_0_synth_1/runme.log
system_xbar_1_synth_1: D:/bau/ZedBoard/hw/proj/hw.runs/system_xbar_1_synth_1/runme.log
system_s03_regslice_0_synth_1: D:/bau/ZedBoard/hw/proj/hw.runs/system_s03_regslice_0_synth_1/runme.log
system_tier2_xbar_2_0_synth_1: D:/bau/ZedBoard/hw/proj/hw.runs/system_tier2_xbar_2_0_synth_1/runme.log
system_axi_vdma_a_0_synth_1: D:/bau/ZedBoard/hw/proj/hw.runs/system_axi_vdma_a_0_synth_1/runme.log
system_tier2_xbar_0_0_synth_1: D:/bau/ZedBoard/hw/proj/hw.runs/system_tier2_xbar_0_0_synth_1/runme.log
system_auto_pc_1_synth_1: D:/bau/ZedBoard/hw/proj/hw.runs/system_auto_pc_1_synth_1/runme.log
system_auto_pc_2_synth_1: D:/bau/ZedBoard/hw/proj/hw.runs/system_auto_pc_2_synth_1/runme.log
system_auto_cc_0_synth_1: D:/bau/ZedBoard/hw/proj/hw.runs/system_auto_cc_0_synth_1/runme.log
system_auto_cc_3_synth_1: D:/bau/ZedBoard/hw/proj/hw.runs/system_auto_cc_3_synth_1/runme.log
system_rst_system_150M_0_synth_1: D:/bau/ZedBoard/hw/proj/hw.runs/system_rst_system_150M_0_synth_1/runme.log
system_rst_vid_clk_dyn_0_synth_1: D:/bau/ZedBoard/hw/proj/hw.runs/system_rst_vid_clk_dyn_0_synth_1/runme.log
system_axi_cama_gpio_0_synth_1: D:/bau/ZedBoard/hw/proj/hw.runs/system_axi_cama_gpio_0_synth_1/runme.log
system_MIPI_CSI_2_RX_D_0_synth_1: D:/bau/ZedBoard/hw/proj/hw.runs/system_MIPI_CSI_2_RX_D_0_synth_1/runme.log
system_MIPI_D_PHY_RX_C_0_synth_1: D:/bau/ZedBoard/hw/proj/hw.runs/system_MIPI_D_PHY_RX_C_0_synth_1/runme.log
system_MIPI_CSI_2_RX_C_0_synth_1: D:/bau/ZedBoard/hw/proj/hw.runs/system_MIPI_CSI_2_RX_C_0_synth_1/runme.log
system_MIPI_D_PHY_RX_D_0_synth_1: D:/bau/ZedBoard/hw/proj/hw.runs/system_MIPI_D_PHY_RX_D_0_synth_1/runme.log
system_DVIClocking_0_0_synth_1: D:/bau/ZedBoard/hw/proj/hw.runs/system_DVIClocking_0_0_synth_1/runme.log
system_MIPI_D_PHY_RX_B_0_synth_1: D:/bau/ZedBoard/hw/proj/hw.runs/system_MIPI_D_PHY_RX_B_0_synth_1/runme.log
system_axi_cama_bta_0_synth_1: D:/bau/ZedBoard/hw/proj/hw.runs/system_axi_cama_bta_0_synth_1/runme.log
system_xbar_0_synth_1: D:/bau/ZedBoard/hw/proj/hw.runs/system_xbar_0_synth_1/runme.log
system_auto_pc_0_synth_1: D:/bau/ZedBoard/hw/proj/hw.runs/system_auto_pc_0_synth_1/runme.log
system_s00_regslice_4_synth_1: D:/bau/ZedBoard/hw/proj/hw.runs/system_s00_regslice_4_synth_1/runme.log
system_MIPI_D_PHY_RX_A_0_synth_1: D:/bau/ZedBoard/hw/proj/hw.runs/system_MIPI_D_PHY_RX_A_0_synth_1/runme.log
system_AXI_GammaCorrection_B_0_synth_1: D:/bau/ZedBoard/hw/proj/hw.runs/system_AXI_GammaCorrection_B_0_synth_1/runme.log
system_s00_regslice_3_synth_1: D:/bau/ZedBoard/hw/proj/hw.runs/system_s00_regslice_3_synth_1/runme.log
system_MIPI_CSI_2_RX_A_0_synth_1: D:/bau/ZedBoard/hw/proj/hw.runs/system_MIPI_CSI_2_RX_A_0_synth_1/runme.log
system_AXI_GammaCorrection_C_0_synth_1: D:/bau/ZedBoard/hw/proj/hw.runs/system_AXI_GammaCorrection_C_0_synth_1/runme.log
system_MIPI_CSI_2_RX_B_0_synth_1: D:/bau/ZedBoard/hw/proj/hw.runs/system_MIPI_CSI_2_RX_B_0_synth_1/runme.log
system_s01_regslice_0_synth_1: D:/bau/ZedBoard/hw/proj/hw.runs/system_s01_regslice_0_synth_1/runme.log
system_AXI_GammaCorrection_D_0_synth_1: D:/bau/ZedBoard/hw/proj/hw.runs/system_AXI_GammaCorrection_D_0_synth_1/runme.log
system_AXI_BayerToRGB_D_0_synth_1: D:/bau/ZedBoard/hw/proj/hw.runs/system_AXI_BayerToRGB_D_0_synth_1/runme.log
system_AXI_GammaCorrection_A_0_synth_1: D:/bau/ZedBoard/hw/proj/hw.runs/system_AXI_GammaCorrection_A_0_synth_1/runme.log
system_AXI_BayerToRGB_A_0_synth_1: D:/bau/ZedBoard/hw/proj/hw.runs/system_AXI_BayerToRGB_A_0_synth_1/runme.log
system_AXI_BayerToRGB_B_0_synth_1: D:/bau/ZedBoard/hw/proj/hw.runs/system_AXI_BayerToRGB_B_0_synth_1/runme.log
system_AXI_BayerToRGB_C_0_synth_1: D:/bau/ZedBoard/hw/proj/hw.runs/system_AXI_BayerToRGB_C_0_synth_1/runme.log
[Wed Sep 14 12:27:06 2022] Launched synth_1...
Run output will be captured here: D:/bau/ZedBoard/hw/proj/hw.runs/synth_1/runme.log
launch_runs: Time (s): cpu = 00:02:19 ; elapsed = 00:02:39 . Memory (MB): peak = 3159.883 ; gain = 386.031
reset_run synth_1
launch_runs impl_1 -to_step write_bitstream -jobs 16
[Wed Sep 14 12:54:07 2022] Launched system_video_scaler_b_0_synth_1, synth_1...
Run output will be captured here:
system_video_scaler_b_0_synth_1: D:/bau/ZedBoard/hw/proj/hw.runs/system_video_scaler_b_0_synth_1/runme.log
synth_1: D:/bau/ZedBoard/hw/proj/hw.runs/synth_1/runme.log
[Wed Sep 14 12:54:07 2022] Launched impl_1...
Run output will be captured here: D:/bau/ZedBoard/hw/proj/hw.runs/impl_1/runme.log
reset_run synth_1
reset_run system_video_scaler_b_0_synth_1
WARNING: [Vivado 12-1017] Problems encountered:
1. Failed to delete one or more files in run directory D:/bau/ZedBoard/hw/proj/hw.runs/system_video_scaler_b_0_synth_1

launch_runs impl_1 -to_step write_bitstream -jobs 16
[Wed Sep 14 13:12:57 2022] Launched system_video_scaler_b_0_synth_1, synth_1...
Run output will be captured here:
system_video_scaler_b_0_synth_1: D:/bau/ZedBoard/hw/proj/hw.runs/system_video_scaler_b_0_synth_1/runme.log
synth_1: D:/bau/ZedBoard/hw/proj/hw.runs/synth_1/runme.log
[Wed Sep 14 13:12:58 2022] Launched impl_1...
Run output will be captured here: D:/bau/ZedBoard/hw/proj/hw.runs/impl_1/runme.log
set_property location {4 1307 907} [get_bd_cells MIPI_CSI_2_RX_D]
undo
INFO: [Common 17-17] undo 'set_property location {4 1307 907} [get_bd_cells MIPI_CSI_2_RX_D]'
archive_project D:/bau/Zedboard-FMC-Pcam-Adapter-hw.xpr.zip -temp_dir C:/Users/idragomi/AppData/Roaming/Xilinx/Vivado/.Xil/Vivado-21048-ROCLUDT-G5O3H19 -force -include_local_ip_cache -include_config_settings
INFO: [Coretcl 2-137] starting archive...
INFO: [Coretcl 2-1499] Saving project copy to temporary location 'C:/Users/idragomi/AppData/Roaming/Xilinx/Vivado/.Xil/Vivado-21048-ROCLUDT-G5O3H19' for archiving project
Scanning sources...
Finished scanning sources
INFO: [IP_Flow 19-234] Refreshing IP repositories
INFO: [IP_Flow 19-1700] Loaded user IP repository 'd:/bau/ZedBoard/hw/repo'.
INFO: [IP_Flow 19-2313] Loaded Vivado IP repository 'C:/Xilinx/Vivado/2022.1/data/ip'.
INFO: [Coretcl 2-1211] Creating project copy for archival...
INFO: [ProjectBase 1-495] The host OS only allows 260 characters in a normal path. The project is stored in a path with more than 80 characters. If you experience any problem with archiving the project, please consider setting environment variable $TEMP to a shorter path.
Current project path is 'C:/Users/idragomi/AppData/Roaming/Xilinx/Vivado/.Xil/Vivado-21048-ROCLUDT-G5O3H19/PrjAr/_X_'.
INFO: [IP_Flow 19-234] Refreshing IP repositories
INFO: [IP_Flow 19-1700] Loaded user IP repository 'd:/bau/ZedBoard/hw/repo'.
INFO: [Coretcl 2-1213] Including run results for 'synth_1'
INFO: [Coretcl 2-1213] Including run results for 'system_v_axi4s_vid_out_0_0_synth_1'
INFO: [Coretcl 2-1213] Including run results for 'system_video_dynclk_0_synth_1'
INFO: [Coretcl 2-1213] Including run results for 'system_video_scaler_b_0_synth_1'
INFO: [Coretcl 2-1213] Including run results for 'system_video_scaler_c_0_synth_1'
INFO: [Coretcl 2-1213] Including run results for 'system_video_scaler_d_0_synth_1'
INFO: [Coretcl 2-1213] Including run results for 'system_vtg_0_synth_1'
INFO: [Coretcl 2-1213] Including run results for 'system_video_scaler_a_0_synth_1'
INFO: [Coretcl 2-1213] Including run results for 'system_auto_cc_2_synth_1'
INFO: [Coretcl 2-1213] Including run results for 'system_rgb2vga_0_0_synth_1'
INFO: [Coretcl 2-1213] Including run results for 'system_s00_regslice_5_synth_1'
INFO: [Coretcl 2-1213] Including run results for 'system_axi_vdma_b_0_synth_1'
INFO: [Coretcl 2-1213] Including run results for 'system_tier2_xbar_1_0_synth_1'
INFO: [Coretcl 2-1213] Including run results for 'system_axi_vdma_c_0_synth_1'
INFO: [Coretcl 2-1213] Including run results for 'system_auto_cc_1_synth_1'
INFO: [Coretcl 2-1213] Including run results for 'system_rst_clk_wiz_0_50M_0_synth_1'
INFO: [Coretcl 2-1213] Including run results for 'system_m00_regslice_0_synth_1'
INFO: [Coretcl 2-1213] Including run results for 'system_s02_regslice_0_synth_1'
INFO: [Coretcl 2-1213] Including run results for 'system_clk_wiz_0_0_synth_1'
INFO: [Coretcl 2-1213] Including run results for 'system_axi_vdma_d_0_synth_1'
INFO: [Coretcl 2-1213] Including run results for 'system_processing_system7_0_0_synth_1'
INFO: [Coretcl 2-1213] Including run results for 'system_xbar_1_synth_1'
INFO: [Coretcl 2-1213] Including run results for 'system_s03_regslice_0_synth_1'
INFO: [Coretcl 2-1213] Including run results for 'system_tier2_xbar_2_0_synth_1'
INFO: [Coretcl 2-1213] Including run results for 'system_axi_vdma_a_0_synth_1'
INFO: [Coretcl 2-1213] Including run results for 'system_tier2_xbar_0_0_synth_1'
INFO: [Coretcl 2-1213] Including run results for 'system_auto_pc_1_synth_1'
INFO: [Coretcl 2-1213] Including run results for 'system_auto_pc_2_synth_1'
INFO: [Coretcl 2-1213] Including run results for 'system_auto_cc_0_synth_1'
INFO: [Coretcl 2-1213] Including run results for 'system_auto_cc_3_synth_1'
INFO: [Coretcl 2-1213] Including run results for 'system_rst_system_150M_0_synth_1'
INFO: [Coretcl 2-1213] Including run results for 'system_rst_vid_clk_dyn_0_synth_1'
INFO: [Coretcl 2-1213] Including run results for 'system_axi_cama_gpio_0_synth_1'
INFO: [Coretcl 2-1213] Including run results for 'system_MIPI_CSI_2_RX_D_0_synth_1'
INFO: [Coretcl 2-1213] Including run results for 'system_MIPI_D_PHY_RX_C_0_synth_1'
INFO: [Coretcl 2-1213] Including run results for 'system_MIPI_CSI_2_RX_C_0_synth_1'
INFO: [Coretcl 2-1213] Including run results for 'system_MIPI_D_PHY_RX_D_0_synth_1'
INFO: [Coretcl 2-1213] Including run results for 'system_DVIClocking_0_0_synth_1'
INFO: [Coretcl 2-1213] Including run results for 'system_MIPI_D_PHY_RX_B_0_synth_1'
INFO: [Coretcl 2-1213] Including run results for 'system_axi_cama_bta_0_synth_1'
INFO: [Coretcl 2-1213] Including run results for 'system_xbar_0_synth_1'
INFO: [Coretcl 2-1213] Including run results for 'system_auto_pc_0_synth_1'
INFO: [Coretcl 2-1213] Including run results for 'system_s00_regslice_4_synth_1'
INFO: [Coretcl 2-1213] Including run results for 'system_MIPI_D_PHY_RX_A_0_synth_1'
INFO: [Coretcl 2-1213] Including run results for 'system_AXI_GammaCorrection_B_0_synth_1'
INFO: [Coretcl 2-1213] Including run results for 'system_s00_regslice_3_synth_1'
INFO: [Coretcl 2-1213] Including run results for 'system_MIPI_CSI_2_RX_A_0_synth_1'
INFO: [Coretcl 2-1213] Including run results for 'system_AXI_GammaCorrection_C_0_synth_1'
INFO: [Coretcl 2-1213] Including run results for 'system_MIPI_CSI_2_RX_B_0_synth_1'
INFO: [Coretcl 2-1213] Including run results for 'system_s01_regslice_0_synth_1'
INFO: [Coretcl 2-1213] Including run results for 'system_AXI_GammaCorrection_D_0_synth_1'
INFO: [Coretcl 2-1213] Including run results for 'system_AXI_BayerToRGB_D_0_synth_1'
INFO: [Coretcl 2-1213] Including run results for 'system_AXI_GammaCorrection_A_0_synth_1'
INFO: [Coretcl 2-1213] Including run results for 'system_AXI_BayerToRGB_A_0_synth_1'
INFO: [Coretcl 2-1213] Including run results for 'system_AXI_BayerToRGB_B_0_synth_1'
INFO: [Coretcl 2-1213] Including run results for 'system_AXI_BayerToRGB_C_0_synth_1'
INFO: [Coretcl 2-1213] Including run results for 'impl_1'
INFO: [Coretcl 2-133] re-setting run 'system_v_axi4s_vid_out_0_0_impl_1'...
INFO: [Coretcl 2-133] re-setting run 'system_video_dynclk_0_impl_1'...
INFO: [Coretcl 2-133] re-setting run 'system_video_scaler_b_0_impl_1'...
INFO: [Coretcl 2-133] re-setting run 'system_video_scaler_c_0_impl_1'...
INFO: [Coretcl 2-133] re-setting run 'system_video_scaler_d_0_impl_1'...
INFO: [Coretcl 2-133] re-setting run 'system_vtg_0_impl_1'...
INFO: [Coretcl 2-133] re-setting run 'system_video_scaler_a_0_impl_1'...
INFO: [Coretcl 2-133] re-setting run 'system_auto_cc_2_impl_1'...
INFO: [Coretcl 2-133] re-setting run 'system_rgb2vga_0_0_impl_1'...
INFO: [Coretcl 2-133] re-setting run 'system_s00_regslice_5_impl_1'...
INFO: [Coretcl 2-133] re-setting run 'system_axi_vdma_b_0_impl_1'...
INFO: [Coretcl 2-133] re-setting run 'system_tier2_xbar_1_0_impl_1'...
INFO: [Coretcl 2-133] re-setting run 'system_axi_vdma_c_0_impl_1'...
INFO: [Coretcl 2-133] re-setting run 'system_auto_cc_1_impl_1'...
INFO: [Coretcl 2-133] re-setting run 'system_rst_clk_wiz_0_50M_0_impl_1'...
INFO: [Coretcl 2-133] re-setting run 'system_m00_regslice_0_impl_1'...
INFO: [Coretcl 2-133] re-setting run 'system_s02_regslice_0_impl_1'...
INFO: [Coretcl 2-133] re-setting run 'system_clk_wiz_0_0_impl_1'...
INFO: [Coretcl 2-133] re-setting run 'system_axi_vdma_d_0_impl_1'...
INFO: [Coretcl 2-133] re-setting run 'system_processing_system7_0_0_impl_1'...
INFO: [Coretcl 2-133] re-setting run 'system_xbar_1_impl_1'...
INFO: [Coretcl 2-133] re-setting run 'system_s03_regslice_0_impl_1'...
INFO: [Coretcl 2-133] re-setting run 'system_tier2_xbar_2_0_impl_1'...
INFO: [Coretcl 2-133] re-setting run 'system_axi_vdma_a_0_impl_1'...
INFO: [Coretcl 2-133] re-setting run 'system_tier2_xbar_0_0_impl_1'...
INFO: [Coretcl 2-133] re-setting run 'system_auto_pc_1_impl_1'...
INFO: [Coretcl 2-133] re-setting run 'system_auto_pc_2_impl_1'...
INFO: [Coretcl 2-133] re-setting run 'system_auto_cc_0_impl_1'...
INFO: [Coretcl 2-133] re-setting run 'system_auto_cc_3_impl_1'...
INFO: [Coretcl 2-133] re-setting run 'system_rst_system_150M_0_impl_1'...
INFO: [Coretcl 2-133] re-setting run 'system_rst_vid_clk_dyn_0_impl_1'...
INFO: [Coretcl 2-133] re-setting run 'system_axi_cama_gpio_0_impl_1'...
INFO: [Coretcl 2-133] re-setting run 'system_MIPI_CSI_2_RX_D_0_impl_1'...
INFO: [Coretcl 2-133] re-setting run 'system_MIPI_D_PHY_RX_C_0_impl_1'...
INFO: [Coretcl 2-133] re-setting run 'system_MIPI_CSI_2_RX_C_0_impl_1'...
INFO: [Coretcl 2-133] re-setting run 'system_MIPI_D_PHY_RX_D_0_impl_1'...
INFO: [Coretcl 2-133] re-setting run 'system_DVIClocking_0_0_impl_1'...
INFO: [Coretcl 2-133] re-setting run 'system_MIPI_D_PHY_RX_B_0_impl_1'...
INFO: [Coretcl 2-133] re-setting run 'system_axi_cama_bta_0_impl_1'...
INFO: [Coretcl 2-133] re-setting run 'system_xbar_0_impl_1'...
INFO: [Coretcl 2-133] re-setting run 'system_auto_pc_0_impl_1'...
INFO: [Coretcl 2-133] re-setting run 'system_s00_regslice_4_impl_1'...
INFO: [Coretcl 2-133] re-setting run 'system_MIPI_D_PHY_RX_A_0_impl_1'...
INFO: [Coretcl 2-133] re-setting run 'system_AXI_GammaCorrection_B_0_impl_1'...
INFO: [Coretcl 2-133] re-setting run 'system_s00_regslice_3_impl_1'...
INFO: [Coretcl 2-133] re-setting run 'system_MIPI_CSI_2_RX_A_0_impl_1'...
INFO: [Coretcl 2-133] re-setting run 'system_AXI_GammaCorrection_C_0_impl_1'...
INFO: [Coretcl 2-133] re-setting run 'system_MIPI_CSI_2_RX_B_0_impl_1'...
INFO: [Coretcl 2-133] re-setting run 'system_s01_regslice_0_impl_1'...
INFO: [Coretcl 2-133] re-setting run 'system_AXI_GammaCorrection_D_0_impl_1'...
INFO: [Coretcl 2-133] re-setting run 'system_AXI_BayerToRGB_D_0_impl_1'...
INFO: [Coretcl 2-133] re-setting run 'system_AXI_GammaCorrection_A_0_impl_1'...
INFO: [Coretcl 2-133] re-setting run 'system_AXI_BayerToRGB_A_0_impl_1'...
INFO: [Coretcl 2-133] re-setting run 'system_AXI_BayerToRGB_B_0_impl_1'...
INFO: [Coretcl 2-133] re-setting run 'system_AXI_BayerToRGB_C_0_impl_1'...
INFO: [Coretcl 2-1212] Importing remotely added design sources and verilog include files (if any)...
INFO: [filemgmt 20-334] All file(s) are already imported in fileset: 'system_AXI_BayerToRGB_A_0'
INFO: [filemgmt 20-348] Importing the appropriate files for fileset: 'system_AXI_BayerToRGB_A_0'
INFO: [filemgmt 20-334] All file(s) are already imported in fileset: 'system_AXI_BayerToRGB_B_0'
INFO: [filemgmt 20-348] Importing the appropriate files for fileset: 'system_AXI_BayerToRGB_B_0'
INFO: [filemgmt 20-334] All file(s) are already imported in fileset: 'system_AXI_BayerToRGB_C_0'
INFO: [filemgmt 20-348] Importing the appropriate files for fileset: 'system_AXI_BayerToRGB_C_0'
INFO: [filemgmt 20-334] All file(s) are already imported in fileset: 'system_AXI_BayerToRGB_D_0'
INFO: [filemgmt 20-348] Importing the appropriate files for fileset: 'system_AXI_BayerToRGB_D_0'
INFO: [filemgmt 20-334] All file(s) are already imported in fileset: 'system_AXI_GammaCorrection_A_0'
INFO: [filemgmt 20-348] Importing the appropriate files for fileset: 'system_AXI_GammaCorrection_A_0'
INFO: [filemgmt 20-334] All file(s) are already imported in fileset: 'system_AXI_GammaCorrection_B_0'
INFO: [filemgmt 20-348] Importing the appropriate files for fileset: 'system_AXI_GammaCorrection_B_0'
INFO: [filemgmt 20-334] All file(s) are already imported in fileset: 'system_AXI_GammaCorrection_C_0'
INFO: [filemgmt 20-348] Importing the appropriate files for fileset: 'system_AXI_GammaCorrection_C_0'
INFO: [filemgmt 20-334] All file(s) are already imported in fileset: 'system_AXI_GammaCorrection_D_0'
INFO: [filemgmt 20-348] Importing the appropriate files for fileset: 'system_AXI_GammaCorrection_D_0'
INFO: [filemgmt 20-334] All file(s) are already imported in fileset: 'system_DVIClocking_0_0'
INFO: [filemgmt 20-348] Importing the appropriate files for fileset: 'system_DVIClocking_0_0'
INFO: [filemgmt 20-334] All file(s) are already imported in fileset: 'system_MIPI_CSI_2_RX_A_0'
INFO: [filemgmt 20-348] Importing the appropriate files for fileset: 'system_MIPI_CSI_2_RX_A_0'
INFO: [filemgmt 20-334] All file(s) are already imported in fileset: 'system_MIPI_CSI_2_RX_B_0'
INFO: [filemgmt 20-348] Importing the appropriate files for fileset: 'system_MIPI_CSI_2_RX_B_0'
INFO: [filemgmt 20-334] All file(s) are already imported in fileset: 'system_MIPI_CSI_2_RX_C_0'
INFO: [filemgmt 20-348] Importing the appropriate files for fileset: 'system_MIPI_CSI_2_RX_C_0'
INFO: [filemgmt 20-334] All file(s) are already imported in fileset: 'system_MIPI_CSI_2_RX_D_0'
INFO: [filemgmt 20-348] Importing the appropriate files for fileset: 'system_MIPI_CSI_2_RX_D_0'
INFO: [filemgmt 20-334] All file(s) are already imported in fileset: 'system_MIPI_D_PHY_RX_A_0'
INFO: [filemgmt 20-348] Importing the appropriate files for fileset: 'system_MIPI_D_PHY_RX_A_0'
INFO: [filemgmt 20-334] All file(s) are already imported in fileset: 'system_MIPI_D_PHY_RX_B_0'
INFO: [filemgmt 20-348] Importing the appropriate files for fileset: 'system_MIPI_D_PHY_RX_B_0'
INFO: [filemgmt 20-334] All file(s) are already imported in fileset: 'system_MIPI_D_PHY_RX_C_0'
INFO: [filemgmt 20-348] Importing the appropriate files for fileset: 'system_MIPI_D_PHY_RX_C_0'
INFO: [filemgmt 20-334] All file(s) are already imported in fileset: 'system_MIPI_D_PHY_RX_D_0'
INFO: [filemgmt 20-348] Importing the appropriate files for fileset: 'system_MIPI_D_PHY_RX_D_0'
INFO: [filemgmt 20-334] All file(s) are already imported in fileset: 'system_auto_cc_0'
INFO: [filemgmt 20-348] Importing the appropriate files for fileset: 'system_auto_cc_0'
INFO: [filemgmt 20-334] All file(s) are already imported in fileset: 'system_auto_cc_1'
INFO: [filemgmt 20-348] Importing the appropriate files for fileset: 'system_auto_cc_1'
INFO: [filemgmt 20-334] All file(s) are already imported in fileset: 'system_auto_cc_2'
INFO: [filemgmt 20-348] Importing the appropriate files for fileset: 'system_auto_cc_2'
INFO: [filemgmt 20-334] All file(s) are already imported in fileset: 'system_auto_cc_3'
INFO: [filemgmt 20-348] Importing the appropriate files for fileset: 'system_auto_cc_3'
INFO: [filemgmt 20-334] All file(s) are already imported in fileset: 'system_auto_pc_0'
INFO: [filemgmt 20-348] Importing the appropriate files for fileset: 'system_auto_pc_0'
INFO: [filemgmt 20-334] All file(s) are already imported in fileset: 'system_auto_pc_1'
INFO: [filemgmt 20-348] Importing the appropriate files for fileset: 'system_auto_pc_1'
INFO: [filemgmt 20-334] All file(s) are already imported in fileset: 'system_auto_pc_2'
INFO: [filemgmt 20-348] Importing the appropriate files for fileset: 'system_auto_pc_2'
INFO: [filemgmt 20-334] All file(s) are already imported in fileset: 'system_axi_cama_bta_0'
INFO: [filemgmt 20-348] Importing the appropriate files for fileset: 'system_axi_cama_bta_0'
INFO: [filemgmt 20-334] All file(s) are already imported in fileset: 'system_axi_cama_gpio_0'
INFO: [filemgmt 20-348] Importing the appropriate files for fileset: 'system_axi_cama_gpio_0'
INFO: [filemgmt 20-334] All file(s) are already imported in fileset: 'system_axi_vdma_a_0'
INFO: [filemgmt 20-348] Importing the appropriate files for fileset: 'system_axi_vdma_a_0'
INFO: [filemgmt 20-334] All file(s) are already imported in fileset: 'system_axi_vdma_b_0'
INFO: [filemgmt 20-348] Importing the appropriate files for fileset: 'system_axi_vdma_b_0'
INFO: [filemgmt 20-334] All file(s) are already imported in fileset: 'system_axi_vdma_c_0'
INFO: [filemgmt 20-348] Importing the appropriate files for fileset: 'system_axi_vdma_c_0'
INFO: [filemgmt 20-334] All file(s) are already imported in fileset: 'system_axi_vdma_d_0'
INFO: [filemgmt 20-348] Importing the appropriate files for fileset: 'system_axi_vdma_d_0'
INFO: [filemgmt 20-334] All file(s) are already imported in fileset: 'system_clk_wiz_0_0'
INFO: [filemgmt 20-348] Importing the appropriate files for fileset: 'system_clk_wiz_0_0'
INFO: [filemgmt 20-334] All file(s) are already imported in fileset: 'system_m00_regslice_0'
INFO: [filemgmt 20-348] Importing the appropriate files for fileset: 'system_m00_regslice_0'
INFO: [filemgmt 20-334] All file(s) are already imported in fileset: 'system_processing_system7_0_0'
INFO: [filemgmt 20-348] Importing the appropriate files for fileset: 'system_processing_system7_0_0'
INFO: [filemgmt 20-334] All file(s) are already imported in fileset: 'system_rgb2vga_0_0'
INFO: [filemgmt 20-348] Importing the appropriate files for fileset: 'system_rgb2vga_0_0'
INFO: [filemgmt 20-334] All file(s) are already imported in fileset: 'system_rst_clk_wiz_0_50M_0'
INFO: [filemgmt 20-348] Importing the appropriate files for fileset: 'system_rst_clk_wiz_0_50M_0'
INFO: [filemgmt 20-334] All file(s) are already imported in fileset: 'system_rst_system_150M_0'
INFO: [filemgmt 20-348] Importing the appropriate files for fileset: 'system_rst_system_150M_0'
INFO: [filemgmt 20-334] All file(s) are already imported in fileset: 'system_rst_vid_clk_dyn_0'
INFO: [filemgmt 20-348] Importing the appropriate files for fileset: 'system_rst_vid_clk_dyn_0'
INFO: [filemgmt 20-334] All file(s) are already imported in fileset: 'system_s00_regslice_3'
INFO: [filemgmt 20-348] Importing the appropriate files for fileset: 'system_s00_regslice_3'
INFO: [filemgmt 20-334] All file(s) are already imported in fileset: 'system_s00_regslice_4'
INFO: [filemgmt 20-348] Importing the appropriate files for fileset: 'system_s00_regslice_4'
INFO: [filemgmt 20-334] All file(s) are already imported in fileset: 'system_s00_regslice_5'
INFO: [filemgmt 20-348] Importing the appropriate files for fileset: 'system_s00_regslice_5'
INFO: [filemgmt 20-334] All file(s) are already imported in fileset: 'system_s01_regslice_0'
INFO: [filemgmt 20-348] Importing the appropriate files for fileset: 'system_s01_regslice_0'
INFO: [filemgmt 20-334] All file(s) are already imported in fileset: 'system_s02_regslice_0'
INFO: [filemgmt 20-348] Importing the appropriate files for fileset: 'system_s02_regslice_0'
INFO: [filemgmt 20-334] All file(s) are already imported in fileset: 'system_s03_regslice_0'
INFO: [filemgmt 20-348] Importing the appropriate files for fileset: 'system_s03_regslice_0'
INFO: [filemgmt 20-334] All file(s) are already imported in fileset: 'system_tier2_xbar_0_0'
INFO: [filemgmt 20-348] Importing the appropriate files for fileset: 'system_tier2_xbar_0_0'
INFO: [filemgmt 20-334] All file(s) are already imported in fileset: 'system_tier2_xbar_1_0'
INFO: [filemgmt 20-348] Importing the appropriate files for fileset: 'system_tier2_xbar_1_0'
INFO: [filemgmt 20-334] All file(s) are already imported in fileset: 'system_tier2_xbar_2_0'
INFO: [filemgmt 20-348] Importing the appropriate files for fileset: 'system_tier2_xbar_2_0'
INFO: [filemgmt 20-334] All file(s) are already imported in fileset: 'system_v_axi4s_vid_out_0_0'
INFO: [filemgmt 20-348] Importing the appropriate files for fileset: 'system_v_axi4s_vid_out_0_0'
INFO: [filemgmt 20-334] All file(s) are already imported in fileset: 'system_video_dynclk_0'
INFO: [filemgmt 20-348] Importing the appropriate files for fileset: 'system_video_dynclk_0'
INFO: [filemgmt 20-334] All file(s) are already imported in fileset: 'system_video_scaler_a_0'
INFO: [filemgmt 20-348] Importing the appropriate files for fileset: 'system_video_scaler_a_0'
INFO: [filemgmt 20-334] All file(s) are already imported in fileset: 'system_video_scaler_b_0'
INFO: [filemgmt 20-348] Importing the appropriate files for fileset: 'system_video_scaler_b_0'
INFO: [filemgmt 20-334] All file(s) are already imported in fileset: 'system_video_scaler_c_0'
INFO: [filemgmt 20-348] Importing the appropriate files for fileset: 'system_video_scaler_c_0'
INFO: [filemgmt 20-334] All file(s) are already imported in fileset: 'system_video_scaler_d_0'
INFO: [filemgmt 20-348] Importing the appropriate files for fileset: 'system_video_scaler_d_0'
INFO: [filemgmt 20-334] All file(s) are already imported in fileset: 'system_vtg_0'
INFO: [filemgmt 20-348] Importing the appropriate files for fileset: 'system_vtg_0'
INFO: [filemgmt 20-334] All file(s) are already imported in fileset: 'system_xbar_0'
INFO: [filemgmt 20-348] Importing the appropriate files for fileset: 'system_xbar_0'
INFO: [filemgmt 20-334] All file(s) are already imported in fileset: 'system_xbar_1'
INFO: [filemgmt 20-348] Importing the appropriate files for fileset: 'system_xbar_1'
INFO: [filemgmt 20-348] Importing the appropriate files for fileset: 'constrs_1'
INFO: [filemgmt 20-348] Importing the appropriate files for fileset: 'sources_1'
