Copyright 1986-2022 Xilinx, Inc. All Rights Reserved.
----------------------------------------------------------------------------------------------------------------------------------------------------------------
| Tool Version     : Vivado v.2022.1 (win64) Build 3526262 Mon Apr 18 15:48:16 MDT 2022
| Date             : Sat Mar 28 13:05:57 2026
| Host             : DESKTOP-TM7VUND running 64-bit major release  (build 9200)
| Command          : report_power -file system_wrapper_power_routed.rpt -pb system_wrapper_power_summary_routed.pb -rpx system_wrapper_power_routed.rpx
| Design           : system_wrapper
| Device           : xc7z020clg484-1
| Design State     : routed
| Grade            : commercial
| Process          : typical
| Characterization : Production
----------------------------------------------------------------------------------------------------------------------------------------------------------------

Power Report

Table of Contents
-----------------
1. Summary
1.1 On-Chip Components
1.2 Power Supply Summary
1.3 Confidence Level
2. Settings
2.1 Environment
2.2 Clock Constraints
3. Detailed Reports
3.1 By Hierarchy

1. Summary
----------

+--------------------------+--------------+
| Total On-Chip Power (W)  | 2.896        |
| Design Power Budget (W)  | Unspecified* |
| Power Budget Margin (W)  | NA           |
| Dynamic (W)              | 2.697        |
| Device Static (W)        | 0.199        |
| Effective TJA (C/W)      | 11.5         |
| Max Ambient (C)          | 51.6         |
| Junction Temperature (C) | 58.4         |
| Confidence Level         | Low          |
| Setting File             | ---          |
| Simulation Activity File | ---          |
| Design Nets Matched      | NA           |
+--------------------------+--------------+
* Specify Design Power Budget using, set_operating_conditions -design_power_budget <value in Watts>


1.1 On-Chip Components
----------------------

+--------------------------+-----------+----------+-----------+-----------------+
| On-Chip                  | Power (W) | Used     | Available | Utilization (%) |
+--------------------------+-----------+----------+-----------+-----------------+
| Clocks                   |     0.152 |       15 |       --- |             --- |
| Slice Logic              |     0.138 |   119078 |       --- |             --- |
|   LUT as Logic           |     0.116 |    40122 |     53200 |           75.42 |
|   CARRY4                 |     0.011 |     4120 |     13300 |           30.98 |
|   Register               |     0.007 |    58577 |    106400 |           55.05 |
|   F7/F8 Muxes            |     0.004 |     2345 |     53200 |            4.41 |
|   LUT as Shift Register  |    <0.001 |     1014 |     17400 |            5.83 |
|   LUT as Distributed RAM |    <0.001 |      212 |     17400 |            1.22 |
|   Others                 |     0.000 |     2485 |       --- |             --- |
| Signals                  |     0.222 |    93945 |       --- |             --- |
| Block RAM                |     0.056 |       78 |       140 |           55.71 |
| MMCM                     |     0.191 |        2 |         4 |           50.00 |
| DSPs                     |     0.204 |      160 |       220 |           72.73 |
| I/O                      |     0.191 |       76 |       200 |           38.00 |
| PS7                      |     1.541 |        1 |       --- |             --- |
| Static Power             |     0.199 |          |           |                 |
| Total                    |     2.896 |          |           |                 |
+--------------------------+-----------+----------+-----------+-----------------+


1.2 Power Supply Summary
------------------------

+-----------+-------------+-----------+-------------+------------+-------------+-------------+------------+
| Source    | Voltage (V) | Total (A) | Dynamic (A) | Static (A) | Powerup (A) | Budget (A)  | Margin (A) |
+-----------+-------------+-----------+-------------+------------+-------------+-------------+------------+
| Vccint    |       1.000 |     0.812 |       0.781 |      0.031 |       NA    | Unspecified | NA         |
| Vccaux    |       1.800 |     0.197 |       0.177 |      0.021 |       NA    | Unspecified | NA         |
| Vcco33    |       3.300 |     0.005 |       0.004 |      0.001 |       NA    | Unspecified | NA         |
| Vcco25    |       2.500 |     0.017 |       0.016 |      0.001 |       NA    | Unspecified | NA         |
| Vcco18    |       1.800 |     0.000 |       0.000 |      0.000 |       NA    | Unspecified | NA         |
| Vcco15    |       1.500 |     0.000 |       0.000 |      0.000 |       NA    | Unspecified | NA         |
| Vcco135   |       1.350 |     0.000 |       0.000 |      0.000 |       NA    | Unspecified | NA         |
| Vcco12    |       1.200 |     0.000 |       0.000 |      0.000 |       NA    | Unspecified | NA         |
| Vccaux_io |       1.800 |     0.000 |       0.000 |      0.000 |       NA    | Unspecified | NA         |
| Vccbram   |       1.000 |     0.014 |       0.005 |      0.010 |       NA    | Unspecified | NA         |
| MGTAVcc   |       1.000 |     0.000 |       0.000 |      0.000 |       NA    | Unspecified | NA         |
| MGTAVtt   |       1.200 |     0.000 |       0.000 |      0.000 |       NA    | Unspecified | NA         |
| MGTVccaux |       1.800 |     0.000 |       0.000 |      0.000 |       NA    | Unspecified | NA         |
| Vccpint   |       1.000 |     0.778 |       0.730 |      0.048 |       NA    | Unspecified | NA         |
| Vccpaux   |       1.800 |     0.061 |       0.051 |      0.010 |       NA    | Unspecified | NA         |
| Vccpll    |       1.800 |     0.017 |       0.014 |      0.003 |       NA    | Unspecified | NA         |
| Vcco_ddr  |       1.500 |     0.459 |       0.457 |      0.002 |       NA    | Unspecified | NA         |
| Vcco_mio0 |       3.300 |     0.003 |       0.002 |      0.001 |       NA    | Unspecified | NA         |
| Vcco_mio1 |       1.800 |     0.003 |       0.002 |      0.001 |       NA    | Unspecified | NA         |
| Vccadc    |       1.800 |     0.020 |       0.000 |      0.020 |       NA    | Unspecified | NA         |
+-----------+-------------+-----------+-------------+------------+-------------+-------------+------------+


1.3 Confidence Level
--------------------

+-----------------------------+------------+--------------------------------------------------------+------------------------------------------------------------------------------------------------------------+
| User Input Data             | Confidence | Details                                                | Action                                                                                                     |
+-----------------------------+------------+--------------------------------------------------------+------------------------------------------------------------------------------------------------------------+
| Design implementation state | High       | Design is routed                                       |                                                                                                            |
| Clock nodes activity        | High       | User specified more than 95% of clocks                 |                                                                                                            |
| I/O nodes activity          | Low        | More than 75% of inputs are missing user specification | Provide missing input activity with simulation results or by editing the "By Resource Type -> I/Os" view   |
| Internal nodes activity     | Medium     | User specified less than 25% of internal nodes         | Provide missing internal nodes activity with simulation results or by editing the "By Resource Type" views |
| Device models               | High       | Device models are Production                           |                                                                                                            |
|                             |            |                                                        |                                                                                                            |
| Overall confidence level    | Low        |                                                        |                                                                                                            |
+-----------------------------+------------+--------------------------------------------------------+------------------------------------------------------------------------------------------------------------+


2. Settings
-----------

2.1 Environment
---------------

+-----------------------+------------------------+
| Ambient Temp (C)      | 25.0                   |
| ThetaJA (C/W)         | 11.5                   |
| Airflow (LFM)         | 250                    |
| Heat Sink             | none                   |
| ThetaSA (C/W)         | 0.0                    |
| Board Selection       | medium (10"x10")       |
| # of Board Layers     | 8to11 (8 to 11 Layers) |
| Board Temperature (C) | 25.0                   |
+-----------------------+------------------------+


2.2 Clock Constraints
---------------------

+--------------------------------+-----------------------------------------------------------------------------------+-----------------+
| Clock                          | Domain                                                                            | Constraint (ns) |
+--------------------------------+-----------------------------------------------------------------------------------+-----------------+
| MIPI_D_PHY_RX_0_RxByteClkHS    | system_i/MIPI_D_PHY_RX_A/U0/ClockLane/HSClockingX/CLK                             |            19.0 |
| MIPI_D_PHY_RX_1_RxByteClkHS    | system_i/MIPI_D_PHY_RX_B/U0/ClockLane/HSClockingX/CLK                             |            19.0 |
| MIPI_D_PHY_RX_2_RxByteClkHS    | system_i/MIPI_D_PHY_RX_C/U0/ClockLane/HSClockingX/CLK                             |            19.0 |
| MIPI_D_PHY_RX_3_RxByteClkHS    | system_i/MIPI_D_PHY_RX_D/U0/ClockLane/HSClockingX/CLK                             |            19.0 |
| clk_fpga_0                     | system_i/processing_system7_0/inst/FCLK_CLK_unbuffered[0]                         |            10.0 |
| clk_out1_system_clk_wiz_0_0    | system_i/clk_wiz_0/inst/clk_out1_system_clk_wiz_0_0                               |            20.0 |
| clk_out2_system_clk_wiz_0_0    | system_i/clk_wiz_0/inst/clk_out2_system_clk_wiz_0_0                               |             6.7 |
| clk_out3_system_clk_wiz_0_0    | system_i/clk_wiz_0/inst/clk_out3_system_clk_wiz_0_0                               |             5.0 |
| clkfbout_system_clk_wiz_0_0    | system_i/clk_wiz_0/inst/clkfbout_system_clk_wiz_0_0                               |            10.0 |
| clkfbout_system_video_dynclk_0 | system_i/video_dynclk/inst/CLK_CORE_DRP_I/clk_inst/clkfbout_system_video_dynclk_0 |            50.0 |
| dphy_hs_clock_p                | dphy_a_hs_clock_clk_p                                                             |             4.8 |
| dphy_hs_clock_p                | dphy_b_hs_clock_clk_p                                                             |             4.8 |
| dphy_hs_clock_p                | dphy_c_hs_clock_clk_p                                                             |             4.8 |
| dphy_hs_clock_p                | dphy_d_hs_clock_clk_p                                                             |             4.8 |
| pixel_dynclk                   | system_i/DVIClocking_0/U0/PixelClk                                                |             6.7 |
| video_dynclk                   | system_i/video_dynclk/inst/CLK_CORE_DRP_I/clk_inst/pxl_clk_5x                     |             1.7 |
+--------------------------------+-----------------------------------------------------------------------------------+-----------------+


3. Detailed Reports
-------------------

3.1 By Hierarchy
----------------

+---------------------------+-----------+
| Name                      | Power (W) |
+---------------------------+-----------+
| system_wrapper            |     2.697 |
|   cam_iic_scl_iobuf       |     0.005 |
|   cam_iic_sda_iobuf       |     0.005 |
|   cam_pwup_tri_iobuf_0    |     0.003 |
|   cam_pwup_tri_iobuf_1    |     0.005 |
|   system_i                |     2.679 |
|     AXI_BayerToRGB_A      |     0.013 |
|       U0                  |     0.013 |
|     AXI_BayerToRGB_B      |     0.013 |
|       U0                  |     0.013 |
|     AXI_BayerToRGB_C      |     0.014 |
|       U0                  |     0.014 |
|     AXI_BayerToRGB_D      |     0.014 |
|       U0                  |     0.014 |
|     AXI_GammaCorrection_A |     0.016 |
|       U0                  |     0.016 |
|     AXI_GammaCorrection_B |     0.016 |
|       U0                  |     0.016 |
|     AXI_GammaCorrection_C |     0.016 |
|       U0                  |     0.016 |
|     AXI_GammaCorrection_D |     0.017 |
|       U0                  |     0.017 |
|     MIPI_CSI_2_RX_A       |     0.007 |
|       U0                  |     0.007 |
|     MIPI_CSI_2_RX_B       |     0.007 |
|       U0                  |     0.007 |
|     MIPI_CSI_2_RX_C       |     0.007 |
|       U0                  |     0.007 |
|     MIPI_CSI_2_RX_D       |     0.007 |
|       U0                  |     0.007 |
|     MIPI_D_PHY_RX_A       |     0.048 |
|       U0                  |     0.048 |
|     MIPI_D_PHY_RX_B       |     0.048 |
|       U0                  |     0.048 |
|     MIPI_D_PHY_RX_C       |     0.048 |
|       U0                  |     0.048 |
|     MIPI_D_PHY_RX_D       |     0.048 |
|       U0                  |     0.048 |
|     axi_mem_intercon_1    |     0.006 |
|       m00_couplers        |     0.002 |
|       xbar                |     0.001 |
|     axi_vdma_a            |     0.020 |
|       U0                  |     0.020 |
|     axi_vdma_b            |     0.012 |
|       U0                  |     0.012 |
|     axi_vdma_c            |     0.012 |
|       U0                  |     0.012 |
|     axi_vdma_d            |     0.012 |
|       U0                  |     0.012 |
|     clk_wiz_0             |     0.087 |
|       inst                |     0.087 |
|     processing_system7_0  |     1.543 |
|       inst                |     1.543 |
|     ps7_0_axi_periph      |     0.007 |
|       s00_couplers        |     0.003 |
|     v_axi4s_vid_out_0     |     0.006 |
|       inst                |     0.006 |
|     video_dynclk          |     0.109 |
|       inst                |     0.109 |
|     video_scaler_a        |     0.126 |
|       U0                  |     0.126 |
|     video_scaler_b        |     0.126 |
|       U0                  |     0.126 |
|     video_scaler_c        |     0.128 |
|       U0                  |     0.128 |
|     video_scaler_d        |     0.132 |
|       U0                  |     0.132 |
|     vtg                   |     0.013 |
|       U0                  |     0.013 |
+---------------------------+-----------+


