Copyright 1986-2022 Xilinx, Inc. All Rights Reserved.
---------------------------------------------------------------------------------------------------------------------------------
| Tool Version : Vivado v.2022.1 (win64) Build 3526262 Mon Apr 18 15:48:16 MDT 2022
| Date         : Sat Mar 28 12:59:03 2026
| Host         : DESKTOP-TM7VUND running 64-bit major release  (build 9200)
| Command      : report_drc -file system_wrapper_drc_opted.rpt -pb system_wrapper_drc_opted.pb -rpx system_wrapper_drc_opted.rpx
| Design       : system_wrapper
| Device       : xc7z020clg484-1
| Speed File   : -1
| Design State : Synthesized
---------------------------------------------------------------------------------------------------------------------------------

Report DRC

Table of Contents
-----------------
1. REPORT SUMMARY
2. REPORT DETAILS

1. REPORT SUMMARY
-----------------
            Netlist: netlist
          Floorplan: design_1
      Design limits: <entire design considered>
           Ruledeck: default
             Max violations: <unlimited>
             Violations found: 82
+----------+----------+------------------------+------------+
| Rule     | Severity | Description            | Violations |
+----------+----------+------------------------+------------+
| DPOP-1   | Warning  | PREG Output pipelining | 8          |
| DPOP-2   | Warning  | MREG Output pipelining | 64         |
| REQP-165 | Advisory | writefirst             | 5          |
| REQP-181 | Advisory | writefirst             | 5          |
+----------+----------+------------------------+------------+

2. REPORT DETAILS
-----------------
DPOP-1#1 Warning
PREG Output pipelining  
DSP system_i/video_scaler_a/U0/Resize_U0/grp_Resize_opr_linear_fu_224/video_scaler_mul_jbC_U27/video_scaler_mul_jbC_MulnS_0_U/tmp_product output system_i/video_scaler_a/U0/Resize_U0/grp_Resize_opr_linear_fu_224/video_scaler_mul_jbC_U27/video_scaler_mul_jbC_MulnS_0_U/tmp_product/P[47:0] is not pipelined (PREG=0). Pipelining the DSP48 output will improve performance and often saves power so it is suggested whenever possible to fully pipeline this function.  If this DSP48 function was inferred, it is suggested to describe an additional register stage after this function.  If the DSP48 was instantiated in the design, it is suggested to set the PREG attribute to 1.
Related violations: <none>

DPOP-1#2 Warning
PREG Output pipelining  
DSP system_i/video_scaler_a/U0/Resize_U0/grp_Resize_opr_linear_fu_224/video_scaler_mul_jbC_U28/video_scaler_mul_jbC_MulnS_0_U/tmp_product output system_i/video_scaler_a/U0/Resize_U0/grp_Resize_opr_linear_fu_224/video_scaler_mul_jbC_U28/video_scaler_mul_jbC_MulnS_0_U/tmp_product/P[47:0] is not pipelined (PREG=0). Pipelining the DSP48 output will improve performance and often saves power so it is suggested whenever possible to fully pipeline this function.  If this DSP48 function was inferred, it is suggested to describe an additional register stage after this function.  If the DSP48 was instantiated in the design, it is suggested to set the PREG attribute to 1.
Related violations: <none>

DPOP-1#3 Warning
PREG Output pipelining  
DSP system_i/video_scaler_b/U0/Resize_U0/grp_Resize_opr_linear_fu_224/video_scaler_mul_jbC_U27/video_scaler_mul_jbC_MulnS_0_U/tmp_product output system_i/video_scaler_b/U0/Resize_U0/grp_Resize_opr_linear_fu_224/video_scaler_mul_jbC_U27/video_scaler_mul_jbC_MulnS_0_U/tmp_product/P[47:0] is not pipelined (PREG=0). Pipelining the DSP48 output will improve performance and often saves power so it is suggested whenever possible to fully pipeline this function.  If this DSP48 function was inferred, it is suggested to describe an additional register stage after this function.  If the DSP48 was instantiated in the design, it is suggested to set the PREG attribute to 1.
Related violations: <none>

DPOP-1#4 Warning
PREG Output pipelining  
DSP system_i/video_scaler_b/U0/Resize_U0/grp_Resize_opr_linear_fu_224/video_scaler_mul_jbC_U28/video_scaler_mul_jbC_MulnS_0_U/tmp_product output system_i/video_scaler_b/U0/Resize_U0/grp_Resize_opr_linear_fu_224/video_scaler_mul_jbC_U28/video_scaler_mul_jbC_MulnS_0_U/tmp_product/P[47:0] is not pipelined (PREG=0). Pipelining the DSP48 output will improve performance and often saves power so it is suggested whenever possible to fully pipeline this function.  If this DSP48 function was inferred, it is suggested to describe an additional register stage after this function.  If the DSP48 was instantiated in the design, it is suggested to set the PREG attribute to 1.
Related violations: <none>

DPOP-1#5 Warning
PREG Output pipelining  
DSP system_i/video_scaler_c/U0/Resize_U0/grp_Resize_opr_linear_fu_224/video_scaler_mul_jbC_U27/video_scaler_mul_jbC_MulnS_0_U/tmp_product output system_i/video_scaler_c/U0/Resize_U0/grp_Resize_opr_linear_fu_224/video_scaler_mul_jbC_U27/video_scaler_mul_jbC_MulnS_0_U/tmp_product/P[47:0] is not pipelined (PREG=0). Pipelining the DSP48 output will improve performance and often saves power so it is suggested whenever possible to fully pipeline this function.  If this DSP48 function was inferred, it is suggested to describe an additional register stage after this function.  If the DSP48 was instantiated in the design, it is suggested to set the PREG attribute to 1.
Related violations: <none>

DPOP-1#6 Warning
PREG Output pipelining  
DSP system_i/video_scaler_c/U0/Resize_U0/grp_Resize_opr_linear_fu_224/video_scaler_mul_jbC_U28/video_scaler_mul_jbC_MulnS_0_U/tmp_product output system_i/video_scaler_c/U0/Resize_U0/grp_Resize_opr_linear_fu_224/video_scaler_mul_jbC_U28/video_scaler_mul_jbC_MulnS_0_U/tmp_product/P[47:0] is not pipelined (PREG=0). Pipelining the DSP48 output will improve performance and often saves power so it is suggested whenever possible to fully pipeline this function.  If this DSP48 function was inferred, it is suggested to describe an additional register stage after this function.  If the DSP48 was instantiated in the design, it is suggested to set the PREG attribute to 1.
Related violations: <none>

DPOP-1#7 Warning
PREG Output pipelining  
DSP system_i/video_scaler_d/U0/Resize_U0/grp_Resize_opr_linear_fu_224/video_scaler_mul_jbC_U27/video_scaler_mul_jbC_MulnS_0_U/tmp_product output system_i/video_scaler_d/U0/Resize_U0/grp_Resize_opr_linear_fu_224/video_scaler_mul_jbC_U27/video_scaler_mul_jbC_MulnS_0_U/tmp_product/P[47:0] is not pipelined (PREG=0). Pipelining the DSP48 output will improve performance and often saves power so it is suggested whenever possible to fully pipeline this function.  If this DSP48 function was inferred, it is suggested to describe an additional register stage after this function.  If the DSP48 was instantiated in the design, it is suggested to set the PREG attribute to 1.
Related violations: <none>

DPOP-1#8 Warning
PREG Output pipelining  
DSP system_i/video_scaler_d/U0/Resize_U0/grp_Resize_opr_linear_fu_224/video_scaler_mul_jbC_U28/video_scaler_mul_jbC_MulnS_0_U/tmp_product output system_i/video_scaler_d/U0/Resize_U0/grp_Resize_opr_linear_fu_224/video_scaler_mul_jbC_U28/video_scaler_mul_jbC_MulnS_0_U/tmp_product/P[47:0] is not pipelined (PREG=0). Pipelining the DSP48 output will improve performance and often saves power so it is suggested whenever possible to fully pipeline this function.  If this DSP48 function was inferred, it is suggested to describe an additional register stage after this function.  If the DSP48 was instantiated in the design, it is suggested to set the PREG attribute to 1.
Related violations: <none>

DPOP-2#1 Warning
MREG Output pipelining  
DSP system_i/video_scaler_a/U0/Resize_U0/grp_Resize_opr_linear_fu_224/r_V_1_1_reg_3242_reg multiplier stage system_i/video_scaler_a/U0/Resize_U0/grp_Resize_opr_linear_fu_224/r_V_1_1_reg_3242_reg/P[47:0] is not pipelined (MREG=0). Pipelining the multiplier function will improve performance and will save significant power so it is suggested whenever possible to fully pipeline this function.  If this multiplier was inferred, it is suggested to describe an additional register stage after this function.  If there is no registered adder/accumulator following the multiply function, two pipeline stages are suggested to allow both the MREG and PREG registers to be used.  If the DSP48 was instantiated in the design, it is suggested to set both the MREG and PREG attributes to 1 when performing multiply functions.
Related violations: <none>

DPOP-2#2 Warning
MREG Output pipelining  
DSP system_i/video_scaler_a/U0/Resize_U0/grp_Resize_opr_linear_fu_224/r_V_1_2_reg_3262_reg multiplier stage system_i/video_scaler_a/U0/Resize_U0/grp_Resize_opr_linear_fu_224/r_V_1_2_reg_3262_reg/P[47:0] is not pipelined (MREG=0). Pipelining the multiplier function will improve performance and will save significant power so it is suggested whenever possible to fully pipeline this function.  If this multiplier was inferred, it is suggested to describe an additional register stage after this function.  If there is no registered adder/accumulator following the multiply function, two pipeline stages are suggested to allow both the MREG and PREG registers to be used.  If the DSP48 was instantiated in the design, it is suggested to set both the MREG and PREG attributes to 1 when performing multiply functions.
Related violations: <none>

DPOP-2#3 Warning
MREG Output pipelining  
DSP system_i/video_scaler_a/U0/Resize_U0/grp_Resize_opr_linear_fu_224/r_V_1_reg_3212_reg multiplier stage system_i/video_scaler_a/U0/Resize_U0/grp_Resize_opr_linear_fu_224/r_V_1_reg_3212_reg/P[47:0] is not pipelined (MREG=0). Pipelining the multiplier function will improve performance and will save significant power so it is suggested whenever possible to fully pipeline this function.  If this multiplier was inferred, it is suggested to describe an additional register stage after this function.  If there is no registered adder/accumulator following the multiply function, two pipeline stages are suggested to allow both the MREG and PREG registers to be used.  If the DSP48 was instantiated in the design, it is suggested to set both the MREG and PREG attributes to 1 when performing multiply functions.
Related violations: <none>

DPOP-2#4 Warning
MREG Output pipelining  
DSP system_i/video_scaler_a/U0/Resize_U0/grp_Resize_opr_linear_fu_224/r_V_2_1_reg_3247_reg multiplier stage system_i/video_scaler_a/U0/Resize_U0/grp_Resize_opr_linear_fu_224/r_V_2_1_reg_3247_reg/P[47:0] is not pipelined (MREG=0). Pipelining the multiplier function will improve performance and will save significant power so it is suggested whenever possible to fully pipeline this function.  If this multiplier was inferred, it is suggested to describe an additional register stage after this function.  If there is no registered adder/accumulator following the multiply function, two pipeline stages are suggested to allow both the MREG and PREG registers to be used.  If the DSP48 was instantiated in the design, it is suggested to set both the MREG and PREG attributes to 1 when performing multiply functions.
Related violations: <none>

DPOP-2#5 Warning
MREG Output pipelining  
DSP system_i/video_scaler_a/U0/Resize_U0/grp_Resize_opr_linear_fu_224/r_V_2_2_reg_3267_reg multiplier stage system_i/video_scaler_a/U0/Resize_U0/grp_Resize_opr_linear_fu_224/r_V_2_2_reg_3267_reg/P[47:0] is not pipelined (MREG=0). Pipelining the multiplier function will improve performance and will save significant power so it is suggested whenever possible to fully pipeline this function.  If this multiplier was inferred, it is suggested to describe an additional register stage after this function.  If there is no registered adder/accumulator following the multiply function, two pipeline stages are suggested to allow both the MREG and PREG registers to be used.  If the DSP48 was instantiated in the design, it is suggested to set both the MREG and PREG attributes to 1 when performing multiply functions.
Related violations: <none>

DPOP-2#6 Warning
MREG Output pipelining  
DSP system_i/video_scaler_a/U0/Resize_U0/grp_Resize_opr_linear_fu_224/r_V_2_reg_3217_reg multiplier stage system_i/video_scaler_a/U0/Resize_U0/grp_Resize_opr_linear_fu_224/r_V_2_reg_3217_reg/P[47:0] is not pipelined (MREG=0). Pipelining the multiplier function will improve performance and will save significant power so it is suggested whenever possible to fully pipeline this function.  If this multiplier was inferred, it is suggested to describe an additional register stage after this function.  If there is no registered adder/accumulator following the multiply function, two pipeline stages are suggested to allow both the MREG and PREG registers to be used.  If the DSP48 was instantiated in the design, it is suggested to set both the MREG and PREG attributes to 1 when performing multiply functions.
Related violations: <none>

DPOP-2#7 Warning
MREG Output pipelining  
DSP system_i/video_scaler_a/U0/Resize_U0/grp_Resize_opr_linear_fu_224/r_V_3_1_reg_3185_reg multiplier stage system_i/video_scaler_a/U0/Resize_U0/grp_Resize_opr_linear_fu_224/r_V_3_1_reg_3185_reg/P[47:0] is not pipelined (MREG=0). Pipelining the multiplier function will improve performance and will save significant power so it is suggested whenever possible to fully pipeline this function.  If this multiplier was inferred, it is suggested to describe an additional register stage after this function.  If there is no registered adder/accumulator following the multiply function, two pipeline stages are suggested to allow both the MREG and PREG registers to be used.  If the DSP48 was instantiated in the design, it is suggested to set both the MREG and PREG attributes to 1 when performing multiply functions.
Related violations: <none>

DPOP-2#8 Warning
MREG Output pipelining  
DSP system_i/video_scaler_a/U0/Resize_U0/grp_Resize_opr_linear_fu_224/r_V_3_2_reg_3195_reg multiplier stage system_i/video_scaler_a/U0/Resize_U0/grp_Resize_opr_linear_fu_224/r_V_3_2_reg_3195_reg/P[47:0] is not pipelined (MREG=0). Pipelining the multiplier function will improve performance and will save significant power so it is suggested whenever possible to fully pipeline this function.  If this multiplier was inferred, it is suggested to describe an additional register stage after this function.  If there is no registered adder/accumulator following the multiply function, two pipeline stages are suggested to allow both the MREG and PREG registers to be used.  If the DSP48 was instantiated in the design, it is suggested to set both the MREG and PREG attributes to 1 when performing multiply functions.
Related violations: <none>

DPOP-2#9 Warning
MREG Output pipelining  
DSP system_i/video_scaler_a/U0/Resize_U0/grp_Resize_opr_linear_fu_224/r_V_3_reg_3175_reg multiplier stage system_i/video_scaler_a/U0/Resize_U0/grp_Resize_opr_linear_fu_224/r_V_3_reg_3175_reg/P[47:0] is not pipelined (MREG=0). Pipelining the multiplier function will improve performance and will save significant power so it is suggested whenever possible to fully pipeline this function.  If this multiplier was inferred, it is suggested to describe an additional register stage after this function.  If there is no registered adder/accumulator following the multiply function, two pipeline stages are suggested to allow both the MREG and PREG registers to be used.  If the DSP48 was instantiated in the design, it is suggested to set both the MREG and PREG attributes to 1 when performing multiply functions.
Related violations: <none>

DPOP-2#10 Warning
MREG Output pipelining  
DSP system_i/video_scaler_a/U0/Resize_U0/grp_Resize_opr_linear_fu_224/r_V_4_reg_3190_reg multiplier stage system_i/video_scaler_a/U0/Resize_U0/grp_Resize_opr_linear_fu_224/r_V_4_reg_3190_reg/P[47:0] is not pipelined (MREG=0). Pipelining the multiplier function will improve performance and will save significant power so it is suggested whenever possible to fully pipeline this function.  If this multiplier was inferred, it is suggested to describe an additional register stage after this function.  If there is no registered adder/accumulator following the multiply function, two pipeline stages are suggested to allow both the MREG and PREG registers to be used.  If the DSP48 was instantiated in the design, it is suggested to set both the MREG and PREG attributes to 1 when performing multiply functions.
Related violations: <none>

DPOP-2#11 Warning
MREG Output pipelining  
DSP system_i/video_scaler_a/U0/Resize_U0/grp_Resize_opr_linear_fu_224/r_V_reg_3170_reg multiplier stage system_i/video_scaler_a/U0/Resize_U0/grp_Resize_opr_linear_fu_224/r_V_reg_3170_reg/P[47:0] is not pipelined (MREG=0). Pipelining the multiplier function will improve performance and will save significant power so it is suggested whenever possible to fully pipeline this function.  If this multiplier was inferred, it is suggested to describe an additional register stage after this function.  If there is no registered adder/accumulator following the multiply function, two pipeline stages are suggested to allow both the MREG and PREG registers to be used.  If the DSP48 was instantiated in the design, it is suggested to set both the MREG and PREG attributes to 1 when performing multiply functions.
Related violations: <none>

DPOP-2#12 Warning
MREG Output pipelining  
DSP system_i/video_scaler_a/U0/Resize_U0/grp_Resize_opr_linear_fu_224/r_V_s_reg_3180_reg multiplier stage system_i/video_scaler_a/U0/Resize_U0/grp_Resize_opr_linear_fu_224/r_V_s_reg_3180_reg/P[47:0] is not pipelined (MREG=0). Pipelining the multiplier function will improve performance and will save significant power so it is suggested whenever possible to fully pipeline this function.  If this multiplier was inferred, it is suggested to describe an additional register stage after this function.  If there is no registered adder/accumulator following the multiply function, two pipeline stages are suggested to allow both the MREG and PREG registers to be used.  If the DSP48 was instantiated in the design, it is suggested to set both the MREG and PREG attributes to 1 when performing multiply functions.
Related violations: <none>

DPOP-2#13 Warning
MREG Output pipelining  
DSP system_i/video_scaler_a/U0/Resize_U0/grp_Resize_opr_linear_fu_224/video_scaler_mul_jbC_U27/video_scaler_mul_jbC_MulnS_0_U/buff0_reg multiplier stage system_i/video_scaler_a/U0/Resize_U0/grp_Resize_opr_linear_fu_224/video_scaler_mul_jbC_U27/video_scaler_mul_jbC_MulnS_0_U/buff0_reg/P[47:0] is not pipelined (MREG=0). Pipelining the multiplier function will improve performance and will save significant power so it is suggested whenever possible to fully pipeline this function.  If this multiplier was inferred, it is suggested to describe an additional register stage after this function.  If there is no registered adder/accumulator following the multiply function, two pipeline stages are suggested to allow both the MREG and PREG registers to be used.  If the DSP48 was instantiated in the design, it is suggested to set both the MREG and PREG attributes to 1 when performing multiply functions.
Related violations: <none>

DPOP-2#14 Warning
MREG Output pipelining  
DSP system_i/video_scaler_a/U0/Resize_U0/grp_Resize_opr_linear_fu_224/video_scaler_mul_jbC_U27/video_scaler_mul_jbC_MulnS_0_U/tmp_product multiplier stage system_i/video_scaler_a/U0/Resize_U0/grp_Resize_opr_linear_fu_224/video_scaler_mul_jbC_U27/video_scaler_mul_jbC_MulnS_0_U/tmp_product/P[47:0] is not pipelined (MREG=0). Pipelining the multiplier function will improve performance and will save significant power so it is suggested whenever possible to fully pipeline this function.  If this multiplier was inferred, it is suggested to describe an additional register stage after this function.  If there is no registered adder/accumulator following the multiply function, two pipeline stages are suggested to allow both the MREG and PREG registers to be used.  If the DSP48 was instantiated in the design, it is suggested to set both the MREG and PREG attributes to 1 when performing multiply functions.
Related violations: <none>

DPOP-2#15 Warning
MREG Output pipelining  
DSP system_i/video_scaler_a/U0/Resize_U0/grp_Resize_opr_linear_fu_224/video_scaler_mul_jbC_U28/video_scaler_mul_jbC_MulnS_0_U/buff0_reg multiplier stage system_i/video_scaler_a/U0/Resize_U0/grp_Resize_opr_linear_fu_224/video_scaler_mul_jbC_U28/video_scaler_mul_jbC_MulnS_0_U/buff0_reg/P[47:0] is not pipelined (MREG=0). Pipelining the multiplier function will improve performance and will save significant power so it is suggested whenever possible to fully pipeline this function.  If this multiplier was inferred, it is suggested to describe an additional register stage after this function.  If there is no registered adder/accumulator following the multiply function, two pipeline stages are suggested to allow both the MREG and PREG registers to be used.  If the DSP48 was instantiated in the design, it is suggested to set both the MREG and PREG attributes to 1 when performing multiply functions.
Related violations: <none>

DPOP-2#16 Warning
MREG Output pipelining  
DSP system_i/video_scaler_a/U0/Resize_U0/grp_Resize_opr_linear_fu_224/video_scaler_mul_jbC_U28/video_scaler_mul_jbC_MulnS_0_U/tmp_product multiplier stage system_i/video_scaler_a/U0/Resize_U0/grp_Resize_opr_linear_fu_224/video_scaler_mul_jbC_U28/video_scaler_mul_jbC_MulnS_0_U/tmp_product/P[47:0] is not pipelined (MREG=0). Pipelining the multiplier function will improve performance and will save significant power so it is suggested whenever possible to fully pipeline this function.  If this multiplier was inferred, it is suggested to describe an additional register stage after this function.  If there is no registered adder/accumulator following the multiply function, two pipeline stages are suggested to allow both the MREG and PREG registers to be used.  If the DSP48 was instantiated in the design, it is suggested to set both the MREG and PREG attributes to 1 when performing multiply functions.
Related violations: <none>

DPOP-2#17 Warning
MREG Output pipelining  
DSP system_i/video_scaler_b/U0/Resize_U0/grp_Resize_opr_linear_fu_224/r_V_1_1_reg_3242_reg multiplier stage system_i/video_scaler_b/U0/Resize_U0/grp_Resize_opr_linear_fu_224/r_V_1_1_reg_3242_reg/P[47:0] is not pipelined (MREG=0). Pipelining the multiplier function will improve performance and will save significant power so it is suggested whenever possible to fully pipeline this function.  If this multiplier was inferred, it is suggested to describe an additional register stage after this function.  If there is no registered adder/accumulator following the multiply function, two pipeline stages are suggested to allow both the MREG and PREG registers to be used.  If the DSP48 was instantiated in the design, it is suggested to set both the MREG and PREG attributes to 1 when performing multiply functions.
Related violations: <none>

DPOP-2#18 Warning
MREG Output pipelining  
DSP system_i/video_scaler_b/U0/Resize_U0/grp_Resize_opr_linear_fu_224/r_V_1_2_reg_3262_reg multiplier stage system_i/video_scaler_b/U0/Resize_U0/grp_Resize_opr_linear_fu_224/r_V_1_2_reg_3262_reg/P[47:0] is not pipelined (MREG=0). Pipelining the multiplier function will improve performance and will save significant power so it is suggested whenever possible to fully pipeline this function.  If this multiplier was inferred, it is suggested to describe an additional register stage after this function.  If there is no registered adder/accumulator following the multiply function, two pipeline stages are suggested to allow both the MREG and PREG registers to be used.  If the DSP48 was instantiated in the design, it is suggested to set both the MREG and PREG attributes to 1 when performing multiply functions.
Related violations: <none>

DPOP-2#19 Warning
MREG Output pipelining  
DSP system_i/video_scaler_b/U0/Resize_U0/grp_Resize_opr_linear_fu_224/r_V_1_reg_3212_reg multiplier stage system_i/video_scaler_b/U0/Resize_U0/grp_Resize_opr_linear_fu_224/r_V_1_reg_3212_reg/P[47:0] is not pipelined (MREG=0). Pipelining the multiplier function will improve performance and will save significant power so it is suggested whenever possible to fully pipeline this function.  If this multiplier was inferred, it is suggested to describe an additional register stage after this function.  If there is no registered adder/accumulator following the multiply function, two pipeline stages are suggested to allow both the MREG and PREG registers to be used.  If the DSP48 was instantiated in the design, it is suggested to set both the MREG and PREG attributes to 1 when performing multiply functions.
Related violations: <none>

DPOP-2#20 Warning
MREG Output pipelining  
DSP system_i/video_scaler_b/U0/Resize_U0/grp_Resize_opr_linear_fu_224/r_V_2_1_reg_3247_reg multiplier stage system_i/video_scaler_b/U0/Resize_U0/grp_Resize_opr_linear_fu_224/r_V_2_1_reg_3247_reg/P[47:0] is not pipelined (MREG=0). Pipelining the multiplier function will improve performance and will save significant power so it is suggested whenever possible to fully pipeline this function.  If this multiplier was inferred, it is suggested to describe an additional register stage after this function.  If there is no registered adder/accumulator following the multiply function, two pipeline stages are suggested to allow both the MREG and PREG registers to be used.  If the DSP48 was instantiated in the design, it is suggested to set both the MREG and PREG attributes to 1 when performing multiply functions.
Related violations: <none>

DPOP-2#21 Warning
MREG Output pipelining  
DSP system_i/video_scaler_b/U0/Resize_U0/grp_Resize_opr_linear_fu_224/r_V_2_2_reg_3267_reg multiplier stage system_i/video_scaler_b/U0/Resize_U0/grp_Resize_opr_linear_fu_224/r_V_2_2_reg_3267_reg/P[47:0] is not pipelined (MREG=0). Pipelining the multiplier function will improve performance and will save significant power so it is suggested whenever possible to fully pipeline this function.  If this multiplier was inferred, it is suggested to describe an additional register stage after this function.  If there is no registered adder/accumulator following the multiply function, two pipeline stages are suggested to allow both the MREG and PREG registers to be used.  If the DSP48 was instantiated in the design, it is suggested to set both the MREG and PREG attributes to 1 when performing multiply functions.
Related violations: <none>

DPOP-2#22 Warning
MREG Output pipelining  
DSP system_i/video_scaler_b/U0/Resize_U0/grp_Resize_opr_linear_fu_224/r_V_2_reg_3217_reg multiplier stage system_i/video_scaler_b/U0/Resize_U0/grp_Resize_opr_linear_fu_224/r_V_2_reg_3217_reg/P[47:0] is not pipelined (MREG=0). Pipelining the multiplier function will improve performance and will save significant power so it is suggested whenever possible to fully pipeline this function.  If this multiplier was inferred, it is suggested to describe an additional register stage after this function.  If there is no registered adder/accumulator following the multiply function, two pipeline stages are suggested to allow both the MREG and PREG registers to be used.  If the DSP48 was instantiated in the design, it is suggested to set both the MREG and PREG attributes to 1 when performing multiply functions.
Related violations: <none>

DPOP-2#23 Warning
MREG Output pipelining  
DSP system_i/video_scaler_b/U0/Resize_U0/grp_Resize_opr_linear_fu_224/r_V_3_1_reg_3185_reg multiplier stage system_i/video_scaler_b/U0/Resize_U0/grp_Resize_opr_linear_fu_224/r_V_3_1_reg_3185_reg/P[47:0] is not pipelined (MREG=0). Pipelining the multiplier function will improve performance and will save significant power so it is suggested whenever possible to fully pipeline this function.  If this multiplier was inferred, it is suggested to describe an additional register stage after this function.  If there is no registered adder/accumulator following the multiply function, two pipeline stages are suggested to allow both the MREG and PREG registers to be used.  If the DSP48 was instantiated in the design, it is suggested to set both the MREG and PREG attributes to 1 when performing multiply functions.
Related violations: <none>

DPOP-2#24 Warning
MREG Output pipelining  
DSP system_i/video_scaler_b/U0/Resize_U0/grp_Resize_opr_linear_fu_224/r_V_3_2_reg_3195_reg multiplier stage system_i/video_scaler_b/U0/Resize_U0/grp_Resize_opr_linear_fu_224/r_V_3_2_reg_3195_reg/P[47:0] is not pipelined (MREG=0). Pipelining the multiplier function will improve performance and will save significant power so it is suggested whenever possible to fully pipeline this function.  If this multiplier was inferred, it is suggested to describe an additional register stage after this function.  If there is no registered adder/accumulator following the multiply function, two pipeline stages are suggested to allow both the MREG and PREG registers to be used.  If the DSP48 was instantiated in the design, it is suggested to set both the MREG and PREG attributes to 1 when performing multiply functions.
Related violations: <none>

DPOP-2#25 Warning
MREG Output pipelining  
DSP system_i/video_scaler_b/U0/Resize_U0/grp_Resize_opr_linear_fu_224/r_V_3_reg_3175_reg multiplier stage system_i/video_scaler_b/U0/Resize_U0/grp_Resize_opr_linear_fu_224/r_V_3_reg_3175_reg/P[47:0] is not pipelined (MREG=0). Pipelining the multiplier function will improve performance and will save significant power so it is suggested whenever possible to fully pipeline this function.  If this multiplier was inferred, it is suggested to describe an additional register stage after this function.  If there is no registered adder/accumulator following the multiply function, two pipeline stages are suggested to allow both the MREG and PREG registers to be used.  If the DSP48 was instantiated in the design, it is suggested to set both the MREG and PREG attributes to 1 when performing multiply functions.
Related violations: <none>

DPOP-2#26 Warning
MREG Output pipelining  
DSP system_i/video_scaler_b/U0/Resize_U0/grp_Resize_opr_linear_fu_224/r_V_4_reg_3190_reg multiplier stage system_i/video_scaler_b/U0/Resize_U0/grp_Resize_opr_linear_fu_224/r_V_4_reg_3190_reg/P[47:0] is not pipelined (MREG=0). Pipelining the multiplier function will improve performance and will save significant power so it is suggested whenever possible to fully pipeline this function.  If this multiplier was inferred, it is suggested to describe an additional register stage after this function.  If there is no registered adder/accumulator following the multiply function, two pipeline stages are suggested to allow both the MREG and PREG registers to be used.  If the DSP48 was instantiated in the design, it is suggested to set both the MREG and PREG attributes to 1 when performing multiply functions.
Related violations: <none>

DPOP-2#27 Warning
MREG Output pipelining  
DSP system_i/video_scaler_b/U0/Resize_U0/grp_Resize_opr_linear_fu_224/r_V_reg_3170_reg multiplier stage system_i/video_scaler_b/U0/Resize_U0/grp_Resize_opr_linear_fu_224/r_V_reg_3170_reg/P[47:0] is not pipelined (MREG=0). Pipelining the multiplier function will improve performance and will save significant power so it is suggested whenever possible to fully pipeline this function.  If this multiplier was inferred, it is suggested to describe an additional register stage after this function.  If there is no registered adder/accumulator following the multiply function, two pipeline stages are suggested to allow both the MREG and PREG registers to be used.  If the DSP48 was instantiated in the design, it is suggested to set both the MREG and PREG attributes to 1 when performing multiply functions.
Related violations: <none>

DPOP-2#28 Warning
MREG Output pipelining  
DSP system_i/video_scaler_b/U0/Resize_U0/grp_Resize_opr_linear_fu_224/r_V_s_reg_3180_reg multiplier stage system_i/video_scaler_b/U0/Resize_U0/grp_Resize_opr_linear_fu_224/r_V_s_reg_3180_reg/P[47:0] is not pipelined (MREG=0). Pipelining the multiplier function will improve performance and will save significant power so it is suggested whenever possible to fully pipeline this function.  If this multiplier was inferred, it is suggested to describe an additional register stage after this function.  If there is no registered adder/accumulator following the multiply function, two pipeline stages are suggested to allow both the MREG and PREG registers to be used.  If the DSP48 was instantiated in the design, it is suggested to set both the MREG and PREG attributes to 1 when performing multiply functions.
Related violations: <none>

DPOP-2#29 Warning
MREG Output pipelining  
DSP system_i/video_scaler_b/U0/Resize_U0/grp_Resize_opr_linear_fu_224/video_scaler_mul_jbC_U27/video_scaler_mul_jbC_MulnS_0_U/buff0_reg multiplier stage system_i/video_scaler_b/U0/Resize_U0/grp_Resize_opr_linear_fu_224/video_scaler_mul_jbC_U27/video_scaler_mul_jbC_MulnS_0_U/buff0_reg/P[47:0] is not pipelined (MREG=0). Pipelining the multiplier function will improve performance and will save significant power so it is suggested whenever possible to fully pipeline this function.  If this multiplier was inferred, it is suggested to describe an additional register stage after this function.  If there is no registered adder/accumulator following the multiply function, two pipeline stages are suggested to allow both the MREG and PREG registers to be used.  If the DSP48 was instantiated in the design, it is suggested to set both the MREG and PREG attributes to 1 when performing multiply functions.
Related violations: <none>

DPOP-2#30 Warning
MREG Output pipelining  
DSP system_i/video_scaler_b/U0/Resize_U0/grp_Resize_opr_linear_fu_224/video_scaler_mul_jbC_U27/video_scaler_mul_jbC_MulnS_0_U/tmp_product multiplier stage system_i/video_scaler_b/U0/Resize_U0/grp_Resize_opr_linear_fu_224/video_scaler_mul_jbC_U27/video_scaler_mul_jbC_MulnS_0_U/tmp_product/P[47:0] is not pipelined (MREG=0). Pipelining the multiplier function will improve performance and will save significant power so it is suggested whenever possible to fully pipeline this function.  If this multiplier was inferred, it is suggested to describe an additional register stage after this function.  If there is no registered adder/accumulator following the multiply function, two pipeline stages are suggested to allow both the MREG and PREG registers to be used.  If the DSP48 was instantiated in the design, it is suggested to set both the MREG and PREG attributes to 1 when performing multiply functions.
Related violations: <none>

DPOP-2#31 Warning
MREG Output pipelining  
DSP system_i/video_scaler_b/U0/Resize_U0/grp_Resize_opr_linear_fu_224/video_scaler_mul_jbC_U28/video_scaler_mul_jbC_MulnS_0_U/buff0_reg multiplier stage system_i/video_scaler_b/U0/Resize_U0/grp_Resize_opr_linear_fu_224/video_scaler_mul_jbC_U28/video_scaler_mul_jbC_MulnS_0_U/buff0_reg/P[47:0] is not pipelined (MREG=0). Pipelining the multiplier function will improve performance and will save significant power so it is suggested whenever possible to fully pipeline this function.  If this multiplier was inferred, it is suggested to describe an additional register stage after this function.  If there is no registered adder/accumulator following the multiply function, two pipeline stages are suggested to allow both the MREG and PREG registers to be used.  If the DSP48 was instantiated in the design, it is suggested to set both the MREG and PREG attributes to 1 when performing multiply functions.
Related violations: <none>

DPOP-2#32 Warning
MREG Output pipelining  
DSP system_i/video_scaler_b/U0/Resize_U0/grp_Resize_opr_linear_fu_224/video_scaler_mul_jbC_U28/video_scaler_mul_jbC_MulnS_0_U/tmp_product multiplier stage system_i/video_scaler_b/U0/Resize_U0/grp_Resize_opr_linear_fu_224/video_scaler_mul_jbC_U28/video_scaler_mul_jbC_MulnS_0_U/tmp_product/P[47:0] is not pipelined (MREG=0). Pipelining the multiplier function will improve performance and will save significant power so it is suggested whenever possible to fully pipeline this function.  If this multiplier was inferred, it is suggested to describe an additional register stage after this function.  If there is no registered adder/accumulator following the multiply function, two pipeline stages are suggested to allow both the MREG and PREG registers to be used.  If the DSP48 was instantiated in the design, it is suggested to set both the MREG and PREG attributes to 1 when performing multiply functions.
Related violations: <none>

DPOP-2#33 Warning
MREG Output pipelining  
DSP system_i/video_scaler_c/U0/Resize_U0/grp_Resize_opr_linear_fu_224/r_V_1_1_reg_3242_reg multiplier stage system_i/video_scaler_c/U0/Resize_U0/grp_Resize_opr_linear_fu_224/r_V_1_1_reg_3242_reg/P[47:0] is not pipelined (MREG=0). Pipelining the multiplier function will improve performance and will save significant power so it is suggested whenever possible to fully pipeline this function.  If this multiplier was inferred, it is suggested to describe an additional register stage after this function.  If there is no registered adder/accumulator following the multiply function, two pipeline stages are suggested to allow both the MREG and PREG registers to be used.  If the DSP48 was instantiated in the design, it is suggested to set both the MREG and PREG attributes to 1 when performing multiply functions.
Related violations: <none>

DPOP-2#34 Warning
MREG Output pipelining  
DSP system_i/video_scaler_c/U0/Resize_U0/grp_Resize_opr_linear_fu_224/r_V_1_2_reg_3262_reg multiplier stage system_i/video_scaler_c/U0/Resize_U0/grp_Resize_opr_linear_fu_224/r_V_1_2_reg_3262_reg/P[47:0] is not pipelined (MREG=0). Pipelining the multiplier function will improve performance and will save significant power so it is suggested whenever possible to fully pipeline this function.  If this multiplier was inferred, it is suggested to describe an additional register stage after this function.  If there is no registered adder/accumulator following the multiply function, two pipeline stages are suggested to allow both the MREG and PREG registers to be used.  If the DSP48 was instantiated in the design, it is suggested to set both the MREG and PREG attributes to 1 when performing multiply functions.
Related violations: <none>

DPOP-2#35 Warning
MREG Output pipelining  
DSP system_i/video_scaler_c/U0/Resize_U0/grp_Resize_opr_linear_fu_224/r_V_1_reg_3212_reg multiplier stage system_i/video_scaler_c/U0/Resize_U0/grp_Resize_opr_linear_fu_224/r_V_1_reg_3212_reg/P[47:0] is not pipelined (MREG=0). Pipelining the multiplier function will improve performance and will save significant power so it is suggested whenever possible to fully pipeline this function.  If this multiplier was inferred, it is suggested to describe an additional register stage after this function.  If there is no registered adder/accumulator following the multiply function, two pipeline stages are suggested to allow both the MREG and PREG registers to be used.  If the DSP48 was instantiated in the design, it is suggested to set both the MREG and PREG attributes to 1 when performing multiply functions.
Related violations: <none>

DPOP-2#36 Warning
MREG Output pipelining  
DSP system_i/video_scaler_c/U0/Resize_U0/grp_Resize_opr_linear_fu_224/r_V_2_1_reg_3247_reg multiplier stage system_i/video_scaler_c/U0/Resize_U0/grp_Resize_opr_linear_fu_224/r_V_2_1_reg_3247_reg/P[47:0] is not pipelined (MREG=0). Pipelining the multiplier function will improve performance and will save significant power so it is suggested whenever possible to fully pipeline this function.  If this multiplier was inferred, it is suggested to describe an additional register stage after this function.  If there is no registered adder/accumulator following the multiply function, two pipeline stages are suggested to allow both the MREG and PREG registers to be used.  If the DSP48 was instantiated in the design, it is suggested to set both the MREG and PREG attributes to 1 when performing multiply functions.
Related violations: <none>

DPOP-2#37 Warning
MREG Output pipelining  
DSP system_i/video_scaler_c/U0/Resize_U0/grp_Resize_opr_linear_fu_224/r_V_2_2_reg_3267_reg multiplier stage system_i/video_scaler_c/U0/Resize_U0/grp_Resize_opr_linear_fu_224/r_V_2_2_reg_3267_reg/P[47:0] is not pipelined (MREG=0). Pipelining the multiplier function will improve performance and will save significant power so it is suggested whenever possible to fully pipeline this function.  If this multiplier was inferred, it is suggested to describe an additional register stage after this function.  If there is no registered adder/accumulator following the multiply function, two pipeline stages are suggested to allow both the MREG and PREG registers to be used.  If the DSP48 was instantiated in the design, it is suggested to set both the MREG and PREG attributes to 1 when performing multiply functions.
Related violations: <none>

DPOP-2#38 Warning
MREG Output pipelining  
DSP system_i/video_scaler_c/U0/Resize_U0/grp_Resize_opr_linear_fu_224/r_V_2_reg_3217_reg multiplier stage system_i/video_scaler_c/U0/Resize_U0/grp_Resize_opr_linear_fu_224/r_V_2_reg_3217_reg/P[47:0] is not pipelined (MREG=0). Pipelining the multiplier function will improve performance and will save significant power so it is suggested whenever possible to fully pipeline this function.  If this multiplier was inferred, it is suggested to describe an additional register stage after this function.  If there is no registered adder/accumulator following the multiply function, two pipeline stages are suggested to allow both the MREG and PREG registers to be used.  If the DSP48 was instantiated in the design, it is suggested to set both the MREG and PREG attributes to 1 when performing multiply functions.
Related violations: <none>

DPOP-2#39 Warning
MREG Output pipelining  
DSP system_i/video_scaler_c/U0/Resize_U0/grp_Resize_opr_linear_fu_224/r_V_3_1_reg_3185_reg multiplier stage system_i/video_scaler_c/U0/Resize_U0/grp_Resize_opr_linear_fu_224/r_V_3_1_reg_3185_reg/P[47:0] is not pipelined (MREG=0). Pipelining the multiplier function will improve performance and will save significant power so it is suggested whenever possible to fully pipeline this function.  If this multiplier was inferred, it is suggested to describe an additional register stage after this function.  If there is no registered adder/accumulator following the multiply function, two pipeline stages are suggested to allow both the MREG and PREG registers to be used.  If the DSP48 was instantiated in the design, it is suggested to set both the MREG and PREG attributes to 1 when performing multiply functions.
Related violations: <none>

DPOP-2#40 Warning
MREG Output pipelining  
DSP system_i/video_scaler_c/U0/Resize_U0/grp_Resize_opr_linear_fu_224/r_V_3_2_reg_3195_reg multiplier stage system_i/video_scaler_c/U0/Resize_U0/grp_Resize_opr_linear_fu_224/r_V_3_2_reg_3195_reg/P[47:0] is not pipelined (MREG=0). Pipelining the multiplier function will improve performance and will save significant power so it is suggested whenever possible to fully pipeline this function.  If this multiplier was inferred, it is suggested to describe an additional register stage after this function.  If there is no registered adder/accumulator following the multiply function, two pipeline stages are suggested to allow both the MREG and PREG registers to be used.  If the DSP48 was instantiated in the design, it is suggested to set both the MREG and PREG attributes to 1 when performing multiply functions.
Related violations: <none>

DPOP-2#41 Warning
MREG Output pipelining  
DSP system_i/video_scaler_c/U0/Resize_U0/grp_Resize_opr_linear_fu_224/r_V_3_reg_3175_reg multiplier stage system_i/video_scaler_c/U0/Resize_U0/grp_Resize_opr_linear_fu_224/r_V_3_reg_3175_reg/P[47:0] is not pipelined (MREG=0). Pipelining the multiplier function will improve performance and will save significant power so it is suggested whenever possible to fully pipeline this function.  If this multiplier was inferred, it is suggested to describe an additional register stage after this function.  If there is no registered adder/accumulator following the multiply function, two pipeline stages are suggested to allow both the MREG and PREG registers to be used.  If the DSP48 was instantiated in the design, it is suggested to set both the MREG and PREG attributes to 1 when performing multiply functions.
Related violations: <none>

DPOP-2#42 Warning
MREG Output pipelining  
DSP system_i/video_scaler_c/U0/Resize_U0/grp_Resize_opr_linear_fu_224/r_V_4_reg_3190_reg multiplier stage system_i/video_scaler_c/U0/Resize_U0/grp_Resize_opr_linear_fu_224/r_V_4_reg_3190_reg/P[47:0] is not pipelined (MREG=0). Pipelining the multiplier function will improve performance and will save significant power so it is suggested whenever possible to fully pipeline this function.  If this multiplier was inferred, it is suggested to describe an additional register stage after this function.  If there is no registered adder/accumulator following the multiply function, two pipeline stages are suggested to allow both the MREG and PREG registers to be used.  If the DSP48 was instantiated in the design, it is suggested to set both the MREG and PREG attributes to 1 when performing multiply functions.
Related violations: <none>

DPOP-2#43 Warning
MREG Output pipelining  
DSP system_i/video_scaler_c/U0/Resize_U0/grp_Resize_opr_linear_fu_224/r_V_reg_3170_reg multiplier stage system_i/video_scaler_c/U0/Resize_U0/grp_Resize_opr_linear_fu_224/r_V_reg_3170_reg/P[47:0] is not pipelined (MREG=0). Pipelining the multiplier function will improve performance and will save significant power so it is suggested whenever possible to fully pipeline this function.  If this multiplier was inferred, it is suggested to describe an additional register stage after this function.  If there is no registered adder/accumulator following the multiply function, two pipeline stages are suggested to allow both the MREG and PREG registers to be used.  If the DSP48 was instantiated in the design, it is suggested to set both the MREG and PREG attributes to 1 when performing multiply functions.
Related violations: <none>

DPOP-2#44 Warning
MREG Output pipelining  
DSP system_i/video_scaler_c/U0/Resize_U0/grp_Resize_opr_linear_fu_224/r_V_s_reg_3180_reg multiplier stage system_i/video_scaler_c/U0/Resize_U0/grp_Resize_opr_linear_fu_224/r_V_s_reg_3180_reg/P[47:0] is not pipelined (MREG=0). Pipelining the multiplier function will improve performance and will save significant power so it is suggested whenever possible to fully pipeline this function.  If this multiplier was inferred, it is suggested to describe an additional register stage after this function.  If there is no registered adder/accumulator following the multiply function, two pipeline stages are suggested to allow both the MREG and PREG registers to be used.  If the DSP48 was instantiated in the design, it is suggested to set both the MREG and PREG attributes to 1 when performing multiply functions.
Related violations: <none>

DPOP-2#45 Warning
MREG Output pipelining  
DSP system_i/video_scaler_c/U0/Resize_U0/grp_Resize_opr_linear_fu_224/video_scaler_mul_jbC_U27/video_scaler_mul_jbC_MulnS_0_U/buff0_reg multiplier stage system_i/video_scaler_c/U0/Resize_U0/grp_Resize_opr_linear_fu_224/video_scaler_mul_jbC_U27/video_scaler_mul_jbC_MulnS_0_U/buff0_reg/P[47:0] is not pipelined (MREG=0). Pipelining the multiplier function will improve performance and will save significant power so it is suggested whenever possible to fully pipeline this function.  If this multiplier was inferred, it is suggested to describe an additional register stage after this function.  If there is no registered adder/accumulator following the multiply function, two pipeline stages are suggested to allow both the MREG and PREG registers to be used.  If the DSP48 was instantiated in the design, it is suggested to set both the MREG and PREG attributes to 1 when performing multiply functions.
Related violations: <none>

DPOP-2#46 Warning
MREG Output pipelining  
DSP system_i/video_scaler_c/U0/Resize_U0/grp_Resize_opr_linear_fu_224/video_scaler_mul_jbC_U27/video_scaler_mul_jbC_MulnS_0_U/tmp_product multiplier stage system_i/video_scaler_c/U0/Resize_U0/grp_Resize_opr_linear_fu_224/video_scaler_mul_jbC_U27/video_scaler_mul_jbC_MulnS_0_U/tmp_product/P[47:0] is not pipelined (MREG=0). Pipelining the multiplier function will improve performance and will save significant power so it is suggested whenever possible to fully pipeline this function.  If this multiplier was inferred, it is suggested to describe an additional register stage after this function.  If there is no registered adder/accumulator following the multiply function, two pipeline stages are suggested to allow both the MREG and PREG registers to be used.  If the DSP48 was instantiated in the design, it is suggested to set both the MREG and PREG attributes to 1 when performing multiply functions.
Related violations: <none>

DPOP-2#47 Warning
MREG Output pipelining  
DSP system_i/video_scaler_c/U0/Resize_U0/grp_Resize_opr_linear_fu_224/video_scaler_mul_jbC_U28/video_scaler_mul_jbC_MulnS_0_U/buff0_reg multiplier stage system_i/video_scaler_c/U0/Resize_U0/grp_Resize_opr_linear_fu_224/video_scaler_mul_jbC_U28/video_scaler_mul_jbC_MulnS_0_U/buff0_reg/P[47:0] is not pipelined (MREG=0). Pipelining the multiplier function will improve performance and will save significant power so it is suggested whenever possible to fully pipeline this function.  If this multiplier was inferred, it is suggested to describe an additional register stage after this function.  If there is no registered adder/accumulator following the multiply function, two pipeline stages are suggested to allow both the MREG and PREG registers to be used.  If the DSP48 was instantiated in the design, it is suggested to set both the MREG and PREG attributes to 1 when performing multiply functions.
Related violations: <none>

DPOP-2#48 Warning
MREG Output pipelining  
DSP system_i/video_scaler_c/U0/Resize_U0/grp_Resize_opr_linear_fu_224/video_scaler_mul_jbC_U28/video_scaler_mul_jbC_MulnS_0_U/tmp_product multiplier stage system_i/video_scaler_c/U0/Resize_U0/grp_Resize_opr_linear_fu_224/video_scaler_mul_jbC_U28/video_scaler_mul_jbC_MulnS_0_U/tmp_product/P[47:0] is not pipelined (MREG=0). Pipelining the multiplier function will improve performance and will save significant power so it is suggested whenever possible to fully pipeline this function.  If this multiplier was inferred, it is suggested to describe an additional register stage after this function.  If there is no registered adder/accumulator following the multiply function, two pipeline stages are suggested to allow both the MREG and PREG registers to be used.  If the DSP48 was instantiated in the design, it is suggested to set both the MREG and PREG attributes to 1 when performing multiply functions.
Related violations: <none>

DPOP-2#49 Warning
MREG Output pipelining  
DSP system_i/video_scaler_d/U0/Resize_U0/grp_Resize_opr_linear_fu_224/r_V_1_1_reg_3242_reg multiplier stage system_i/video_scaler_d/U0/Resize_U0/grp_Resize_opr_linear_fu_224/r_V_1_1_reg_3242_reg/P[47:0] is not pipelined (MREG=0). Pipelining the multiplier function will improve performance and will save significant power so it is suggested whenever possible to fully pipeline this function.  If this multiplier was inferred, it is suggested to describe an additional register stage after this function.  If there is no registered adder/accumulator following the multiply function, two pipeline stages are suggested to allow both the MREG and PREG registers to be used.  If the DSP48 was instantiated in the design, it is suggested to set both the MREG and PREG attributes to 1 when performing multiply functions.
Related violations: <none>

DPOP-2#50 Warning
MREG Output pipelining  
DSP system_i/video_scaler_d/U0/Resize_U0/grp_Resize_opr_linear_fu_224/r_V_1_2_reg_3262_reg multiplier stage system_i/video_scaler_d/U0/Resize_U0/grp_Resize_opr_linear_fu_224/r_V_1_2_reg_3262_reg/P[47:0] is not pipelined (MREG=0). Pipelining the multiplier function will improve performance and will save significant power so it is suggested whenever possible to fully pipeline this function.  If this multiplier was inferred, it is suggested to describe an additional register stage after this function.  If there is no registered adder/accumulator following the multiply function, two pipeline stages are suggested to allow both the MREG and PREG registers to be used.  If the DSP48 was instantiated in the design, it is suggested to set both the MREG and PREG attributes to 1 when performing multiply functions.
Related violations: <none>

DPOP-2#51 Warning
MREG Output pipelining  
DSP system_i/video_scaler_d/U0/Resize_U0/grp_Resize_opr_linear_fu_224/r_V_1_reg_3212_reg multiplier stage system_i/video_scaler_d/U0/Resize_U0/grp_Resize_opr_linear_fu_224/r_V_1_reg_3212_reg/P[47:0] is not pipelined (MREG=0). Pipelining the multiplier function will improve performance and will save significant power so it is suggested whenever possible to fully pipeline this function.  If this multiplier was inferred, it is suggested to describe an additional register stage after this function.  If there is no registered adder/accumulator following the multiply function, two pipeline stages are suggested to allow both the MREG and PREG registers to be used.  If the DSP48 was instantiated in the design, it is suggested to set both the MREG and PREG attributes to 1 when performing multiply functions.
Related violations: <none>

DPOP-2#52 Warning
MREG Output pipelining  
DSP system_i/video_scaler_d/U0/Resize_U0/grp_Resize_opr_linear_fu_224/r_V_2_1_reg_3247_reg multiplier stage system_i/video_scaler_d/U0/Resize_U0/grp_Resize_opr_linear_fu_224/r_V_2_1_reg_3247_reg/P[47:0] is not pipelined (MREG=0). Pipelining the multiplier function will improve performance and will save significant power so it is suggested whenever possible to fully pipeline this function.  If this multiplier was inferred, it is suggested to describe an additional register stage after this function.  If there is no registered adder/accumulator following the multiply function, two pipeline stages are suggested to allow both the MREG and PREG registers to be used.  If the DSP48 was instantiated in the design, it is suggested to set both the MREG and PREG attributes to 1 when performing multiply functions.
Related violations: <none>

DPOP-2#53 Warning
MREG Output pipelining  
DSP system_i/video_scaler_d/U0/Resize_U0/grp_Resize_opr_linear_fu_224/r_V_2_2_reg_3267_reg multiplier stage system_i/video_scaler_d/U0/Resize_U0/grp_Resize_opr_linear_fu_224/r_V_2_2_reg_3267_reg/P[47:0] is not pipelined (MREG=0). Pipelining the multiplier function will improve performance and will save significant power so it is suggested whenever possible to fully pipeline this function.  If this multiplier was inferred, it is suggested to describe an additional register stage after this function.  If there is no registered adder/accumulator following the multiply function, two pipeline stages are suggested to allow both the MREG and PREG registers to be used.  If the DSP48 was instantiated in the design, it is suggested to set both the MREG and PREG attributes to 1 when performing multiply functions.
Related violations: <none>

DPOP-2#54 Warning
MREG Output pipelining  
DSP system_i/video_scaler_d/U0/Resize_U0/grp_Resize_opr_linear_fu_224/r_V_2_reg_3217_reg multiplier stage system_i/video_scaler_d/U0/Resize_U0/grp_Resize_opr_linear_fu_224/r_V_2_reg_3217_reg/P[47:0] is not pipelined (MREG=0). Pipelining the multiplier function will improve performance and will save significant power so it is suggested whenever possible to fully pipeline this function.  If this multiplier was inferred, it is suggested to describe an additional register stage after this function.  If there is no registered adder/accumulator following the multiply function, two pipeline stages are suggested to allow both the MREG and PREG registers to be used.  If the DSP48 was instantiated in the design, it is suggested to set both the MREG and PREG attributes to 1 when performing multiply functions.
Related violations: <none>

DPOP-2#55 Warning
MREG Output pipelining  
DSP system_i/video_scaler_d/U0/Resize_U0/grp_Resize_opr_linear_fu_224/r_V_3_1_reg_3185_reg multiplier stage system_i/video_scaler_d/U0/Resize_U0/grp_Resize_opr_linear_fu_224/r_V_3_1_reg_3185_reg/P[47:0] is not pipelined (MREG=0). Pipelining the multiplier function will improve performance and will save significant power so it is suggested whenever possible to fully pipeline this function.  If this multiplier was inferred, it is suggested to describe an additional register stage after this function.  If there is no registered adder/accumulator following the multiply function, two pipeline stages are suggested to allow both the MREG and PREG registers to be used.  If the DSP48 was instantiated in the design, it is suggested to set both the MREG and PREG attributes to 1 when performing multiply functions.
Related violations: <none>

DPOP-2#56 Warning
MREG Output pipelining  
DSP system_i/video_scaler_d/U0/Resize_U0/grp_Resize_opr_linear_fu_224/r_V_3_2_reg_3195_reg multiplier stage system_i/video_scaler_d/U0/Resize_U0/grp_Resize_opr_linear_fu_224/r_V_3_2_reg_3195_reg/P[47:0] is not pipelined (MREG=0). Pipelining the multiplier function will improve performance and will save significant power so it is suggested whenever possible to fully pipeline this function.  If this multiplier was inferred, it is suggested to describe an additional register stage after this function.  If there is no registered adder/accumulator following the multiply function, two pipeline stages are suggested to allow both the MREG and PREG registers to be used.  If the DSP48 was instantiated in the design, it is suggested to set both the MREG and PREG attributes to 1 when performing multiply functions.
Related violations: <none>

DPOP-2#57 Warning
MREG Output pipelining  
DSP system_i/video_scaler_d/U0/Resize_U0/grp_Resize_opr_linear_fu_224/r_V_3_reg_3175_reg multiplier stage system_i/video_scaler_d/U0/Resize_U0/grp_Resize_opr_linear_fu_224/r_V_3_reg_3175_reg/P[47:0] is not pipelined (MREG=0). Pipelining the multiplier function will improve performance and will save significant power so it is suggested whenever possible to fully pipeline this function.  If this multiplier was inferred, it is suggested to describe an additional register stage after this function.  If there is no registered adder/accumulator following the multiply function, two pipeline stages are suggested to allow both the MREG and PREG registers to be used.  If the DSP48 was instantiated in the design, it is suggested to set both the MREG and PREG attributes to 1 when performing multiply functions.
Related violations: <none>

DPOP-2#58 Warning
MREG Output pipelining  
DSP system_i/video_scaler_d/U0/Resize_U0/grp_Resize_opr_linear_fu_224/r_V_4_reg_3190_reg multiplier stage system_i/video_scaler_d/U0/Resize_U0/grp_Resize_opr_linear_fu_224/r_V_4_reg_3190_reg/P[47:0] is not pipelined (MREG=0). Pipelining the multiplier function will improve performance and will save significant power so it is suggested whenever possible to fully pipeline this function.  If this multiplier was inferred, it is suggested to describe an additional register stage after this function.  If there is no registered adder/accumulator following the multiply function, two pipeline stages are suggested to allow both the MREG and PREG registers to be used.  If the DSP48 was instantiated in the design, it is suggested to set both the MREG and PREG attributes to 1 when performing multiply functions.
Related violations: <none>

DPOP-2#59 Warning
MREG Output pipelining  
DSP system_i/video_scaler_d/U0/Resize_U0/grp_Resize_opr_linear_fu_224/r_V_reg_3170_reg multiplier stage system_i/video_scaler_d/U0/Resize_U0/grp_Resize_opr_linear_fu_224/r_V_reg_3170_reg/P[47:0] is not pipelined (MREG=0). Pipelining the multiplier function will improve performance and will save significant power so it is suggested whenever possible to fully pipeline this function.  If this multiplier was inferred, it is suggested to describe an additional register stage after this function.  If there is no registered adder/accumulator following the multiply function, two pipeline stages are suggested to allow both the MREG and PREG registers to be used.  If the DSP48 was instantiated in the design, it is suggested to set both the MREG and PREG attributes to 1 when performing multiply functions.
Related violations: <none>

DPOP-2#60 Warning
MREG Output pipelining  
DSP system_i/video_scaler_d/U0/Resize_U0/grp_Resize_opr_linear_fu_224/r_V_s_reg_3180_reg multiplier stage system_i/video_scaler_d/U0/Resize_U0/grp_Resize_opr_linear_fu_224/r_V_s_reg_3180_reg/P[47:0] is not pipelined (MREG=0). Pipelining the multiplier function will improve performance and will save significant power so it is suggested whenever possible to fully pipeline this function.  If this multiplier was inferred, it is suggested to describe an additional register stage after this function.  If there is no registered adder/accumulator following the multiply function, two pipeline stages are suggested to allow both the MREG and PREG registers to be used.  If the DSP48 was instantiated in the design, it is suggested to set both the MREG and PREG attributes to 1 when performing multiply functions.
Related violations: <none>

DPOP-2#61 Warning
MREG Output pipelining  
DSP system_i/video_scaler_d/U0/Resize_U0/grp_Resize_opr_linear_fu_224/video_scaler_mul_jbC_U27/video_scaler_mul_jbC_MulnS_0_U/buff0_reg multiplier stage system_i/video_scaler_d/U0/Resize_U0/grp_Resize_opr_linear_fu_224/video_scaler_mul_jbC_U27/video_scaler_mul_jbC_MulnS_0_U/buff0_reg/P[47:0] is not pipelined (MREG=0). Pipelining the multiplier function will improve performance and will save significant power so it is suggested whenever possible to fully pipeline this function.  If this multiplier was inferred, it is suggested to describe an additional register stage after this function.  If there is no registered adder/accumulator following the multiply function, two pipeline stages are suggested to allow both the MREG and PREG registers to be used.  If the DSP48 was instantiated in the design, it is suggested to set both the MREG and PREG attributes to 1 when performing multiply functions.
Related violations: <none>

DPOP-2#62 Warning
MREG Output pipelining  
DSP system_i/video_scaler_d/U0/Resize_U0/grp_Resize_opr_linear_fu_224/video_scaler_mul_jbC_U27/video_scaler_mul_jbC_MulnS_0_U/tmp_product multiplier stage system_i/video_scaler_d/U0/Resize_U0/grp_Resize_opr_linear_fu_224/video_scaler_mul_jbC_U27/video_scaler_mul_jbC_MulnS_0_U/tmp_product/P[47:0] is not pipelined (MREG=0). Pipelining the multiplier function will improve performance and will save significant power so it is suggested whenever possible to fully pipeline this function.  If this multiplier was inferred, it is suggested to describe an additional register stage after this function.  If there is no registered adder/accumulator following the multiply function, two pipeline stages are suggested to allow both the MREG and PREG registers to be used.  If the DSP48 was instantiated in the design, it is suggested to set both the MREG and PREG attributes to 1 when performing multiply functions.
Related violations: <none>

DPOP-2#63 Warning
MREG Output pipelining  
DSP system_i/video_scaler_d/U0/Resize_U0/grp_Resize_opr_linear_fu_224/video_scaler_mul_jbC_U28/video_scaler_mul_jbC_MulnS_0_U/buff0_reg multiplier stage system_i/video_scaler_d/U0/Resize_U0/grp_Resize_opr_linear_fu_224/video_scaler_mul_jbC_U28/video_scaler_mul_jbC_MulnS_0_U/buff0_reg/P[47:0] is not pipelined (MREG=0). Pipelining the multiplier function will improve performance and will save significant power so it is suggested whenever possible to fully pipeline this function.  If this multiplier was inferred, it is suggested to describe an additional register stage after this function.  If there is no registered adder/accumulator following the multiply function, two pipeline stages are suggested to allow both the MREG and PREG registers to be used.  If the DSP48 was instantiated in the design, it is suggested to set both the MREG and PREG attributes to 1 when performing multiply functions.
Related violations: <none>

DPOP-2#64 Warning
MREG Output pipelining  
DSP system_i/video_scaler_d/U0/Resize_U0/grp_Resize_opr_linear_fu_224/video_scaler_mul_jbC_U28/video_scaler_mul_jbC_MulnS_0_U/tmp_product multiplier stage system_i/video_scaler_d/U0/Resize_U0/grp_Resize_opr_linear_fu_224/video_scaler_mul_jbC_U28/video_scaler_mul_jbC_MulnS_0_U/tmp_product/P[47:0] is not pipelined (MREG=0). Pipelining the multiplier function will improve performance and will save significant power so it is suggested whenever possible to fully pipeline this function.  If this multiplier was inferred, it is suggested to describe an additional register stage after this function.  If there is no registered adder/accumulator following the multiply function, two pipeline stages are suggested to allow both the MREG and PREG registers to be used.  If the DSP48 was instantiated in the design, it is suggested to set both the MREG and PREG attributes to 1 when performing multiply functions.
Related violations: <none>

REQP-165#1 Advisory
writefirst  
Synchronous clocking is detected for BRAM (system_i/axi_vdma_a/U0/I_PRMRY_DATAMOVER/GEN_MM2S_FULL.I_MM2S_FULL_WRAPPER/GEN_INCLUDE_MM2S_SF.I_RD_SF/I_DATA_FIFO/BLK_MEM.I_SYNC_FIFOGEN_FIFO/xpm_fifo_instance.xpm_fifo_sync_inst/xpm_fifo_base_inst/gen_sdpram.xpm_memory_base_inst/gen_wr_a.gen_word_narrow.mem_reg_1) in SDP mode with WRITE_FIRST write-mode. This is the preferred mode for best power characteristics, however it may exhibit address collisions if the same address appears on both read and write ports resulting in unknown or corrupted read data. It is suggested to confirm via simulation that an address collision never occurs and if so it is suggested to try and avoid this situation. If address collisions cannot be avoided, the write-mode may be set to READ_FIRST which guarantees that the read data is the prior contents of the memory at the cost of additional power in the design. See the FPGA Memory Resources User Guide for additional information.
Related violations: <none>

REQP-165#2 Advisory
writefirst  
Synchronous clocking is detected for BRAM (system_i/axi_vdma_a/U0/I_PRMRY_DATAMOVER/GEN_S2MM_FULL.I_S2MM_FULL_WRAPPER/GEN_ENABLE_INDET_BTT_SF.I_INDET_BTT/I_DATA_FIFO/BLK_MEM.I_SYNC_FIFOGEN_FIFO/xpm_fifo_instance.xpm_fifo_sync_inst/xpm_fifo_base_inst/gen_sdpram.xpm_memory_base_inst/gen_wr_a.gen_word_narrow.mem_reg_1) in SDP mode with WRITE_FIRST write-mode. This is the preferred mode for best power characteristics, however it may exhibit address collisions if the same address appears on both read and write ports resulting in unknown or corrupted read data. It is suggested to confirm via simulation that an address collision never occurs and if so it is suggested to try and avoid this situation. If address collisions cannot be avoided, the write-mode may be set to READ_FIRST which guarantees that the read data is the prior contents of the memory at the cost of additional power in the design. See the FPGA Memory Resources User Guide for additional information.
Related violations: <none>

REQP-165#3 Advisory
writefirst  
Synchronous clocking is detected for BRAM (system_i/axi_vdma_b/U0/I_PRMRY_DATAMOVER/GEN_S2MM_FULL.I_S2MM_FULL_WRAPPER/GEN_ENABLE_INDET_BTT_SF.I_INDET_BTT/I_DATA_FIFO/BLK_MEM.I_SYNC_FIFOGEN_FIFO/xpm_fifo_instance.xpm_fifo_sync_inst/xpm_fifo_base_inst/gen_sdpram.xpm_memory_base_inst/gen_wr_a.gen_word_narrow.mem_reg_1) in SDP mode with WRITE_FIRST write-mode. This is the preferred mode for best power characteristics, however it may exhibit address collisions if the same address appears on both read and write ports resulting in unknown or corrupted read data. It is suggested to confirm via simulation that an address collision never occurs and if so it is suggested to try and avoid this situation. If address collisions cannot be avoided, the write-mode may be set to READ_FIRST which guarantees that the read data is the prior contents of the memory at the cost of additional power in the design. See the FPGA Memory Resources User Guide for additional information.
Related violations: <none>

REQP-165#4 Advisory
writefirst  
Synchronous clocking is detected for BRAM (system_i/axi_vdma_c/U0/I_PRMRY_DATAMOVER/GEN_S2MM_FULL.I_S2MM_FULL_WRAPPER/GEN_ENABLE_INDET_BTT_SF.I_INDET_BTT/I_DATA_FIFO/BLK_MEM.I_SYNC_FIFOGEN_FIFO/xpm_fifo_instance.xpm_fifo_sync_inst/xpm_fifo_base_inst/gen_sdpram.xpm_memory_base_inst/gen_wr_a.gen_word_narrow.mem_reg_1) in SDP mode with WRITE_FIRST write-mode. This is the preferred mode for best power characteristics, however it may exhibit address collisions if the same address appears on both read and write ports resulting in unknown or corrupted read data. It is suggested to confirm via simulation that an address collision never occurs and if so it is suggested to try and avoid this situation. If address collisions cannot be avoided, the write-mode may be set to READ_FIRST which guarantees that the read data is the prior contents of the memory at the cost of additional power in the design. See the FPGA Memory Resources User Guide for additional information.
Related violations: <none>

REQP-165#5 Advisory
writefirst  
Synchronous clocking is detected for BRAM (system_i/axi_vdma_d/U0/I_PRMRY_DATAMOVER/GEN_S2MM_FULL.I_S2MM_FULL_WRAPPER/GEN_ENABLE_INDET_BTT_SF.I_INDET_BTT/I_DATA_FIFO/BLK_MEM.I_SYNC_FIFOGEN_FIFO/xpm_fifo_instance.xpm_fifo_sync_inst/xpm_fifo_base_inst/gen_sdpram.xpm_memory_base_inst/gen_wr_a.gen_word_narrow.mem_reg_1) in SDP mode with WRITE_FIRST write-mode. This is the preferred mode for best power characteristics, however it may exhibit address collisions if the same address appears on both read and write ports resulting in unknown or corrupted read data. It is suggested to confirm via simulation that an address collision never occurs and if so it is suggested to try and avoid this situation. If address collisions cannot be avoided, the write-mode may be set to READ_FIRST which guarantees that the read data is the prior contents of the memory at the cost of additional power in the design. See the FPGA Memory Resources User Guide for additional information.
Related violations: <none>

REQP-181#1 Advisory
writefirst  
Synchronous clocking is detected for BRAM (system_i/axi_vdma_a/U0/I_PRMRY_DATAMOVER/GEN_MM2S_FULL.I_MM2S_FULL_WRAPPER/GEN_INCLUDE_MM2S_SF.I_RD_SF/I_DATA_FIFO/BLK_MEM.I_SYNC_FIFOGEN_FIFO/xpm_fifo_instance.xpm_fifo_sync_inst/xpm_fifo_base_inst/gen_sdpram.xpm_memory_base_inst/gen_wr_a.gen_word_narrow.mem_reg_0) in SDP mode with WRITE_FIRST write-mode. This is the preferred mode for best power characteristics, however it may exhibit address collisions if the same address appears on both read and write ports resulting in unknown or corrupted read data. It is suggested to confirm via simulation that an address collision never occurs and if so it is suggested to try and avoid this situation. If address collisions cannot be avoided, the write-mode may be set to READ_FIRST which guarantees that the read data is the prior contents of the memory at the cost of additional power in the design. See the FPGA Memory Resources User Guide for additional information.
Related violations: <none>

REQP-181#2 Advisory
writefirst  
Synchronous clocking is detected for BRAM (system_i/axi_vdma_a/U0/I_PRMRY_DATAMOVER/GEN_S2MM_FULL.I_S2MM_FULL_WRAPPER/GEN_ENABLE_INDET_BTT_SF.I_INDET_BTT/I_DATA_FIFO/BLK_MEM.I_SYNC_FIFOGEN_FIFO/xpm_fifo_instance.xpm_fifo_sync_inst/xpm_fifo_base_inst/gen_sdpram.xpm_memory_base_inst/gen_wr_a.gen_word_narrow.mem_reg_0) in SDP mode with WRITE_FIRST write-mode. This is the preferred mode for best power characteristics, however it may exhibit address collisions if the same address appears on both read and write ports resulting in unknown or corrupted read data. It is suggested to confirm via simulation that an address collision never occurs and if so it is suggested to try and avoid this situation. If address collisions cannot be avoided, the write-mode may be set to READ_FIRST which guarantees that the read data is the prior contents of the memory at the cost of additional power in the design. See the FPGA Memory Resources User Guide for additional information.
Related violations: <none>

REQP-181#3 Advisory
writefirst  
Synchronous clocking is detected for BRAM (system_i/axi_vdma_b/U0/I_PRMRY_DATAMOVER/GEN_S2MM_FULL.I_S2MM_FULL_WRAPPER/GEN_ENABLE_INDET_BTT_SF.I_INDET_BTT/I_DATA_FIFO/BLK_MEM.I_SYNC_FIFOGEN_FIFO/xpm_fifo_instance.xpm_fifo_sync_inst/xpm_fifo_base_inst/gen_sdpram.xpm_memory_base_inst/gen_wr_a.gen_word_narrow.mem_reg_0) in SDP mode with WRITE_FIRST write-mode. This is the preferred mode for best power characteristics, however it may exhibit address collisions if the same address appears on both read and write ports resulting in unknown or corrupted read data. It is suggested to confirm via simulation that an address collision never occurs and if so it is suggested to try and avoid this situation. If address collisions cannot be avoided, the write-mode may be set to READ_FIRST which guarantees that the read data is the prior contents of the memory at the cost of additional power in the design. See the FPGA Memory Resources User Guide for additional information.
Related violations: <none>

REQP-181#4 Advisory
writefirst  
Synchronous clocking is detected for BRAM (system_i/axi_vdma_c/U0/I_PRMRY_DATAMOVER/GEN_S2MM_FULL.I_S2MM_FULL_WRAPPER/GEN_ENABLE_INDET_BTT_SF.I_INDET_BTT/I_DATA_FIFO/BLK_MEM.I_SYNC_FIFOGEN_FIFO/xpm_fifo_instance.xpm_fifo_sync_inst/xpm_fifo_base_inst/gen_sdpram.xpm_memory_base_inst/gen_wr_a.gen_word_narrow.mem_reg_0) in SDP mode with WRITE_FIRST write-mode. This is the preferred mode for best power characteristics, however it may exhibit address collisions if the same address appears on both read and write ports resulting in unknown or corrupted read data. It is suggested to confirm via simulation that an address collision never occurs and if so it is suggested to try and avoid this situation. If address collisions cannot be avoided, the write-mode may be set to READ_FIRST which guarantees that the read data is the prior contents of the memory at the cost of additional power in the design. See the FPGA Memory Resources User Guide for additional information.
Related violations: <none>

REQP-181#5 Advisory
writefirst  
Synchronous clocking is detected for BRAM (system_i/axi_vdma_d/U0/I_PRMRY_DATAMOVER/GEN_S2MM_FULL.I_S2MM_FULL_WRAPPER/GEN_ENABLE_INDET_BTT_SF.I_INDET_BTT/I_DATA_FIFO/BLK_MEM.I_SYNC_FIFOGEN_FIFO/xpm_fifo_instance.xpm_fifo_sync_inst/xpm_fifo_base_inst/gen_sdpram.xpm_memory_base_inst/gen_wr_a.gen_word_narrow.mem_reg_0) in SDP mode with WRITE_FIRST write-mode. This is the preferred mode for best power characteristics, however it may exhibit address collisions if the same address appears on both read and write ports resulting in unknown or corrupted read data. It is suggested to confirm via simulation that an address collision never occurs and if so it is suggested to try and avoid this situation. If address collisions cannot be avoided, the write-mode may be set to READ_FIRST which guarantees that the read data is the prior contents of the memory at the cost of additional power in the design. See the FPGA Memory Resources User Guide for additional information.
Related violations: <none>


