#-----------------------------------------------------------
# Vivado v2022.1 (64-bit)
# SW Build 3526262 on Mon Apr 18 15:48:16 MDT 2022
# IP Build 3524634 on Mon Apr 18 20:55:01 MDT 2022
# Start of session at: Tue Mar 10 15:34:01 2026
# Process ID: 18228
# Current directory: D:/workspace/LAB/section2
# Command line: vivado.exe -gui_launcher_event rodinguilauncherevent25616 D:\workspace\LAB\section2\project_1.xpr
# Log file: D:/workspace/LAB/section2/vivado.log
# Journal file: D:/workspace/LAB/section2\vivado.jou
# Running On: DESKTOP-TM7VUND, OS: Windows, CPU Frequency: 2918 MHz, CPU Physical cores: 14, Host memory: 34038 MB
#-----------------------------------------------------------
start_gui
open_project D:/workspace/LAB/section2/project_1.xpr
WARNING: [Board 49-26] cannot add Board Part alpha-data.com:admpa100_2ms:part0:1.0 available at C:/Xilinx/Vivado/2022.1/data/boards/board_files/XilinxBoardStore/boards/AlphaData/admpa100_2ms/1.0/board.xml as part xcvc1902-vsva2197-2mp-e-s specified in board_part file is either invalid or not available
WARNING: [Board 49-26] cannot add Board Part alpha-data.com:admpa100_2ms:part0:1.2 available at C:/Xilinx/Vivado/2022.1/data/boards/board_files/XilinxBoardStore/boards/AlphaData/admpa100_2ms/1.2/board.xml as part xcvc1902-vsva2197-2mp-e-s specified in board_part file is either invalid or not available
WARNING: [Board 49-26] cannot add Board Part alpha-data.com:admpa101_2ms:part0:1.1 available at C:/Xilinx/Vivado/2022.1/data/boards/board_files/XilinxBoardStore/boards/AlphaData/admpa101_2ms/1.1/board.xml as part xcvm1802-vsva2197-2mp-e-s specified in board_part file is either invalid or not available
WARNING: [Board 49-26] cannot add Board Part alpha-data.com:admpa101_2ms:part0:1.2 available at C:/Xilinx/Vivado/2022.1/data/boards/board_files/XilinxBoardStore/boards/AlphaData/admpa101_2ms/1.2/board.xml as part xcvm1802-vsva2197-2mp-e-s specified in board_part file is either invalid or not available
WARNING: [Board 49-26] cannot add Board Part alpha-data.com:admva600_dev:part0:1.0 available at C:/Xilinx/Vivado/2022.1/data/boards/board_files/XilinxBoardStore/boards/AlphaData/admva600_dev/1.0/board.xml as part xcvc1902-vsva2197-1mp-i-s specified in board_part file is either invalid or not available
WARNING: [Board 49-26] cannot add Board Part digilentinc.com:genesys2:part0:1.1 available at C:/Xilinx/Vivado/2022.1/data/boards/board_files/XilinxBoardStore/boards/Digilent/genesys2/H/board.xml as part xc7k325tffg900-2 specified in board_part file is either invalid or not available
WARNING: [Board 49-26] cannot add Board Part digilentinc.com:sword:part0:1.0 available at C:/Xilinx/Vivado/2022.1/data/xhub/boards/XilinxBoardStore/boards/Xilinx/vivado-boards-master/new/board_files/sword/C.0/board.xml as part xc7k325tffg900-2 specified in board_part file is either invalid or not available
WARNING: [Board 49-26] cannot add Board Part iwavesystems.com:iw-g35m-11eg-4e004g-e008g-lia:part0:1.0 available at C:/Xilinx/Vivado/2022.1/data/boards/board_files/XilinxBoardStore/boards/iWave/iw-g35m-11eg-4e004g-e008g-lia/1.0/board.xml as part xczu11eg-ffvc1760-1-i specified in board_part file is either invalid or not available
WARNING: [Board 49-26] cannot add Board Part iwavesystems.com:iw-g35m-17eg-4e004g-e008g-lia:part0:1.0 available at C:/Xilinx/Vivado/2022.1/data/boards/board_files/XilinxBoardStore/boards/iWave/iw-g35m-17eg-4e004g-e008g-lia/1.0/board.xml as part xczu17eg-ffvc1760-1-i specified in board_part file is either invalid or not available
WARNING: [Board 49-26] cannot add Board Part iwavesystems.com:iw-g35m-19eg-4e004g-e008g-lia:part0:1.0 available at C:/Xilinx/Vivado/2022.1/data/boards/board_files/XilinxBoardStore/boards/iWave/iw-g35m-19eg-4e004g-e008g-lia/1.0/board.xml as part xczu19eg-ffvc1760-1-i specified in board_part file is either invalid or not available
WARNING: [Board 49-26] cannot add Board Part opalkelly.com:xem7350-k410t-3e:part0:1.0 available at C:/Xilinx/Vivado/2022.1/data/boards/board_files/XilinxBoardStore/boards/OpalKelly/XEM7350-K410T-3E/1.0/board.xml as part xc7k410tffg676-3 specified in board_part file is either invalid or not available
WARNING: [Board 49-26] cannot add Board Part opalkelly.com:xem7350-k410t:part0:1.0 available at C:/Xilinx/Vivado/2022.1/data/boards/board_files/XilinxBoardStore/boards/OpalKelly/XEM7350-K410T/1.0/board.xml as part xc7k410tffg676-1 specified in board_part file is either invalid or not available
WARNING: [Board 49-26] cannot add Board Part opalkelly.com:xem7360-k410t-3e:part0:1.0 available at C:/Xilinx/Vivado/2022.1/data/boards/board_files/XilinxBoardStore/boards/OpalKelly/XEM7360-K410T-3E/1.0/board.xml as part xc7k410tffg676-3 specified in board_part file is either invalid or not available
WARNING: [Board 49-26] cannot add Board Part opalkelly.com:xem7360-k410t:part0:1.0 available at C:/Xilinx/Vivado/2022.1/data/boards/board_files/XilinxBoardStore/boards/OpalKelly/XEM7360-K410T/1.0/board.xml as part xc7k410tffg676-1 specified in board_part file is either invalid or not available
WARNING: [Board 49-26] cannot add Board Part opalkelly.com:xem8350-ku060-3e:part0:1.0 available at C:/Xilinx/Vivado/2022.1/data/boards/board_files/XilinxBoardStore/boards/OpalKelly/XEM8350-KU060-3E/1.0/board.xml as part xcku060-ffva1517-3-e specified in board_part file is either invalid or not available
WARNING: [Board 49-26] cannot add Board Part opalkelly.com:xem8350-ku060:part0:1.0 available at C:/Xilinx/Vivado/2022.1/data/boards/board_files/XilinxBoardStore/boards/OpalKelly/XEM8350-KU060/1.0/board.xml as part xcku060-ffva1517-1-c specified in board_part file is either invalid or not available
WARNING: [Board 49-26] cannot add Board Part opalkelly.com:xem8350-ku115:part0:1.0 available at C:/Xilinx/Vivado/2022.1/data/boards/board_files/XilinxBoardStore/boards/OpalKelly/XEM8350-KU115/1.0/board.xml as part xcku115-flva1517-1-c specified in board_part file is either invalid or not available
WARNING: [Board 49-26] cannot add Board Part opalkelly.com:xem8370-ku11p:part0:1.0 available at C:/Xilinx/Vivado/2022.1/data/boards/board_files/XilinxBoardStore/boards/OpalKelly/XEM8370-KU11P/1.0/board.xml as part xcku11p-ffva1156-1-e specified in board_part file is either invalid or not available
WARNING: [Board 49-26] cannot add Board Part trenz.biz:te0741_325_2c:part0:1.0 available at C:/Xilinx/Vivado/2022.1/data/boards/board_files/XilinxBoardStore/boards/Trenz_Electronic/TE0741_325_2C/1.0/board.xml as part xc7k325tfbg676-2 specified in board_part file is either invalid or not available
WARNING: [Board 49-26] cannot add Board Part trenz.biz:te0741_325_2i:part0:1.0 available at C:/Xilinx/Vivado/2022.1/data/boards/board_files/XilinxBoardStore/boards/Trenz_Electronic/TE0741_325_2I/1.0/board.xml as part xc7k325tfbg676-2 specified in board_part file is either invalid or not available
WARNING: [Board 49-26] cannot add Board Part trenz.biz:te0741_410_2c:part0:1.0 available at C:/Xilinx/Vivado/2022.1/data/boards/board_files/XilinxBoardStore/boards/Trenz_Electronic/TE0741_410_2C/1.0/board.xml as part xc7k410tfbg676-2 specified in board_part file is either invalid or not available
WARNING: [Board 49-26] cannot add Board Part trenz.biz:te0741_410_2i:part0:1.0 available at C:/Xilinx/Vivado/2022.1/data/boards/board_files/XilinxBoardStore/boards/Trenz_Electronic/TE0741_410_2I/1.0/board.xml as part xc7k410tfbg676-2 specified in board_part file is either invalid or not available
WARNING: [Board 49-26] cannot add Board Part trenz.biz:te0745_35_1c:part0:1.0 available at C:/Xilinx/Vivado/2022.1/data/boards/board_files/XilinxBoardStore/boards/Trenz_Electronic/TE0745_35_1C/1.0/board.xml as part xc7z035fbg676-1 specified in board_part file is either invalid or not available
WARNING: [Board 49-26] cannot add Board Part trenz.biz:te0745_45_1c:part0:1.0 available at C:/Xilinx/Vivado/2022.1/data/boards/board_files/XilinxBoardStore/boards/Trenz_Electronic/TE0745_45_1C/1.0/board.xml as part xc7z045fbg676-1 specified in board_part file is either invalid or not available
WARNING: [Board 49-26] cannot add Board Part trenz.biz:te0745_45_2i:part0:1.0 available at C:/Xilinx/Vivado/2022.1/data/boards/board_files/XilinxBoardStore/boards/Trenz_Electronic/TE0745_45_2I/1.0/board.xml as part xc7z045fbg676-2 specified in board_part file is either invalid or not available
WARNING: [Board 49-26] cannot add Board Part trenz.biz:te0745_45_2i:part0:2.0 available at C:/Xilinx/Vivado/2022.1/data/boards/board_files/XilinxBoardStore/boards/Trenz_Electronic/TE0745_45_2I/2.0/board.xml as part xc7z045ffg676-2 specified in board_part file is either invalid or not available
WARNING: [Board 49-26] cannot add Board Part trenz.biz:te0745_45_3e:part0:1.0 available at C:/Xilinx/Vivado/2022.1/data/boards/board_files/XilinxBoardStore/boards/Trenz_Electronic/TE0745_45_3E/1.0/board.xml as part xc7z045ffg676-3 specified in board_part file is either invalid or not available
WARNING: [Board 49-26] cannot add Board Part trenz.biz:te0808_15eg_1e:part0:3.0 available at C:/Xilinx/Vivado/2022.1/data/boards/board_files/XilinxBoardStore/boards/Trenz_Electronic/TE0808_15EG_1E/3.0/board.xml as part xczu15eg-ffvc900-1-e specified in board_part file is either invalid or not available
WARNING: [Board 49-26] cannot add Board Part trenz.biz:te0808_15eg_1e_tebf0808:part0:4.0 available at C:/Xilinx/Vivado/2022.1/data/boards/board_files/XilinxBoardStore/boards/Trenz_Electronic/TE0808_15EG_1E/4.0/board.xml as part xczu15eg-ffvc900-1-e specified in board_part file is either invalid or not available
WARNING: [Board 49-26] cannot add Board Part trenz.biz:te0808_6eg_1e:part0:3.0 available at C:/Xilinx/Vivado/2022.1/data/boards/board_files/XilinxBoardStore/boards/Trenz_Electronic/TE0808_6EG_1E/3.0/board.xml as part xczu6eg-ffvc900-1-e specified in board_part file is either invalid or not available
WARNING: [Board 49-26] cannot add Board Part trenz.biz:te0808_6eg_1e_tebf0808:part0:4.0 available at C:/Xilinx/Vivado/2022.1/data/boards/board_files/XilinxBoardStore/boards/Trenz_Electronic/TE0808_6EG_1E/4.0/board.xml as part xczu6eg-ffvc900-1-e specified in board_part file is either invalid or not available
WARNING: [Board 49-26] cannot add Board Part trenz.biz:te0808_6eg_1i:part0:3.0 available at C:/Xilinx/Vivado/2022.1/data/boards/board_files/XilinxBoardStore/boards/Trenz_Electronic/TE0808_6EG_1I/3.0/board.xml as part xczu6eg-ffvc900-1-i specified in board_part file is either invalid or not available
WARNING: [Board 49-26] cannot add Board Part trenz.biz:te0808_6eg_1i:part0:5.0 available at C:/Xilinx/Vivado/2022.1/data/boards/board_files/XilinxBoardStore/boards/Trenz_Electronic/TE0808_6EG_1I/5.0/board.xml as part xczu6eg-ffvc900-1-i specified in board_part file is either invalid or not available
WARNING: [Board 49-26] cannot add Board Part trenz.biz:te0808_6eg_1i_tebf0808:part0:4.0 available at C:/Xilinx/Vivado/2022.1/data/boards/board_files/XilinxBoardStore/boards/Trenz_Electronic/TE0808_6EG_1I/4.0/board.xml as part xczu6eg-ffvc900-1-i specified in board_part file is either invalid or not available
WARNING: [Board 49-26] cannot add Board Part trenz.biz:te0808_6eg_1i_tebf0808:part0:6.0 available at C:/Xilinx/Vivado/2022.1/data/boards/board_files/XilinxBoardStore/boards/Trenz_Electronic/TE0808_6EG_1I/6.0/board.xml as part xczu6eg-ffvc900-1-i specified in board_part file is either invalid or not available
WARNING: [Board 49-26] cannot add Board Part trenz.biz:te0808_6eg_2i:part0:3.0 available at C:/Xilinx/Vivado/2022.1/data/boards/board_files/XilinxBoardStore/boards/Trenz_Electronic/TE0808_6EG_2I/3.0/board.xml as part xczu6eg-ffvc900-2-i specified in board_part file is either invalid or not available
WARNING: [Board 49-26] cannot add Board Part trenz.biz:te0808_6eg_2i_tebf0808:part0:4.0 available at C:/Xilinx/Vivado/2022.1/data/boards/board_files/XilinxBoardStore/boards/Trenz_Electronic/TE0808_6EG_2I/4.0/board.xml as part xczu6eg-ffvc900-2-i specified in board_part file is either invalid or not available
WARNING: [Board 49-26] cannot add Board Part trenz.biz:te0808_9eg_1e:part0:1.0 available at C:/Xilinx/Vivado/2022.1/data/boards/board_files/XilinxBoardStore/boards/Trenz_Electronic/TE0808_9EG_1E/1.0/board.xml as part xczu9eg-ffvc900-1-e specified in board_part file is either invalid or not available
WARNING: [Board 49-26] cannot add Board Part trenz.biz:te0808_9eg_1e:part0:3.0 available at C:/Xilinx/Vivado/2022.1/data/boards/board_files/XilinxBoardStore/boards/Trenz_Electronic/TE0808_9EG_1E/3.0/board.xml as part xczu9eg-ffvc900-1-e specified in board_part file is either invalid or not available
WARNING: [Board 49-26] cannot add Board Part trenz.biz:te0808_9eg_1e_tebf0808:part0:2.0 available at C:/Xilinx/Vivado/2022.1/data/boards/board_files/XilinxBoardStore/boards/Trenz_Electronic/TE0808_9EG_1E/2.0/board.xml as part xczu9eg-ffvc900-1-e specified in board_part file is either invalid or not available
WARNING: [Board 49-26] cannot add Board Part trenz.biz:te0808_9eg_1e_tebf0808:part0:4.0 available at C:/Xilinx/Vivado/2022.1/data/boards/board_files/XilinxBoardStore/boards/Trenz_Electronic/TE0808_9EG_1E/4.0/board.xml as part xczu9eg-ffvc900-1-e specified in board_part file is either invalid or not available
WARNING: [Board 49-26] cannot add Board Part trenz.biz:te0808_9eg_1i:part0:5.0 available at C:/Xilinx/Vivado/2022.1/data/boards/board_files/XilinxBoardStore/boards/Trenz_Electronic/TE0808_9EG_1I/5.0/board.xml as part xczu9eg-ffvc900-1-i specified in board_part file is either invalid or not available
WARNING: [Board 49-26] cannot add Board Part trenz.biz:te0808_9eg_1i_tebf0808:part0:6.0 available at C:/Xilinx/Vivado/2022.1/data/boards/board_files/XilinxBoardStore/boards/Trenz_Electronic/TE0808_9EG_1I/6.0/board.xml as part xczu9eg-ffvc900-1-i specified in board_part file is either invalid or not available
WARNING: [Board 49-26] cannot add Board Part trenz.biz:te0808_9eg_2i:part0:3.0 available at C:/Xilinx/Vivado/2022.1/data/boards/board_files/XilinxBoardStore/boards/Trenz_Electronic/TE0808_9EG_2I/3.0/board.xml as part xczu9eg-ffvc900-2-i specified in board_part file is either invalid or not available
WARNING: [Board 49-26] cannot add Board Part trenz.biz:te0808_9eg_2i_tebf0808:part0:4.0 available at C:/Xilinx/Vivado/2022.1/data/boards/board_files/XilinxBoardStore/boards/Trenz_Electronic/TE0808_9EG_2I/4.0/board.xml as part xczu9eg-ffvc900-2-i specified in board_part file is either invalid or not available
WARNING: [Board 49-26] cannot add Board Part trenz.biz:te0835_25dr_1e:part0:1.0 available at C:/Xilinx/Vivado/2022.1/data/boards/board_files/XilinxBoardStore/boards/Trenz_Electronic/TE0835_25DR_1E/1.0/board.xml as part xczu25dr-ffve1156-1-e specified in board_part file is either invalid or not available
WARNING: [Board 49-26] cannot add Board Part trenz.biz:te0835_47dr_1e:part0:1.0 available at C:/Xilinx/Vivado/2022.1/data/boards/board_files/XilinxBoardStore/boards/Trenz_Electronic/TE0835_47DR_1E/1.0/board.xml as part xczu47dr-ffve1156-1-e specified in board_part file is either invalid or not available
WARNING: [Board 49-26] cannot add Board Part trenz.biz:te0841_40_1c:part0:1.0 available at C:/Xilinx/Vivado/2022.1/data/boards/board_files/XilinxBoardStore/boards/Trenz_Electronic/TE0841_40_1C/1.0/board.xml as part xcku040-sfva784-1-c specified in board_part file is either invalid or not available
WARNING: [Board 49-26] cannot add Board Part trenz.biz:te0841_40_1c:part0:2.0 available at C:/Xilinx/Vivado/2022.1/data/boards/board_files/XilinxBoardStore/boards/Trenz_Electronic/TE0841_40_1C/2.0/board.xml as part xcku040-sfva784-1-c specified in board_part file is either invalid or not available
WARNING: [Board 49-26] cannot add Board Part trenz.biz:te0841_40_1i:part0:1.0 available at C:/Xilinx/Vivado/2022.1/data/boards/board_files/XilinxBoardStore/boards/Trenz_Electronic/TE0841_40_1I/1.0/board.xml as part xcku040-sfva784-1-i specified in board_part file is either invalid or not available
WARNING: [Board 49-26] cannot add Board Part trenz.biz:te0841_40_1i:part0:2.0 available at C:/Xilinx/Vivado/2022.1/data/boards/board_files/XilinxBoardStore/boards/Trenz_Electronic/TE0841_40_1I/2.0/board.xml as part xcku040-sfva784-1-i specified in board_part file is either invalid or not available
WARNING: [Board 49-26] cannot add Board Part trenz.biz:teb0911_15eg_1e:part0:1.0 available at C:/Xilinx/Vivado/2022.1/data/boards/board_files/XilinxBoardStore/boards/Trenz_Electronic/TEB0911_15EG_1E/1.0/board.xml as part xczu15eg-ffvb1156-1-e specified in board_part file is either invalid or not available
WARNING: [Board 49-26] cannot add Board Part trenz.biz:teb0911_9eg_1e:part0:1.0 available at C:/Xilinx/Vivado/2022.1/data/boards/board_files/XilinxBoardStore/boards/Trenz_Electronic/TEB0911_9EG_1E/1.0/board.xml as part xczu9eg-ffvb1156-1-e specified in board_part file is either invalid or not available
WARNING: [Board 49-26] cannot add Board Part trenz.biz:tec0850_15eg_1e:part0:1.0 available at C:/Xilinx/Vivado/2022.1/data/boards/board_files/XilinxBoardStore/boards/Trenz_Electronic/TEC0850_15EG_1E/1.0/board.xml as part xczu15eg-ffvb1156-1-e specified in board_part file is either invalid or not available
WARNING: [Board 49-26] cannot add Board Part xilinx.com:kc705:part0:1.6 available at C:/Xilinx/Vivado/2022.1/data/boards/board_files/XilinxBoardStore/boards/Xilinx/kc705/1.6/board.xml as part xc7k325tffg900-2 specified in board_part file is either invalid or not available
WARNING: [Board 49-26] cannot add Board Part xilinx.com:kcu105:part0:1.6 available at C:/Xilinx/Vivado/2022.1/data/boards/board_files/XilinxBoardStore/boards/Xilinx/kcu105/1.6/board.xml as part xcku040-ffva1156-2-e specified in board_part file is either invalid or not available
WARNING: [Board 49-26] cannot add Board Part xilinx.com:kcu105:part0:1.7 available at C:/Xilinx/Vivado/2022.1/data/boards/board_files/XilinxBoardStore/boards/Xilinx/kcu105/1.7/board.xml as part xcku040-ffva1156-2-e specified in board_part file is either invalid or not available
WARNING: [Board 49-26] cannot add Board Part xilinx.com:kcu1500:part0:1.2 available at C:/Xilinx/Vivado/2022.1/data/boards/board_files/XilinxBoardStore/boards/Xilinx/kcu1500/1.2/board.xml as part xcku115-flvb2104-2-e specified in board_part file is either invalid or not available
WARNING: [Board 49-26] cannot add Board Part xilinx.com:vc707:part0:1.4 available at C:/Xilinx/Vivado/2022.1/data/boards/board_files/XilinxBoardStore/boards/Xilinx/vc707/1.4/board.xml as part xc7vx485tffg1761-2 specified in board_part file is either invalid or not available
WARNING: [Board 49-26] cannot add Board Part xilinx.com:vc709:part0:1.8 available at C:/Xilinx/Vivado/2022.1/data/boards/board_files/XilinxBoardStore/boards/Xilinx/vc709/1.8/board.xml as part xc7vx690tffg1761-2 specified in board_part file is either invalid or not available
WARNING: [Board 49-26] cannot add Board Part xilinx.com:vck190:part0:2.2 available at C:/Xilinx/Vivado/2022.1/data/boards/board_files/XilinxBoardStore/boards/Xilinx/vck190/production/2.2/board.xml as part xcvc1902-vsva2197-2mp-e-s specified in board_part file is either invalid or not available
WARNING: [Board 49-26] cannot add Board Part xilinx.com:vck190:part0:3.0 available at C:/Xilinx/Vivado/2022.1/data/boards/board_files/XilinxBoardStore/boards/Xilinx/vck190/production/3.0/board.xml as part xcvc1902-vsva2197-2mp-e-s specified in board_part file is either invalid or not available
WARNING: [Board 49-26] cannot add Board Part xilinx.com:vck190_newl:part0:1.0 available at C:/Xilinx/Vivado/2022.1/data/boards/board_files/XilinxBoardStore/boards/Xilinx/vck190_newl/production/1.0/board.xml as part xcvc1902-vsva2197-2mp-e-s specified in board_part file is either invalid or not available
WARNING: [Board 49-26] cannot add Board Part xilinx.com:vcu108:part0:1.6 available at C:/Xilinx/Vivado/2022.1/data/boards/board_files/XilinxBoardStore/boards/Xilinx/vcu108/1.6/board.xml as part xcvu095-ffva2104-2-e specified in board_part file is either invalid or not available
WARNING: [Board 49-26] cannot add Board Part xilinx.com:vcu108:part0:1.7 available at C:/Xilinx/Vivado/2022.1/data/boards/board_files/XilinxBoardStore/boards/Xilinx/vcu108/1.7/board.xml as part xcvu095-ffva2104-2-e specified in board_part file is either invalid or not available
WARNING: [Board 49-26] cannot add Board Part xilinx.com:vcu110:part0:1.4 available at C:/Xilinx/Vivado/2022.1/data/boards/board_files/XilinxBoardStore/boards/Xilinx/vcu110/1.4/board.xml as part xcvu190-flgc2104-2-e specified in board_part file is either invalid or not available
WARNING: [Board 49-26] cannot add Board Part xilinx.com:vcu118:part0:2.0 available at C:/Xilinx/Vivado/2022.1/data/boards/board_files/XilinxBoardStore/boards/Xilinx/vcu118/2.0/board.xml as part xcvu9p-flga2104-2l-e specified in board_part file is either invalid or not available
WARNING: [Board 49-26] cannot add Board Part xilinx.com:vcu118:part0:2.3 available at C:/Xilinx/Vivado/2022.1/data/boards/board_files/XilinxBoardStore/boards/Xilinx/vcu118/2.3/board.xml as part xcvu9p-flga2104-2l-e specified in board_part file is either invalid or not available
WARNING: [Board 49-26] cannot add Board Part xilinx.com:vcu118:part0:2.4 available at C:/Xilinx/Vivado/2022.1/data/boards/board_files/XilinxBoardStore/boards/Xilinx/vcu118/2.4/board.xml as part xcvu9p-flga2104-2l-e specified in board_part file is either invalid or not available
WARNING: [Board 49-26] cannot add Board Part xilinx.com:vcu128:part0:1.0 available at C:/Xilinx/Vivado/2022.1/data/boards/board_files/XilinxBoardStore/boards/Xilinx/vcu128/production/1.0/board.xml as part xcvu37p-fsvh2892-2l-e specified in board_part file is either invalid or not available
WARNING: [Board 49-26] cannot add Board Part xilinx.com:vcu129:part0:1.0 available at C:/Xilinx/Vivado/2022.1/data/boards/board_files/XilinxBoardStore/boards/Xilinx/vcu129/production/1.0/board.xml as part xcvu29p-fsga2577-2l-e specified in board_part file is either invalid or not available
WARNING: [Board 49-26] cannot add Board Part xilinx.com:vcu1525:part0:1.3 available at C:/Xilinx/Vivado/2022.1/data/boards/board_files/XilinxBoardStore/boards/Xilinx/vcu1525/1.3/board.xml as part xcvu9p-fsgd2104-2l-e specified in board_part file is either invalid or not available
WARNING: [Board 49-26] cannot add Board Part xilinx.com:vermeo_t1_mpsoc:part0:1.0 available at C:/Xilinx/Vivado/2022.1/data/boards/board_files/XilinxBoardStore/boards/Xilinx/vermeo_t1_mpsoc/1.0/board.xml as part xczu19eg-ffvd1760-2l-e specified in board_part file is either invalid or not available
WARNING: [Board 49-26] cannot add Board Part xilinx.com:vermeo_t1_rfsoc:part0:1.0 available at C:/Xilinx/Vivado/2022.1/data/boards/board_files/XilinxBoardStore/boards/Xilinx/vermeo_t1_rfsoc/1.0/board.xml as part xczu21dr-ffvd1156-2l-e specified in board_part file is either invalid or not available
WARNING: [Board 49-26] cannot add Board Part xilinx.com:vhk158_es:part0:1.0 available at C:/Xilinx/Vivado/2022.1/data/boards/board_files/XilinxBoardStore/boards/Xilinx/vhk158/es/1.0/board.xml as part xcvh1582-vsva3697-2mp-e-s-es1 specified in board_part file is either invalid or not available
WARNING: [Board 49-26] cannot add Board Part xilinx.com:vmk180:part0:2.2 available at C:/Xilinx/Vivado/2022.1/data/boards/board_files/XilinxBoardStore/boards/Xilinx/vmk180/production/2.2/board.xml as part xcvm1802-vsva2197-2mp-e-s specified in board_part file is either invalid or not available
WARNING: [Board 49-26] cannot add Board Part xilinx.com:vmk180:part0:3.0 available at C:/Xilinx/Vivado/2022.1/data/boards/board_files/XilinxBoardStore/boards/Xilinx/vmk180/production/3.0/board.xml as part xcvm1802-vsva2197-2mp-e-s specified in board_part file is either invalid or not available
WARNING: [Board 49-26] cannot add Board Part xilinx.com:vmk180_newl:part0:1.0 available at C:/Xilinx/Vivado/2022.1/data/boards/board_files/XilinxBoardStore/boards/Xilinx/vmk180_newl/production/1.0/board.xml as part xcvm1802-vsva2197-2mp-e-s specified in board_part file is either invalid or not available
WARNING: [Board 49-26] cannot add Board Part xilinx.com:vpk120:part0:1.0 available at C:/Xilinx/Vivado/2022.1/data/boards/board_files/XilinxBoardStore/boards/Xilinx/vpk120/production/1.0/board.xml as part xcvp1202-vsva2785-2mp-e-s specified in board_part file is either invalid or not available
WARNING: [Board 49-26] cannot add Board Part xilinx.com:vpk120_es:part0:1.2 available at C:/Xilinx/Vivado/2022.1/data/boards/board_files/XilinxBoardStore/boards/Xilinx/vpk120/es/1.2/board.xml as part xcvp1202-vsva2785-2mp-e-s-es1 specified in board_part file is either invalid or not available
WARNING: [Board 49-26] cannot add Board Part xilinx.com:vpk120_es_revb:part0:1.0 available at C:/Xilinx/Vivado/2022.1/data/boards/board_files/XilinxBoardStore/boards/Xilinx/vpk120_revb/es/1.0/board.xml as part xcvp1202-vsva2785-2mp-e-s-es1 specified in board_part file is either invalid or not available
WARNING: [Board 49-26] cannot add Board Part xilinx.com:vpk180_es:part0:1.0 available at C:/Xilinx/Vivado/2022.1/data/boards/board_files/XilinxBoardStore/boards/Xilinx/vpk180/es/1.0/board.xml as part xcvp1802-lsvc4072-2mp-e-s-es1 specified in board_part file is either invalid or not available
WARNING: [Board 49-26] cannot add Board Part xilinx.com:zc706:part0:1.4 available at C:/Xilinx/Vivado/2022.1/data/boards/board_files/XilinxBoardStore/boards/Xilinx/zc706/1.4/board.xml as part xc7z045ffg900-2 specified in board_part file is either invalid or not available
WARNING: [Board 49-26] cannot add Board Part xilinx.com:zcu102:part0:3.3 available at C:/Xilinx/Vivado/2022.1/data/boards/board_files/XilinxBoardStore/boards/Xilinx/zcu102/3.3/board.xml as part xczu9eg-ffvb1156-2-e specified in board_part file is either invalid or not available
WARNING: [Board 49-26] cannot add Board Part xilinx.com:zcu102:part0:3.4 available at C:/Xilinx/Vivado/2022.1/data/boards/board_files/XilinxBoardStore/boards/Xilinx/zcu102/3.4/board.xml as part xczu9eg-ffvb1156-2-e specified in board_part file is either invalid or not available
WARNING: [Board 49-26] cannot add Board Part xilinx.com:zcu111:part0:1.2 available at C:/Xilinx/Vivado/2022.1/data/boards/board_files/XilinxBoardStore/boards/Xilinx/zcu111/1.2/board.xml as part xczu28dr-ffvg1517-2-e specified in board_part file is either invalid or not available
WARNING: [Board 49-26] cannot add Board Part xilinx.com:zcu111:part0:1.3 available at C:/Xilinx/Vivado/2022.1/data/boards/board_files/XilinxBoardStore/boards/Xilinx/zcu111/1.3/board.xml as part xczu28dr-ffvg1517-2-e specified in board_part file is either invalid or not available
WARNING: [Board 49-26] cannot add Board Part xilinx.com:zcu111:part0:1.4 available at C:/Xilinx/Vivado/2022.1/data/boards/board_files/XilinxBoardStore/boards/Xilinx/zcu111/1.4/board.xml as part xczu28dr-ffvg1517-2-e specified in board_part file is either invalid or not available
WARNING: [Board 49-26] cannot add Board Part xilinx.com:zcu1275:part0:1.0 available at C:/Xilinx/Vivado/2022.1/data/boards/board_files/XilinxBoardStore/boards/Xilinx/zcu1275/1.0/board.xml as part xczu29dr-ffvf1760-2-e specified in board_part file is either invalid or not available
WARNING: [Board 49-26] cannot add Board Part xilinx.com:zcu1285:part0:1.0 available at C:/Xilinx/Vivado/2022.1/data/boards/board_files/XilinxBoardStore/boards/Xilinx/zcu1285/1.0/board.xml as part xczu39dr-ffvf1760-2-i specified in board_part file is either invalid or not available
WARNING: [Board 49-26] cannot add Board Part xilinx.com:zcu208:part0:2.0 available at C:/Xilinx/Vivado/2022.1/data/boards/board_files/XilinxBoardStore/boards/Xilinx/zcu208/production/2.0/board.xml as part xczu48dr-fsvg1517-2-e specified in board_part file is either invalid or not available
WARNING: [Board 49-26] cannot add Board Part xilinx.com:zcu208ld:part0:2.0 available at C:/Xilinx/Vivado/2022.1/data/boards/board_files/XilinxBoardStore/boards/Xilinx/zcu208ld/production/2.0/board.xml as part xczu58dr-fsvg1517-2-i specified in board_part file is either invalid or not available
WARNING: [Board 49-26] cannot add Board Part xilinx.com:zcu216:part0:2.0 available at C:/Xilinx/Vivado/2022.1/data/boards/board_files/XilinxBoardStore/boards/Xilinx/zcu216/production/2.0/board.xml as part xczu49dr-ffvf1760-2-e specified in board_part file is either invalid or not available
WARNING: [Board 49-26] cannot add Board Part xilinx.com:zcu216ld:part0:2.0 available at C:/Xilinx/Vivado/2022.1/data/boards/board_files/XilinxBoardStore/boards/Xilinx/zcu216ld/production/2.0/board.xml as part xczu59dr-ffvf1760-2-i specified in board_part file is either invalid or not available
WARNING: [Board 49-26] cannot add Board Part xilinx.com:zcu670:part0:2.0 available at C:/Xilinx/Vivado/2022.1/data/boards/board_files/XilinxBoardStore/boards/Xilinx/zcu670/2.0/board.xml as part xczu67dr-fsve1156-2-i specified in board_part file is either invalid or not available
WARNING: [Board 49-26] cannot add Board Part xilinx.com:zcu670ld:part0:1.0 available at C:/Xilinx/Vivado/2022.1/data/boards/board_files/XilinxBoardStore/boards/Xilinx/zcu670ld/1.0/board.xml as part xczu57dr-fsve1156-2-i specified in board_part file is either invalid or not available
INFO: [filemgmt 56-3] Default IP Output Path : Could not find the directory 'D:/workspace/LAB/section2/project_1.gen/sources_1'.
Scanning sources...
Finished scanning sources
INFO: [IP_Flow 19-234] Refreshing IP repositories
INFO: [IP_Flow 19-1704] No user IP repositories specified
INFO: [IP_Flow 19-2313] Loaded Vivado IP repository 'C:/Xilinx/Vivado/2022.1/data/ip'.
open_project: Time (s): cpu = 00:01:26 ; elapsed = 00:00:41 . Memory (MB): peak = 1658.500 ; gain = 78.754
update_compile_order -fileset sources_1
