Copyright 1986-2022 Xilinx, Inc. All Rights Reserved.
---------------------------------------------------------------------------------------------------------------------------------------------------------------------------------------------------------------
| Tool Version : Vivado v.2022.1 (win64) Build 3526262 Mon Apr 18 15:48:16 MDT 2022
| Date         : Sat Mar 14 13:26:03 2026
| Host         : DESKTOP-TM7VUND running 64-bit major release  (build 9200)
| Command      : report_timing_summary -max_paths 10 -report_unconstrained -file ders_3_timing_summary_routed.rpt -pb ders_3_timing_summary_routed.pb -rpx ders_3_timing_summary_routed.rpx -warn_on_violation
| Design       : ders_3
| Device       : 7z020-clg484
| Speed File   : -1  PRODUCTION 1.12 2019-11-22
---------------------------------------------------------------------------------------------------------------------------------------------------------------------------------------------------------------

Timing Summary Report

------------------------------------------------------------------------------------------------
| Timer Settings
| --------------
------------------------------------------------------------------------------------------------

  Enable Multi Corner Analysis               :  Yes
  Enable Pessimism Removal                   :  Yes
  Pessimism Removal Resolution               :  Nearest Common Node
  Enable Input Delay Default Clock           :  No
  Enable Preset / Clear Arcs                 :  No
  Disable Flight Delays                      :  No
  Ignore I/O Paths                           :  No
  Timing Early Launch at Borrowing Latches   :  No
  Borrow Time for Max Delay Exceptions       :  Yes
  Merge Timing Exceptions                    :  Yes

  Corner  Analyze    Analyze    
  Name    Max Paths  Min Paths  
  ------  ---------  ---------  
  Slow    Yes        Yes        
  Fast    Yes        Yes        


------------------------------------------------------------------------------------------------
| Report Methodology
| ------------------
------------------------------------------------------------------------------------------------

Rule       Severity          Description                  Violations  
---------  ----------------  ---------------------------  ----------  
TIMING-17  Critical Warning  Non-clocked sequential cell  8           

Note: This report is based on the most recent report_methodology run and may not be up-to-date. Run report_methodology on the current design for the latest report.



check_timing report

Table of Contents
-----------------
1. checking no_clock (8)
2. checking constant_clock (0)
3. checking pulse_width_clock (0)
4. checking unconstrained_internal_endpoints (8)
5. checking no_input_delay (8)
6. checking no_output_delay (8)
7. checking multiple_clock (0)
8. checking generated_clocks (0)
9. checking loops (0)
10. checking partial_input_delay (0)
11. checking partial_output_delay (0)
12. checking latch_loops (0)

1. checking no_clock (8)
------------------------
 There are 8 register/latch pins with no clock driven by root clock pin: clk (HIGH)


2. checking constant_clock (0)
------------------------------
 There are 0 register/latch pins with constant_clock.


3. checking pulse_width_clock (0)
---------------------------------
 There are 0 register/latch pins which need pulse_width check


4. checking unconstrained_internal_endpoints (8)
------------------------------------------------
 There are 8 pins that are not constrained for maximum delay. (HIGH)

 There are 0 pins that are not constrained for maximum delay due to constant clock.


5. checking no_input_delay (8)
------------------------------
 There are 8 input ports with no input delay specified. (HIGH)

 There are 0 input ports with no input delay but user has a false path constraint.


6. checking no_output_delay (8)
-------------------------------
 There are 8 ports with no output delay specified. (HIGH)

 There are 0 ports with no output delay but user has a false path constraint

 There are 0 ports with no output delay but with a timing clock defined on it or propagating through it


7. checking multiple_clock (0)
------------------------------
 There are 0 register/latch pins with multiple clocks.


8. checking generated_clocks (0)
--------------------------------
 There are 0 generated clocks that are not connected to a clock source.


9. checking loops (0)
---------------------
 There are 0 combinational loops in the design.


10. checking partial_input_delay (0)
------------------------------------
 There are 0 input ports with partial input delay specified.


11. checking partial_output_delay (0)
-------------------------------------
 There are 0 ports with partial output delay specified.


12. checking latch_loops (0)
----------------------------
 There are 0 combinational latch loops in the design through latch input



------------------------------------------------------------------------------------------------
| Design Timing Summary
| ---------------------
------------------------------------------------------------------------------------------------

    WNS(ns)      TNS(ns)  TNS Failing Endpoints  TNS Total Endpoints      WHS(ns)      THS(ns)  THS Failing Endpoints  THS Total Endpoints     WPWS(ns)     TPWS(ns)  TPWS Failing Endpoints  TPWS Total Endpoints  
    -------      -------  ---------------------  -------------------      -------      -------  ---------------------  -------------------     --------     --------  ----------------------  --------------------  
        inf        0.000                      0                   16          inf        0.000                      0                   16           NA           NA                      NA                    NA  


There are no user specified timing constraints.


------------------------------------------------------------------------------------------------
| Clock Summary
| -------------
------------------------------------------------------------------------------------------------


------------------------------------------------------------------------------------------------
| Intra Clock Table
| -----------------
------------------------------------------------------------------------------------------------

Clock             WNS(ns)      TNS(ns)  TNS Failing Endpoints  TNS Total Endpoints      WHS(ns)      THS(ns)  THS Failing Endpoints  THS Total Endpoints     WPWS(ns)     TPWS(ns)  TPWS Failing Endpoints  TPWS Total Endpoints  
-----             -------      -------  ---------------------  -------------------      -------      -------  ---------------------  -------------------     --------     --------  ----------------------  --------------------  


------------------------------------------------------------------------------------------------
| Inter Clock Table
| -----------------
------------------------------------------------------------------------------------------------

From Clock    To Clock          WNS(ns)      TNS(ns)  TNS Failing Endpoints  TNS Total Endpoints      WHS(ns)      THS(ns)  THS Failing Endpoints  THS Total Endpoints  
----------    --------          -------      -------  ---------------------  -------------------      -------      -------  ---------------------  -------------------  


------------------------------------------------------------------------------------------------
| Other Path Groups Table
| -----------------------
------------------------------------------------------------------------------------------------

Path Group    From Clock    To Clock          WNS(ns)      TNS(ns)  TNS Failing Endpoints  TNS Total Endpoints      WHS(ns)      THS(ns)  THS Failing Endpoints  THS Total Endpoints  
----------    ----------    --------          -------      -------  ---------------------  -------------------      -------      -------  ---------------------  -------------------  


------------------------------------------------------------------------------------------------
| User Ignored Path Table
| -----------------------
------------------------------------------------------------------------------------------------

Path Group    From Clock    To Clock    
----------    ----------    --------    


------------------------------------------------------------------------------------------------
| Unconstrained Path Table
| ------------------------
------------------------------------------------------------------------------------------------

Path Group    From Clock    To Clock    
----------    ----------    --------    
(none)                                    


------------------------------------------------------------------------------------------------
| Timing Details
| --------------
------------------------------------------------------------------------------------------------


--------------------------------------------------------------------------------------
Path Group:  (none)
From Clock:  
  To Clock:  

Max Delay            16 Endpoints
Min Delay            16 Endpoints
--------------------------------------------------------------------------------------


Max Delay Paths
--------------------------------------------------------------------------------------
Slack:                    inf
  Source:                 led_o_reg[6]/C
                            (rising edge-triggered cell FDRE)
  Destination:            led_o[6]
                            (output port)
  Path Group:             (none)
  Path Type:              Max at Slow Process Corner
  Data Path Delay:        7.460ns  (logic 3.968ns (53.193%)  route 3.492ns (46.807%))
  Logic Levels:           2  (FDRE=1 OBUF=1)

    Location             Delay type                Incr(ns)  Path(ns)    Netlist Resource(s)
  -------------------------------------------------------------------    -------------------
    SLICE_X113Y99        FDRE                         0.000     0.000 r  led_o_reg[6]/C
    SLICE_X113Y99        FDRE (Prop_fdre_C_Q)         0.456     0.456 r  led_o_reg[6]/Q
                         net (fo=1, routed)           3.492     3.948    led_o_OBUF[6]
    U19                  OBUF (Prop_obuf_I_O)         3.512     7.460 r  led_o_OBUF[6]_inst/O
                         net (fo=0)                   0.000     7.460    led_o[6]
    U19                                                               r  led_o[6] (OUT)
  -------------------------------------------------------------------    -------------------

Slack:                    inf
  Source:                 led_o_reg[7]/C
                            (rising edge-triggered cell FDRE)
  Destination:            led_o[7]
                            (output port)
  Path Group:             (none)
  Path Type:              Max at Slow Process Corner
  Data Path Delay:        7.231ns  (logic 3.958ns (54.739%)  route 3.273ns (45.261%))
  Logic Levels:           2  (FDRE=1 OBUF=1)

    Location             Delay type                Incr(ns)  Path(ns)    Netlist Resource(s)
  -------------------------------------------------------------------    -------------------
    SLICE_X113Y44        FDRE                         0.000     0.000 r  led_o_reg[7]/C
    SLICE_X113Y44        FDRE (Prop_fdre_C_Q)         0.456     0.456 r  led_o_reg[7]/Q
                         net (fo=1, routed)           3.273     3.729    led_o_OBUF[7]
    U14                  OBUF (Prop_obuf_I_O)         3.502     7.231 r  led_o_OBUF[7]_inst/O
                         net (fo=0)                   0.000     7.231    led_o[7]
    U14                                                               r  led_o[7] (OUT)
  -------------------------------------------------------------------    -------------------

Slack:                    inf
  Source:                 led_o_reg[4]/C
                            (rising edge-triggered cell FDRE)
  Destination:            led_o[4]
                            (output port)
  Path Group:             (none)
  Path Type:              Max at Slow Process Corner
  Data Path Delay:        6.760ns  (logic 3.993ns (59.065%)  route 2.767ns (40.935%))
  Logic Levels:           2  (FDRE=1 OBUF=1)

    Location             Delay type                Incr(ns)  Path(ns)    Netlist Resource(s)
  -------------------------------------------------------------------    -------------------
    SLICE_X113Y78        FDRE                         0.000     0.000 r  led_o_reg[4]/C
    SLICE_X113Y78        FDRE (Prop_fdre_C_Q)         0.456     0.456 r  led_o_reg[4]/Q
                         net (fo=1, routed)           2.767     3.223    led_o_OBUF[4]
    V22                  OBUF (Prop_obuf_I_O)         3.537     6.760 r  led_o_OBUF[4]_inst/O
                         net (fo=0)                   0.000     6.760    led_o[4]
    V22                                                               r  led_o[4] (OUT)
  -------------------------------------------------------------------    -------------------

Slack:                    inf
  Source:                 led_o_reg[3]/C
                            (rising edge-triggered cell FDRE)
  Destination:            led_o[3]
                            (output port)
  Path Group:             (none)
  Path Type:              Max at Slow Process Corner
  Data Path Delay:        6.698ns  (logic 3.986ns (59.509%)  route 2.712ns (40.491%))
  Logic Levels:           2  (FDRE=1 OBUF=1)

    Location             Delay type                Incr(ns)  Path(ns)    Netlist Resource(s)
  -------------------------------------------------------------------    -------------------
    SLICE_X113Y76        FDRE                         0.000     0.000 r  led_o_reg[3]/C
    SLICE_X113Y76        FDRE (Prop_fdre_C_Q)         0.456     0.456 r  led_o_reg[3]/Q
                         net (fo=1, routed)           2.712     3.168    led_o_OBUF[3]
    U21                  OBUF (Prop_obuf_I_O)         3.530     6.698 r  led_o_OBUF[3]_inst/O
                         net (fo=0)                   0.000     6.698    led_o[3]
    U21                                                               r  led_o[3] (OUT)
  -------------------------------------------------------------------    -------------------

Slack:                    inf
  Source:                 led_o_reg[5]/C
                            (rising edge-triggered cell FDRE)
  Destination:            led_o[5]
                            (output port)
  Path Group:             (none)
  Path Type:              Max at Slow Process Corner
  Data Path Delay:        6.662ns  (logic 3.987ns (59.846%)  route 2.675ns (40.154%))
  Logic Levels:           2  (FDRE=1 OBUF=1)

    Location             Delay type                Incr(ns)  Path(ns)    Netlist Resource(s)
  -------------------------------------------------------------------    -------------------
    SLICE_X113Y72        FDRE                         0.000     0.000 r  led_o_reg[5]/C
    SLICE_X113Y72        FDRE (Prop_fdre_C_Q)         0.456     0.456 r  led_o_reg[5]/Q
                         net (fo=1, routed)           2.675     3.131    led_o_OBUF[5]
    W22                  OBUF (Prop_obuf_I_O)         3.531     6.662 r  led_o_OBUF[5]_inst/O
                         net (fo=0)                   0.000     6.662    led_o[5]
    W22                                                               r  led_o[5] (OUT)
  -------------------------------------------------------------------    -------------------

Slack:                    inf
  Source:                 led_o_reg[2]/C
                            (rising edge-triggered cell FDRE)
  Destination:            led_o[2]
                            (output port)
  Path Group:             (none)
  Path Type:              Max at Slow Process Corner
  Data Path Delay:        6.521ns  (logic 3.987ns (61.139%)  route 2.534ns (38.861%))
  Logic Levels:           2  (FDRE=1 OBUF=1)

    Location             Delay type                Incr(ns)  Path(ns)    Netlist Resource(s)
  -------------------------------------------------------------------    -------------------
    SLICE_X113Y73        FDRE                         0.000     0.000 r  led_o_reg[2]/C
    SLICE_X113Y73        FDRE (Prop_fdre_C_Q)         0.456     0.456 r  led_o_reg[2]/Q
                         net (fo=1, routed)           2.534     2.990    led_o_OBUF[2]
    U22                  OBUF (Prop_obuf_I_O)         3.531     6.521 r  led_o_OBUF[2]_inst/O
                         net (fo=0)                   0.000     6.521    led_o[2]
    U22                                                               r  led_o[2] (OUT)
  -------------------------------------------------------------------    -------------------

Slack:                    inf
  Source:                 led_o_reg[0]/C
                            (rising edge-triggered cell FDRE)
  Destination:            led_o[0]
                            (output port)
  Path Group:             (none)
  Path Type:              Max at Slow Process Corner
  Data Path Delay:        6.513ns  (logic 3.978ns (61.087%)  route 2.534ns (38.913%))
  Logic Levels:           2  (FDRE=1 OBUF=1)

    Location             Delay type                Incr(ns)  Path(ns)    Netlist Resource(s)
  -------------------------------------------------------------------    -------------------
    SLICE_X113Y74        FDRE                         0.000     0.000 r  led_o_reg[0]/C
    SLICE_X113Y74        FDRE (Prop_fdre_C_Q)         0.456     0.456 r  led_o_reg[0]/Q
                         net (fo=1, routed)           2.534     2.990    led_o_OBUF[0]
    T22                  OBUF (Prop_obuf_I_O)         3.522     6.513 r  led_o_OBUF[0]_inst/O
                         net (fo=0)                   0.000     6.513    led_o[0]
    T22                                                               r  led_o[0] (OUT)
  -------------------------------------------------------------------    -------------------

Slack:                    inf
  Source:                 led_o_reg[1]/C
                            (rising edge-triggered cell FDRE)
  Destination:            led_o[1]
                            (output port)
  Path Group:             (none)
  Path Type:              Max at Slow Process Corner
  Data Path Delay:        6.461ns  (logic 3.970ns (61.443%)  route 2.491ns (38.557%))
  Logic Levels:           2  (FDRE=1 OBUF=1)

    Location             Delay type                Incr(ns)  Path(ns)    Netlist Resource(s)
  -------------------------------------------------------------------    -------------------
    SLICE_X113Y74        FDRE                         0.000     0.000 r  led_o_reg[1]/C
    SLICE_X113Y74        FDRE (Prop_fdre_C_Q)         0.456     0.456 r  led_o_reg[1]/Q
                         net (fo=1, routed)           2.491     2.947    led_o_OBUF[1]
    T21                  OBUF (Prop_obuf_I_O)         3.514     6.461 r  led_o_OBUF[1]_inst/O
                         net (fo=0)                   0.000     6.461    led_o[1]
    T21                                                               r  led_o[1] (OUT)
  -------------------------------------------------------------------    -------------------

Slack:                    inf
  Source:                 sw_i[6]
                            (input port)
  Destination:            led_o_reg[6]/D
  Path Group:             (none)
  Path Type:              Max at Slow Process Corner
  Data Path Delay:        3.492ns  (logic 0.939ns (26.894%)  route 2.553ns (73.106%))
  Logic Levels:           1  (IBUF=1)

    Location             Delay type                Incr(ns)  Path(ns)    Netlist Resource(s)
  -------------------------------------------------------------------    -------------------
    H17                                               0.000     0.000 r  sw_i[6] (IN)
                         net (fo=0)                   0.000     0.000    sw_i[6]
    H17                  IBUF (Prop_ibuf_I_O)         0.939     0.939 r  sw_i_IBUF[6]_inst/O
                         net (fo=1, routed)           2.553     3.492    sw_i_IBUF[6]
    SLICE_X113Y99        FDRE                                         r  led_o_reg[6]/D
  -------------------------------------------------------------------    -------------------

Slack:                    inf
  Source:                 sw_i[7]
                            (input port)
  Destination:            led_o_reg[7]/D
  Path Group:             (none)
  Path Type:              Max at Slow Process Corner
  Data Path Delay:        3.043ns  (logic 0.956ns (31.417%)  route 2.087ns (68.583%))
  Logic Levels:           1  (IBUF=1)

    Location             Delay type                Incr(ns)  Path(ns)    Netlist Resource(s)
  -------------------------------------------------------------------    -------------------
    M15                                               0.000     0.000 r  sw_i[7] (IN)
                         net (fo=0)                   0.000     0.000    sw_i[7]
    M15                  IBUF (Prop_ibuf_I_O)         0.956     0.956 r  sw_i_IBUF[7]_inst/O
                         net (fo=1, routed)           2.087     3.043    sw_i_IBUF[7]
    SLICE_X113Y44        FDRE                                         r  led_o_reg[7]/D
  -------------------------------------------------------------------    -------------------





Min Delay Paths
--------------------------------------------------------------------------------------
Slack:                    inf
  Source:                 sw_i[5]
                            (input port)
  Destination:            led_o_reg[5]/D
  Path Group:             (none)
  Path Type:              Min at Fast Process Corner
  Data Path Delay:        0.838ns  (logic 0.163ns (19.498%)  route 0.675ns (80.502%))
  Logic Levels:           1  (IBUF=1)

    Location             Delay type                Incr(ns)  Path(ns)    Netlist Resource(s)
  -------------------------------------------------------------------    -------------------
    H18                                               0.000     0.000 r  sw_i[5] (IN)
                         net (fo=0)                   0.000     0.000    sw_i[5]
    H18                  IBUF (Prop_ibuf_I_O)         0.163     0.163 r  sw_i_IBUF[5]_inst/O
                         net (fo=1, routed)           0.675     0.838    sw_i_IBUF[5]
    SLICE_X113Y72        FDRE                                         r  led_o_reg[5]/D
  -------------------------------------------------------------------    -------------------

Slack:                    inf
  Source:                 sw_i[3]
                            (input port)
  Destination:            led_o_reg[3]/D
  Path Group:             (none)
  Path Type:              Min at Fast Process Corner
  Data Path Delay:        0.870ns  (logic 0.218ns (25.021%)  route 0.653ns (74.979%))
  Logic Levels:           1  (IBUF=1)

    Location             Delay type                Incr(ns)  Path(ns)    Netlist Resource(s)
  -------------------------------------------------------------------    -------------------
    F21                                               0.000     0.000 r  sw_i[3] (IN)
                         net (fo=0)                   0.000     0.000    sw_i[3]
    F21                  IBUF (Prop_ibuf_I_O)         0.218     0.218 r  sw_i_IBUF[3]_inst/O
                         net (fo=1, routed)           0.653     0.870    sw_i_IBUF[3]
    SLICE_X113Y76        FDRE                                         r  led_o_reg[3]/D
  -------------------------------------------------------------------    -------------------

Slack:                    inf
  Source:                 sw_i[4]
                            (input port)
  Destination:            led_o_reg[4]/D
  Path Group:             (none)
  Path Type:              Min at Fast Process Corner
  Data Path Delay:        0.887ns  (logic 0.148ns (16.702%)  route 0.739ns (83.298%))
  Logic Levels:           1  (IBUF=1)

    Location             Delay type                Incr(ns)  Path(ns)    Netlist Resource(s)
  -------------------------------------------------------------------    -------------------
    H19                                               0.000     0.000 r  sw_i[4] (IN)
                         net (fo=0)                   0.000     0.000    sw_i[4]
    H19                  IBUF (Prop_ibuf_I_O)         0.148     0.148 r  sw_i_IBUF[4]_inst/O
                         net (fo=1, routed)           0.739     0.887    sw_i_IBUF[4]
    SLICE_X113Y78        FDRE                                         r  led_o_reg[4]/D
  -------------------------------------------------------------------    -------------------

Slack:                    inf
  Source:                 sw_i[2]
                            (input port)
  Destination:            led_o_reg[2]/D
  Path Group:             (none)
  Path Type:              Min at Fast Process Corner
  Data Path Delay:        0.920ns  (logic 0.170ns (18.484%)  route 0.750ns (81.516%))
  Logic Levels:           1  (IBUF=1)

    Location             Delay type                Incr(ns)  Path(ns)    Netlist Resource(s)
  -------------------------------------------------------------------    -------------------
    H22                                               0.000     0.000 r  sw_i[2] (IN)
                         net (fo=0)                   0.000     0.000    sw_i[2]
    H22                  IBUF (Prop_ibuf_I_O)         0.170     0.170 r  sw_i_IBUF[2]_inst/O
                         net (fo=1, routed)           0.750     0.920    sw_i_IBUF[2]
    SLICE_X113Y73        FDRE                                         r  led_o_reg[2]/D
  -------------------------------------------------------------------    -------------------

Slack:                    inf
  Source:                 sw_i[0]
                            (input port)
  Destination:            led_o_reg[0]/D
  Path Group:             (none)
  Path Type:              Min at Fast Process Corner
  Data Path Delay:        0.944ns  (logic 0.201ns (21.244%)  route 0.744ns (78.756%))
  Logic Levels:           1  (IBUF=1)

    Location             Delay type                Incr(ns)  Path(ns)    Netlist Resource(s)
  -------------------------------------------------------------------    -------------------
    F22                                               0.000     0.000 r  sw_i[0] (IN)
                         net (fo=0)                   0.000     0.000    sw_i[0]
    F22                  IBUF (Prop_ibuf_I_O)         0.201     0.201 r  sw_i_IBUF[0]_inst/O
                         net (fo=1, routed)           0.744     0.944    sw_i_IBUF[0]
    SLICE_X113Y74        FDRE                                         r  led_o_reg[0]/D
  -------------------------------------------------------------------    -------------------

Slack:                    inf
  Source:                 sw_i[1]
                            (input port)
  Destination:            led_o_reg[1]/D
  Path Group:             (none)
  Path Type:              Min at Fast Process Corner
  Data Path Delay:        0.973ns  (logic 0.183ns (18.840%)  route 0.790ns (81.160%))
  Logic Levels:           1  (IBUF=1)

    Location             Delay type                Incr(ns)  Path(ns)    Netlist Resource(s)
  -------------------------------------------------------------------    -------------------
    G22                                               0.000     0.000 r  sw_i[1] (IN)
                         net (fo=0)                   0.000     0.000    sw_i[1]
    G22                  IBUF (Prop_ibuf_I_O)         0.183     0.183 r  sw_i_IBUF[1]_inst/O
                         net (fo=1, routed)           0.790     0.973    sw_i_IBUF[1]
    SLICE_X113Y74        FDRE                                         r  led_o_reg[1]/D
  -------------------------------------------------------------------    -------------------

Slack:                    inf
  Source:                 sw_i[7]
                            (input port)
  Destination:            led_o_reg[7]/D
  Path Group:             (none)
  Path Type:              Min at Fast Process Corner
  Data Path Delay:        1.044ns  (logic 0.185ns (17.713%)  route 0.859ns (82.287%))
  Logic Levels:           1  (IBUF=1)

    Location             Delay type                Incr(ns)  Path(ns)    Netlist Resource(s)
  -------------------------------------------------------------------    -------------------
    M15                                               0.000     0.000 r  sw_i[7] (IN)
                         net (fo=0)                   0.000     0.000    sw_i[7]
    M15                  IBUF (Prop_ibuf_I_O)         0.185     0.185 r  sw_i_IBUF[7]_inst/O
                         net (fo=1, routed)           0.859     1.044    sw_i_IBUF[7]
    SLICE_X113Y44        FDRE                                         r  led_o_reg[7]/D
  -------------------------------------------------------------------    -------------------

Slack:                    inf
  Source:                 sw_i[6]
                            (input port)
  Destination:            led_o_reg[6]/D
  Path Group:             (none)
  Path Type:              Min at Fast Process Corner
  Data Path Delay:        1.236ns  (logic 0.168ns (13.613%)  route 1.068ns (86.387%))
  Logic Levels:           1  (IBUF=1)

    Location             Delay type                Incr(ns)  Path(ns)    Netlist Resource(s)
  -------------------------------------------------------------------    -------------------
    H17                                               0.000     0.000 r  sw_i[6] (IN)
                         net (fo=0)                   0.000     0.000    sw_i[6]
    H17                  IBUF (Prop_ibuf_I_O)         0.168     0.168 r  sw_i_IBUF[6]_inst/O
                         net (fo=1, routed)           1.068     1.236    sw_i_IBUF[6]
    SLICE_X113Y99        FDRE                                         r  led_o_reg[6]/D
  -------------------------------------------------------------------    -------------------

Slack:                    inf
  Source:                 led_o_reg[1]/C
                            (rising edge-triggered cell FDRE)
  Destination:            led_o[1]
                            (output port)
  Path Group:             (none)
  Path Type:              Min at Fast Process Corner
  Data Path Delay:        2.042ns  (logic 1.356ns (66.399%)  route 0.686ns (33.601%))
  Logic Levels:           2  (FDRE=1 OBUF=1)

    Location             Delay type                Incr(ns)  Path(ns)    Netlist Resource(s)
  -------------------------------------------------------------------    -------------------
    SLICE_X113Y74        FDRE                         0.000     0.000 r  led_o_reg[1]/C
    SLICE_X113Y74        FDRE (Prop_fdre_C_Q)         0.141     0.141 r  led_o_reg[1]/Q
                         net (fo=1, routed)           0.686     0.827    led_o_OBUF[1]
    T21                  OBUF (Prop_obuf_I_O)         1.215     2.042 r  led_o_OBUF[1]_inst/O
                         net (fo=0)                   0.000     2.042    led_o[1]
    T21                                                               r  led_o[1] (OUT)
  -------------------------------------------------------------------    -------------------

Slack:                    inf
  Source:                 led_o_reg[0]/C
                            (rising edge-triggered cell FDRE)
  Destination:            led_o[0]
                            (output port)
  Path Group:             (none)
  Path Type:              Min at Fast Process Corner
  Data Path Delay:        2.065ns  (logic 1.364ns (66.082%)  route 0.700ns (33.918%))
  Logic Levels:           2  (FDRE=1 OBUF=1)

    Location             Delay type                Incr(ns)  Path(ns)    Netlist Resource(s)
  -------------------------------------------------------------------    -------------------
    SLICE_X113Y74        FDRE                         0.000     0.000 r  led_o_reg[0]/C
    SLICE_X113Y74        FDRE (Prop_fdre_C_Q)         0.141     0.141 r  led_o_reg[0]/Q
                         net (fo=1, routed)           0.700     0.841    led_o_OBUF[0]
    T22                  OBUF (Prop_obuf_I_O)         1.223     2.065 r  led_o_OBUF[0]_inst/O
                         net (fo=0)                   0.000     2.065    led_o[0]
    T22                                                               r  led_o[0] (OUT)
  -------------------------------------------------------------------    -------------------





