
*** Running vivado
    with args -log challenges2.vds -m64 -product Vivado -mode batch -messageDb vivado.pb -notrace -source challenges2.tcl



****** Vivado v2022.1 (64-bit)
  **** SW Build 3526262 on Mon Apr 18 15:48:16 MDT 2022
  **** IP Build 3524634 on Mon Apr 18 20:55:01 MDT 2022
    ** Copyright 1986-2022 Xilinx, Inc. All Rights Reserved.

source challenges2.tcl -notrace
create_project: Time (s): cpu = 00:00:25 ; elapsed = 00:00:25 . Memory (MB): peak = 1294.762 ; gain = 10.953
Command: synth_design -top challenges2 -part xc7a35tcpg236-1
Starting synth_design
Attempting to get a license for feature 'Synthesis' and/or device 'xc7a35t'
INFO: [Common 17-349] Got license for feature 'Synthesis' and/or device 'xc7a35t'
INFO: [Device 21-403] Loading part xc7a35tcpg236-1
INFO: [Synth 8-7079] Multithreading enabled for synth_design using a maximum of 2 processes.
INFO: [Synth 8-7078] Launching helper process for spawning children vivado processes
INFO: [Synth 8-7075] Helper process launched with PID 19516
---------------------------------------------------------------------------------
Starting RTL Elaboration : Time (s): cpu = 00:00:03 ; elapsed = 00:00:04 . Memory (MB): peak = 1427.004 ; gain = 132.242
---------------------------------------------------------------------------------
INFO: [Synth 8-6157] synthesizing module 'challenges2' [D:/workspace/LAB/section2.7/challenges2.srcs/sources_1/new/challenges2.v:23]
INFO: [Synth 8-6155] done synthesizing module 'challenges2' (0#1) [D:/workspace/LAB/section2.7/challenges2.srcs/sources_1/new/challenges2.v:23]
WARNING: [Synth 8-3917] design challenges2 has port led[15] driven by constant 0
WARNING: [Synth 8-3917] design challenges2 has port led[14] driven by constant 0
WARNING: [Synth 8-3917] design challenges2 has port led[13] driven by constant 0
WARNING: [Synth 8-3917] design challenges2 has port led[12] driven by constant 0
WARNING: [Synth 8-3917] design challenges2 has port led[11] driven by constant 0
WARNING: [Synth 8-3917] design challenges2 has port led[10] driven by constant 0
WARNING: [Synth 8-3917] design challenges2 has port led[9] driven by constant 0
WARNING: [Synth 8-3917] design challenges2 has port led[8] driven by constant 0
WARNING: [Synth 8-3917] design challenges2 has port led[7] driven by constant 0
WARNING: [Synth 8-3917] design challenges2 has port led[6] driven by constant 0
WARNING: [Synth 8-3917] design challenges2 has port led[5] driven by constant 0
WARNING: [Synth 8-3917] design challenges2 has port led[4] driven by constant 0
WARNING: [Synth 8-3917] design challenges2 has port led[3] driven by constant 0
WARNING: [Synth 8-3917] design challenges2 has port led[2] driven by constant 0
WARNING: [Synth 8-3917] design challenges2 has port led[1] driven by constant 0
WARNING: [Synth 8-7129] Port sw[7] in module challenges2 is either unconnected or has no load
WARNING: [Synth 8-7129] Port sw[6] in module challenges2 is either unconnected or has no load
WARNING: [Synth 8-7129] Port sw[5] in module challenges2 is either unconnected or has no load
WARNING: [Synth 8-7129] Port sw[4] in module challenges2 is either unconnected or has no load
WARNING: [Synth 8-7129] Port sw[3] in module challenges2 is either unconnected or has no load
WARNING: [Synth 8-7129] Port sw[2] in module challenges2 is either unconnected or has no load
WARNING: [Synth 8-7129] Port sw[1] in module challenges2 is either unconnected or has no load
WARNING: [Synth 8-7129] Port sw[0] in module challenges2 is either unconnected or has no load
---------------------------------------------------------------------------------
Finished RTL Elaboration : Time (s): cpu = 00:00:05 ; elapsed = 00:00:05 . Memory (MB): peak = 1508.191 ; gain = 213.430
---------------------------------------------------------------------------------
---------------------------------------------------------------------------------
Start Handling Custom Attributes
---------------------------------------------------------------------------------
---------------------------------------------------------------------------------
Finished Handling Custom Attributes : Time (s): cpu = 00:00:05 ; elapsed = 00:00:05 . Memory (MB): peak = 1508.191 ; gain = 213.430
---------------------------------------------------------------------------------
---------------------------------------------------------------------------------
Finished RTL Optimization Phase 1 : Time (s): cpu = 00:00:05 ; elapsed = 00:00:05 . Memory (MB): peak = 1508.191 ; gain = 213.430
---------------------------------------------------------------------------------
Netlist sorting complete. Time (s): cpu = 00:00:00 ; elapsed = 00:00:00 . Memory (MB): peak = 1508.191 ; gain = 0.000
INFO: [Project 1-570] Preparing netlist for logic optimization

Processing XDC Constraints
Initializing timing engine
Parsing XDC File [D:/workspace/LAB/section2.7/Basys-3-Master.xdc]
Finished Parsing XDC File [D:/workspace/LAB/section2.7/Basys-3-Master.xdc]
INFO: [Project 1-236] Implementation specific constraints were found while reading constraint file [D:/workspace/LAB/section2.7/Basys-3-Master.xdc]. These constraints will be ignored for synthesis but will be used in implementation. Impacted constraints are listed in the file [.Xil/challenges2_propImpl.xdc].
Resolution: To avoid this warning, move constraints listed in [.Xil/challenges2_propImpl.xdc] to another XDC file and exclude this new file from synthesis with the used_in_synthesis property (File Properties dialog in GUI) and re-run elaboration/synthesis.
Completed Processing XDC Constraints

Netlist sorting complete. Time (s): cpu = 00:00:00 ; elapsed = 00:00:00 . Memory (MB): peak = 1508.191 ; gain = 0.000
INFO: [Project 1-111] Unisim Transformation Summary:
No Unisim elements were transformed.

Constraint Validation Runtime : Time (s): cpu = 00:00:00 ; elapsed = 00:00:00.001 . Memory (MB): peak = 1508.191 ; gain = 0.000
---------------------------------------------------------------------------------
Finished Constraint Validation : Time (s): cpu = 00:00:10 ; elapsed = 00:00:12 . Memory (MB): peak = 1508.191 ; gain = 213.430
---------------------------------------------------------------------------------
---------------------------------------------------------------------------------
Start Loading Part and Timing Information
---------------------------------------------------------------------------------
Loading part: xc7a35tcpg236-1
---------------------------------------------------------------------------------
Finished Loading Part and Timing Information : Time (s): cpu = 00:00:10 ; elapsed = 00:00:12 . Memory (MB): peak = 1508.191 ; gain = 213.430
---------------------------------------------------------------------------------
---------------------------------------------------------------------------------
Start Applying 'set_property' XDC Constraints
---------------------------------------------------------------------------------
---------------------------------------------------------------------------------
Finished applying 'set_property' XDC Constraints : Time (s): cpu = 00:00:10 ; elapsed = 00:00:12 . Memory (MB): peak = 1508.191 ; gain = 213.430
---------------------------------------------------------------------------------
---------------------------------------------------------------------------------
Finished RTL Optimization Phase 2 : Time (s): cpu = 00:00:11 ; elapsed = 00:00:12 . Memory (MB): peak = 1508.191 ; gain = 213.430
---------------------------------------------------------------------------------
---------------------------------------------------------------------------------
Start RTL Component Statistics 
---------------------------------------------------------------------------------
Detailed RTL Component Info : 
---------------------------------------------------------------------------------
Finished RTL Component Statistics 
---------------------------------------------------------------------------------
---------------------------------------------------------------------------------
Start Part Resource Summary
---------------------------------------------------------------------------------
Part Resources:
DSPs: 90 (col length:60)
BRAMs: 100 (col length: RAMB18 60 RAMB36 30)
---------------------------------------------------------------------------------
Finished Part Resource Summary
---------------------------------------------------------------------------------
---------------------------------------------------------------------------------
Start Cross Boundary and Area Optimization
---------------------------------------------------------------------------------
WARNING: [Synth 8-7080] Parallel synthesis criteria is not met
WARNING: [Synth 8-3917] design challenges2 has port led[15] driven by constant 0
WARNING: [Synth 8-3917] design challenges2 has port led[14] driven by constant 0
WARNING: [Synth 8-3917] design challenges2 has port led[13] driven by constant 0
WARNING: [Synth 8-3917] design challenges2 has port led[12] driven by constant 0
WARNING: [Synth 8-3917] design challenges2 has port led[11] driven by constant 0
WARNING: [Synth 8-3917] design challenges2 has port led[10] driven by constant 0
WARNING: [Synth 8-3917] design challenges2 has port led[9] driven by constant 0
WARNING: [Synth 8-3917] design challenges2 has port led[8] driven by constant 0
WARNING: [Synth 8-3917] design challenges2 has port led[7] driven by constant 0
WARNING: [Synth 8-3917] design challenges2 has port led[6] driven by constant 0
WARNING: [Synth 8-3917] design challenges2 has port led[5] driven by constant 0
WARNING: [Synth 8-3917] design challenges2 has port led[4] driven by constant 0
WARNING: [Synth 8-3917] design challenges2 has port led[3] driven by constant 0
WARNING: [Synth 8-3917] design challenges2 has port led[2] driven by constant 0
WARNING: [Synth 8-3917] design challenges2 has port led[1] driven by constant 0
WARNING: [Synth 8-7129] Port sw[7] in module challenges2 is either unconnected or has no load
WARNING: [Synth 8-7129] Port sw[6] in module challenges2 is either unconnected or has no load
WARNING: [Synth 8-7129] Port sw[5] in module challenges2 is either unconnected or has no load
WARNING: [Synth 8-7129] Port sw[4] in module challenges2 is either unconnected or has no load
WARNING: [Synth 8-7129] Port sw[3] in module challenges2 is either unconnected or has no load
WARNING: [Synth 8-7129] Port sw[2] in module challenges2 is either unconnected or has no load
WARNING: [Synth 8-7129] Port sw[1] in module challenges2 is either unconnected or has no load
WARNING: [Synth 8-7129] Port sw[0] in module challenges2 is either unconnected or has no load
---------------------------------------------------------------------------------
Finished Cross Boundary and Area Optimization : Time (s): cpu = 00:00:12 ; elapsed = 00:00:13 . Memory (MB): peak = 1508.191 ; gain = 213.430
---------------------------------------------------------------------------------
---------------------------------------------------------------------------------
Start Applying XDC Timing Constraints
---------------------------------------------------------------------------------
---------------------------------------------------------------------------------
Finished Applying XDC Timing Constraints : Time (s): cpu = 00:00:17 ; elapsed = 00:00:18 . Memory (MB): peak = 1513.238 ; gain = 218.477
---------------------------------------------------------------------------------
---------------------------------------------------------------------------------
Start Timing Optimization
---------------------------------------------------------------------------------
---------------------------------------------------------------------------------
Finished Timing Optimization : Time (s): cpu = 00:00:17 ; elapsed = 00:00:18 . Memory (MB): peak = 1513.238 ; gain = 218.477
---------------------------------------------------------------------------------
---------------------------------------------------------------------------------
Start Technology Mapping
---------------------------------------------------------------------------------
---------------------------------------------------------------------------------
Finished Technology Mapping : Time (s): cpu = 00:00:17 ; elapsed = 00:00:18 . Memory (MB): peak = 1532.309 ; gain = 237.547
---------------------------------------------------------------------------------
---------------------------------------------------------------------------------
Start IO Insertion
---------------------------------------------------------------------------------
---------------------------------------------------------------------------------
Start Flattening Before IO Insertion
---------------------------------------------------------------------------------
---------------------------------------------------------------------------------
Finished Flattening Before IO Insertion
---------------------------------------------------------------------------------
---------------------------------------------------------------------------------
Start Final Netlist Cleanup
---------------------------------------------------------------------------------
---------------------------------------------------------------------------------
Finished Final Netlist Cleanup
---------------------------------------------------------------------------------
---------------------------------------------------------------------------------
Finished IO Insertion : Time (s): cpu = 00:00:20 ; elapsed = 00:00:22 . Memory (MB): peak = 1538.379 ; gain = 243.617
---------------------------------------------------------------------------------
---------------------------------------------------------------------------------
Start Renaming Generated Instances
---------------------------------------------------------------------------------
---------------------------------------------------------------------------------
Finished Renaming Generated Instances : Time (s): cpu = 00:00:20 ; elapsed = 00:00:22 . Memory (MB): peak = 1538.379 ; gain = 243.617
---------------------------------------------------------------------------------
---------------------------------------------------------------------------------
Start Rebuilding User Hierarchy
---------------------------------------------------------------------------------
---------------------------------------------------------------------------------
Finished Rebuilding User Hierarchy : Time (s): cpu = 00:00:20 ; elapsed = 00:00:22 . Memory (MB): peak = 1538.379 ; gain = 243.617
---------------------------------------------------------------------------------
---------------------------------------------------------------------------------
Start Renaming Generated Ports
---------------------------------------------------------------------------------
---------------------------------------------------------------------------------
Finished Renaming Generated Ports : Time (s): cpu = 00:00:20 ; elapsed = 00:00:22 . Memory (MB): peak = 1538.379 ; gain = 243.617
---------------------------------------------------------------------------------
---------------------------------------------------------------------------------
Start Handling Custom Attributes
---------------------------------------------------------------------------------
---------------------------------------------------------------------------------
Finished Handling Custom Attributes : Time (s): cpu = 00:00:20 ; elapsed = 00:00:22 . Memory (MB): peak = 1538.379 ; gain = 243.617
---------------------------------------------------------------------------------
---------------------------------------------------------------------------------
Start Renaming Generated Nets
---------------------------------------------------------------------------------
---------------------------------------------------------------------------------
Finished Renaming Generated Nets : Time (s): cpu = 00:00:20 ; elapsed = 00:00:22 . Memory (MB): peak = 1538.379 ; gain = 243.617
---------------------------------------------------------------------------------
---------------------------------------------------------------------------------
Start Writing Synthesis Report
---------------------------------------------------------------------------------

Report BlackBoxes: 
+-+--------------+----------+
| |BlackBox name |Instances |
+-+--------------+----------+
+-+--------------+----------+

Report Cell Usage: 
+------+-----+------+
|      |Cell |Count |
+------+-----+------+
|1     |LUT4 |     1|
|2     |LUT5 |     1|
|3     |IBUF |     8|
|4     |OBUF |    16|
+------+-----+------+
---------------------------------------------------------------------------------
Finished Writing Synthesis Report : Time (s): cpu = 00:00:20 ; elapsed = 00:00:22 . Memory (MB): peak = 1538.379 ; gain = 243.617
---------------------------------------------------------------------------------
Synthesis finished with 0 errors, 0 critical warnings and 24 warnings.
Synthesis Optimization Runtime : Time (s): cpu = 00:00:14 ; elapsed = 00:00:20 . Memory (MB): peak = 1538.379 ; gain = 243.617
Synthesis Optimization Complete : Time (s): cpu = 00:00:20 ; elapsed = 00:00:22 . Memory (MB): peak = 1538.379 ; gain = 243.617
INFO: [Project 1-571] Translating synthesized netlist
Netlist sorting complete. Time (s): cpu = 00:00:00 ; elapsed = 00:00:00.001 . Memory (MB): peak = 1550.402 ; gain = 0.000
INFO: [Project 1-570] Preparing netlist for logic optimization
INFO: [Opt 31-138] Pushed 0 inverter(s) to 0 load pin(s).
Netlist sorting complete. Time (s): cpu = 00:00:00 ; elapsed = 00:00:00 . Memory (MB): peak = 1557.066 ; gain = 0.000
INFO: [Project 1-111] Unisim Transformation Summary:
No Unisim elements were transformed.

Synth Design complete, checksum: 9308b246
INFO: [Common 17-83] Releasing license: Synthesis
15 Infos, 47 Warnings, 0 Critical Warnings and 0 Errors encountered.
synth_design completed successfully
synth_design: Time (s): cpu = 00:00:24 ; elapsed = 00:00:26 . Memory (MB): peak = 1557.066 ; gain = 262.305
INFO: [Common 17-1381] The checkpoint 'D:/workspace/LAB/section2.7/challenges2.runs/synth_1/challenges2.dcp' has been generated.
INFO: [runtcl-4] Executing : report_utilization -file challenges2_utilization_synth.rpt -pb challenges2_utilization_synth.pb
INFO: [Common 17-206] Exiting Vivado at Tue Mar 10 10:46:26 2026...
